******************************************************************************
                  TI ARM Linker PC v5.1.5                      
******************************************************************************
>> Linked Wed Aug 06 12:10:45 2014

OUTPUT FILE NAME:   <mqtt.out>
ENTRY POINT SYMBOL: "_c_int00"  address: 2000d1f1


MEMORY CONFIGURATION

         name            origin    length      used     unused   attr    fill
----------------------  --------  ---------  --------  --------  ----  --------
  SRAM_CODE             20004000   00012fff  00009aa0  0000955f  RW X
  SRAM_DATA             20017000   00019000  0000177f  00017881  RW X


SEGMENT ALLOCATION MAP

run origin  load origin   length   init length attrs members
----------  ----------- ---------- ----------- ----- -------
20004000    20004000    00009aa0   00009aa0    r-x
  20004000    20004000    00000400   00000400    r-- .intvecs
  20004400    20004400    00008f94   00008f94    r-x .text
  2000d394    2000d394    000006ac   000006ac    r-- .const
  2000da40    2000da40    00000060   00000060    r-- .cinit
20017000    20017000    00000f80   00000000    rw-
  20017000    20017000    00000800   00000000    rw- .sysmem
  20017800    20017800    0000071f   00000000    rw- .bss
  20017f20    20017f20    00000060   00000000    rw- .data
2002f800    2002f800    00000800   00000000    rw-
  2002f800    2002f800    00000800   00000000    rw- .stack


SECTION ALLOCATION MAP

 output                                  attributes/
section   page    origin      length       input sections
--------  ----  ----------  ----------   ----------------
.init_array 
*          0    20004000    00000000     UNINITIALIZED

.intvecs   0    20004000    00000400     
                  20004000    00000400     startup_ccs.obj (.intvecs)

.text      0    20004400    00008f94     
                  20004400    0000126c     simplelink.a : driver.obj (.text)
                  2000566c    00001244     main.obj (.text)
                  200068b0    00000ec0     rtsv7M4_T_le_eabi.lib : _printfi.obj (.text)
                  20007770    0000098c     driverlib.a : prcm.obj (.text)
                  200080fc    00000960     simplelink.a : socket.obj (.text)
                  20008a5c    000007a4                  : wlan.obj (.text)
                  20009200    0000079c     driverlib.a : spi.obj (.text)
                  2000999c    00000748     simplelink.a : netapp.obj (.text)
                  2000a0e4    00000514                  : cc_pal.obj (.text)
                  2000a5f8    000004a4     driverlib.a : udma.obj (.text)
                  2000aa9c    0000048c                 : uart.obj (.text)
                  2000af28    000003cc     rtsv7M4_T_le_eabi.lib : memory.obj (.text)
                  2000b2f4    000003b4     simplelink.a : device.obj (.text)
                  2000b6a8    00000370     driverlib.a : interrupt.obj (.text)
                  2000ba18    00000300                 : flash.obj (.text)
                  2000bd18    00000284                 : pin.obj (.text)
                  2000bf9c    00000200     udma_if.obj (.text)
                  2000c19c    000001f4     rtsv7M4_T_le_eabi.lib : ull_div_t2.obj (.text)
                  2000c390    000001d4     uart_if.obj (.text)
                  2000c564    000001b6     rtsv7M4_T_le_eabi.lib : fd_add_t2.obj (.text)
                  2000c71a    00000136                           : fd_div_t2.obj (.text)
                  2000c850    00000110                           : strtoul.obj (.text)
                  2000c960    000000fc                           : fd_mul_t2.obj (.text)
                  2000ca5c    000000b4     simplelink.a : netcfg.obj (.text)
                  2000cb10    0000009c     rtsv7M4_T_le_eabi.lib : memcpy_t2.obj (.text)
                  2000cbac    00000094                           : auto_init.obj (.text)
                  2000cc40    00000094     simplelink.a : nonos.obj (.text)
                  2000ccd4    00000088     rtsv7M4_T_le_eabi.lib : vsnprintf.obj (.text)
                  2000cd5c    00000086                           : fd_cmp_t2.obj (.text:__aeabi_cdcmple)
                  2000cde2    00000086                           : fd_cmp_t2.obj (.text:__aeabi_cdrcmple)
                  2000ce68    00000078                           : memset_t2.obj (.text)
                  2000cee0    0000005e     driverlib.a : cpu.obj (.text)
                  2000cf3e    0000005e     rtsv7M4_T_le_eabi.lib : copy_decompress_rle.obj (.text)
                  2000cf9c    0000005a                           : ltoa.obj (.text)
                  2000cff6    00000002     --HOLE-- [fill = 0]
                  2000cff8    00000058     simplelink.a : flowcont.obj (.text)
                  2000d050    0000004c     rtsv7M4_T_le_eabi.lib : atoi.obj (.text)
                  2000d09c    00000048                           : fd_toi_t2.obj (.text)
                  2000d0e4    00000044                           : cpy_tbl.obj (.text)
                  2000d128    00000044                           : exit.obj (.text)
                  2000d16c    00000044                           : xdtest.obj (.text)
                  2000d1b0    00000040                           : strtok.obj (.text)
                  2000d1f0    00000034                           : boot.obj (.text)
                  2000d224    0000002e                           : i_tofd_t2.obj (.text)
                  2000d252    0000002a                           : strspn.obj (.text)
                  2000d27c    00000022                           : strcspn.obj (.text)
                  2000d29e    0000001e                           : ll_lsr_t2.obj (.text)
                  2000d2bc    0000001c     pinmux.obj (.text)
                  2000d2d8    0000001c     rtsv7M4_T_le_eabi.lib : memccpy.obj (.text)
                  2000d2f4    00000018                           : args_main.obj (.text)
                  2000d30c    00000018                           : ll_mul_t2.obj (.text)
                  2000d324    00000014                           : _lock.obj (.text)
                  2000d338    00000014                           : strlen.obj (.text)
                  2000d34c    00000012                           : copy_zero_init.obj (.text:decompress:ZI)
                  2000d35e    0000000e                           : copy_decompress_none.obj (.text:decompress:none)
                  2000d36c    0000000e                           : xdclass.obj (.text)
                  2000d37a    0000000e     startup_ccs.obj (.text)
                  2000d388    00000006     driverlib.a : utils.obj (.text:UtilsDelay)
                  2000d38e    00000006     rtsv7M4_T_le_eabi.lib : copy_decompress_rle.obj (.text:decompress:rle24)

.const     0    2000d394    000006ac     
                  2000d394    00000102     rtsv7M4_T_le_eabi.lib : ctype.obj (.const:.string:_ctypes_)
                  2000d496    00000002     --HOLE-- [fill = 0]
                  2000d498    00000100     driverlib.a : pin.obj (.const:g_ulPinToPadMap)
                  2000d598    000000d4                 : interrupt.obj (.const:g_pulRegs)
                  2000d66c    000000b0     simplelink.a : wlan.obj (.const:$P$T0$1)
                  2000d71c    000000a0     driverlib.a : prcm.obj (.const:PRCM_PeriphRegsList)
                  2000d7bc    00000080                 : interrupt.obj (.const)
                  2000d83c    00000040                 : flash.obj (.const:g_pulFMPPERegs)
                  2000d87c    00000040                 : flash.obj (.const:g_pulFMPRERegs)
                  2000d8bc    0000003c     simplelink.a : wlan.obj (.const)
                  2000d8f8    00000038                  : driver.obj (.const:_SlActionLookupTable)
                  2000d930    00000034                  : socket.obj (.const)
                  2000d964    0000002c     main.obj (.const:$P$T0$1)
                  2000d990    00000028     simplelink.a : netapp.obj (.const)
                  2000d9b8    00000024     driverlib.a : spi.obj (.const:g_ppulSPIIntMap)
                  2000d9dc    00000018                 : spi.obj (.const)
                  2000d9f4    00000014     simplelink.a : device.obj (.const)
                  2000da08    00000014                  : driver.obj (.const)
                  2000da1c    00000010     driverlib.a : uart.obj (.const)
                  2000da2c    0000000c     main.obj (.const)
                  2000da38    00000008     simplelink.a : netcfg.obj (.const)

.cinit     0    2000da40    00000060     
                  2000da40    00000036     (.cinit..data.load) [load image, compression = rle]
                  2000da76    00000002     --HOLE-- [fill = 0]
                  2000da78    0000000c     (__TI_handler_table)
                  2000da84    00000004     --HOLE-- [fill = 0]
                  2000da88    00000008     (.cinit..bss.load) [load image, compression = zero_init]
                  2000da90    00000010     (__TI_cinit_table)

.sysmem    0    20017000    00000800     UNINITIALIZED
                  20017000    00000008     rtsv7M4_T_le_eabi.lib : memory.obj (.sysmem)
                  20017008    000007f8     --HOLE--

.bss       0    20017800    0000071f     UNINITIALIZED
                  20017800    00000400     udma_if.obj (.bss:gpCtlTbl)
                  20017c00    00000164     simplelink.a : driver.obj (.bss:g_StatMem)
                  20017d64    00000100     udma_if.obj (.bss:gfpAppCallbackHndl)
                  20017e64    00000050     simplelink.a : cc_pal.obj (.bss:g_ucDinDout)
                  20017eb4    00000028                  : nonos.obj (.bss:g__SlNonOsCB)
                  20017edc    00000024     main.obj (.bss:g_ucConnectionSSID)
                  20017f00    00000010     (.common:g_cBsdBuf)
                  20017f10    00000008     (.common:g_ucConnectionBSSID)
                  20017f18    00000004     (.common:__Errorlog)
                  20017f1c    00000001     (.common:cCharacter)
                  20017f1d    00000001     (.common:g_cDummy)
                  20017f1e    00000001     (.common:iDone)

.data      0    20017f20    00000060     UNINITIALIZED
                  20017f20    00000020     main.obj (.data)
                  20017f40    00000010     simplelink.a : cc_pal.obj (.data)
                  20017f50    0000000c     rtsv7M4_T_le_eabi.lib : memory.obj (.data)
                  20017f5c    00000008                           : _lock.obj (.data)
                  20017f64    00000008                           : exit.obj (.data)
                  20017f6c    00000008     simplelink.a : driver.obj (.data)
                  20017f74    00000004     rtsv7M4_T_le_eabi.lib : errno.obj (.data)
                  20017f78    00000004                           : stkdepth_vars.obj (.data)
                  20017f7c    00000004                           : strtok.obj (.data)

.stack     0    2002f800    00000800     UNINITIALIZED
                  2002f800    00000800     --HOLE--


LINKER GENERATED COPY TABLES

__TI_cinit_table @ 2000da90 records: 2, size/record: 8, table size: 16
	.data: load addr=2000da40, load size=00000036 bytes, run addr=20017f20, run size=00000060 bytes, compression=rle
	.bss: load addr=2000da88, load size=00000008 bytes, run addr=20017800, run size=0000071f bytes, compression=zero_init


LINKER GENERATED HANDLER TABLE

__TI_handler_table @ 2000da78 records: 3, size/record: 4, table size: 12
	index: 0, handler: __TI_decompress_rle24
	index: 1, handler: __TI_decompress_none
	index: 2, handler: __TI_zero_init


GLOBAL SYMBOLS: SORTED ALPHABETICALLY BY Name 

address    name
--------   ----
200062d5   BsdTcpClient
200063b9   BsdTcpServer
2000d129   C$$EXIT
2000cf35   CPUbasepriGet
2000cf1f   CPUbasepriSet
2000cee1   CPUcpsid
2000ceff   CPUcpsie
2000cef5   CPUprimask
2000cf13   CPUwfi
2000c3d1   ClearTerm
20009a61   CopyPingResultsToReport
2000c143   DMASetupTransfer
2000bfb3   DmaErrorIntHandler
2000a589   DmaSpiSwIntHandler
2000bf9d   DmaSwIntHandler
2000c3db   Error
2000ba19   FlashDisable
2000ba4f   FlashErase
2000ba89   FlashEraseNonBlocking
2000bcc5   FlashIntClear
2000bc95   FlashIntDisable
2000bc81   FlashIntEnable
2000bc5d   FlashIntRegister
2000bca9   FlashIntStatus
2000bc71   FlashIntUnregister
2000baa7   FlashMassErase
2000bad3   FlashMassEraseNonBlocking
2000bae3   FlashProgram
2000bb65   FlashProgramNonBlocking
2000bbe7   FlashProtectGet
2000c413   GetCmd
2000b3b7   GetStartResponseConvert
2000a5a5   HostIntHanlder
2000c391   InitTerm
2000b865   IntDisable
2000b7cb   IntEnable
2000b6b5   IntMasterDisable
2000b6ab   IntMasterEnable
2000b98d   IntPendClear
2000b8ff   IntPendSet
2000b7a7   IntPriorityGet
2000b71f   IntPriorityGroupingGet
2000b705   IntPriorityGroupingSet
2000b9f1   IntPriorityMaskGet
2000b9e5   IntPriorityMaskSet
2000b757   IntPrioritySet
2000b6cf   IntRegister
2000b6eb   IntUnregister
2000b6bf   IntVTableBaseSet
20005d01   IpAddressParser
2000c3af   Message
2000a4dd   NwpMaskInterrupt
2000a4ed   NwpPowerOff
2000a565   NwpPowerOn
2000a521   NwpPowerOnPreamble
2000a49d   NwpRegisterInterruptHandler
2000a48f   NwpUnMaskInterrupt
20007fe5   PRCMCC3200MCUInit
20007a1d   PRCMDeepSleepEnter
20007be7   PRCMHibernateEnter
20007b21   PRCMHibernateIntervalSet
20007b95   PRCMHibernateWakeUpGPIOSelect
20007b05   PRCMHibernateWakeupCauseGet
20007adf   PRCMHibernateWakeupSourceDisable
20007ab9   PRCMHibernateWakeupSourceEnable
20007903   PRCMI2SClockFreqSet
20007d29   PRCMIntDisable
20007cf5   PRCMIntEnable
20007ccd   PRCMIntRegister
20007d4d   PRCMIntStatus
20007ce1   PRCMIntUnregister
2000796b   PRCMLPDSEnter
200079d7   PRCMLPDSIntervalSet
20007953   PRCMLPDSRestoreInfoSet
200079f9   PRCMLPDSWakeUpGPIOSelect
200079d1   PRCMLPDSWakeupCauseGet
200079bd   PRCMLPDSWakeupSourceDisable
2000799b   PRCMLPDSWakeupSourceEnable
2000777d   PRCMMCUReset
20007cb3   PRCMOCRRegisterRead
20007c99   PRCMOCRRegisterWrite
200077ed   PRCMPeripheralClkDisable
200077c1   PRCMPeripheralClkEnable
2000780d   PRCMPeripheralClockGet
2000788b   PRCMPeripheralReset
200078d9   PRCMPeripheralStatusGet
20007e15   PRCMRTCGet
20007d65   PRCMRTCInUseGet
20007d53   PRCMRTCInUseSet
20007f49   PRCMRTCMatchGet
20007ead   PRCMRTCMatchSet
20007d85   PRCMRTCSet
20007771   PRCMSOCReset
20007a85   PRCMSRAMRetentionDisable
20007a4d   PRCMSRAMRetentionEnable
20007a15   PRCMSleepEnter
20007bf7   PRCMSlowClkCtrGet
20007c59   PRCMSlowClkCtrMatchGet
20007c31   PRCMSlowClkCtrMatchSet
2000779d   PRCMSysResetCauseGet
2000bdd9   PinConfigGet
2000be17   PinConfigSet
2000bdaf   PinDirModeGet
2000bd7b   PinDirModeSet
2000bd51   PinModeGet
2000bd19   PinModeSet
2000d2bd   PinMuxConfig
2000bf61   PinTypeADC
2000bf17   PinTypeCamera
2000bf31   PinTypeGPIO
2000bead   PinTypeI2C
2000bee3   PinTypeI2S
2000bf75   PinTypeSDHost
2000bec9   PinTypeSPI
2000befd   PinTypeTimer
2000be93   PinTypeUART
2000c4a5   Report
2000d37b   ResetISR
UNDEFED    SHT$$INIT_ARRAY$$Base
UNDEFED    SHT$$INIT_ARRAY$$Limit
20008a41   SL_FD_CLR
20008a31   SL_FD_ISSET
20008a1d   SL_FD_SET
20008a17   SL_FD_ZERO
200098e5   SPICSDisable
200098cd   SPICSEnable
2000955d   SPIConfigSetExpClk
2000962b   SPIDataGet
20009601   SPIDataGetNonBlocking
20009673   SPIDataPut
2000964b   SPIDataPutNonBlocking
200094ef   SPIDisable
20009521   SPIDmaDisable
20009507   SPIDmaEnable
200094d7   SPIEnable
200096ab   SPIFIFODisable
20009691   SPIFIFOEnable
200096f9   SPIFIFOLevelGet
200096c5   SPIFIFOLevelSet
2000988f   SPIIntClear
200097d7   SPIIntDisable
20009793   SPIIntEnable
20009755   SPIIntRegister
20009821   SPIIntStatus
20009779   SPIIntUnregister
2000953b   SPIReset
200098fd   SPITransfer
2000972d   SPIWordCountSet
2000a23d   SetupDMAReceive
2000a157   SetupDMASend
2000c045   SetupTransfer
200058b1   SimpleLinkGeneralEventHandler
20005899   SimpleLinkHttpServerCallback
200057ed   SimpleLinkNetAppEventHandler
200058c7   SimpleLinkSockEventHandler
200056cd   SimpleLinkWlanEventHandler
2000adf9   UARTBreakCtl
2000ae23   UARTBusy
2000ada1   UARTCharGet
2000ad85   UARTCharGetNonBlocking
2000addb   UARTCharPut
2000adb7   UARTCharPutNonBlocking
2000ad4b   UARTCharsAvail
2000abbd   UARTConfigGetExpClk
2000ab47   UARTConfigSetExpClk
2000aeeb   UARTDMADisable
2000aed3   UARTDMAEnable
2000ac2d   UARTDisable
2000ac09   UARTEnable
2000ac6d   UARTFIFODisable
2000ac57   UARTFIFOEnable
2000ab1f   UARTFIFOLevelGet
2000ab07   UARTFIFOLevelSet
2000ad0b   UARTFlowControlGet
2000acef   UARTFlowControlSet
2000aec1   UARTIntClear
2000ae8b   UARTIntDisable
2000ae73   UARTIntEnable
2000ae3b   UARTIntRegister
2000aea3   UARTIntStatus
2000ae59   UARTIntUnregister
2000aca7   UARTModemControlClear
2000accb   UARTModemControlGet
2000ac83   UARTModemControlSet
2000acdd   UARTModemStatusGet
2000aaf5   UARTParityModeGet
2000aad9   UARTParityModeSet
2000af19   UARTRxErrorClear
2000af03   UARTRxErrorGet
2000ad63   UARTSpaceAvail
2000ad39   UARTTxIntModeGet
2000ad1d   UARTTxIntModeSet
2000c017   UDMAChannelSelect
2000c12f   UDMADeInit
2000bfbf   UDMAInit
2000c089   UDMASetupAutoMemTransfer
2000c0bd   UDMASetupPingPongTransfer
2000c117   UDMAStartTransfer
2000c123   UDMAStopTransfer
20005de9   UserInput
2000d389   UtilsDelay
2000d36d   _Dclass
2000d16d   _Dtest
20017f74   _Errno
2000d944   _SlAcceptCmdCtrl
2000d8f8   _SlActionLookupTable
20004ddf   _SlAsyncEventGenericHandler
2000da00   _SlDeviceGetCmdCtrl
2000da04   _SlDeviceSetCmdCtrl
20005631   _SlDrvBasicCmd
200049a5   _SlDrvClassifyRxMsg
200055e1   _SlDrvCmdOp
200055c3   _SlDrvCmdSend
20005461   _SlDrvDataReadOp
2000531f   _SlDrvDataWriteOp
2000b671   _SlDrvDeviceEventHandler
200052c7   _SlDrvDriverCBDeinit
20005249   _SlDrvDriverCBInit
2000d023   _SlDrvFlowContDeinit
2000cff9   _SlDrvFlowContInit
20004a39   _SlDrvMsgRead
20005199   _SlDrvMsgReadCmdCtx
20005105   _SlDrvMsgReadSpawnCtx
200048a9   _SlDrvMsgWrite
2000a021   _SlDrvNetAppEventHandler
2000487f   _SlDrvObjDeInit
20004849   _SlDrvObjInit
2000474d   _SlDrvReleasePoolObj
20004625   _SlDrvRxHdrRead
200045ef   _SlDrvRxIrqHandler
200045db   _SlDrvShiftDWord
200044cb   _SlDrvWaitForPoolObj
2000d9fc   _SlEventMaskGetCmdCtrl
2000d9f8   _SlEventMaskSetCmdCtrl
2000443f   _SlFindAndSetActiveObj
2000d9a4   _SlGetHostByNameCtrl
2000d9a0   _SlGetHostByServiceCtrl
2000d998   _SlGetServiceListeCtrl
2000d950   _SlGetSockOptCmdCtrl
2000d940   _SlListenCmdCtrl
2000d9b0   _SlNetAppGetCmdCtrl
2000d9ac   _SlNetAppSendTokenValueCmdCtrl
2000d9a8   _SlNetAppSetCmdCtrl
2000d990   _SlNetAppStartCtrl
2000d994   _SlNetAppStopCtrl
2000da3c   _SlNetCfgGetCmdCtrl
2000da38   _SlNetCfgSetCmdCtrl
2000cc65   _SlNonOsMainLoopTask
2000cc9d   _SlNonOsSemGet
2000cc5d   _SlNonOsSemSet
2000cc41   _SlNonOsSpawn
2000d8c0   _SlPolicyGetCmdCtrl
2000d8bc   _SlPolicySetCmdCtrl
2000d8c8   _SlProfileDelCmdCtrl
2000d8c4   _SlProfileGetCmdCtrl
2000d948   _SlRecvCmdCtrl
2000d938   _SlRecvfomCmdCtrl
2000d99c   _SlRegisterServiceCtrl
20004401   _SlRemoveFromList
2000d8d0   _SlRxFilterAddtCmdCtrl
2000d8d8   _SlRxFilterGetCmdCtrl
2000d8d4   _SlRxFilterSetCmdCtrl
2000d954   _SlSelectCmdCtrl
2000d93c   _SlSendCmdCtrl
2000d94c   _SlSetSockOptCmdCtrl
2000d8dc   _SlSmartConfigStartCmdCtrl
2000d934   _SlSockCloseCmdCtrl
2000d930   _SlSockSocketCmdCtrl
2000d9f4   _SlStopCmdCtrl
2000d8e8   _SlWlanCfgGetCmdCtrl
2000d8e4   _SlWlanCfgSetCmdCtrl
2000d8cc   _SlWlanGetNetworkListCtrl
2000d8e0   _SlWlanSetModeCmdCtrl
20030000   __STACK_END
00000800   __STACK_SIZE
00000800   __SYSMEM_SIZE
2000da90   __TI_CINIT_Base
2000daa0   __TI_CINIT_Limit
2000da78   __TI_Handler_Table_Base
2000da84   __TI_Handler_Table_Limit
00000001   __TI_args_main
2000cbad   __TI_auto_init
20017f64   __TI_cleanup_ptr
2000d35f   __TI_decompress_none
2000d38f   __TI_decompress_rle24
20017f68   __TI_dtors_ptr
20007467   __TI_printfi
2000da40   __TI_static_base__
2000d34d   __TI_zero_init
2000cd5d   __aeabi_cdcmpeq
2000cd5d   __aeabi_cdcmple
2000cde3   __aeabi_cdrcmple
2000d09d   __aeabi_d2iz
2000c56f   __aeabi_dadd
2000c71b   __aeabi_ddiv
2000c961   __aeabi_dmul
2000c565   __aeabi_dsub
2000d225   __aeabi_i2d
2000d29f   __aeabi_llsr
2000d30d   __aeabi_lmul
2000ce69   __aeabi_memclr
2000ce69   __aeabi_memclr4
2000ce69   __aeabi_memclr8
2000cb11   __aeabi_memcpy
2000cb11   __aeabi_memcpy4
2000cb11   __aeabi_memcpy8
2000ce6b   __aeabi_memset
2000ce6b   __aeabi_memset4
2000ce6b   __aeabi_memset8
2000c19d   __aeabi_uldivmod
ffffffff   __binit__
ffffffff   __c_args__
2002f800   __stack
2000d2f5   _args_main
2000d1f1   _c_int00
2000d394   _ctypes_
20017f5c   _lock
2000d333   _nop
2000d32b   _register_lock
2000d325   _register_unlock
200081d5   _sl_BuildAddress
200089b3   _sl_HandleAsync_Accept
20008945   _sl_HandleAsync_Connect
2000a01b   _sl_HandleAsync_DnsGetHostByAddr
20009f9d   _sl_HandleAsync_DnsGetHostByName
20009f2d   _sl_HandleAsync_DnsGetHostByService
2000b5fd   _sl_HandleAsync_InitComplete
20009eb9   _sl_HandleAsync_PingResponse
200088ed   _sl_HandleAsync_Select
2000b59d   _sl_HandleAsync_Stop
200088af   _sl_ParseAddress
20008167   _sl_TruncatePayloadByProtocol
20017000   _sys_memory
20017f60   _unlock
2000d12d   abort
2000d051   atoi
ffffffff   binit
20017f1c   cCharacter
2000b2bd   calloc
2000a121   cc_SetupTransfer
2000a331   cc_UDMAChannelSelect
2000d0e5   copy_in
2000d135   exit
2000b017   free
2000da10   g_H2NCnysPattern
2000da08   g_H2NSyncPattern
20017f44   g_SpiFd
20017c00   g_StatMem
20017eb4   g__SlNonOsCB
20017f00   g_cBsdBuf
20017f1d   g_cDummy
20017f4c   g_len
20017f6c   g_pCB
20017f40   g_pHostIntHdl
20004000   g_pfnVectors
20017f10   g_ucConnectionBSSID
20017edc   g_ucConnectionSSID
20017f34   g_ucConnectionStatus
20017f48   g_ucDMAEnabled
20017e64   g_ucDinDout
20017f35   g_ucSimplelinkstarted
20017f2c   g_uiPortNum
20017f28   g_ulDestinationIp
20017f24   g_ulGatewayIP
20017f38   g_ulIpAddr
20017f30   g_ulPacketCount
20017f20   g_ulStatus
20017d64   gfpAppCallbackHndl
20017800   gpCtlTbl
20017f1e   iDone
20017f3c   iStringLength
2000cf9d   ltoa
20006643   main
20017f78   main_func_sp
2000afb5   malloc
2000b1dd   memalign
2000d2d9   memccpy
2000cb11   memcpy
2000ce71   memset
2000af29   minit
2000566d   myGetString
20017f70   pPingCallBackFunc
2000b0d7   realloc
200087a1   sl_Accept
20008739   sl_Bind
2000871b   sl_Close
20008631   sl_Connect
2000b531   sl_DevGet
2000b4f1   sl_DevSet
2000b4d3   sl_EventMaskGet
2000b4b5   sl_EventMaskSet
200085c9   sl_GetSockOpt
20008587   sl_Htonl
20008553   sl_Htons
20008531   sl_Listen
20009de7   sl_NetAppDnsGetHostByName
20009d19   sl_NetAppDnsGetHostByService
20009cb9   sl_NetAppGet
20009c45   sl_NetAppGetServiceList
20009c25   sl_NetAppMDNSRegisterService
20009b8f   sl_NetAppMDNSRegisterUnregisterService
20009c13   sl_NetAppMDNSUnRegisterService
20009a7b   sl_NetAppPingStart
20009a15   sl_NetAppSendTokenValue
200099d5   sl_NetAppSet
200099b9   sl_NetAppStart
2000999d   sl_NetAppStop
2000ca9d   sl_NetCfgGet
2000ca5d   sl_NetCfgSet
200084f7   sl_Recv
2000844f   sl_RecvFrom
20008351   sl_Select
200082a7   sl_Send
200081fd   sl_SendTo
20008127   sl_SetSockOpt
200080fd   sl_Socket
2000b401   sl_Start
2000b2f9   sl_Stop
2000b2f5   sl_Task
20009055   sl_WlanConnect
20009049   sl_WlanDisconnect
20008fe1   sl_WlanGet
20008f99   sl_WlanGetNetworkList
20008f2d   sl_WlanPolicyGet
20008eeb   sl_WlanPolicySet
20008d45   sl_WlanProfileAdd
20008d0d   sl_WlanProfileDel
20008c53   sl_WlanProfileGet
20008bf9   sl_WlanRxFilterAdd
20008ba9   sl_WlanRxFilterGet
20008b73   sl_WlanRxFilterSet
20008b3d   sl_WlanRxStatGet
20008b35   sl_WlanRxStatStart
20008b2d   sl_WlanRxStatStop
20008aed   sl_WlanSet
20008acf   sl_WlanSetMode
20008a65   sl_WlanSmartConfigStart
20008a5d   sl_WlanSmartConfigStop
2000a42d   spi_Close
2000a34d   spi_Open
2000a2a5   spi_Read
2000a201   spi_Read_CPU
2000a1b9   spi_Write
2000a0e5   spi_Write_CPU
2000d27d   strcspn
2000d339   strlen
2000d253   strspn
2000d1b1   strtok
2000c851   strtoul
2000aa41   uDMAChannelAssign
2000a6f1   uDMAChannelAttributeDisable
2000a69d   uDMAChannelAttributeEnable
2000a745   uDMAChannelAttributeGet
2000a7b5   uDMAChannelControlSet
2000a62f   uDMAChannelDisable
2000a617   uDMAChannelEnable
2000a647   uDMAChannelIsEnabled
2000a9b9   uDMAChannelModeGet
2000a685   uDMAChannelRequest
2000a8e9   uDMAChannelScatterGatherSet
2000a971   uDMAChannelSizeGet
2000a7f1   uDMAChannelTransferSet
2000a67f   uDMAControlAlternateBaseGet
2000a679   uDMAControlBaseGet
2000a669   uDMAControlBaseSet
2000a601   uDMADisable
2000a5f9   uDMAEnable
2000a60f   uDMAErrorStatusClear
2000a609   uDMAErrorStatusGet
2000aa2d   uDMAIntClear
2000a9ff   uDMAIntRegister
2000aa27   uDMAIntStatus
2000aa15   uDMAIntUnregister
2000ccd5   vsnprintf


GLOBAL SYMBOLS: SORTED BY Symbol Address 

address    name
--------   ----
00000001   __TI_args_main
00000800   __STACK_SIZE
00000800   __SYSMEM_SIZE
20004000   g_pfnVectors
20004401   _SlRemoveFromList
2000443f   _SlFindAndSetActiveObj
200044cb   _SlDrvWaitForPoolObj
200045db   _SlDrvShiftDWord
200045ef   _SlDrvRxIrqHandler
20004625   _SlDrvRxHdrRead
2000474d   _SlDrvReleasePoolObj
20004849   _SlDrvObjInit
2000487f   _SlDrvObjDeInit
200048a9   _SlDrvMsgWrite
200049a5   _SlDrvClassifyRxMsg
20004a39   _SlDrvMsgRead
20004ddf   _SlAsyncEventGenericHandler
20005105   _SlDrvMsgReadSpawnCtx
20005199   _SlDrvMsgReadCmdCtx
20005249   _SlDrvDriverCBInit
200052c7   _SlDrvDriverCBDeinit
2000531f   _SlDrvDataWriteOp
20005461   _SlDrvDataReadOp
200055c3   _SlDrvCmdSend
200055e1   _SlDrvCmdOp
20005631   _SlDrvBasicCmd
2000566d   myGetString
200056cd   SimpleLinkWlanEventHandler
200057ed   SimpleLinkNetAppEventHandler
20005899   SimpleLinkHttpServerCallback
200058b1   SimpleLinkGeneralEventHandler
200058c7   SimpleLinkSockEventHandler
20005d01   IpAddressParser
20005de9   UserInput
200062d5   BsdTcpClient
200063b9   BsdTcpServer
20006643   main
20007467   __TI_printfi
20007771   PRCMSOCReset
2000777d   PRCMMCUReset
2000779d   PRCMSysResetCauseGet
200077c1   PRCMPeripheralClkEnable
200077ed   PRCMPeripheralClkDisable
2000780d   PRCMPeripheralClockGet
2000788b   PRCMPeripheralReset
200078d9   PRCMPeripheralStatusGet
20007903   PRCMI2SClockFreqSet
20007953   PRCMLPDSRestoreInfoSet
2000796b   PRCMLPDSEnter
2000799b   PRCMLPDSWakeupSourceEnable
200079bd   PRCMLPDSWakeupSourceDisable
200079d1   PRCMLPDSWakeupCauseGet
200079d7   PRCMLPDSIntervalSet
200079f9   PRCMLPDSWakeUpGPIOSelect
20007a15   PRCMSleepEnter
20007a1d   PRCMDeepSleepEnter
20007a4d   PRCMSRAMRetentionEnable
20007a85   PRCMSRAMRetentionDisable
20007ab9   PRCMHibernateWakeupSourceEnable
20007adf   PRCMHibernateWakeupSourceDisable
20007b05   PRCMHibernateWakeupCauseGet
20007b21   PRCMHibernateIntervalSet
20007b95   PRCMHibernateWakeUpGPIOSelect
20007be7   PRCMHibernateEnter
20007bf7   PRCMSlowClkCtrGet
20007c31   PRCMSlowClkCtrMatchSet
20007c59   PRCMSlowClkCtrMatchGet
20007c99   PRCMOCRRegisterWrite
20007cb3   PRCMOCRRegisterRead
20007ccd   PRCMIntRegister
20007ce1   PRCMIntUnregister
20007cf5   PRCMIntEnable
20007d29   PRCMIntDisable
20007d4d   PRCMIntStatus
20007d53   PRCMRTCInUseSet
20007d65   PRCMRTCInUseGet
20007d85   PRCMRTCSet
20007e15   PRCMRTCGet
20007ead   PRCMRTCMatchSet
20007f49   PRCMRTCMatchGet
20007fe5   PRCMCC3200MCUInit
200080fd   sl_Socket
20008127   sl_SetSockOpt
20008167   _sl_TruncatePayloadByProtocol
200081d5   _sl_BuildAddress
200081fd   sl_SendTo
200082a7   sl_Send
20008351   sl_Select
2000844f   sl_RecvFrom
200084f7   sl_Recv
20008531   sl_Listen
20008553   sl_Htons
20008587   sl_Htonl
200085c9   sl_GetSockOpt
20008631   sl_Connect
2000871b   sl_Close
20008739   sl_Bind
200087a1   sl_Accept
200088af   _sl_ParseAddress
200088ed   _sl_HandleAsync_Select
20008945   _sl_HandleAsync_Connect
200089b3   _sl_HandleAsync_Accept
20008a17   SL_FD_ZERO
20008a1d   SL_FD_SET
20008a31   SL_FD_ISSET
20008a41   SL_FD_CLR
20008a5d   sl_WlanSmartConfigStop
20008a65   sl_WlanSmartConfigStart
20008acf   sl_WlanSetMode
20008aed   sl_WlanSet
20008b2d   sl_WlanRxStatStop
20008b35   sl_WlanRxStatStart
20008b3d   sl_WlanRxStatGet
20008b73   sl_WlanRxFilterSet
20008ba9   sl_WlanRxFilterGet
20008bf9   sl_WlanRxFilterAdd
20008c53   sl_WlanProfileGet
20008d0d   sl_WlanProfileDel
20008d45   sl_WlanProfileAdd
20008eeb   sl_WlanPolicySet
20008f2d   sl_WlanPolicyGet
20008f99   sl_WlanGetNetworkList
20008fe1   sl_WlanGet
20009049   sl_WlanDisconnect
20009055   sl_WlanConnect
200094d7   SPIEnable
200094ef   SPIDisable
20009507   SPIDmaEnable
20009521   SPIDmaDisable
2000953b   SPIReset
2000955d   SPIConfigSetExpClk
20009601   SPIDataGetNonBlocking
2000962b   SPIDataGet
2000964b   SPIDataPutNonBlocking
20009673   SPIDataPut
20009691   SPIFIFOEnable
200096ab   SPIFIFODisable
200096c5   SPIFIFOLevelSet
200096f9   SPIFIFOLevelGet
2000972d   SPIWordCountSet
20009755   SPIIntRegister
20009779   SPIIntUnregister
20009793   SPIIntEnable
200097d7   SPIIntDisable
20009821   SPIIntStatus
2000988f   SPIIntClear
200098cd   SPICSEnable
200098e5   SPICSDisable
200098fd   SPITransfer
2000999d   sl_NetAppStop
200099b9   sl_NetAppStart
200099d5   sl_NetAppSet
20009a15   sl_NetAppSendTokenValue
20009a61   CopyPingResultsToReport
20009a7b   sl_NetAppPingStart
20009b8f   sl_NetAppMDNSRegisterUnregisterService
20009c13   sl_NetAppMDNSUnRegisterService
20009c25   sl_NetAppMDNSRegisterService
20009c45   sl_NetAppGetServiceList
20009cb9   sl_NetAppGet
20009d19   sl_NetAppDnsGetHostByService
20009de7   sl_NetAppDnsGetHostByName
20009eb9   _sl_HandleAsync_PingResponse
20009f2d   _sl_HandleAsync_DnsGetHostByService
20009f9d   _sl_HandleAsync_DnsGetHostByName
2000a01b   _sl_HandleAsync_DnsGetHostByAddr
2000a021   _SlDrvNetAppEventHandler
2000a0e5   spi_Write_CPU
2000a121   cc_SetupTransfer
2000a157   SetupDMASend
2000a1b9   spi_Write
2000a201   spi_Read_CPU
2000a23d   SetupDMAReceive
2000a2a5   spi_Read
2000a331   cc_UDMAChannelSelect
2000a34d   spi_Open
2000a42d   spi_Close
2000a48f   NwpUnMaskInterrupt
2000a49d   NwpRegisterInterruptHandler
2000a4dd   NwpMaskInterrupt
2000a4ed   NwpPowerOff
2000a521   NwpPowerOnPreamble
2000a565   NwpPowerOn
2000a589   DmaSpiSwIntHandler
2000a5a5   HostIntHanlder
2000a5f9   uDMAEnable
2000a601   uDMADisable
2000a609   uDMAErrorStatusGet
2000a60f   uDMAErrorStatusClear
2000a617   uDMAChannelEnable
2000a62f   uDMAChannelDisable
2000a647   uDMAChannelIsEnabled
2000a669   uDMAControlBaseSet
2000a679   uDMAControlBaseGet
2000a67f   uDMAControlAlternateBaseGet
2000a685   uDMAChannelRequest
2000a69d   uDMAChannelAttributeEnable
2000a6f1   uDMAChannelAttributeDisable
2000a745   uDMAChannelAttributeGet
2000a7b5   uDMAChannelControlSet
2000a7f1   uDMAChannelTransferSet
2000a8e9   uDMAChannelScatterGatherSet
2000a971   uDMAChannelSizeGet
2000a9b9   uDMAChannelModeGet
2000a9ff   uDMAIntRegister
2000aa15   uDMAIntUnregister
2000aa27   uDMAIntStatus
2000aa2d   uDMAIntClear
2000aa41   uDMAChannelAssign
2000aad9   UARTParityModeSet
2000aaf5   UARTParityModeGet
2000ab07   UARTFIFOLevelSet
2000ab1f   UARTFIFOLevelGet
2000ab47   UARTConfigSetExpClk
2000abbd   UARTConfigGetExpClk
2000ac09   UARTEnable
2000ac2d   UARTDisable
2000ac57   UARTFIFOEnable
2000ac6d   UARTFIFODisable
2000ac83   UARTModemControlSet
2000aca7   UARTModemControlClear
2000accb   UARTModemControlGet
2000acdd   UARTModemStatusGet
2000acef   UARTFlowControlSet
2000ad0b   UARTFlowControlGet
2000ad1d   UARTTxIntModeSet
2000ad39   UARTTxIntModeGet
2000ad4b   UARTCharsAvail
2000ad63   UARTSpaceAvail
2000ad85   UARTCharGetNonBlocking
2000ada1   UARTCharGet
2000adb7   UARTCharPutNonBlocking
2000addb   UARTCharPut
2000adf9   UARTBreakCtl
2000ae23   UARTBusy
2000ae3b   UARTIntRegister
2000ae59   UARTIntUnregister
2000ae73   UARTIntEnable
2000ae8b   UARTIntDisable
2000aea3   UARTIntStatus
2000aec1   UARTIntClear
2000aed3   UARTDMAEnable
2000aeeb   UARTDMADisable
2000af03   UARTRxErrorGet
2000af19   UARTRxErrorClear
2000af29   minit
2000afb5   malloc
2000b017   free
2000b0d7   realloc
2000b1dd   memalign
2000b2bd   calloc
2000b2f5   sl_Task
2000b2f9   sl_Stop
2000b3b7   GetStartResponseConvert
2000b401   sl_Start
2000b4b5   sl_EventMaskSet
2000b4d3   sl_EventMaskGet
2000b4f1   sl_DevSet
2000b531   sl_DevGet
2000b59d   _sl_HandleAsync_Stop
2000b5fd   _sl_HandleAsync_InitComplete
2000b671   _SlDrvDeviceEventHandler
2000b6ab   IntMasterEnable
2000b6b5   IntMasterDisable
2000b6bf   IntVTableBaseSet
2000b6cf   IntRegister
2000b6eb   IntUnregister
2000b705   IntPriorityGroupingSet
2000b71f   IntPriorityGroupingGet
2000b757   IntPrioritySet
2000b7a7   IntPriorityGet
2000b7cb   IntEnable
2000b865   IntDisable
2000b8ff   IntPendSet
2000b98d   IntPendClear
2000b9e5   IntPriorityMaskSet
2000b9f1   IntPriorityMaskGet
2000ba19   FlashDisable
2000ba4f   FlashErase
2000ba89   FlashEraseNonBlocking
2000baa7   FlashMassErase
2000bad3   FlashMassEraseNonBlocking
2000bae3   FlashProgram
2000bb65   FlashProgramNonBlocking
2000bbe7   FlashProtectGet
2000bc5d   FlashIntRegister
2000bc71   FlashIntUnregister
2000bc81   FlashIntEnable
2000bc95   FlashIntDisable
2000bca9   FlashIntStatus
2000bcc5   FlashIntClear
2000bd19   PinModeSet
2000bd51   PinModeGet
2000bd7b   PinDirModeSet
2000bdaf   PinDirModeGet
2000bdd9   PinConfigGet
2000be17   PinConfigSet
2000be93   PinTypeUART
2000bead   PinTypeI2C
2000bec9   PinTypeSPI
2000bee3   PinTypeI2S
2000befd   PinTypeTimer
2000bf17   PinTypeCamera
2000bf31   PinTypeGPIO
2000bf61   PinTypeADC
2000bf75   PinTypeSDHost
2000bf9d   DmaSwIntHandler
2000bfb3   DmaErrorIntHandler
2000bfbf   UDMAInit
2000c017   UDMAChannelSelect
2000c045   SetupTransfer
2000c089   UDMASetupAutoMemTransfer
2000c0bd   UDMASetupPingPongTransfer
2000c117   UDMAStartTransfer
2000c123   UDMAStopTransfer
2000c12f   UDMADeInit
2000c143   DMASetupTransfer
2000c19d   __aeabi_uldivmod
2000c391   InitTerm
2000c3af   Message
2000c3d1   ClearTerm
2000c3db   Error
2000c413   GetCmd
2000c4a5   Report
2000c565   __aeabi_dsub
2000c56f   __aeabi_dadd
2000c71b   __aeabi_ddiv
2000c851   strtoul
2000c961   __aeabi_dmul
2000ca5d   sl_NetCfgSet
2000ca9d   sl_NetCfgGet
2000cb11   __aeabi_memcpy
2000cb11   __aeabi_memcpy4
2000cb11   __aeabi_memcpy8
2000cb11   memcpy
2000cbad   __TI_auto_init
2000cc41   _SlNonOsSpawn
2000cc5d   _SlNonOsSemSet
2000cc65   _SlNonOsMainLoopTask
2000cc9d   _SlNonOsSemGet
2000ccd5   vsnprintf
2000cd5d   __aeabi_cdcmpeq
2000cd5d   __aeabi_cdcmple
2000cde3   __aeabi_cdrcmple
2000ce69   __aeabi_memclr
2000ce69   __aeabi_memclr4
2000ce69   __aeabi_memclr8
2000ce6b   __aeabi_memset
2000ce6b   __aeabi_memset4
2000ce6b   __aeabi_memset8
2000ce71   memset
2000cee1   CPUcpsid
2000cef5   CPUprimask
2000ceff   CPUcpsie
2000cf13   CPUwfi
2000cf1f   CPUbasepriSet
2000cf35   CPUbasepriGet
2000cf9d   ltoa
2000cff9   _SlDrvFlowContInit
2000d023   _SlDrvFlowContDeinit
2000d051   atoi
2000d09d   __aeabi_d2iz
2000d0e5   copy_in
2000d129   C$$EXIT
2000d12d   abort
2000d135   exit
2000d16d   _Dtest
2000d1b1   strtok
2000d1f1   _c_int00
2000d225   __aeabi_i2d
2000d253   strspn
2000d27d   strcspn
2000d29f   __aeabi_llsr
2000d2bd   PinMuxConfig
2000d2d9   memccpy
2000d2f5   _args_main
2000d30d   __aeabi_lmul
2000d325   _register_unlock
2000d32b   _register_lock
2000d333   _nop
2000d339   strlen
2000d34d   __TI_zero_init
2000d35f   __TI_decompress_none
2000d36d   _Dclass
2000d37b   ResetISR
2000d389   UtilsDelay
2000d38f   __TI_decompress_rle24
2000d394   _ctypes_
2000d8bc   _SlPolicySetCmdCtrl
2000d8c0   _SlPolicyGetCmdCtrl
2000d8c4   _SlProfileGetCmdCtrl
2000d8c8   _SlProfileDelCmdCtrl
2000d8cc   _SlWlanGetNetworkListCtrl
2000d8d0   _SlRxFilterAddtCmdCtrl
2000d8d4   _SlRxFilterSetCmdCtrl
2000d8d8   _SlRxFilterGetCmdCtrl
2000d8dc   _SlSmartConfigStartCmdCtrl
2000d8e0   _SlWlanSetModeCmdCtrl
2000d8e4   _SlWlanCfgSetCmdCtrl
2000d8e8   _SlWlanCfgGetCmdCtrl
2000d8f8   _SlActionLookupTable
2000d930   _SlSockSocketCmdCtrl
2000d934   _SlSockCloseCmdCtrl
2000d938   _SlRecvfomCmdCtrl
2000d93c   _SlSendCmdCtrl
2000d940   _SlListenCmdCtrl
2000d944   _SlAcceptCmdCtrl
2000d948   _SlRecvCmdCtrl
2000d94c   _SlSetSockOptCmdCtrl
2000d950   _SlGetSockOptCmdCtrl
2000d954   _SlSelectCmdCtrl
2000d990   _SlNetAppStartCtrl
2000d994   _SlNetAppStopCtrl
2000d998   _SlGetServiceListeCtrl
2000d99c   _SlRegisterServiceCtrl
2000d9a0   _SlGetHostByServiceCtrl
2000d9a4   _SlGetHostByNameCtrl
2000d9a8   _SlNetAppSetCmdCtrl
2000d9ac   _SlNetAppSendTokenValueCmdCtrl
2000d9b0   _SlNetAppGetCmdCtrl
2000d9f4   _SlStopCmdCtrl
2000d9f8   _SlEventMaskSetCmdCtrl
2000d9fc   _SlEventMaskGetCmdCtrl
2000da00   _SlDeviceGetCmdCtrl
2000da04   _SlDeviceSetCmdCtrl
2000da08   g_H2NSyncPattern
2000da10   g_H2NCnysPattern
2000da38   _SlNetCfgSetCmdCtrl
2000da3c   _SlNetCfgGetCmdCtrl
2000da40   __TI_static_base__
2000da78   __TI_Handler_Table_Base
2000da84   __TI_Handler_Table_Limit
2000da90   __TI_CINIT_Base
2000daa0   __TI_CINIT_Limit
20017000   _sys_memory
20017800   gpCtlTbl
20017c00   g_StatMem
20017d64   gfpAppCallbackHndl
20017e64   g_ucDinDout
20017eb4   g__SlNonOsCB
20017edc   g_ucConnectionSSID
20017f00   g_cBsdBuf
20017f10   g_ucConnectionBSSID
20017f1c   cCharacter
20017f1d   g_cDummy
20017f1e   iDone
20017f20   g_ulStatus
20017f24   g_ulGatewayIP
20017f28   g_ulDestinationIp
20017f2c   g_uiPortNum
20017f30   g_ulPacketCount
20017f34   g_ucConnectionStatus
20017f35   g_ucSimplelinkstarted
20017f38   g_ulIpAddr
20017f3c   iStringLength
20017f40   g_pHostIntHdl
20017f44   g_SpiFd
20017f48   g_ucDMAEnabled
20017f4c   g_len
20017f5c   _lock
20017f60   _unlock
20017f64   __TI_cleanup_ptr
20017f68   __TI_dtors_ptr
20017f6c   g_pCB
20017f70   pPingCallBackFunc
20017f74   _Errno
20017f78   main_func_sp
2002f800   __stack
20030000   __STACK_END
ffffffff   __binit__
ffffffff   __c_args__
ffffffff   binit
UNDEFED    SHT$$INIT_ARRAY$$Base
UNDEFED    SHT$$INIT_ARRAY$$Limit

[474 symbols]
