<?xml version="1.0"?>
<link_info>
   <banner>TI ARM Linker PC v5.1.5</banner>
   <copyright>Copyright (c) 1996-2014 Texas Instruments Incorporated</copyright>
   <link_time>0x53e8a67b</link_time>
   <link_errors>0x1</link_errors>
   <output_file>email.out</output_file>
   <entry_point>
      <name>_c_int00</name>
      <address>0x2000f989</address>
   </entry_point>
   <input_file_list>
      <input_file id="fl-146">
         <path>c:\ti\ccsv6\tools\compiler\arm_5.1.5\lib\</path>
         <kind>archive</kind>
         <file>rtsv7M4_T_le_v4SPD16_eabi.lib</file>
         <name>boot.obj</name>
      </input_file>
      <input_file id="fl-14a">
         <path>c:\ti\ccsv6\tools\compiler\arm_5.1.5\lib\</path>
         <kind>archive</kind>
         <file>rtsv7M4_T_le_v4SPD16_eabi.lib</file>
         <name>exit.obj</name>
      </input_file>
      <input_file id="fl-14b">
         <path>c:\ti\ccsv6\tools\compiler\arm_5.1.5\lib\</path>
         <kind>archive</kind>
         <file>rtsv7M4_T_le_v4SPD16_eabi.lib</file>
         <name>fd_add_t2.obj</name>
      </input_file>
      <input_file id="fl-14c">
         <path>c:\ti\ccsv6\tools\compiler\arm_5.1.5\lib\</path>
         <kind>archive</kind>
         <file>rtsv7M4_T_le_v4SPD16_eabi.lib</file>
         <name>fd_div_t2.obj</name>
      </input_file>
      <input_file id="fl-14d">
         <path>c:\ti\ccsv6\tools\compiler\arm_5.1.5\lib\</path>
         <kind>archive</kind>
         <file>rtsv7M4_T_le_v4SPD16_eabi.lib</file>
         <name>fd_mul_t2.obj</name>
      </input_file>
      <input_file id="fl-14e">
         <path>c:\ti\ccsv6\tools\compiler\arm_5.1.5\lib\</path>
         <kind>archive</kind>
         <file>rtsv7M4_T_le_v4SPD16_eabi.lib</file>
         <name>fd_tos_t2.obj</name>
      </input_file>
      <input_file id="fl-14f">
         <path>c:\ti\ccsv6\tools\compiler\arm_5.1.5\lib\</path>
         <kind>archive</kind>
         <file>rtsv7M4_T_le_v4SPD16_eabi.lib</file>
         <name>i_tofd_t2.obj</name>
      </input_file>
      <input_file id="fl-151">
         <path>c:\ti\ccsv6\tools\compiler\arm_5.1.5\lib\</path>
         <kind>archive</kind>
         <file>rtsv7M4_T_le_v4SPD16_eabi.lib</file>
         <name>memcpy_t2.obj</name>
      </input_file>
      <input_file id="fl-153">
         <path>c:\ti\ccsv6\tools\compiler\arm_5.1.5\lib\</path>
         <kind>archive</kind>
         <file>rtsv7M4_T_le_v4SPD16_eabi.lib</file>
         <name>memset_t2.obj</name>
      </input_file>
      <input_file id="fl-15b">
         <path>c:\ti\ccsv6\tools\compiler\arm_5.1.5\lib\</path>
         <kind>archive</kind>
         <file>rtsv7M4_T_le_v4SPD16_eabi.lib</file>
         <name>trgmsg.obj</name>
      </input_file>
      <input_file id="fl-164">
         <path>c:\ti\ccsv6\tools\compiler\arm_5.1.5\lib\</path>
         <kind>archive</kind>
         <file>rtsv7M4_T_le_v4SPD16_eabi.lib</file>
         <name>args_main.obj</name>
      </input_file>
      <input_file id="fl-166">
         <path>c:\ti\ccsv6\tools\compiler\arm_5.1.5\lib\</path>
         <kind>archive</kind>
         <file>rtsv7M4_T_le_v4SPD16_eabi.lib</file>
         <name>auto_init.obj</name>
      </input_file>
      <input_file id="fl-167">
         <path>c:\ti\ccsv6\tools\compiler\arm_5.1.5\lib\</path>
         <kind>archive</kind>
         <file>rtsv7M4_T_le_v4SPD16_eabi.lib</file>
         <name>cpy_tbl.obj</name>
      </input_file>
      <input_file id="fl-16a">
         <path>c:\ti\ccsv6\tools\compiler\arm_5.1.5\lib\</path>
         <kind>archive</kind>
         <file>rtsv7M4_T_le_v4SPD16_eabi.lib</file>
         <name>fd_cmp_t2.obj</name>
      </input_file>
      <input_file id="fl-16b">
         <path>c:\ti\ccsv6\tools\compiler\arm_5.1.5\lib\</path>
         <kind>archive</kind>
         <file>rtsv7M4_T_le_v4SPD16_eabi.lib</file>
         <name>fd_toi_t2.obj</name>
      </input_file>
      <input_file id="fl-16d">
         <path>c:\ti\ccsv6\tools\compiler\arm_5.1.5\lib\</path>
         <kind>archive</kind>
         <file>rtsv7M4_T_le_v4SPD16_eabi.lib</file>
         <name>ll_mul_t2.obj</name>
      </input_file>
      <input_file id="fl-176">
         <path>c:\ti\ccsv6\tools\compiler\arm_5.1.5\lib\</path>
         <kind>archive</kind>
         <file>rtsv7M4_T_le_v4SPD16_eabi.lib</file>
         <name>ull_div_t2.obj</name>
      </input_file>
      <input_file id="fl-17c">
         <path>c:\ti\ccsv6\tools\compiler\arm_5.1.5\lib\</path>
         <kind>archive</kind>
         <file>rtsv7M4_T_le_v4SPD16_eabi.lib</file>
         <name>fs_tod_t2.obj</name>
      </input_file>
      <input_file id="fl-17e">
         <path>C:\ti\CC3200SDK\cc3200-sdk\example\email\ccs\..\..\..\oslib\ccs\ti_rtos\</path>
         <kind>archive</kind>
         <file>ti_rtos.a</file>
         <name>osi_tirtos.obj</name>
      </input_file>
      <input_file id="fl-17f">
         <path>C:\ti\CC3200SDK\cc3200-sdk\example\email\ccs\..\..\..\driverlib\ccs\Release\</path>
         <kind>archive</kind>
         <file>driverlib.a</file>
         <name>utils.obj</name>
      </input_file>
      <input_file id="fl-180">
         <path>C:\ti\CC3200SDK\cc3200-sdk\example\email\ccs\..\..\..\driverlib\ccs\Release\</path>
         <kind>archive</kind>
         <file>driverlib.a</file>
         <name>uart.obj</name>
      </input_file>
      <input_file id="fl-181">
         <path>C:\ti\CC3200SDK\cc3200-sdk\example\email\ccs\..\..\..\driverlib\ccs\Release\</path>
         <kind>archive</kind>
         <file>driverlib.a</file>
         <name>timer.obj</name>
      </input_file>
      <input_file id="fl-182">
         <path>C:\ti\CC3200SDK\cc3200-sdk\example\email\ccs\..\..\..\driverlib\ccs\Release\</path>
         <kind>archive</kind>
         <file>driverlib.a</file>
         <name>prcm.obj</name>
      </input_file>
      <input_file id="fl-183">
         <path>C:\ti\CC3200SDK\cc3200-sdk\example\email\ccs\..\..\..\driverlib\ccs\Release\</path>
         <kind>archive</kind>
         <file>driverlib.a</file>
         <name>pin.obj</name>
      </input_file>
      <input_file id="fl-184">
         <path>C:\ti\CC3200SDK\cc3200-sdk\example\email\ccs\..\..\..\driverlib\ccs\Release\</path>
         <kind>archive</kind>
         <file>driverlib.a</file>
         <name>interrupt.obj</name>
      </input_file>
      <input_file id="fl-185">
         <path>C:\ti\CC3200SDK\cc3200-sdk\example\email\ccs\..\..\..\driverlib\ccs\Release\</path>
         <kind>archive</kind>
         <file>driverlib.a</file>
         <name>i2c.obj</name>
      </input_file>
      <input_file id="fl-186">
         <path>C:\ti\CC3200SDK\cc3200-sdk\example\email\ccs\..\..\..\driverlib\ccs\Release\</path>
         <kind>archive</kind>
         <file>driverlib.a</file>
         <name>gpio.obj</name>
      </input_file>
      <input_file id="fl-187">
         <path>C:\ti\CC3200SDK\cc3200-sdk\example\email\ccs\..\..\..\driverlib\ccs\Release\</path>
         <kind>archive</kind>
         <file>driverlib.a</file>
         <name>flash.obj</name>
      </input_file>
      <input_file id="fl-188">
         <path>C:\ti\CC3200SDK\cc3200-sdk\example\email\ccs\..\..\..\driverlib\ccs\Release\</path>
         <kind>archive</kind>
         <file>driverlib.a</file>
         <name>cpu.obj</name>
      </input_file>
      <input_file id="fl-189">
         <path>C:\ti\CC3200SDK\cc3200-sdk\example\email\ccs\..\..\..\driverlib\ccs\Release\</path>
         <kind>archive</kind>
         <file>driverlib.a</file>
         <name>aes.obj</name>
      </input_file>
      <input_file id="fl-18a">
         <path>C:\ti\CC3200SDK\cc3200-sdk\example\email\ccs\..\..\..\simplelink\ccs\OS\</path>
         <kind>archive</kind>
         <file>simplelink.a</file>
         <name>wlan.obj</name>
      </input_file>
      <input_file id="fl-18b">
         <path>C:\ti\CC3200SDK\cc3200-sdk\example\email\ccs\..\..\..\simplelink\ccs\OS\</path>
         <kind>archive</kind>
         <file>simplelink.a</file>
         <name>socket.obj</name>
      </input_file>
      <input_file id="fl-18c">
         <path>C:\ti\CC3200SDK\cc3200-sdk\example\email\ccs\..\..\..\simplelink\ccs\OS\</path>
         <kind>archive</kind>
         <file>simplelink.a</file>
         <name>netcfg.obj</name>
      </input_file>
      <input_file id="fl-18d">
         <path>C:\ti\CC3200SDK\cc3200-sdk\example\email\ccs\..\..\..\simplelink\ccs\OS\</path>
         <kind>archive</kind>
         <file>simplelink.a</file>
         <name>netapp.obj</name>
      </input_file>
      <input_file id="fl-18e">
         <path>C:\ti\CC3200SDK\cc3200-sdk\example\email\ccs\..\..\..\simplelink\ccs\OS\</path>
         <kind>archive</kind>
         <file>simplelink.a</file>
         <name>driver.obj</name>
      </input_file>
      <input_file id="fl-18f">
         <path>C:\ti\CC3200SDK\cc3200-sdk\example\email\ccs\..\..\..\simplelink\ccs\OS\</path>
         <kind>archive</kind>
         <file>simplelink.a</file>
         <name>device.obj</name>
      </input_file>
      <input_file id="fl-190">
         <path>C:\ti\CC3200SDK\cc3200-sdk\example\email\ccs\..\..\..\simplelink\ccs\OS\</path>
         <kind>archive</kind>
         <file>simplelink.a</file>
         <name>cc_pal.obj</name>
      </input_file>
      <input_file id="fl-191">
         <path>C:\ti\CC3200SDK\cc3200-sdk\example\email\ccs\..\..\..\simplelink\ccs\OS\</path>
         <kind>archive</kind>
         <file>simplelink.a</file>
         <name>flowcont.obj</name>
      </input_file>
      <input_file id="fl-192">
         <path>c:\ti\ccsv6\tools\compiler\arm_5.1.5\lib\</path>
         <kind>archive</kind>
         <file>rtsv7M4_T_le_v4SPD16_eabi.lib</file>
         <name>ll_lsr_t2.obj</name>
      </input_file>
      <input_file id="fl-193">
         <path>C:\ti\CC3200SDK\cc3200-sdk\example\email\ccs\..\..\..\driverlib\ccs\Release\</path>
         <kind>archive</kind>
         <file>driverlib.a</file>
         <name>udma.obj</name>
      </input_file>
      <input_file id="fl-194">
         <path>C:\ti\CC3200SDK\cc3200-sdk\example\email\ccs\..\..\..\driverlib\ccs\Release\</path>
         <kind>archive</kind>
         <file>driverlib.a</file>
         <name>spi.obj</name>
      </input_file>
      <input_file id="fl-195">
         <path>C:\Users\pkrza\AppData\Local\Temp\</path>
         <kind>object</kind>
         <file>010042</file>
         <name>010042</name>
      </input_file>
      <input_file id="fl-196">
         <path>c:\ti\ccsv6\tools\compiler\arm_5.1.5\lib\</path>
         <kind>archive</kind>
         <file>rtsv7M4_T_le_v4SPD16_eabi.lib</file>
         <name>copy_decompress_none.obj</name>
      </input_file>
      <input_file id="fl-197">
         <path>c:\ti\ccsv6\tools\compiler\arm_5.1.5\lib\</path>
         <kind>archive</kind>
         <file>rtsv7M4_T_le_v4SPD16_eabi.lib</file>
         <name>copy_decompress_rle.obj</name>
      </input_file>
      <input_file id="fl-198">
         <path>c:\ti\ccsv6\tools\compiler\arm_5.1.5\lib\</path>
         <kind>archive</kind>
         <file>rtsv7M4_T_le_v4SPD16_eabi.lib</file>
         <name>copy_zero_init.obj</name>
      </input_file>
   </input_file_list>
   <object_component_list>
      <object_component id="oc-1ce">
         <name>.text</name>
         <load_address>0x20004000</load_address>
         <run_address>0x20004000</run_address>
         <size>0x1d7c</size>
         <input_file_ref idref="fl-18e"/>
      </object_component>
      <object_component id="oc-288">
         <name>.text</name>
         <load_address>0x20005d7c</load_address>
         <run_address>0x20005d7c</run_address>
         <size>0xf0a</size>
         <input_file_ref idref="fl-163"/>
      </object_component>
      <object_component id="oc-155">
         <name>.text</name>
         <load_address>0x20006c86</load_address>
         <run_address>0x20006c86</run_address>
         <size>0x2</size>
         <input_file_ref idref="fl-162"/>
      </object_component>
      <object_component id="oc-126">
         <name>.text</name>
         <load_address>0x20006c88</load_address>
         <run_address>0x20006c88</run_address>
         <size>0xd88</size>
         <input_file_ref idref="fl-18b"/>
      </object_component>
      <object_component id="oc-2e9">
         <name>.text</name>
         <load_address>0x20007a10</load_address>
         <run_address>0x20007a10</run_address>
         <size>0xab4</size>
         <input_file_ref idref="fl-18d"/>
      </object_component>
      <object_component id="oc-190">
         <name>.text</name>
         <load_address>0x200084c4</load_address>
         <run_address>0x200084c4</run_address>
         <size>0xa5c</size>
         <input_file_ref idref="fl-18a"/>
      </object_component>
      <object_component id="oc-11c">
         <name>.text</name>
         <load_address>0x20008f20</load_address>
         <run_address>0x20008f20</run_address>
         <size>0x98c</size>
         <input_file_ref idref="fl-182"/>
      </object_component>
      <object_component id="oc-10d">
         <name>.text</name>
         <load_address>0x200098ac</load_address>
         <run_address>0x200098ac</run_address>
         <size>0x7c0</size>
         <input_file_ref idref="fl-7"/>
      </object_component>
      <object_component id="oc-3c9">
         <name>.text</name>
         <load_address>0x2000a06c</load_address>
         <run_address>0x2000a06c</run_address>
         <size>0x79c</size>
         <input_file_ref idref="fl-194"/>
      </object_component>
      <object_component id="oc-201">
         <name>.text</name>
         <load_address>0x2000a808</load_address>
         <run_address>0x2000a808</run_address>
         <size>0x67a</size>
         <input_file_ref idref="fl-185"/>
      </object_component>
      <object_component id="oc-293">
         <name>.text</name>
         <load_address>0x2000ae84</load_address>
         <run_address>0x2000ae84</run_address>
         <size>0x668</size>
         <input_file_ref idref="fl-190"/>
      </object_component>
      <object_component id="oc-121">
         <name>.text</name>
         <load_address>0x2000b4ec</load_address>
         <run_address>0x2000b4ec</run_address>
         <size>0x650</size>
         <input_file_ref idref="fl-189"/>
      </object_component>
      <object_component id="oc-146">
         <name>.text</name>
         <load_address>0x2000bb3c</load_address>
         <run_address>0x2000bb3c</run_address>
         <size>0x538</size>
         <input_file_ref idref="fl-17e"/>
      </object_component>
      <object_component id="oc-5c">
         <name>.text</name>
         <load_address>0x2000c074</load_address>
         <run_address>0x2000c074</run_address>
         <size>0x500</size>
         <input_file_ref idref="fl-8"/>
      </object_component>
      <object_component id="oc-18b">
         <name>.text</name>
         <load_address>0x2000c574</load_address>
         <run_address>0x2000c574</run_address>
         <size>0x500</size>
         <input_file_ref idref="fl-18f"/>
      </object_component>
      <object_component id="oc-3d5">
         <name>.text</name>
         <load_address>0x2000ca74</load_address>
         <run_address>0x2000ca74</run_address>
         <size>0x4a4</size>
         <input_file_ref idref="fl-193"/>
      </object_component>
      <object_component id="oc-170">
         <name>.text</name>
         <load_address>0x2000cf18</load_address>
         <run_address>0x2000cf18</run_address>
         <size>0x48c</size>
         <input_file_ref idref="fl-180"/>
      </object_component>
      <object_component id="oc-fe">
         <name>.text</name>
         <load_address>0x2000d3a4</load_address>
         <run_address>0x2000d3a4</run_address>
         <size>0x39c</size>
         <input_file_ref idref="fl-181"/>
      </object_component>
      <object_component id="oc-137">
         <name>.text</name>
         <load_address>0x2000d740</load_address>
         <run_address>0x2000d740</run_address>
         <size>0x370</size>
         <input_file_ref idref="fl-184"/>
      </object_component>
      <object_component id="oc-f4">
         <name>.text</name>
         <load_address>0x2000dab0</load_address>
         <run_address>0x2000dab0</run_address>
         <size>0x334</size>
         <input_file_ref idref="fl-186"/>
      </object_component>
      <object_component id="oc-1b4">
         <name>.text</name>
         <load_address>0x2000dde4</load_address>
         <run_address>0x2000dde4</run_address>
         <size>0x300</size>
         <input_file_ref idref="fl-187"/>
      </object_component>
      <object_component id="oc-175">
         <name>.text</name>
         <load_address>0x2000e0e4</load_address>
         <run_address>0x2000e0e4</run_address>
         <size>0x2c0</size>
         <input_file_ref idref="fl-152"/>
      </object_component>
      <object_component id="oc-1fb">
         <name>.text</name>
         <load_address>0x2000e3a4</load_address>
         <run_address>0x2000e3a4</run_address>
         <size>0x284</size>
         <input_file_ref idref="fl-183"/>
      </object_component>
      <object_component id="oc-1ac">
         <name>.text</name>
         <load_address>0x2000e628</load_address>
         <run_address>0x2000e628</run_address>
         <size>0x1f4</size>
         <input_file_ref idref="fl-176"/>
      </object_component>
      <object_component id="oc-12b">
         <name>.text</name>
         <load_address>0x2000e81c</load_address>
         <run_address>0x2000e81c</run_address>
         <size>0x1b8</size>
         <input_file_ref idref="fl-15"/>
      </object_component>
      <object_component id="oc-3ba">
         <name>.text</name>
         <load_address>0x2000e9d4</load_address>
         <run_address>0x2000e9d4</run_address>
         <size>0x1b6</size>
         <input_file_ref idref="fl-14b"/>
      </object_component>
      <object_component id="oc-1e8">
         <name>.text</name>
         <load_address>0x2000eb8c</load_address>
         <run_address>0x2000eb8c</run_address>
         <size>0x148</size>
         <input_file_ref idref="fl-12"/>
      </object_component>
      <object_component id="oc-103">
         <name>.text</name>
         <load_address>0x2000ecd4</load_address>
         <run_address>0x2000ecd4</run_address>
         <size>0x13c</size>
         <input_file_ref idref="fl-a"/>
      </object_component>
      <object_component id="oc-3a5">
         <name>.text</name>
         <load_address>0x2000ee10</load_address>
         <run_address>0x2000ee10</run_address>
         <size>0x136</size>
         <input_file_ref idref="fl-14c"/>
      </object_component>
      <object_component id="oc-f9">
         <name>.text</name>
         <load_address>0x2000ef48</load_address>
         <run_address>0x2000ef48</run_address>
         <size>0x11c</size>
         <input_file_ref idref="fl-2"/>
      </object_component>
      <object_component id="oc-195">
         <name>.text</name>
         <load_address>0x2000f064</load_address>
         <run_address>0x2000f064</run_address>
         <size>0x100</size>
         <input_file_ref idref="fl-18c"/>
      </object_component>
      <object_component id="oc-3a1">
         <name>.text</name>
         <load_address>0x2000f164</load_address>
         <run_address>0x2000f164</run_address>
         <size>0xfc</size>
         <input_file_ref idref="fl-14d"/>
      </object_component>
      <object_component id="oc-13c">
         <name>.text</name>
         <load_address>0x2000f260</load_address>
         <run_address>0x2000f260</run_address>
         <size>0xa4</size>
         <input_file_ref idref="fl-6"/>
      </object_component>
      <object_component id="oc-130">
         <name>.text</name>
         <load_address>0x2000f304</load_address>
         <run_address>0x2000f304</run_address>
         <size>0x9c</size>
         <input_file_ref idref="fl-11"/>
      </object_component>
      <object_component id="oc-35">
         <name>.text</name>
         <load_address>0x2000f3a0</load_address>
         <run_address>0x2000f3a0</run_address>
         <size>0x9c</size>
         <input_file_ref idref="fl-151"/>
      </object_component>
      <object_component id="oc-24">
         <name>.text</name>
         <load_address>0x2000f43c</load_address>
         <run_address>0x2000f43c</run_address>
         <size>0x94</size>
         <input_file_ref idref="fl-166"/>
      </object_component>
      <object_component id="oc-108">
         <name>.text</name>
         <load_address>0x2000f4d0</load_address>
         <run_address>0x2000f4d0</run_address>
         <size>0x88</size>
         <input_file_ref idref="fl-4"/>
      </object_component>
      <object_component id="oc-39d">
         <name>.text:__aeabi_cdcmple</name>
         <load_address>0x2000f558</load_address>
         <run_address>0x2000f558</run_address>
         <size>0x86</size>
         <input_file_ref idref="fl-16a"/>
      </object_component>
      <object_component id="oc-3a9">
         <name>.text:__aeabi_cdrcmple</name>
         <load_address>0x2000f5de</load_address>
         <run_address>0x2000f5de</run_address>
         <size>0x86</size>
         <input_file_ref idref="fl-16a"/>
      </object_component>
      <object_component id="oc-17a">
         <name>.text</name>
         <load_address>0x2000f664</load_address>
         <run_address>0x2000f664</run_address>
         <size>0x80</size>
         <input_file_ref idref="fl-15c"/>
      </object_component>
      <object_component id="oc-187">
         <name>.text</name>
         <load_address>0x2000f6e4</load_address>
         <run_address>0x2000f6e4</run_address>
         <size>0x78</size>
         <input_file_ref idref="fl-153"/>
      </object_component>
      <object_component id="oc-2e0">
         <name>.text</name>
         <load_address>0x2000f75c</load_address>
         <run_address>0x2000f75c</run_address>
         <size>0x68</size>
         <input_file_ref idref="fl-191"/>
      </object_component>
      <object_component id="oc-2c0">
         <name>.text</name>
         <load_address>0x2000f7c4</load_address>
         <run_address>0x2000f7c4</run_address>
         <size>0x60</size>
         <input_file_ref idref="fl-15b"/>
      </object_component>
      <object_component id="oc-1b9">
         <name>.text</name>
         <load_address>0x2000f824</load_address>
         <run_address>0x2000f824</run_address>
         <size>0x5e</size>
         <input_file_ref idref="fl-188"/>
      </object_component>
      <object_component id="oc-47">
         <name>.text</name>
         <load_address>0x2000f882</load_address>
         <run_address>0x2000f882</run_address>
         <size>0x5e</size>
         <input_file_ref idref="fl-197"/>
      </object_component>
      <object_component id="oc-3b1">
         <name>.text</name>
         <load_address>0x2000f8e0</load_address>
         <run_address>0x2000f8e0</run_address>
         <size>0x5a</size>
         <input_file_ref idref="fl-16f"/>
      </object_component>
      <object_component id="oc-394">
         <name>.text</name>
         <load_address>0x2000f93c</load_address>
         <run_address>0x2000f93c</run_address>
         <size>0x4c</size>
         <input_file_ref idref="fl-165"/>
      </object_component>
      <object_component id="oc-e">
         <name>.text</name>
         <load_address>0x2000f988</load_address>
         <run_address>0x2000f988</run_address>
         <size>0x48</size>
         <input_file_ref idref="fl-146"/>
      </object_component>
      <object_component id="oc-3ad">
         <name>.text</name>
         <load_address>0x2000f9d0</load_address>
         <run_address>0x2000f9d0</run_address>
         <size>0x48</size>
         <input_file_ref idref="fl-16b"/>
      </object_component>
      <object_component id="oc-56">
         <name>.text</name>
         <load_address>0x2000fa18</load_address>
         <run_address>0x2000fa18</run_address>
         <size>0x44</size>
         <input_file_ref idref="fl-167"/>
      </object_component>
      <object_component id="oc-2d">
         <name>.text</name>
         <load_address>0x2000fa5c</load_address>
         <run_address>0x2000fa5c</run_address>
         <size>0x44</size>
         <input_file_ref idref="fl-14a"/>
      </object_component>
      <object_component id="oc-41c">
         <name>.text</name>
         <load_address>0x2000faa0</load_address>
         <run_address>0x2000faa0</run_address>
         <size>0x44</size>
         <input_file_ref idref="fl-17a"/>
      </object_component>
      <object_component id="oc-1a5">
         <name>.text</name>
         <load_address>0x2000fae4</load_address>
         <run_address>0x2000fae4</run_address>
         <size>0x40</size>
         <input_file_ref idref="fl-15a"/>
      </object_component>
      <object_component id="oc-19f">
         <name>.text</name>
         <load_address>0x2000fb24</load_address>
         <run_address>0x2000fb24</run_address>
         <size>0x3c</size>
         <input_file_ref idref="fl-158"/>
      </object_component>
      <object_component id="oc-3b6">
         <name>.text</name>
         <load_address>0x2000fb60</load_address>
         <run_address>0x2000fb60</run_address>
         <size>0x2e</size>
         <input_file_ref idref="fl-14f"/>
      </object_component>
      <object_component id="oc-2b3">
         <name>.text</name>
         <load_address>0x2000fb8e</load_address>
         <run_address>0x2000fb8e</run_address>
         <size>0x2a</size>
         <input_file_ref idref="fl-175"/>
      </object_component>
      <object_component id="oc-141">
         <name>.text</name>
         <load_address>0x2000fbb8</load_address>
         <run_address>0x2000fbb8</run_address>
         <size>0x24</size>
         <input_file_ref idref="fl-9"/>
      </object_component>
      <object_component id="oc-2b8">
         <name>.text</name>
         <load_address>0x2000fbdc</load_address>
         <run_address>0x2000fbdc</run_address>
         <size>0x22</size>
         <input_file_ref idref="fl-174"/>
      </object_component>
      <object_component id="oc-1b0">
         <name>.text</name>
         <load_address>0x2000fbfe</load_address>
         <run_address>0x2000fbfe</run_address>
         <size>0x1e</size>
         <input_file_ref idref="fl-192"/>
      </object_component>
      <object_component id="oc-28">
         <name>.text</name>
         <load_address>0x2000fc1c</load_address>
         <run_address>0x2000fc1c</run_address>
         <size>0x18</size>
         <input_file_ref idref="fl-164"/>
      </object_component>
      <object_component id="oc-399">
         <name>.text</name>
         <load_address>0x2000fc34</load_address>
         <run_address>0x2000fc34</run_address>
         <size>0x18</size>
         <input_file_ref idref="fl-16d"/>
      </object_component>
      <object_component id="oc-3c3">
         <name>.text</name>
         <load_address>0x2000fc4c</load_address>
         <run_address>0x2000fc4c</run_address>
         <size>0x18</size>
         <input_file_ref idref="fl-170"/>
      </object_component>
      <object_component id="oc-117">
         <name>.text</name>
         <load_address>0x2000fc64</load_address>
         <run_address>0x2000fc64</run_address>
         <size>0x14</size>
         <input_file_ref idref="fl-156"/>
      </object_component>
      <object_component id="oc-17">
         <name>.text:decompress:ZI</name>
         <load_address>0x2000fc78</load_address>
         <run_address>0x2000fc78</run_address>
         <size>0x12</size>
         <input_file_ref idref="fl-198"/>
      </object_component>
      <object_component id="oc-3be">
         <name>.text</name>
         <load_address>0x2000fc8a</load_address>
         <run_address>0x2000fc8a</run_address>
         <size>0x12</size>
         <input_file_ref idref="fl-177"/>
      </object_component>
      <object_component id="oc-12">
         <name>.text:decompress:none</name>
         <load_address>0x2000fc9c</load_address>
         <run_address>0x2000fc9c</run_address>
         <size>0xe</size>
         <input_file_ref idref="fl-196"/>
      </object_component>
      <object_component id="oc-112">
         <name>.text</name>
         <load_address>0x2000fcaa</load_address>
         <run_address>0x2000fcaa</run_address>
         <size>0xe</size>
         <input_file_ref idref="fl-159"/>
      </object_component>
      <object_component id="oc-19e">
         <name>.text:UtilsDelay</name>
         <load_address>0x2000fcb8</load_address>
         <run_address>0x2000fcb8</run_address>
         <size>0x6</size>
         <input_file_ref idref="fl-17f"/>
      </object_component>
      <object_component id="oc-1c">
         <name>.text:decompress:rle24</name>
         <load_address>0x2000fcbe</load_address>
         <run_address>0x2000fcbe</run_address>
         <size>0x6</size>
         <input_file_ref idref="fl-197"/>
      </object_component>
      <object_component id="oc-410">
         <name>.const:.string:_ctypes_</name>
         <load_address>0x2000fcc4</load_address>
         <run_address>0x2000fcc4</run_address>
         <size>0x101</size>
         <input_file_ref idref="fl-168"/>
      </object_component>
      <object_component id="oc-318">
         <name>.const:g_ulPinToPadMap</name>
         <load_address>0x2000fdc8</load_address>
         <run_address>0x2000fdc8</run_address>
         <size>0x100</size>
         <input_file_ref idref="fl-183"/>
      </object_component>
      <object_component id="oc-1f7">
         <name>.const:g_pulRegs</name>
         <load_address>0x2000fec8</load_address>
         <run_address>0x2000fec8</run_address>
         <size>0xd4</size>
         <input_file_ref idref="fl-184"/>
      </object_component>
      <object_component id="oc-2a1">
         <name>.const:$P$T0$1</name>
         <load_address>0x2000ff9c</load_address>
         <run_address>0x2000ff9c</run_address>
         <size>0xb0</size>
         <input_file_ref idref="fl-18a"/>
      </object_component>
      <object_component id="oc-1be">
         <name>.const:PRCM_PeriphRegsList</name>
         <load_address>0x2001004c</load_address>
         <run_address>0x2001004c</run_address>
         <size>0xa0</size>
         <input_file_ref idref="fl-182"/>
      </object_component>
      <object_component id="oc-1f5">
         <name>.const</name>
         <load_address>0x200100ec</load_address>
         <run_address>0x200100ec</run_address>
         <size>0x80</size>
         <input_file_ref idref="fl-184"/>
      </object_component>
      <object_component id="oc-14b">
         <name>.const</name>
         <load_address>0x2001016c</load_address>
         <run_address>0x2001016c</run_address>
         <size>0x64</size>
         <input_file_ref idref="fl-8"/>
      </object_component>
      <object_component id="oc-19c">
         <name>.const</name>
         <load_address>0x200101d0</load_address>
         <run_address>0x200101d0</run_address>
         <size>0x48</size>
         <input_file_ref idref="fl-7"/>
      </object_component>
      <object_component id="oc-2cb">
         <name>.const:g_pulFMPPERegs</name>
         <load_address>0x20010218</load_address>
         <run_address>0x20010218</run_address>
         <size>0x40</size>
         <input_file_ref idref="fl-187"/>
      </object_component>
      <object_component id="oc-2c9">
         <name>.const:g_pulFMPRERegs</name>
         <load_address>0x20010258</load_address>
         <run_address>0x20010258</run_address>
         <size>0x40</size>
         <input_file_ref idref="fl-187"/>
      </object_component>
      <object_component id="oc-2a3">
         <name>.const</name>
         <load_address>0x20010298</load_address>
         <run_address>0x20010298</run_address>
         <size>0x3c</size>
         <input_file_ref idref="fl-18a"/>
      </object_component>
      <object_component id="oc-2ee">
         <name>.const:_SlActionLookupTable</name>
         <load_address>0x200102d4</load_address>
         <run_address>0x200102d4</run_address>
         <size>0x38</size>
         <input_file_ref idref="fl-18e"/>
      </object_component>
      <object_component id="oc-1d3">
         <name>.const</name>
         <load_address>0x2001030c</load_address>
         <run_address>0x2001030c</run_address>
         <size>0x34</size>
         <input_file_ref idref="fl-18b"/>
      </object_component>
      <object_component id="oc-3fb">
         <name>.const</name>
         <load_address>0x20010340</load_address>
         <run_address>0x20010340</run_address>
         <size>0x28</size>
         <input_file_ref idref="fl-18d"/>
      </object_component>
      <object_component id="oc-423">
         <name>.const:g_ppulSPIIntMap</name>
         <load_address>0x20010368</load_address>
         <run_address>0x20010368</run_address>
         <size>0x24</size>
         <input_file_ref idref="fl-194"/>
      </object_component>
      <object_component id="oc-425">
         <name>.const</name>
         <load_address>0x2001038c</load_address>
         <run_address>0x2001038c</run_address>
         <size>0x18</size>
         <input_file_ref idref="fl-194"/>
      </object_component>
      <object_component id="oc-1ed">
         <name>.const</name>
         <load_address>0x200103a4</load_address>
         <run_address>0x200103a4</run_address>
         <size>0x14</size>
         <input_file_ref idref="fl-15"/>
      </object_component>
      <object_component id="oc-298">
         <name>.const</name>
         <load_address>0x200103b8</load_address>
         <run_address>0x200103b8</run_address>
         <size>0x14</size>
         <input_file_ref idref="fl-18f"/>
      </object_component>
      <object_component id="oc-2e7">
         <name>.const</name>
         <load_address>0x200103cc</load_address>
         <run_address>0x200103cc</run_address>
         <size>0x14</size>
         <input_file_ref idref="fl-18e"/>
      </object_component>
      <object_component id="oc-281">
         <name>.const</name>
         <load_address>0x200103e0</load_address>
         <run_address>0x200103e0</run_address>
         <size>0x10</size>
         <input_file_ref idref="fl-180"/>
      </object_component>
      <object_component id="oc-31c">
         <name>.const</name>
         <load_address>0x200103f0</load_address>
         <run_address>0x200103f0</run_address>
         <size>0xc</size>
         <input_file_ref idref="fl-185"/>
      </object_component>
      <object_component id="oc-1f0">
         <name>.const</name>
         <load_address>0x200103fc</load_address>
         <run_address>0x200103fc</run_address>
         <size>0x8</size>
         <input_file_ref idref="fl-11"/>
      </object_component>
      <object_component id="oc-2a6">
         <name>.const</name>
         <load_address>0x20010404</load_address>
         <run_address>0x20010404</run_address>
         <size>0x8</size>
         <input_file_ref idref="fl-18c"/>
      </object_component>
      <object_component id="oc-465">
         <name>.cinit..data.load</name>
         <load_address>0x20010410</load_address>
         <run_address>0x20010410</run_address>
         <size>0x97</size>
      </object_component>
      <object_component id="oc-463">
         <name>__TI_handler_table</name>
         <load_address>0x200104a8</load_address>
         <run_address>0x200104a8</run_address>
         <size>0xc</size>
      </object_component>
      <object_component id="oc-466">
         <name>.cinit..bss.load</name>
         <load_address>0x200104b8</load_address>
         <run_address>0x200104b8</run_address>
         <size>0x8</size>
      </object_component>
      <object_component id="oc-464">
         <name>__TI_cinit_table</name>
         <load_address>0x200104c0</load_address>
         <run_address>0x200104c0</run_address>
         <size>0x10</size>
      </object_component>
      <object_component id="oc-32">
         <name>.data</name>
         <load_address>0x20021514</load_address>
         <run_address>0x20021514</run_address>
         <size>0x4</size>
         <input_file_ref idref="fl-155"/>
      </object_component>
      <object_component id="oc-68">
         <name>.data</name>
         <load_address>0x200214fc</load_address>
         <run_address>0x200214fc</run_address>
         <size>0x8</size>
         <input_file_ref idref="fl-162"/>
      </object_component>
      <object_component id="oc-6a">
         <name>.data</name>
         <load_address>0x20021504</load_address>
         <run_address>0x20021504</run_address>
         <size>0x8</size>
         <input_file_ref idref="fl-14a"/>
      </object_component>
      <object_component id="oc-135">
         <name>.data</name>
         <load_address>0x20021308</load_address>
         <run_address>0x20021308</run_address>
         <size>0x180</size>
         <input_file_ref idref="fl-8"/>
      </object_component>
      <object_component id="oc-183">
         <name>.data</name>
         <load_address>0x200214c0</load_address>
         <run_address>0x200214c0</run_address>
         <size>0x20</size>
         <input_file_ref idref="fl-a"/>
      </object_component>
      <object_component id="oc-19a">
         <name>.data</name>
         <load_address>0x20021488</load_address>
         <run_address>0x20021488</run_address>
         <size>0x38</size>
         <input_file_ref idref="fl-7"/>
      </object_component>
      <object_component id="oc-1d5">
         <name>.data</name>
         <load_address>0x2002150c</load_address>
         <run_address>0x2002150c</run_address>
         <size>0x8</size>
         <input_file_ref idref="fl-18e"/>
      </object_component>
      <object_component id="oc-285">
         <name>.data</name>
         <load_address>0x200214f0</load_address>
         <run_address>0x200214f0</run_address>
         <size>0xc</size>
         <input_file_ref idref="fl-152"/>
      </object_component>
      <object_component id="oc-2bd">
         <name>.data</name>
         <load_address>0x20021518</load_address>
         <run_address>0x20021518</run_address>
         <size>0x4</size>
         <input_file_ref idref="fl-158"/>
      </object_component>
      <object_component id="oc-3d3">
         <name>.data</name>
         <load_address>0x200214e0</load_address>
         <run_address>0x200214e0</run_address>
         <size>0x10</size>
         <input_file_ref idref="fl-190"/>
      </object_component>
      <object_component id="oc-2e5">
         <name>.bss:g_StatMem</name>
         <uninitialized>true</uninitialized>
         <run_address>0x20021000</run_address>
         <size>0x178</size>
         <input_file_ref idref="fl-18e"/>
      </object_component>
      <object_component id="oc-3d0">
         <name>.bss:g_ucDinDout</name>
         <uninitialized>true</uninitialized>
         <run_address>0x20021298</run_address>
         <size>0x50</size>
         <input_file_ref idref="fl-190"/>
      </object_component>
      <object_component id="oc-3ec">
         <name>.bss:__CIOBUF_</name>
         <uninitialized>true</uninitialized>
         <run_address>0x20021178</run_address>
         <size>0x120</size>
         <input_file_ref idref="fl-15b"/>
      </object_component>
      <object_component id="oc-207">
         <name>.common:simpleLink_mailbox</name>
         <uninitialized>true</uninitialized>
         <run_address>0x20021304</run_address>
         <size>0x4</size>
      </object_component>
      <object_component id="oc-208">
         <name>.common:SimpleLinkSpawnTaskHndl</name>
         <uninitialized>true</uninitialized>
         <run_address>0x200212f4</run_address>
         <size>0x4</size>
      </object_component>
      <object_component id="oc-3da">
         <name>.common:DMAMsgQ</name>
         <uninitialized>true</uninitialized>
         <run_address>0x200212f0</run_address>
         <size>0x4</size>
      </object_component>
      <object_component id="oc-3ce">
         <name>.common:g_cDummy</name>
         <uninitialized>true</uninitialized>
         <run_address>0x20021300</run_address>
         <size>0x4</size>
      </object_component>
      <object_component id="oc-17f">
         <name>.common:__Errorlog$0</name>
         <uninitialized>true</uninitialized>
         <run_address>0x200212f8</run_address>
         <size>0x4</size>
      </object_component>
      <object_component id="oc-30c">
         <name>.common:bufptr$16</name>
         <uninitialized>true</uninitialized>
         <run_address>0x200212fc</run_address>
         <size>0x4</size>
      </object_component>
      <object_component id="oc-2c5">
         <name>.common:parmbuf$31</name>
         <uninitialized>true</uninitialized>
         <run_address>0x200212e8</run_address>
         <size>0x8</size>
      </object_component>
      <object_component id="oc-22">
         <name>.sysmem</name>
         <uninitialized>true</uninitialized>
         <run_address>0x20019000</run_address>
         <size>0x8</size>
         <input_file_ref idref="fl-152"/>
      </object_component>
      <object_component id="oc-468">
         <name>.sysmem</name>
         <uninitialized>true</uninitialized>
         <run_address>0x20019000</run_address>
         <size>0x0</size>
      </object_component>
      <object_component id="oc-21">
         <name>.stack</name>
         <uninitialized>true</uninitialized>
         <run_address>0x2002f800</run_address>
         <size>0x0</size>
         <input_file_ref idref="fl-146"/>
      </object_component>
      <object_component id="oc-467">
         <name>.stack</name>
         <uninitialized>true</uninitialized>
         <run_address>0x2002f800</run_address>
         <size>0x0</size>
      </object_component>
      <object_component id="oc-f">
         <name>.debug_line</name>
         <load_address>0x0</load_address>
         <run_address>0x0</run_address>
         <size>0x4f</size>
         <input_file_ref idref="fl-146"/>
      </object_component>
      <object_component id="oc-14">
         <name>.debug_line</name>
         <load_address>0x4f</load_address>
         <run_address>0x4f</run_address>
         <size>0x55</size>
         <input_file_ref idref="fl-196"/>
      </object_component>
      <object_component id="oc-1b">
         <name>.debug_line</name>
         <load_address>0xa4</load_address>
         <run_address>0xa4</run_address>
         <size>0x4c</size>
         <input_file_ref idref="fl-198"/>
      </object_component>
      <object_component id="oc-1d">
         <name>.debug_line</name>
         <load_address>0xf0</load_address>
         <run_address>0xf0</run_address>
         <size>0x4b</size>
         <input_file_ref idref="fl-197"/>
      </object_component>
      <object_component id="oc-25">
         <name>.debug_line</name>
         <load_address>0x13b</load_address>
         <run_address>0x13b</run_address>
         <size>0x87</size>
         <input_file_ref idref="fl-166"/>
      </object_component>
      <object_component id="oc-2a">
         <name>.debug_line</name>
         <load_address>0x1c2</load_address>
         <run_address>0x1c2</run_address>
         <size>0x50</size>
         <input_file_ref idref="fl-164"/>
      </object_component>
      <object_component id="oc-30">
         <name>.debug_line</name>
         <load_address>0x212</load_address>
         <run_address>0x212</run_address>
         <size>0x7a</size>
         <input_file_ref idref="fl-14a"/>
      </object_component>
      <object_component id="oc-37">
         <name>.debug_line</name>
         <load_address>0x28c</load_address>
         <run_address>0x28c</run_address>
         <size>0x88</size>
         <input_file_ref idref="fl-151"/>
      </object_component>
      <object_component id="oc-3c">
         <name>.debug_line</name>
         <load_address>0x314</load_address>
         <run_address>0x314</run_address>
         <size>0x3a</size>
         <input_file_ref idref="fl-196"/>
      </object_component>
      <object_component id="oc-43">
         <name>.debug_line</name>
         <load_address>0x34e</load_address>
         <run_address>0x34e</run_address>
         <size>0x34</size>
         <input_file_ref idref="fl-195"/>
      </object_component>
      <object_component id="oc-49">
         <name>.debug_line</name>
         <load_address>0x382</load_address>
         <run_address>0x382</run_address>
         <size>0x8c</size>
         <input_file_ref idref="fl-197"/>
      </object_component>
      <object_component id="oc-50">
         <name>.debug_line</name>
         <load_address>0x40e</load_address>
         <run_address>0x40e</run_address>
         <size>0x39</size>
         <input_file_ref idref="fl-197"/>
      </object_component>
      <object_component id="oc-54">
         <name>.debug_line</name>
         <load_address>0x447</load_address>
         <run_address>0x447</run_address>
         <size>0x2c</size>
         <input_file_ref idref="fl-195"/>
      </object_component>
      <object_component id="oc-58">
         <name>.debug_line</name>
         <load_address>0x473</load_address>
         <run_address>0x473</run_address>
         <size>0x6d</size>
         <input_file_ref idref="fl-167"/>
      </object_component>
      <object_component id="oc-60">
         <name>.debug_line</name>
         <load_address>0x4e0</load_address>
         <run_address>0x4e0</run_address>
         <size>0x308</size>
         <input_file_ref idref="fl-195"/>
      </object_component>
      <object_component id="oc-64">
         <name>.debug_line</name>
         <load_address>0x7e8</load_address>
         <run_address>0x7e8</run_address>
         <size>0x20</size>
         <input_file_ref idref="fl-14a"/>
      </object_component>
      <object_component id="oc-6f">
         <name>.debug_line</name>
         <load_address>0x808</load_address>
         <run_address>0x808</run_address>
         <size>0x33</size>
         <input_file_ref idref="fl-195"/>
      </object_component>
      <object_component id="oc-73">
         <name>.debug_line</name>
         <load_address>0x83b</load_address>
         <run_address>0x83b</run_address>
         <size>0x44</size>
         <input_file_ref idref="fl-196"/>
      </object_component>
      <object_component id="oc-77">
         <name>.debug_line</name>
         <load_address>0x87f</load_address>
         <run_address>0x87f</run_address>
         <size>0x20</size>
         <input_file_ref idref="fl-196"/>
      </object_component>
      <object_component id="oc-7a">
         <name>.debug_line</name>
         <load_address>0x89f</load_address>
         <run_address>0x89f</run_address>
         <size>0x44</size>
         <input_file_ref idref="fl-167"/>
      </object_component>
      <object_component id="oc-7e">
         <name>.debug_line</name>
         <load_address>0x8e3</load_address>
         <run_address>0x8e3</run_address>
         <size>0x20</size>
         <input_file_ref idref="fl-198"/>
      </object_component>
      <object_component id="oc-81">
         <name>.debug_line</name>
         <load_address>0x903</load_address>
         <run_address>0x903</run_address>
         <size>0x20</size>
         <input_file_ref idref="fl-197"/>
      </object_component>
      <object_component id="oc-83">
         <name>.debug_line</name>
         <load_address>0x923</load_address>
         <run_address>0x923</run_address>
         <size>0x40a</size>
         <input_file_ref idref="fl-195"/>
      </object_component>
      <object_component id="oc-86">
         <name>.debug_line</name>
         <load_address>0xd2d</load_address>
         <run_address>0xd2d</run_address>
         <size>0x5a</size>
         <input_file_ref idref="fl-18a"/>
      </object_component>
      <object_component id="oc-8b">
         <name>.debug_line</name>
         <load_address>0xd87</load_address>
         <run_address>0xd87</run_address>
         <size>0x5a</size>
         <input_file_ref idref="fl-18a"/>
      </object_component>
      <object_component id="oc-90">
         <name>.debug_line</name>
         <load_address>0xde1</load_address>
         <run_address>0xde1</run_address>
         <size>0x58</size>
         <input_file_ref idref="fl-195"/>
      </object_component>
      <object_component id="oc-95">
         <name>.debug_line</name>
         <load_address>0xe39</load_address>
         <run_address>0xe39</run_address>
         <size>0x5a</size>
         <input_file_ref idref="fl-18a"/>
      </object_component>
      <object_component id="oc-9a">
         <name>.debug_line</name>
         <load_address>0xe93</load_address>
         <run_address>0xe93</run_address>
         <size>0x5a</size>
         <input_file_ref idref="fl-18a"/>
      </object_component>
      <object_component id="oc-9f">
         <name>.debug_line</name>
         <load_address>0xeed</load_address>
         <run_address>0xeed</run_address>
         <size>0x7e</size>
         <input_file_ref idref="fl-195"/>
      </object_component>
      <object_component id="oc-a4">
         <name>.debug_line</name>
         <load_address>0xf6b</load_address>
         <run_address>0xf6b</run_address>
         <size>0x7f</size>
         <input_file_ref idref="fl-195"/>
      </object_component>
      <object_component id="oc-a9">
         <name>.debug_line</name>
         <load_address>0xfea</load_address>
         <run_address>0xfea</run_address>
         <size>0x44</size>
         <input_file_ref idref="fl-195"/>
      </object_component>
      <object_component id="oc-ae">
         <name>.debug_line</name>
         <load_address>0x102e</load_address>
         <run_address>0x102e</run_address>
         <size>0x58</size>
         <input_file_ref idref="fl-195"/>
      </object_component>
      <object_component id="oc-b3">
         <name>.debug_line</name>
         <load_address>0x1086</load_address>
         <run_address>0x1086</run_address>
         <size>0x42</size>
         <input_file_ref idref="fl-195"/>
      </object_component>
      <object_component id="oc-b8">
         <name>.debug_line</name>
         <load_address>0x10c8</load_address>
         <run_address>0x10c8</run_address>
         <size>0x43</size>
         <input_file_ref idref="fl-17e"/>
      </object_component>
      <object_component id="oc-bd">
         <name>.debug_line</name>
         <load_address>0x110b</load_address>
         <run_address>0x110b</run_address>
         <size>0x44</size>
         <input_file_ref idref="fl-195"/>
      </object_component>
      <object_component id="oc-c2">
         <name>.debug_line</name>
         <load_address>0x114f</load_address>
         <run_address>0x114f</run_address>
         <size>0x63</size>
         <input_file_ref idref="fl-18a"/>
      </object_component>
      <object_component id="oc-c7">
         <name>.debug_line</name>
         <load_address>0x11b2</load_address>
         <run_address>0x11b2</run_address>
         <size>0x5c</size>
         <input_file_ref idref="fl-18a"/>
      </object_component>
      <object_component id="oc-cc">
         <name>.debug_line</name>
         <load_address>0x120e</load_address>
         <run_address>0x120e</run_address>
         <size>0x59</size>
         <input_file_ref idref="fl-195"/>
      </object_component>
      <object_component id="oc-d1">
         <name>.debug_line</name>
         <load_address>0x1267</load_address>
         <run_address>0x1267</run_address>
         <size>0x42</size>
         <input_file_ref idref="fl-195"/>
      </object_component>
      <object_component id="oc-d6">
         <name>.debug_line</name>
         <load_address>0x12a9</load_address>
         <run_address>0x12a9</run_address>
         <size>0x2e</size>
         <input_file_ref idref="fl-195"/>
      </object_component>
      <object_component id="oc-db">
         <name>.debug_line</name>
         <load_address>0x12d7</load_address>
         <run_address>0x12d7</run_address>
         <size>0x59</size>
         <input_file_ref idref="fl-17e"/>
      </object_component>
      <object_component id="oc-e0">
         <name>.debug_line</name>
         <load_address>0x1330</load_address>
         <run_address>0x1330</run_address>
         <size>0x2f</size>
         <input_file_ref idref="fl-195"/>
      </object_component>
      <object_component id="oc-e5">
         <name>.debug_line</name>
         <load_address>0x135f</load_address>
         <run_address>0x135f</run_address>
         <size>0x2c</size>
         <input_file_ref idref="fl-195"/>
      </object_component>
      <object_component id="oc-ea">
         <name>.debug_line</name>
         <load_address>0x138b</load_address>
         <run_address>0x138b</run_address>
         <size>0x5a</size>
         <input_file_ref idref="fl-195"/>
      </object_component>
      <object_component id="oc-ef">
         <name>.debug_line</name>
         <load_address>0x13e5</load_address>
         <run_address>0x13e5</run_address>
         <size>0x4d</size>
         <input_file_ref idref="fl-180"/>
      </object_component>
      <object_component id="oc-f5">
         <name>.debug_line</name>
         <load_address>0x1432</load_address>
         <run_address>0x1432</run_address>
         <size>0x254</size>
         <input_file_ref idref="fl-186"/>
      </object_component>
      <object_component id="oc-fd">
         <name>.debug_line</name>
         <load_address>0x1686</load_address>
         <run_address>0x1686</run_address>
         <size>0x11a</size>
         <input_file_ref idref="fl-195"/>
      </object_component>
      <object_component id="oc-ff">
         <name>.debug_line</name>
         <load_address>0x17a0</load_address>
         <run_address>0x17a0</run_address>
         <size>0x307</size>
         <input_file_ref idref="fl-181"/>
      </object_component>
      <object_component id="oc-107">
         <name>.debug_line</name>
         <load_address>0x1aa7</load_address>
         <run_address>0x1aa7</run_address>
         <size>0xfb</size>
         <input_file_ref idref="fl-195"/>
      </object_component>
      <object_component id="oc-10c">
         <name>.debug_line</name>
         <load_address>0x1ba2</load_address>
         <run_address>0x1ba2</run_address>
         <size>0xd7</size>
         <input_file_ref idref="fl-195"/>
      </object_component>
      <object_component id="oc-111">
         <name>.debug_line</name>
         <load_address>0x1c79</load_address>
         <run_address>0x1c79</run_address>
         <size>0x344</size>
         <input_file_ref idref="fl-195"/>
      </object_component>
      <object_component id="oc-116">
         <name>.debug_line</name>
         <load_address>0x1fbd</load_address>
         <run_address>0x1fbd</run_address>
         <size>0x3f</size>
         <input_file_ref idref="fl-195"/>
      </object_component>
      <object_component id="oc-11b">
         <name>.debug_line</name>
         <load_address>0x1ffc</load_address>
         <run_address>0x1ffc</run_address>
         <size>0x60</size>
         <input_file_ref idref="fl-195"/>
      </object_component>
      <object_component id="oc-120">
         <name>.debug_line</name>
         <load_address>0x205c</load_address>
         <run_address>0x205c</run_address>
         <size>0x654</size>
         <input_file_ref idref="fl-182"/>
      </object_component>
      <object_component id="oc-123">
         <name>.debug_line</name>
         <load_address>0x26b0</load_address>
         <run_address>0x26b0</run_address>
         <size>0x427</size>
         <input_file_ref idref="fl-189"/>
      </object_component>
      <object_component id="oc-129">
         <name>.debug_line</name>
         <load_address>0x2ad7</load_address>
         <run_address>0x2ad7</run_address>
         <size>0x62a</size>
         <input_file_ref idref="fl-18b"/>
      </object_component>
      <object_component id="oc-12f">
         <name>.debug_line</name>
         <load_address>0x3101</load_address>
         <run_address>0x3101</run_address>
         <size>0x11c</size>
         <input_file_ref idref="fl-195"/>
      </object_component>
      <object_component id="oc-134">
         <name>.debug_line</name>
         <load_address>0x321d</load_address>
         <run_address>0x321d</run_address>
         <size>0xb6</size>
         <input_file_ref idref="fl-195"/>
      </object_component>
      <object_component id="oc-138">
         <name>.debug_line</name>
         <load_address>0x32d3</load_address>
         <run_address>0x32d3</run_address>
         <size>0x2c1</size>
         <input_file_ref idref="fl-184"/>
      </object_component>
      <object_component id="oc-140">
         <name>.debug_line</name>
         <load_address>0x3594</load_address>
         <run_address>0x3594</run_address>
         <size>0x88</size>
         <input_file_ref idref="fl-195"/>
      </object_component>
      <object_component id="oc-145">
         <name>.debug_line</name>
         <load_address>0x361c</load_address>
         <run_address>0x361c</run_address>
         <size>0x6f</size>
         <input_file_ref idref="fl-195"/>
      </object_component>
      <object_component id="oc-149">
         <name>.debug_line</name>
         <load_address>0x368b</load_address>
         <run_address>0x368b</run_address>
         <size>0x692</size>
         <input_file_ref idref="fl-17e"/>
      </object_component>
      <object_component id="oc-14f">
         <name>.debug_line</name>
         <load_address>0x3d1d</load_address>
         <run_address>0x3d1d</run_address>
         <size>0x2b</size>
         <input_file_ref idref="fl-164"/>
      </object_component>
      <object_component id="oc-152">
         <name>.debug_line</name>
         <load_address>0x3d48</load_address>
         <run_address>0x3d48</run_address>
         <size>0x2b</size>
         <input_file_ref idref="fl-164"/>
      </object_component>
      <object_component id="oc-159">
         <name>.debug_line</name>
         <load_address>0x3d73</load_address>
         <run_address>0x3d73</run_address>
         <size>0x3a</size>
         <input_file_ref idref="fl-195"/>
      </object_component>
      <object_component id="oc-15b">
         <name>.debug_line</name>
         <load_address>0x3dad</load_address>
         <run_address>0x3dad</run_address>
         <size>0x2b</size>
         <input_file_ref idref="fl-195"/>
      </object_component>
      <object_component id="oc-15d">
         <name>.debug_line</name>
         <load_address>0x3dd8</load_address>
         <run_address>0x3dd8</run_address>
         <size>0x2a</size>
         <input_file_ref idref="fl-14a"/>
      </object_component>
      <object_component id="oc-15f">
         <name>.debug_line</name>
         <load_address>0x3e02</load_address>
         <run_address>0x3e02</run_address>
         <size>0x43</size>
         <input_file_ref idref="fl-14a"/>
      </object_component>
      <object_component id="oc-164">
         <name>.debug_line</name>
         <load_address>0x3e45</load_address>
         <run_address>0x3e45</run_address>
         <size>0x44</size>
         <input_file_ref idref="fl-195"/>
      </object_component>
      <object_component id="oc-168">
         <name>.debug_line</name>
         <load_address>0x3e89</load_address>
         <run_address>0x3e89</run_address>
         <size>0x51</size>
         <input_file_ref idref="fl-167"/>
      </object_component>
      <object_component id="oc-16b">
         <name>.debug_line</name>
         <load_address>0x3eda</load_address>
         <run_address>0x3eda</run_address>
         <size>0x45</size>
         <input_file_ref idref="fl-167"/>
      </object_component>
      <object_component id="oc-171">
         <name>.debug_line</name>
         <load_address>0x3f1f</load_address>
         <run_address>0x3f1f</run_address>
         <size>0x483</size>
         <input_file_ref idref="fl-180"/>
      </object_component>
      <object_component id="oc-179">
         <name>.debug_line</name>
         <load_address>0x43a2</load_address>
         <run_address>0x43a2</run_address>
         <size>0x214</size>
         <input_file_ref idref="fl-195"/>
      </object_component>
      <object_component id="oc-17e">
         <name>.debug_line</name>
         <load_address>0x45b6</load_address>
         <run_address>0x45b6</run_address>
         <size>0xaa</size>
         <input_file_ref idref="fl-195"/>
      </object_component>
      <object_component id="oc-189">
         <name>.debug_line</name>
         <load_address>0x4660</load_address>
         <run_address>0x4660</run_address>
         <size>0x79</size>
         <input_file_ref idref="fl-153"/>
      </object_component>
      <object_component id="oc-18d">
         <name>.debug_line</name>
         <load_address>0x46d9</load_address>
         <run_address>0x46d9</run_address>
         <size>0x25e</size>
         <input_file_ref idref="fl-18f"/>
      </object_component>
      <object_component id="oc-192">
         <name>.debug_line</name>
         <load_address>0x4937</load_address>
         <run_address>0x4937</run_address>
         <size>0x421</size>
         <input_file_ref idref="fl-18a"/>
      </object_component>
      <object_component id="oc-198">
         <name>.debug_line</name>
         <load_address>0x4d58</load_address>
         <run_address>0x4d58</run_address>
         <size>0xc5</size>
         <input_file_ref idref="fl-18c"/>
      </object_component>
      <object_component id="oc-1a3">
         <name>.debug_line</name>
         <load_address>0x4e1d</load_address>
         <run_address>0x4e1d</run_address>
         <size>0x5a</size>
         <input_file_ref idref="fl-195"/>
      </object_component>
      <object_component id="oc-1a9">
         <name>.debug_line</name>
         <load_address>0x4e77</load_address>
         <run_address>0x4e77</run_address>
         <size>0x47</size>
         <input_file_ref idref="fl-195"/>
      </object_component>
      <object_component id="oc-1af">
         <name>.debug_line</name>
         <load_address>0x4ebe</load_address>
         <run_address>0x4ebe</run_address>
         <size>0x118</size>
         <input_file_ref idref="fl-176"/>
      </object_component>
      <object_component id="oc-1b2">
         <name>.debug_line</name>
         <load_address>0x4fd6</load_address>
         <run_address>0x4fd6</run_address>
         <size>0x47</size>
         <input_file_ref idref="fl-192"/>
      </object_component>
      <object_component id="oc-1b8">
         <name>.debug_line</name>
         <load_address>0x501d</load_address>
         <run_address>0x501d</run_address>
         <size>0x263</size>
         <input_file_ref idref="fl-187"/>
      </object_component>
      <object_component id="oc-1ba">
         <name>.debug_line</name>
         <load_address>0x5280</load_address>
         <run_address>0x5280</run_address>
         <size>0xf1</size>
         <input_file_ref idref="fl-188"/>
      </object_component>
      <object_component id="oc-1c5">
         <name>.debug_line</name>
         <load_address>0x5371</load_address>
         <run_address>0x5371</run_address>
         <size>0x59</size>
         <input_file_ref idref="fl-17e"/>
      </object_component>
      <object_component id="oc-1cb">
         <name>.debug_line</name>
         <load_address>0x53ca</load_address>
         <run_address>0x53ca</run_address>
         <size>0x20</size>
         <input_file_ref idref="fl-185"/>
      </object_component>
      <object_component id="oc-1d0">
         <name>.debug_line</name>
         <load_address>0x53ea</load_address>
         <run_address>0x53ea</run_address>
         <size>0x8f5</size>
         <input_file_ref idref="fl-18e"/>
      </object_component>
      <object_component id="oc-1db">
         <name>.debug_line</name>
         <load_address>0x5cdf</load_address>
         <run_address>0x5cdf</run_address>
         <size>0x59</size>
         <input_file_ref idref="fl-18b"/>
      </object_component>
      <object_component id="oc-1e0">
         <name>.debug_line</name>
         <load_address>0x5d38</load_address>
         <run_address>0x5d38</run_address>
         <size>0x59</size>
         <input_file_ref idref="fl-18a"/>
      </object_component>
      <object_component id="oc-1e5">
         <name>.debug_line</name>
         <load_address>0x5d91</load_address>
         <run_address>0x5d91</run_address>
         <size>0x5b</size>
         <input_file_ref idref="fl-18a"/>
      </object_component>
      <object_component id="oc-1ec">
         <name>.debug_line</name>
         <load_address>0x5dec</load_address>
         <run_address>0x5dec</run_address>
         <size>0x170</size>
         <input_file_ref idref="fl-195"/>
      </object_component>
      <object_component id="oc-1f4">
         <name>.debug_line</name>
         <load_address>0x5f5c</load_address>
         <run_address>0x5f5c</run_address>
         <size>0x8a</size>
         <input_file_ref idref="fl-195"/>
      </object_component>
      <object_component id="oc-1fc">
         <name>.debug_line</name>
         <load_address>0x5fe6</load_address>
         <run_address>0x5fe6</run_address>
         <size>0x20c</size>
         <input_file_ref idref="fl-183"/>
      </object_component>
      <object_component id="oc-204">
         <name>.debug_line</name>
         <load_address>0x61f2</load_address>
         <run_address>0x61f2</run_address>
         <size>0x689</size>
         <input_file_ref idref="fl-185"/>
      </object_component>
      <object_component id="oc-20c">
         <name>.debug_line</name>
         <load_address>0x687b</load_address>
         <run_address>0x687b</run_address>
         <size>0x6e</size>
         <input_file_ref idref="fl-17e"/>
      </object_component>
      <object_component id="oc-211">
         <name>.debug_line</name>
         <load_address>0x68e9</load_address>
         <run_address>0x68e9</run_address>
         <size>0x98</size>
         <input_file_ref idref="fl-17e"/>
      </object_component>
      <object_component id="oc-216">
         <name>.debug_line</name>
         <load_address>0x6981</load_address>
         <run_address>0x6981</run_address>
         <size>0x87</size>
         <input_file_ref idref="fl-17e"/>
      </object_component>
      <object_component id="oc-21b">
         <name>.debug_line</name>
         <load_address>0x6a08</load_address>
         <run_address>0x6a08</run_address>
         <size>0x8e</size>
         <input_file_ref idref="fl-17e"/>
      </object_component>
      <object_component id="oc-220">
         <name>.debug_line</name>
         <load_address>0x6a96</load_address>
         <run_address>0x6a96</run_address>
         <size>0x55</size>
         <input_file_ref idref="fl-17e"/>
      </object_component>
      <object_component id="oc-225">
         <name>.debug_line</name>
         <load_address>0x6aeb</load_address>
         <run_address>0x6aeb</run_address>
         <size>0x58</size>
         <input_file_ref idref="fl-17e"/>
      </object_component>
      <object_component id="oc-229">
         <name>.debug_line</name>
         <load_address>0x6b43</load_address>
         <run_address>0x6b43</run_address>
         <size>0x53</size>
         <input_file_ref idref="fl-195"/>
      </object_component>
      <object_component id="oc-22c">
         <name>.debug_line</name>
         <load_address>0x6b96</load_address>
         <run_address>0x6b96</run_address>
         <size>0x92</size>
         <input_file_ref idref="fl-18a"/>
      </object_component>
      <object_component id="oc-22f">
         <name>.debug_line</name>
         <load_address>0x6c28</load_address>
         <run_address>0x6c28</run_address>
         <size>0x58</size>
         <input_file_ref idref="fl-18a"/>
      </object_component>
      <object_component id="oc-234">
         <name>.debug_line</name>
         <load_address>0x6c80</load_address>
         <run_address>0x6c80</run_address>
         <size>0x57</size>
         <input_file_ref idref="fl-18a"/>
      </object_component>
      <object_component id="oc-238">
         <name>.debug_line</name>
         <load_address>0x6cd7</load_address>
         <run_address>0x6cd7</run_address>
         <size>0x33d</size>
         <input_file_ref idref="fl-17e"/>
      </object_component>
      <object_component id="oc-23b">
         <name>.debug_line</name>
         <load_address>0x7014</load_address>
         <run_address>0x7014</run_address>
         <size>0x85</size>
         <input_file_ref idref="fl-17e"/>
      </object_component>
      <object_component id="oc-240">
         <name>.debug_line</name>
         <load_address>0x7099</load_address>
         <run_address>0x7099</run_address>
         <size>0x79</size>
         <input_file_ref idref="fl-17e"/>
      </object_component>
      <object_component id="oc-245">
         <name>.debug_line</name>
         <load_address>0x7112</load_address>
         <run_address>0x7112</run_address>
         <size>0x7e</size>
         <input_file_ref idref="fl-17e"/>
      </object_component>
      <object_component id="oc-24a">
         <name>.debug_line</name>
         <load_address>0x7190</load_address>
         <run_address>0x7190</run_address>
         <size>0x8d</size>
         <input_file_ref idref="fl-17e"/>
      </object_component>
      <object_component id="oc-24f">
         <name>.debug_line</name>
         <load_address>0x721d</load_address>
         <run_address>0x721d</run_address>
         <size>0x8a</size>
         <input_file_ref idref="fl-17e"/>
      </object_component>
      <object_component id="oc-254">
         <name>.debug_line</name>
         <load_address>0x72a7</load_address>
         <run_address>0x72a7</run_address>
         <size>0x87</size>
         <input_file_ref idref="fl-17e"/>
      </object_component>
      <object_component id="oc-259">
         <name>.debug_line</name>
         <load_address>0x732e</load_address>
         <run_address>0x732e</run_address>
         <size>0x60</size>
         <input_file_ref idref="fl-17e"/>
      </object_component>
      <object_component id="oc-25e">
         <name>.debug_line</name>
         <load_address>0x738e</load_address>
         <run_address>0x738e</run_address>
         <size>0x95</size>
         <input_file_ref idref="fl-17e"/>
      </object_component>
      <object_component id="oc-263">
         <name>.debug_line</name>
         <load_address>0x7423</load_address>
         <run_address>0x7423</run_address>
         <size>0x5f</size>
         <input_file_ref idref="fl-17e"/>
      </object_component>
      <object_component id="oc-268">
         <name>.debug_line</name>
         <load_address>0x7482</load_address>
         <run_address>0x7482</run_address>
         <size>0x69</size>
         <input_file_ref idref="fl-17e"/>
      </object_component>
      <object_component id="oc-26d">
         <name>.debug_line</name>
         <load_address>0x74eb</load_address>
         <run_address>0x74eb</run_address>
         <size>0x5e</size>
         <input_file_ref idref="fl-17e"/>
      </object_component>
      <object_component id="oc-272">
         <name>.debug_line</name>
         <load_address>0x7549</load_address>
         <run_address>0x7549</run_address>
         <size>0x5f</size>
         <input_file_ref idref="fl-17e"/>
      </object_component>
      <object_component id="oc-277">
         <name>.debug_line</name>
         <load_address>0x75a8</load_address>
         <run_address>0x75a8</run_address>
         <size>0x7f</size>
         <input_file_ref idref="fl-17e"/>
      </object_component>
      <object_component id="oc-27c">
         <name>.debug_line</name>
         <load_address>0x7627</load_address>
         <run_address>0x7627</run_address>
         <size>0x7a</size>
         <input_file_ref idref="fl-17e"/>
      </object_component>
      <object_component id="oc-280">
         <name>.debug_line</name>
         <load_address>0x76a1</load_address>
         <run_address>0x76a1</run_address>
         <size>0x54</size>
         <input_file_ref idref="fl-186"/>
      </object_component>
      <object_component id="oc-28c">
         <name>.debug_line</name>
         <load_address>0x76f5</load_address>
         <run_address>0x76f5</run_address>
         <size>0x93c</size>
         <input_file_ref idref="fl-195"/>
      </object_component>
      <object_component id="oc-28f">
         <name>.debug_line</name>
         <load_address>0x8031</load_address>
         <run_address>0x8031</run_address>
         <size>0x54</size>
         <input_file_ref idref="fl-181"/>
      </object_component>
      <object_component id="oc-291">
         <name>.debug_line</name>
         <load_address>0x8085</load_address>
         <run_address>0x8085</run_address>
         <size>0x57</size>
         <input_file_ref idref="fl-195"/>
      </object_component>
      <object_component id="oc-295">
         <name>.debug_line</name>
         <load_address>0x80dc</load_address>
         <run_address>0x80dc</run_address>
         <size>0x35b</size>
         <input_file_ref idref="fl-190"/>
      </object_component>
      <object_component id="oc-29e">
         <name>.debug_line</name>
         <load_address>0x8437</load_address>
         <run_address>0x8437</run_address>
         <size>0x59</size>
         <input_file_ref idref="fl-18f"/>
      </object_component>
      <object_component id="oc-2ac">
         <name>.debug_line</name>
         <load_address>0x8490</load_address>
         <run_address>0x8490</run_address>
         <size>0x59</size>
         <input_file_ref idref="fl-18c"/>
      </object_component>
      <object_component id="oc-2b0">
         <name>.debug_line</name>
         <load_address>0x84e9</load_address>
         <run_address>0x84e9</run_address>
         <size>0x5a</size>
         <input_file_ref idref="fl-195"/>
      </object_component>
      <object_component id="oc-2b2">
         <name>.debug_line</name>
         <load_address>0x8543</load_address>
         <run_address>0x8543</run_address>
         <size>0x5a</size>
         <input_file_ref idref="fl-195"/>
      </object_component>
      <object_component id="oc-2b7">
         <name>.debug_line</name>
         <load_address>0x859d</load_address>
         <run_address>0x859d</run_address>
         <size>0x56</size>
         <input_file_ref idref="fl-195"/>
      </object_component>
      <object_component id="oc-2bc">
         <name>.debug_line</name>
         <load_address>0x85f3</load_address>
         <run_address>0x85f3</run_address>
         <size>0x51</size>
         <input_file_ref idref="fl-195"/>
      </object_component>
      <object_component id="oc-2c1">
         <name>.debug_line</name>
         <load_address>0x8644</load_address>
         <run_address>0x8644</run_address>
         <size>0x97</size>
         <input_file_ref idref="fl-15b"/>
      </object_component>
      <object_component id="oc-2d1">
         <name>.debug_line</name>
         <load_address>0x86db</load_address>
         <run_address>0x86db</run_address>
         <size>0x50</size>
         <input_file_ref idref="fl-182"/>
      </object_component>
      <object_component id="oc-2d6">
         <name>.debug_line</name>
         <load_address>0x872b</load_address>
         <run_address>0x872b</run_address>
         <size>0x4f</size>
         <input_file_ref idref="fl-182"/>
      </object_component>
      <object_component id="oc-2d8">
         <name>.debug_line</name>
         <load_address>0x877a</load_address>
         <run_address>0x877a</run_address>
         <size>0xb2</size>
         <input_file_ref idref="fl-182"/>
      </object_component>
      <object_component id="oc-2db">
         <name>.debug_line</name>
         <load_address>0x882c</load_address>
         <run_address>0x882c</run_address>
         <size>0x4f</size>
         <input_file_ref idref="fl-182"/>
      </object_component>
      <object_component id="oc-2df">
         <name>.debug_line</name>
         <load_address>0x887b</load_address>
         <run_address>0x887b</run_address>
         <size>0x54</size>
         <input_file_ref idref="fl-189"/>
      </object_component>
      <object_component id="oc-2e2">
         <name>.debug_line</name>
         <load_address>0x88cf</load_address>
         <run_address>0x88cf</run_address>
         <size>0x8a</size>
         <input_file_ref idref="fl-191"/>
      </object_component>
      <object_component id="oc-2eb">
         <name>.debug_line</name>
         <load_address>0x8959</load_address>
         <run_address>0x8959</run_address>
         <size>0x49f</size>
         <input_file_ref idref="fl-18d"/>
      </object_component>
      <object_component id="oc-2f4">
         <name>.debug_line</name>
         <load_address>0x8df8</load_address>
         <run_address>0x8df8</run_address>
         <size>0x59</size>
         <input_file_ref idref="fl-18e"/>
      </object_component>
      <object_component id="oc-2f8">
         <name>.debug_line</name>
         <load_address>0x8e51</load_address>
         <run_address>0x8e51</run_address>
         <size>0x59</size>
         <input_file_ref idref="fl-18b"/>
      </object_component>
      <object_component id="oc-2fa">
         <name>.debug_line</name>
         <load_address>0x8eaa</load_address>
         <run_address>0x8eaa</run_address>
         <size>0x59</size>
         <input_file_ref idref="fl-18e"/>
      </object_component>
      <object_component id="oc-2fc">
         <name>.debug_line</name>
         <load_address>0x8f03</load_address>
         <run_address>0x8f03</run_address>
         <size>0xbc</size>
         <input_file_ref idref="fl-18b"/>
      </object_component>
      <object_component id="oc-2ff">
         <name>.debug_line</name>
         <load_address>0x8fbf</load_address>
         <run_address>0x8fbf</run_address>
         <size>0x5b</size>
         <input_file_ref idref="fl-18a"/>
      </object_component>
      <object_component id="oc-304">
         <name>.debug_line</name>
         <load_address>0x901a</load_address>
         <run_address>0x901a</run_address>
         <size>0x5e</size>
         <input_file_ref idref="fl-18a"/>
      </object_component>
      <object_component id="oc-309">
         <name>.debug_line</name>
         <load_address>0x9078</load_address>
         <run_address>0x9078</run_address>
         <size>0x5d</size>
         <input_file_ref idref="fl-18a"/>
      </object_component>
      <object_component id="oc-30f">
         <name>.debug_line</name>
         <load_address>0x90d5</load_address>
         <run_address>0x90d5</run_address>
         <size>0x61</size>
         <input_file_ref idref="fl-195"/>
      </object_component>
      <object_component id="oc-311">
         <name>.debug_line</name>
         <load_address>0x9136</load_address>
         <run_address>0x9136</run_address>
         <size>0x64</size>
         <input_file_ref idref="fl-195"/>
      </object_component>
      <object_component id="oc-313">
         <name>.debug_line</name>
         <load_address>0x919a</load_address>
         <run_address>0x919a</run_address>
         <size>0x54</size>
         <input_file_ref idref="fl-184"/>
      </object_component>
      <object_component id="oc-315">
         <name>.debug_line</name>
         <load_address>0x91ee</load_address>
         <run_address>0x91ee</run_address>
         <size>0x54</size>
         <input_file_ref idref="fl-184"/>
      </object_component>
      <object_component id="oc-317">
         <name>.debug_line</name>
         <load_address>0x9242</load_address>
         <run_address>0x9242</run_address>
         <size>0x4e</size>
         <input_file_ref idref="fl-184"/>
      </object_component>
      <object_component id="oc-322">
         <name>.debug_line</name>
         <load_address>0x9290</load_address>
         <run_address>0x9290</run_address>
         <size>0x61</size>
         <input_file_ref idref="fl-17e"/>
      </object_component>
      <object_component id="oc-327">
[...]
         <name>bufchar</name>
         <value>0x2000eb8d</value>
         <object_component_ref idref="oc-1e8"/>
      </symbol>
      <symbol id="sm-1201">
         <name>PinMuxConfig</name>
         <value>0x2000f261</value>
         <object_component_ref idref="oc-13c"/>
      </symbol>
      <symbol id="sm-1202">
         <name>GetCmd</name>
         <value>0x2000efc1</value>
         <object_component_ref idref="oc-f9"/>
      </symbol>
      <symbol id="sm-1203">
         <name>AESCrypt</name>
         <value>0x2000c239</value>
         <object_component_ref idref="oc-5c"/>
      </symbol>
      <symbol id="sm-1204">
         <name>Timer_IF_DeInit</name>
         <value>0x2000f533</value>
         <object_component_ref idref="oc-108"/>
      </symbol>
      <symbol id="sm-1205">
         <name>g_usConnectIndex</name>
         <value>0x20021488</value>
         <object_component_ref idref="oc-19a"/>
      </symbol>
      <symbol id="sm-1206">
         <name>g_uiLED3Port</name>
         <value>0x200214cc</value>
         <object_component_ref idref="oc-183"/>
      </symbol>
      <symbol id="sm-1207">
         <name>GPIO_IF_Set</name>
         <value>0x2000ecd5</value>
         <object_component_ref idref="oc-103"/>
      </symbol>
      <symbol id="sm-1208">
         <name>_sys_memory</name>
         <value>0x20019000</value>
         <object_component_ref idref="oc-22"/>
      </symbol>
      <symbol id="sm-1209">
         <name>GPIO_IF_LedOn</name>
         <value>0x2000ed57</value>
         <object_component_ref idref="oc-103"/>
      </symbol>
      <symbol id="sm-120a">
         <name>MQTTPacket_encode</name>
         <value>0x2000ebf9</value>
         <object_component_ref idref="oc-1e8"/>
      </symbol>
      <symbol id="sm-120b">
         <name>Message</name>
         <value>0x2000ef49</value>
         <object_component_ref idref="oc-f9"/>
      </symbol>
      <symbol id="sm-120c">
         <name>Network_IF_DisconnectFromAP</name>
         <value>0x20009a7b</value>
         <object_component_ref idref="oc-10d"/>
      </symbol>
      <symbol id="sm-120d">
         <name>LedTimerConfigNStart</name>
         <value>0x2000c0d5</value>
         <object_component_ref idref="oc-5c"/>
      </symbol>
      <symbol id="sm-120e">
         <name>strcspn</name>
         <value>0x2000fbdd</value>
         <object_component_ref idref="oc-2b8"/>
      </symbol>
      <symbol id="sm-120f">
         <name>_ctypes_</name>
         <value>0x2000fcc4</value>
         <object_component_ref idref="oc-410"/>
      </symbol>
      <symbol id="sm-1210">
         <name>Key</name>
         <value>0x20021368</value>
         <object_component_ref idref="oc-135"/>
      </symbol>
      <symbol id="sm-1211">
         <name>strlen</name>
         <value>0x2000fc65</value>
         <object_component_ref idref="oc-117"/>
      </symbol>
      <symbol id="sm-1212">
         <name>__TI_printfi</name>
         <value>0x20006af7</value>
         <object_component_ref idref="oc-288"/>
      </symbol>
      <symbol id="sm-1213">
         <name>vsnprintf</name>
         <value>0x2000f6b5</value>
         <object_component_ref idref="oc-17a"/>
      </symbol>
      <symbol id="sm-1214">
         <name>GPIO_IF_GetPortNPin</name>
         <value>0x2000edc3</value>
         <object_component_ref idref="oc-103"/>
      </symbol>
      <symbol id="sm-1215">
         <name>free</name>
         <value>0x2000e14b</value>
         <object_component_ref idref="oc-175"/>
      </symbol>
      <symbol id="sm-1216">
         <name>I2C_IF_Open</name>
         <value>0x2000fbb9</value>
         <object_component_ref idref="oc-141"/>
      </symbol>
      <symbol id="sm-1217">
         <name>uiUartCmd</name>
         <value>0x20021358</value>
         <object_component_ref idref="oc-135"/>
      </symbol>
      <symbol id="sm-1218">
         <name>pui32AES192Key</name>
         <value>0x20021318</value>
         <object_component_ref idref="oc-135"/>
      </symbol>
      <symbol id="sm-1219">
         <name>g_uiLED1Port</name>
         <value>0x200214c4</value>
         <object_component_ref idref="oc-183"/>
      </symbol>
      <symbol id="sm-121a">
         <name>SecurityParams</name>
         <value>0x2002135c</value>
         <object_component_ref idref="oc-135"/>
      </symbol>
      <symbol id="sm-121b">
         <name>_Dtest</name>
         <value>0x2000faa1</value>
         <object_component_ref idref="oc-41c"/>
      </symbol>
      <symbol id="sm-121c">
         <name>MQTTSerialize_connect</name>
         <value>0x2000e88f</value>
         <object_component_ref idref="oc-12b"/>
      </symbol>
      <symbol id="sm-121d">
         <name>g_usTimerInts</name>
         <value>0x20021356</value>
         <object_component_ref idref="oc-135"/>
      </symbol>
      <symbol id="sm-121e">
         <name>MQTTSerialize_publishLength</name>
         <value>0x2000f305</value>
         <object_component_ref idref="oc-130"/>
      </symbol>
      <symbol id="sm-121f">
         <name>Report</name>
         <value>0x2000ef61</value>
         <object_component_ref idref="oc-f9"/>
      </symbol>
      <symbol id="sm-1220">
         <name>atoi</name>
         <value>0x2000f93d</value>
         <object_component_ref idref="oc-394"/>
      </symbol>
      <symbol id="sm-1221">
         <name>_nop</name>
         <value>0x20006c87</value>
         <object_component_ref idref="oc-155"/>
      </symbol>
      <symbol id="sm-1222">
         <name>g_uiPBCount</name>
         <value>0x20021350</value>
         <object_component_ref idref="oc-135"/>
      </symbol>
      <symbol id="sm-1223">
         <name>pcRecivemessage</name>
         <value>0x20021408</value>
         <object_component_ref idref="oc-135"/>
      </symbol>
      <symbol id="sm-1224">
         <name>ltoa</name>
         <value>0x2000f8e1</value>
         <object_component_ref idref="oc-3b1"/>
      </symbol>
      <symbol id="sm-1225">
         <name>Network_IF_ConnectAP</name>
         <value>0x20009ad9</value>
         <object_component_ref idref="oc-10d"/>
      </symbol>
      <symbol id="sm-1226">
         <name>Network_IF_InitDriver</name>
         <value>0x20009a3d</value>
         <object_component_ref idref="oc-10d"/>
      </symbol>
      <symbol id="sm-1227">
         <name>pui32AES256Key</name>
         <value>0x20021330</value>
         <object_component_ref idref="oc-135"/>
      </symbol>
      <symbol id="sm-1228">
         <name>pui32AES128Key</name>
         <value>0x20021308</value>
         <object_component_ref idref="oc-135"/>
      </symbol>
      <symbol id="sm-1229">
         <name>Timer_IF_IntSetup</name>
         <value>0x2000f501</value>
         <object_component_ref idref="oc-108"/>
      </symbol>
      <symbol id="sm-122a">
         <name>interupt_flag</name>
         <value>0x20021354</value>
         <object_component_ref idref="oc-135"/>
      </symbol>
      <symbol id="sm-122b">
         <name>TimerPeriodicIntHandler</name>
         <value>0x2000c0a3</value>
         <object_component_ref idref="oc-5c"/>
      </symbol>
      <symbol id="sm-122c">
         <name>PushButtonHandler</name>
         <value>0x2000c075</value>
         <object_component_ref idref="oc-5c"/>
      </symbol>
      <symbol id="sm-122d">
         <name>conect_to_AP</name>
         <value>0x2000c0f5</value>
         <object_component_ref idref="oc-5c"/>
      </symbol>
      <symbol id="sm-122e">
         <name>memccpy</name>
         <value>0x2000fc4d</value>
         <object_component_ref idref="oc-3c3"/>
      </symbol>
      <symbol id="sm-122f">
         <name>GPIO_IF_LedConfigure</name>
         <value>0x2000ede1</value>
         <object_component_ref idref="oc-103"/>
      </symbol>
      <symbol id="sm-1230">
         <name>g_ucLED1Pin</name>
         <value>0x200214c0</value>
         <object_component_ref idref="oc-183"/>
      </symbol>
      <symbol id="sm-1231">
         <name>ConfigureSimpleLinkToDefaultState</name>
         <value>0x200098dd</value>
         <object_component_ref idref="oc-10d"/>
      </symbol>
      <symbol id="sm-1232">
         <name>Timer_IF_Start</name>
         <value>0x2000f51b</value>
         <object_component_ref idref="oc-108"/>
      </symbol>
      <symbol id="sm-1233">
         <name>_Dclass</name>
         <value>0x2000fc8b</value>
         <object_component_ref idref="oc-3be"/>
      </symbol>
      <symbol id="sm-1234">
         <name>IV</name>
         <value>0x20021378</value>
         <object_component_ref idref="oc-135"/>
      </symbol>
      <symbol id="sm-1235">
         <name>main</name>
         <value>0x2000c3fd</value>
         <object_component_ref idref="oc-5c"/>
      </symbol>
      <symbol id="sm-1236">
         <name>_lock</name>
         <value>0x200214fc</value>
         <object_component_ref idref="oc-68"/>
      </symbol>
      <symbol id="sm-1237">
         <name>MQTTPacket_len</name>
         <value>0x2000eba9</value>
         <object_component_ref idref="oc-1e8"/>
      </symbol>
      <symbol id="sm-1238">
         <name>InitTerm</name>
         <value>0x2000f019</value>
         <object_component_ref idref="oc-f9"/>
      </symbol>
      <symbol id="sm-1239">
         <name>writeCString</name>
         <value>0x2000ec63</value>
         <object_component_ref idref="oc-1e8"/>
      </symbol>
      <symbol id="sm-123a">
         <name>writeChar</name>
         <value>0x2000ebed</value>
         <object_component_ref idref="oc-1e8"/>
      </symbol>
      <symbol id="sm-123b">
         <name>SimpleLinkNetAppEventHandler</name>
         <value>0x20009de3</value>
         <object_component_ref idref="oc-10d"/>
      </symbol>
      <symbol id="sm-123c">
         <name>_unlock</name>
         <value>0x20021500</value>
         <object_component_ref idref="oc-68"/>
      </symbol>
      <symbol id="sm-123d">
         <name>realloc</name>
         <value>0x2000e207</value>
         <object_component_ref idref="oc-175"/>
      </symbol>
      <symbol id="sm-123e">
         <name>Network_IF_IpConfigGet</name>
         <value>0x20009a91</value>
         <object_component_ref idref="oc-10d"/>
      </symbol>
      <symbol id="sm-123f">
         <name>Timer_IF_Init</name>
         <value>0x2000f4d1</value>
         <object_component_ref idref="oc-108"/>
      </symbol>
      <symbol id="sm-1240">
         <name>MQTT_payload_string</name>
         <value>0x2000c139</value>
         <object_component_ref idref="oc-5c"/>
      </symbol>
      <symbol id="sm-1241">
         <name>SimpleLinkSockEventHandler</name>
         <value>0x20009de1</value>
         <object_component_ref idref="oc-10d"/>
      </symbol>
      <symbol id="sm-1242">
         <name>strspn</name>
         <value>0x2000fb8f</value>
         <object_component_ref idref="oc-2b3"/>
      </symbol>
      <symbol id="sm-1243">
         <name>InitializeAppVariables</name>
         <value>0x200098b5</value>
         <object_component_ref idref="oc-10d"/>
      </symbol>
      <symbol id="sm-1244">
         <name>pcEmailmessage</name>
         <value>0x20021388</value>
         <object_component_ref idref="oc-135"/>
      </symbol>
      <symbol id="sm-1245">
         <name>LedTimerDeinitStop</name>
         <value>0x2000c0e5</value>
         <object_component_ref idref="oc-5c"/>
      </symbol>
      <symbol id="sm-1246">
         <name>writeInt</name>
         <value>0x2000ec37</value>
         <object_component_ref idref="oc-1e8"/>
      </symbol>
      <symbol id="sm-1247">
         <name>SimpleLinkHttpServerCallback</name>
         <value>0x20009e23</value>
         <object_component_ref idref="oc-10d"/>
      </symbol>
      <symbol id="sm-1248">
         <name>Send_MQTT</name>
         <value>0x2000c26b</value>
         <object_component_ref idref="oc-5c"/>
      </symbol>
      <symbol id="sm-1249">
         <name>g_ulStatus</name>
         <value>0x2002148c</value>
         <object_component_ref idref="oc-19a"/>
      </symbol>
      <symbol id="sm-124a">
         <name>g_ucConnectionBSSID</name>
         <value>0x20021498</value>
         <object_component_ref idref="oc-19a"/>
      </symbol>
      <symbol id="sm-124b">
         <name>main_func_sp</name>
         <value>0x20021514</value>
         <object_component_ref idref="oc-32"/>
      </symbol>
      <symbol id="sm-124c">
         <name>malloc</name>
         <value>0x2000e321</value>
         <object_component_ref idref="oc-175"/>
      </symbol>
      <symbol id="sm-124d">
         <name>MQTTstrlen</name>
         <value>0x2000ebcb</value>
         <object_component_ref idref="oc-1e8"/>
      </symbol>
      <symbol id="sm-124e">
         <name>strtok</name>
         <value>0x2000fb25</value>
         <object_component_ref idref="oc-19f"/>
      </symbol>
      <symbol id="sm-124f">
         <name>g_ucLED3Pin</name>
         <value>0x200214c2</value>
         <object_component_ref idref="oc-183"/>
      </symbol>
      <symbol id="sm-1250">
         <name>MQTTSerialize_publish</name>
         <value>0x2000f323</value>
         <object_component_ref idref="oc-130"/>
      </symbol>
      <symbol id="sm-1251">
         <name>MQTTSerialize_connectLength</name>
         <value>0x2000e81d</value>
         <object_component_ref idref="oc-12b"/>
      </symbol>
      <symbol id="sm-1252">
         <name>AESInit</name>
         <value>0x2000c38b</value>
         <object_component_ref idref="oc-5c"/>
      </symbol>
      <symbol id="sm-1253">
         <name>GPIO_IF_LedOff</name>
         <value>0x2000eceb</value>
         <object_component_ref idref="oc-103"/>
      </symbol>
      <symbol id="sm-1254">
         <name>pcDigits</name>
         <value>0x200101d0</value>
         <object_component_ref idref="oc-19c"/>
      </symbol>
      <symbol id="sm-1255">
         <name>g_uiLED2Port</name>
         <value>0x200214c8</value>
         <object_component_ref idref="oc-183"/>
      </symbol>
      <symbol id="sm-1256">
         <name>g_ulStaIp</name>
         <value>0x20021490</value>
         <object_component_ref idref="oc-19a"/>
      </symbol>
      <symbol id="sm-1257">
         <name>HOSTtime</name>
         <value>0x2000fae5</value>
         <object_component_ref idref="oc-1a5"/>
      </symbol>
      <symbol id="sm-1258">
         <name>g_ulGatewayIP</name>
         <value>0x20021494</value>
         <object_component_ref idref="oc-19a"/>
      </symbol>
      <symbol id="sm-1259">
         <name>time</name>
         <value>0x2000fcab</value>
         <object_component_ref idref="oc-112"/>
      </symbol>
      <symbol id="sm-125a">
         <name>g_ucConnectionSSID</name>
         <value>0x2002149e</value>
         <object_component_ref idref="oc-19a"/>
      </symbol>
      <symbol id="sm-125b">
         <name>minit</name>
         <value>0x2000e301</value>
         <object_component_ref idref="oc-175"/>
      </symbol>
      <symbol id="sm-125c">
         <name>SimpleLinkWlanEventHandler</name>
         <value>0x20009cf1</value>
         <object_component_ref idref="oc-10d"/>
      </symbol>
      <symbol id="sm-125d">
         <name>writeMQTTString</name>
         <value>0x2000ec8b</value>
         <object_component_ref idref="oc-1e8"/>
      </symbol>
      <symbol id="sm-125e">
         <name>Network_IF_ResetMCUStateMachine</name>
         <value>0x200098ad</value>
         <object_component_ref idref="oc-10d"/>
      </symbol>
      <symbol id="sm-125f">
         <name>g_ucLED2Pin</name>
         <value>0x200214c1</value>
         <object_component_ref idref="oc-183"/>
      </symbol>
      <symbol id="sm-1275">
         <name>__TI_decompress_none</name>
         <value>0x2000fc9d</value>
         <object_component_ref idref="oc-12"/>
      </symbol>
      <symbol id="sm-1297">
         <name>__TI_decompress_rle24</name>
         <value>0x2000fcbf</value>
         <object_component_ref idref="oc-1c"/>
      </symbol>
      <symbol id="sm-12a5">
         <name>__TI_zero_init</name>
         <value>0x2000fc79</value>
         <object_component_ref idref="oc-17"/>
      </symbol>
      <symbol id="sm-12a6">
         <name>__TI_static_base__</name>
         <value>0x20010410</value>
      </symbol>
      <symbol id="sm-12a7">
         <name>__TI_args_main</name>
         <value>0x1</value>
      </symbol>
      <symbol id="sm-12a8">
         <name>SHT$$INIT_ARRAY$$Limit</name>
         <value>0x0</value>
      </symbol>
      <symbol id="sm-12a9">
         <name>SHT$$INIT_ARRAY$$Base</name>
         <value>0x0</value>
      </symbol>
      <symbol id="sm-12aa">
         <name>ti_sysbios_knl_Mailbox_delete</name>
         <value>0x0</value>
      </symbol>
      <symbol id="sm-12ab">
         <name>ti_sysbios_knl_Mailbox_create</name>
         <value>0x0</value>
      </symbol>
      <symbol id="sm-12ac">
         <name>ti_sysbios_knl_Semaphore_pend__E</name>
         <value>0x0</value>
      </symbol>
      <symbol id="sm-12ad">
         <name>ti_sysbios_knl_Mailbox_post__E</name>
         <value>0x0</value>
      </symbol>
      <symbol id="sm-12ae">
         <name>ti_sysbios_knl_Task_disable__E</name>
         <value>0x0</value>
      </symbol>
      <symbol id="sm-12af">
         <name>ti_sysbios_knl_Semaphore_Params__init__S</name>
         <value>0x0</value>
      </symbol>
      <symbol id="sm-12b0">
         <name>ti_sysbios_family_arm_m3_Hwi_create</name>
         <value>0x0</value>
      </symbol>
      <symbol id="sm-12b1">
         <name>ti_sysbios_family_arm_m3_Hwi_getHandle__E</name>
         <value>0x0</value>
      </symbol>
      <symbol id="sm-12b2">
         <name>ti_sysbios_knl_Semaphore_post__E</name>
         <value>0x0</value>
      </symbol>
      <symbol id="sm-12b3">
         <name>ti_sysbios_knl_Semaphore_create</name>
         <value>0x0</value>
      </symbol>
      <symbol id="sm-12b4">
         <name>xdc_runtime_Error_init__E</name>
         <value>0x0</value>
      </symbol>
      <symbol id="sm-12b5">
         <name>ti_sysbios_knl_Task_sleep__E</name>
         <value>0x0</value>
      </symbol>
      <symbol id="sm-12b6">
         <name>ti_sysbios_knl_Task_create</name>
         <value>0x0</value>
      </symbol>
      <symbol id="sm-12b7">
         <name>ti_sysbios_knl_Task_delete</name>
         <value>0x0</value>
      </symbol>
      <symbol id="sm-12b8">
         <name>ti_sysbios_family_arm_m3_Hwi_delete</name>
         <value>0x0</value>
      </symbol>
      <symbol id="sm-12b9">
         <name>ti_sysbios_knl_Task_restore__E</name>
         <value>0x0</value>
      </symbol>
      <symbol id="sm-12ba">
         <name>ti_sysbios_BIOS_start__E</name>
         <value>0x0</value>
      </symbol>
      <symbol id="sm-12bb">
         <name>ti_sysbios_family_arm_m3_Hwi_disableFxn__E</name>
         <value>0x0</value>
      </symbol>
      <symbol id="sm-12bc">
         <name>ti_sysbios_knl_Task_Params__init__S</name>
         <value>0x0</value>
      </symbol>
      <symbol id="sm-12bd">
         <name>ti_sysbios_family_arm_m3_Hwi_Params__init__S</name>
         <value>0x0</value>
      </symbol>
      <symbol id="sm-12be">
         <name>ti_sysbios_knl_Mailbox_pend__E</name>
         <value>0x0</value>
      </symbol>
      <symbol id="sm-12bf">
         <name>ti_sysbios_knl_Clock_tickPeriod__C</name>
         <value>0x0</value>
      </symbol>
      <symbol id="sm-12c0">
         <name>ti_sysbios_family_arm_m3_Hwi_restoreFxn__E</name>
         <value>0x0</value>
      </symbol>
      <symbol id="sm-12c1">
         <name>ti_sysbios_knl_Semaphore_delete</name>
         <value>0x0</value>
      </symbol>
      <symbol id="sm-12c2">
         <name>ti_sysbios_family_arm_m3_Hwi_setPriority__E</name>
         <value>0x0</value>
      </symbol>
      <symbol id="sm-12c6">
         <name>Timer_IF_Stop</name>
         <value>0x2000d3c3</value>
      </symbol>
   </symbol_table>
   <title>Link errors: red sections failed placement</title>
</link_info>
