******************************************************************************
                  TI ARM Linker PC v5.1.5                      
******************************************************************************
>> Linked Mon Aug 11 13:19:10 2014

OUTPUT FILE NAME:   <email.out>
ENTRY POINT SYMBOL: "_c_int00"  address: 2001003d


MEMORY CONFIGURATION

         name            origin    length      used     unused   attr    fill
----------------------  --------  ---------  --------  --------  ----  --------
  SRAM_CODE             20004000   00014fff  0000ca44  000085bb  RW X
  SRAM_DATA             20019000   00017000  00008d1c  0000e2e4  RW X


SEGMENT ALLOCATION MAP

run origin  load origin   length   init length attrs members
----------  ----------- ---------- ----------- ----- -------
20004000    20004000    0000ca48   0000ca48    r-x
  20004000    20004000    0000c23c   0000c23c    r-x .text
  2001023c    2001023c    00000748   00000748    r-- .const
  20010988    20010988    000000c0   000000c0    r-- .cinit
20019000    20019000    0000851c   00000000    rw-
  20019000    20019000    00008000   00000000    rw- .sysmem
  20021000    20021000    00000308   00000000    rw- .bss
  20021308    20021308    00000214   00000000    rw- .data
2002f800    2002f800    00000800   00000000    rw-
  2002f800    2002f800    00000800   00000000    rw- .stack


SECTION ALLOCATION MAP

 output                                  attributes/
section   page    origin      length       input sections
--------  ----  ----------  ----------   ----------------
.init_array 
*          0    20004000    00000000     UNINITIALIZED

.text      0    20004000    0000c23c     
                  20004000    00001d7c     simplelink.a : driver.obj (.text)
                  20005d7c    00001116     rtsv7M4_T_le_v4SPD16_eabi.lib : _printfi.obj (.text)
                  20006e92    00000002                                   : _lock.obj (.text)
                  20006e94    00000d88     simplelink.a : socket.obj (.text)
                  20007c1c    00000ab4                  : netapp.obj (.text)
                  200086d0    00000a5c                  : wlan.obj (.text)
                  2000912c    0000098c     driverlib.a : prcm.obj (.text)
                  20009ab8    00000924     network_if.obj (.text)
                  2000a3dc    0000079c     driverlib.a : spi.obj (.text)
                  2000ab78    000006f4     main.obj (.text)
                  2000b26c    0000067a     driverlib.a : i2c.obj (.text)
                  2000b8e6    00000002     --HOLE-- [fill = 0]
                  2000b8e8    00000668     simplelink.a : cc_pal.obj (.text)
                  2000bf50    00000650     driverlib.a : aes.obj (.text)
                  2000c5a0    00000538     ti_rtos.a : osi_tirtos.obj (.text)
                  2000cad8    00000500     simplelink.a : device.obj (.text)
                  2000cfd8    000004b8     rtsv7M4_T_le_v4SPD16_eabi.lib : memory.obj (.text)
                  2000d490    000004a4     driverlib.a : udma.obj (.text)
                  2000d934    0000048c                 : uart.obj (.text)
                  2000ddc0    0000039c                 : timer.obj (.text)
                  2000e15c    00000370                 : interrupt.obj (.text)
                  2000e4cc    00000334                 : gpio.obj (.text)
                  2000e800    00000300                 : flash.obj (.text)
                  2000eb00    000002a2     MQTTConnectClient.obj (.text)
                  2000eda2    00000002     --HOLE-- [fill = 0]
                  2000eda4    00000284     driverlib.a : pin.obj (.text)
                  2000f028    000001f4     rtsv7M4_T_le_v4SPD16_eabi.lib : ull_div_t2.obj (.text)
                  2000f21c    000001b6                                   : fd_add_t2.obj (.text)
                  2000f3d2    00000192     MQTTPacket.obj (.text)
                  2000f564    00000136     rtsv7M4_T_le_v4SPD16_eabi.lib : fd_div_t2.obj (.text)
                  2000f69a    00000102     MQTTSerializePublish.obj (.text)
                  2000f79c    00000100     simplelink.a : netcfg.obj (.text)
                  2000f89c    000000fc     rtsv7M4_T_le_v4SPD16_eabi.lib : fd_mul_t2.obj (.text)
                  2000f998    000000ea     uart_if.obj (.text)
                  2000fa82    000000a6     pinmux.obj (.text)
                  2000fb28    0000009c     rtsv7M4_T_le_v4SPD16_eabi.lib : memcpy_t2.obj (.text)
                  2000fbc4    00000094                                   : auto_init.obj (.text)
                  2000fc58    00000086                                   : fd_cmp_t2.obj (.text:__aeabi_cdcmple)
                  2000fcde    00000086                                   : fd_cmp_t2.obj (.text:__aeabi_cdrcmple)
                  2000fd64    00000080                                   : vsnprintf.obj (.text)
                  2000fde4    00000078                                   : memset_t2.obj (.text)
                  2000fe5c    00000068     simplelink.a : flowcont.obj (.text)
                  2000fec4    00000060     rtsv7M4_T_le_v4SPD16_eabi.lib : trgmsg.obj (.text)
                  2000ff24    0000005e     driverlib.a : cpu.obj (.text)
                  2000ff82    0000005e     rtsv7M4_T_le_v4SPD16_eabi.lib : copy_decompress_rle.obj (.text)
                  2000ffe0    0000005a                                   : ltoa.obj (.text)
                  2001003a    00000002     --HOLE-- [fill = 0]
                  2001003c    00000048                                   : boot.obj (.text)
                  20010084    00000048                                   : fd_toi_t2.obj (.text)
                  200100cc    00000044                                   : cpy_tbl.obj (.text)
                  20010110    00000044                                   : exit.obj (.text)
                  20010154    00000040                                   : trgdrv.obj (.text)
                  20010194    0000002e                                   : i_tofd_t2.obj (.text)
                  200101c2    0000001e                                   : ll_lsr_t2.obj (.text)
                  200101e0    00000018                                   : args_main.obj (.text)
                  200101f8    00000018                                   : ll_mul_t2.obj (.text)
                  20010210    00000012                                   : copy_zero_init.obj (.text:decompress:ZI)
                  20010222    0000000e                                   : copy_decompress_none.obj (.text:decompress:none)
                  20010230    00000006     driverlib.a : utils.obj (.text:UtilsDelay)
                  20010236    00000006     rtsv7M4_T_le_v4SPD16_eabi.lib : copy_decompress_rle.obj (.text:decompress:rle24)

.const     0    2001023c    00000748     
                  2001023c    00000101     rtsv7M4_T_le_v4SPD16_eabi.lib : ctype.obj (.const:.string:_ctypes_)
                  2001033d    00000003     --HOLE-- [fill = 0]
                  20010340    00000100     driverlib.a : pin.obj (.const:g_ulPinToPadMap)
                  20010440    000000d4                 : interrupt.obj (.const:g_pulRegs)
                  20010514    000000b0     simplelink.a : wlan.obj (.const:$P$T0$1)
                  200105c4    000000a0     driverlib.a : prcm.obj (.const:PRCM_PeriphRegsList)
                  20010664    00000080                 : interrupt.obj (.const)
                  200106e4    00000064     main.obj (.const)
                  20010748    00000048     network_if.obj (.const)
                  20010790    00000040     driverlib.a : flash.obj (.const:g_pulFMPPERegs)
                  200107d0    00000040                 : flash.obj (.const:g_pulFMPRERegs)
                  20010810    0000003c     simplelink.a : wlan.obj (.const)
                  2001084c    00000038                  : driver.obj (.const:_SlActionLookupTable)
                  20010884    00000034                  : socket.obj (.const)
                  200108b8    00000028                  : netapp.obj (.const)
                  200108e0    00000024     driverlib.a : spi.obj (.const:g_ppulSPIIntMap)
                  20010904    00000018                 : spi.obj (.const)
                  2001091c    00000014     MQTTConnectClient.obj (.const)
                  20010930    00000014     simplelink.a : device.obj (.const)
                  20010944    00000014                  : driver.obj (.const)
                  20010958    00000010     driverlib.a : uart.obj (.const)
                  20010968    0000000c                 : i2c.obj (.const)
                  20010974    00000008     MQTTSerializePublish.obj (.const)
                  2001097c    00000008     simplelink.a : netcfg.obj (.const)

.cinit     0    20010988    000000c0     
                  20010988    00000097     (.cinit..data.load) [load image, compression = rle]
                  20010a1f    00000001     --HOLE-- [fill = 0]
                  20010a20    0000000c     (__TI_handler_table)
                  20010a2c    00000004     --HOLE-- [fill = 0]
                  20010a30    00000008     (.cinit..bss.load) [load image, compression = zero_init]
                  20010a38    00000010     (__TI_cinit_table)

.sysmem    0    20019000    00008000     UNINITIALIZED
                  20019000    00000008     rtsv7M4_T_le_v4SPD16_eabi.lib : memory.obj (.sysmem)
                  20019008    00007ff8     --HOLE--

.bss       0    20021000    00000308     UNINITIALIZED
                  20021000    00000178     simplelink.a : driver.obj (.bss:g_StatMem)
                  20021178    00000120     rtsv7M4_T_le_v4SPD16_eabi.lib : trgmsg.obj (.bss:__CIOBUF_)
                  20021298    00000050     simplelink.a : cc_pal.obj (.bss:g_ucDinDout)
                  200212e8    00000008     (.common:parmbuf$28)
                  200212f0    00000004     (.common:DMAMsgQ)
                  200212f4    00000004     (.common:SimpleLinkSpawnTaskHndl)
                  200212f8    00000004     (.common:__Errorlog$0)
                  200212fc    00000004     (.common:bufptr$16)
                  20021300    00000004     (.common:g_cDummy)
                  20021304    00000004     (.common:simpleLink_mailbox)

.data      0    20021308    00000214     UNINITIALIZED
                  20021308    00000180     main.obj (.data)
                  20021488    00000038     network_if.obj (.data)
                  200214c0    00000020     gpio_if.obj (.data)
                  200214e0    00000010     simplelink.a : cc_pal.obj (.data)
                  200214f0    0000000c     rtsv7M4_T_le_v4SPD16_eabi.lib : memory.obj (.data)
                  200214fc    00000008                                   : _lock.obj (.data)
                  20021504    00000008                                   : exit.obj (.data)
                  2002150c    00000008     simplelink.a : driver.obj (.data)
                  20021514    00000004     rtsv7M4_T_le_v4SPD16_eabi.lib : stkdepth_vars.obj (.data)
                  20021518    00000004                                   : strtok.obj (.data)

.stack     0    2002f800    00000800     UNINITIALIZED
                  2002f800    00000800     --HOLE--


LINKER GENERATED COPY TABLES

__TI_cinit_table @ 20010a38 records: 2, size/record: 8, table size: 16
	.data: load addr=20010988, load size=00000097 bytes, run addr=20021308, run size=00000214 bytes, compression=rle
	.bss: load addr=20010a30, load size=00000008 bytes, run addr=20021000, run size=00000308 bytes, compression=zero_init


LINKER GENERATED HANDLER TABLE

__TI_handler_table @ 20010a20 records: 3, size/record: 4, table size: 12
	index: 0, handler: __TI_decompress_rle24
	index: 1, handler: __TI_decompress_none
	index: 2, handler: __TI_zero_init


GLOBAL SYMBOLS: SORTED ALPHABETICALLY BY Name 

address    name
--------   ----
2000c0cb   AESAuthDataLengthSet
2000bf51   AESConfigSet
2000c571   AESDMADisable
2000c559   AESDMAEnable
2000c0ab   AESDataLengthSet
2000c363   AESDataMAC
2000c2d1   AESDataProcess
2000c3e1   AESDataProcessAE
2000c157   AESDataRead
2000c0dd   AESDataReadNonBlocking
2000c251   AESDataWrite
2000c1cb   AESDataWriteNonBlocking
2000c053   AESIVSet
2000c51b   AESIntClear
2000c4ef   AESIntDisable
2000c4c3   AESIntEnable
2000c531   AESIntRegister
2000c475   AESIntStatus
2000c547   AESIntUnregister
2000bf73   AESKey1Set
2000bfcd   AESKey2Set
2000c027   AESKey3Set
2000c07f   AESTagRead
20010111   C$$EXIT
2000feef   C$$IO$$
2000ff79   CPUbasepriGet
2000ff63   CPUbasepriSet
2000ff25   CPUcpsid
2000ff43   CPUcpsie
2000ff39   CPUprimask
2000ff57   CPUwfi
20009af3   ConfigureSimpleLinkToDefaultState
20008225   CopyPingResultsToReport
200212f0   DMAMsgQ
2000b9c5   DmaSpiSwIntHandler
2000e801   FlashDisable
2000e837   FlashErase
2000e871   FlashEraseNonBlocking
2000eaad   FlashIntClear
2000ea7d   FlashIntDisable
2000ea69   FlashIntEnable
2000ea45   FlashIntRegister
2000ea91   FlashIntStatus
2000ea59   FlashIntUnregister
2000e88f   FlashMassErase
2000e8bb   FlashMassEraseNonBlocking
2000e8cb   FlashProgram
2000e94d   FlashProgramNonBlocking
2000e9cf   FlashProtectGet
2000e797   GPIODMATriggerDisable
2000e73f   GPIODMATriggerEnable
2000e54b   GPIODirModeGet
2000e515   GPIODirModeSet
2000e6bb   GPIOIntClear
2000e67f   GPIOIntDisable
2000e665   GPIOIntEnable
2000e6cf   GPIOIntRegister
2000e699   GPIOIntStatus
2000e5ff   GPIOIntTypeGet
2000e57d   GPIOIntTypeSet
2000e6ed   GPIOIntUnregister
2000e707   GPIOPinRead
2000e71f   GPIOPinWrite
2000cad9   GetStartResponseConvert
20010155   HOSTtime
2000bd71   HostIntHanlder
2000b841   I2CFIFODataGet
2000b85b   I2CFIFODataGetNonBlocking
2000b7f7   I2CFIFODataPut
2000b819   I2CFIFODataPutNonBlocking
2000b7e7   I2CFIFOStatus
2000b3e9   I2CIntRegister
2000b407   I2CIntUnregister
2000b897   I2CMasterBurstCountGet
2000b881   I2CMasterBurstLengthSet
2000b63f   I2CMasterBusBusy
2000b627   I2CMasterBusy
2000b657   I2CMasterControl
2000b6ab   I2CMasterDataGet
2000b695   I2CMasterDataPut
2000b3b5   I2CMasterDisable
2000b381   I2CMasterEnable
2000b669   I2CMasterErr
2000b8a5   I2CMasterGlitchFilterConfigSet
2000b2b7   I2CMasterInitExpClk
2000b5a1   I2CMasterIntClear
2000b5b7   I2CMasterIntClearEx
2000b47b   I2CMasterIntDisable
2000b48b   I2CMasterIntDisableEx
2000b421   I2CMasterIntEnable
2000b431   I2CMasterIntEnableEx
2000b4d5   I2CMasterIntStatus
2000b50f   I2CMasterIntStatusEx
2000b619   I2CMasterLineStateGet
2000b5f7   I2CMasterSlaveAddrSet
2000b6b9   I2CMasterTimeoutSet
2000b7a7   I2CRxFIFOConfigSet
2000b7cf   I2CRxFIFOFlush
2000b6cb   I2CSlaveACKOverride
2000b6fd   I2CSlaveACKValueSet
2000b343   I2CSlaveAddressSet
2000b757   I2CSlaveDataGet
2000b73f   I2CSlaveDataPut
2000b3cb   I2CSlaveDisable
2000b397   I2CSlaveEnable
2000b8d5   I2CSlaveFIFODisable
2000b8bd   I2CSlaveFIFOEnable
2000b329   I2CSlaveInit
2000b5d1   I2CSlaveIntClear
2000b5e3   I2CSlaveIntClearEx
2000b4a3   I2CSlaveIntDisable
2000b4bb   I2CSlaveIntDisableEx
2000b449   I2CSlaveIntEnable
2000b461   I2CSlaveIntEnableEx
2000b535   I2CSlaveIntStatus
2000b579   I2CSlaveIntStatusEx
2000b72f   I2CSlaveStatus
2000b767   I2CTxFIFOConfigSet
2000b78f   I2CTxFIFOFlush
20021378   IV
20009ac7   InitializeAppVariables
2000e319   IntDisable
2000e27f   IntEnable
2000e169   IntMasterDisable
2000e15f   IntMasterEnable
2000e441   IntPendClear
2000e3b3   IntPendSet
2000e25b   IntPriorityGet
2000e1d3   IntPriorityGroupingGet
2000e1b9   IntPriorityGroupingSet
2000e4a5   IntPriorityMaskGet
2000e499   IntPriorityMaskSet
2000e20b   IntPrioritySet
2000e183   IntRegister
2000e19f   IntUnregister
2000e173   IntVTableBaseSet
20021368   Key
2000f477   MQTTPacket_encode
2000f40d   MQTTPacket_len
2000eb77   MQTTSerialize_connect
2000eb01   MQTTSerialize_connectLength
2000f6b9   MQTTSerialize_publish
2000f69b   MQTTSerialize_publishLength
2000acdb   MQTT_payload_string
2000f449   MQTTstrlen
2000f999   Message
20009d39   Network_IF_ConnectAP
20009cad   Network_IF_DisconnectFromAP
20009c69   Network_IF_InitDriver
20009ab9   Network_IF_ResetMCUStateMachine
2000bdb7   NwpMaskInterrupt
2000be7d   NwpPowerOff
2000be4d   NwpPowerOn
2000bddd   NwpPowerOnPreamble
2000bd85   NwpRegisterInterruptHandler
2000bdc5   NwpUnMaskInterrupt
200099a1   PRCMCC3200MCUInit
200093d9   PRCMDeepSleepEnter
200095a3   PRCMHibernateEnter
200094dd   PRCMHibernateIntervalSet
20009551   PRCMHibernateWakeUpGPIOSelect
200094c1   PRCMHibernateWakeupCauseGet
2000949b   PRCMHibernateWakeupSourceDisable
20009475   PRCMHibernateWakeupSourceEnable
200092bf   PRCMI2SClockFreqSet
200096e5   PRCMIntDisable
200096b1   PRCMIntEnable
20009689   PRCMIntRegister
20009709   PRCMIntStatus
2000969d   PRCMIntUnregister
20009327   PRCMLPDSEnter
20009393   PRCMLPDSIntervalSet
2000930f   PRCMLPDSRestoreInfoSet
200093b5   PRCMLPDSWakeUpGPIOSelect
2000938d   PRCMLPDSWakeupCauseGet
20009379   PRCMLPDSWakeupSourceDisable
20009357   PRCMLPDSWakeupSourceEnable
20009139   PRCMMCUReset
2000966f   PRCMOCRRegisterRead
20009655   PRCMOCRRegisterWrite
200091a9   PRCMPeripheralClkDisable
2000917d   PRCMPeripheralClkEnable
200091c9   PRCMPeripheralClockGet
20009247   PRCMPeripheralReset
20009295   PRCMPeripheralStatusGet
200097d1   PRCMRTCGet
20009721   PRCMRTCInUseGet
2000970f   PRCMRTCInUseSet
20009905   PRCMRTCMatchGet
20009869   PRCMRTCMatchSet
20009741   PRCMRTCSet
2000912d   PRCMSOCReset
20009441   PRCMSRAMRetentionDisable
20009409   PRCMSRAMRetentionEnable
200093d1   PRCMSleepEnter
200095b3   PRCMSlowClkCtrGet
20009615   PRCMSlowClkCtrMatchGet
200095ed   PRCMSlowClkCtrMatchSet
20009159   PRCMSysResetCauseGet
2000ee65   PinConfigGet
2000eea3   PinConfigSet
2000ee3b   PinDirModeGet
2000ee07   PinDirModeSet
2000eddd   PinModeGet
2000eda5   PinModeSet
2000fa83   PinMuxConfig
2000efed   PinTypeADC
2000efa3   PinTypeCamera
2000efbd   PinTypeGPIO
2000ef39   PinTypeI2C
2000ef6f   PinTypeI2S
2000f001   PinTypeSDHost
2000ef55   PinTypeSPI
2000ef89   PinTypeTimer
2000ef1f   PinTypeUART
2000ab79   PushButtonHandler
2000f9b9   Report
UNDEFED    SHT$$INIT_ARRAY$$Base
UNDEFED    SHT$$INIT_ARRAY$$Limit
20007b35   SL_FD_CLR
20007b59   SL_FD_ISSET
20007b17   SL_FD_SET
20007b7d   SL_FD_ZERO
2000aac1   SPICSDisable
2000aaa9   SPICSEnable
2000a739   SPIConfigSetExpClk
2000a807   SPIDataGet
2000a7dd   SPIDataGetNonBlocking
2000a84f   SPIDataPut
2000a827   SPIDataPutNonBlocking
2000a6cb   SPIDisable
2000a6fd   SPIDmaDisable
2000a6e3   SPIDmaEnable
2000a6b3   SPIEnable
2000a887   SPIFIFODisable
2000a86d   SPIFIFOEnable
2000a8d5   SPIFIFOLevelGet
2000a8a1   SPIFIFOLevelSet
2000aa6b   SPIIntClear
2000a9b3   SPIIntDisable
2000a96f   SPIIntEnable
2000a931   SPIIntRegister
2000a9fd   SPIIntStatus
2000a955   SPIIntUnregister
2000a717   SPIReset
2000aad9   SPITransfer
2000a909   SPIWordCountSet
2002135c   SecurityParams
2000aec1   Send_MQTT
2000b9e3   SetupDMAReceive
2000ba5d   SetupDMASend
2000a1f3   SimpleLinkHttpServerCallback
2000a1ab   SimpleLinkNetAppEventHandler
2000a1a7   SimpleLinkSockEventHandler
200212f4   SimpleLinkSpawnTaskHndl
2000a085   SimpleLinkWlanEventHandler
2000ddfd   TimerConfigure
2000de6d   TimerControlEvent
2000de37   TimerControlLevel
2000de99   TimerControlStall
2000e141   TimerDMAEventGet
2000e12f   TimerDMAEventSet
2000dddf   TimerDisable
2000ddc1   TimerEnable
2000e11d   TimerIntClear
2000e0e1   TimerIntDisable
2000e0c9   TimerIntEnable
2000e003   TimerIntRegister
2000e0f9   TimerIntStatus
2000e06d   TimerIntUnregister
2000df85   TimerLoadGet
2000df5b   TimerLoadSet
2000dfe7   TimerMatchGet
2000dfbd   TimerMatchSet
2000abb3   TimerPeriodicIntHandler
2000def9   TimerPrescaleGet
2000df3f   TimerPrescaleMatchGet
2000df15   TimerPrescaleMatchSet
2000decf   TimerPrescaleSet
2000dfa1   TimerValueGet
2000dc91   UARTBreakCtl
2000dcbb   UARTBusy
2000dc39   UARTCharGet
2000dc1d   UARTCharGetNonBlocking
2000dc73   UARTCharPut
2000dc4f   UARTCharPutNonBlocking
2000dbe3   UARTCharsAvail
2000da55   UARTConfigGetExpClk
2000d9df   UARTConfigSetExpClk
2000dd83   UARTDMADisable
2000dd6b   UARTDMAEnable
2000dac5   UARTDisable
2000daa1   UARTEnable
2000db05   UARTFIFODisable
2000daef   UARTFIFOEnable
2000d9b7   UARTFIFOLevelGet
2000d99f   UARTFIFOLevelSet
2000dba3   UARTFlowControlGet
2000db87   UARTFlowControlSet
2000dd59   UARTIntClear
2000dd23   UARTIntDisable
2000dd0b   UARTIntEnable
2000dcd3   UARTIntRegister
2000dd3b   UARTIntStatus
2000dcf1   UARTIntUnregister
2000db3f   UARTModemControlClear
2000db63   UARTModemControlGet
2000db1b   UARTModemControlSet
2000db75   UARTModemStatusGet
2000d98d   UARTParityModeGet
2000d971   UARTParityModeSet
2000ddb1   UARTRxErrorClear
2000dd9b   UARTRxErrorGet
2000dbfb   UARTSpaceAvail
2000dbd1   UARTTxIntModeGet
2000dbb5   UARTTxIntModeSet
20010231   UtilsDelay
2000c909   VDeleteSimpleLinkSpawnTask
2000c8b1   VStartSimpleLinkSpawnTask
20010898   _SlAcceptCmdCtrl
2001084c   _SlActionLookupTable
20004d09   _SlAsyncEventGenericHandler
2001093c   _SlDeviceGetCmdCtrl
20010940   _SlDeviceSetCmdCtrl
2000566d   _SlDrvBasicCmd
20005367   _SlDrvClassifyRxMsg
2000418b   _SlDrvCmdOp
200041ff   _SlDrvCmdSend
20004245   _SlDrvDataReadOp
20004405   _SlDrvDataWriteOp
2000cf8d   _SlDrvDeviceEventHandler
200040bf   _SlDrvDriverCBDeinit
20004001   _SlDrvDriverCBInit
2000fe8f   _SlDrvFlowContDeinit
2000fe5d   _SlDrvFlowContInit
20004755   _SlDrvMsgRead
200051b3   _SlDrvMsgReadCmdCtx
20005299   _SlDrvMsgReadSpawnCtx
20004595   _SlDrvMsgWrite
200085c1   _SlDrvNetAppEventHandler
20005b2b   _SlDrvObjDeInit
20005aaf   _SlDrvObjInit
200058b5   _SlDrvReleasePoolObj
200054b1   _SlDrvRxHdrRead
2000414b   _SlDrvRxIrqHandler
20005469   _SlDrvShiftDWord
200056d1   _SlDrvWaitForPoolObj
20010938   _SlEventMaskGetCmdCtrl
20010934   _SlEventMaskSetCmdCtrl
20005c05   _SlFindAndSetActiveObj
200108cc   _SlGetHostByNameCtrl
200108c8   _SlGetHostByServiceCtrl
200108c0   _SlGetServiceListeCtrl
200108a4   _SlGetSockOptCmdCtrl
20010894   _SlListenCmdCtrl
200108d8   _SlNetAppGetCmdCtrl
200108d4   _SlNetAppSendTokenValueCmdCtrl
200108d0   _SlNetAppSetCmdCtrl
200108b8   _SlNetAppStartCtrl
200108bc   _SlNetAppStopCtrl
20010980   _SlNetCfgGetCmdCtrl
2001097c   _SlNetCfgSetCmdCtrl
20010814   _SlPolicyGetCmdCtrl
20010810   _SlPolicySetCmdCtrl
2001081c   _SlProfileDelCmdCtrl
20010818   _SlProfileGetCmdCtrl
2001089c   _SlRecvCmdCtrl
2001088c   _SlRecvfomCmdCtrl
200108c4   _SlRegisterServiceCtrl
20005b4b   _SlRemoveFromList
20010824   _SlRxFilterAddtCmdCtrl
2001082c   _SlRxFilterGetCmdCtrl
20010828   _SlRxFilterSetCmdCtrl
200108a8   _SlSelectCmdCtrl
20010890   _SlSendCmdCtrl
200108a0   _SlSetSockOptCmdCtrl
20010830   _SlSmartConfigStartCmdCtrl
20010888   _SlSockCloseCmdCtrl
20010884   _SlSockSocketCmdCtrl
20010930   _SlStopCmdCtrl
2001083c   _SlWlanCfgGetCmdCtrl
20010838   _SlWlanCfgSetCmdCtrl
20010820   _SlWlanGetNetworkListCtrl
20010834   _SlWlanSetModeCmdCtrl
20021178   __CIOBUF_
20030000   __STACK_END
00000800   __STACK_SIZE
00008000   __SYSMEM_SIZE
20010a38   __TI_CINIT_Base
20010a48   __TI_CINIT_Limit
20010a20   __TI_Handler_Table_Base
20010a2c   __TI_Handler_Table_Limit
00000001   __TI_args_main
2000fbc5   __TI_auto_init
20021504   __TI_cleanup_ptr
20010223   __TI_decompress_none
20010237   __TI_decompress_rle24
20021508   __TI_dtors_ptr
20006cbb   __TI_printfi
2000fef3   __TI_readmsg
20010988   __TI_static_base__
2000fec5   __TI_writemsg
20010211   __TI_zero_init
2000fc59   __aeabi_cdcmpeq
2000fc59   __aeabi_cdcmple
2000fcdf   __aeabi_cdrcmple
20010085   __aeabi_d2iz
2000f227   __aeabi_dadd
2000f565   __aeabi_ddiv
2000f89d   __aeabi_dmul
2000f21d   __aeabi_dsub
20010195   __aeabi_i2d
200101c3   __aeabi_llsr
200101f9   __aeabi_lmul
2000fde5   __aeabi_memclr
2000fde5   __aeabi_memclr4
2000fde5   __aeabi_memclr8
2000fb29   __aeabi_memcpy
2000fb29   __aeabi_memcpy4
2000fb29   __aeabi_memcpy8
2000fde7   __aeabi_memset
2000fde7   __aeabi_memset4
2000fde7   __aeabi_memset8
2000f029   __aeabi_uldivmod
ffffffff   __binit__
ffffffff   __c_args__
2002f800   __stack
200101e1   _args_main
2001003d   _c_int00
2001023c   _ctypes_
200214fc   _lock
20006e93   _nop
20006e95   _sl_BuildAddress
200077c1   _sl_HandleAsync_Accept
20007411   _sl_HandleAsync_Connect
20008037   _sl_HandleAsync_DnsGetHostByAddr
20008171   _sl_HandleAsync_DnsGetHostByName
20007f6d   _sl_HandleAsync_DnsGetHostByService
2000cc19   _sl_HandleAsync_InitComplete
20008261   _sl_HandleAsync_PingResponse
20007b95   _sl_HandleAsync_Select
2000ccb9   _sl_HandleAsync_Stop
20006f8d   _sl_ParseAddress
20006ee3   _sl_TruncatePayloadByProtocol
20019000   _sys_memory
20021500   _unlock
20010115   abort
ffffffff   binit
2000f3d3   bufchar
2000becb   cc_SetupTransfer
2000bead   cc_UDMAChannelSelect
2000abfb   conect_to_AP
200100cd   copy_in
2001011d   exit
2000d03f   free
2001094c   g_H2NCnysPattern
20010944   g_H2NSyncPattern
200214e4   g_SpiFd
20021000   g_StatMem
20021300   g_cDummy
200214ec   g_len
2002150c   g_pCB
200214e0   g_pHostIntHdl
20021498   g_ucConnectionBSSID
2002149e   g_ucConnectionSSID
200214e8   g_ucDMAEnabled
20021298   g_ucDinDout
200214c0   g_ucLED1Pin
200214c1   g_ucLED2Pin
200214c2   g_ucLED3Pin
200214c4   g_uiLED1Port
200214c8   g_uiLED2Port
200214cc   g_uiLED3Port
20021350   g_uiPBCount
20021494   g_ulGatewayIP
20021490   g_ulStaIp
2002148c   g_ulStatus
20021488   g_usConnectIndex
20021356   g_usTimerInts
20021354   interupt_flag
2000ffe1   ltoa
2000b083   main
20021514   main_func_sp
2000d3b5   malloc
2000c925   mem_Free
2000c919   mem_Malloc
2000c945   mem_copy
2000c931   mem_set
2000fb29   memcpy
2000fded   memset
2000d395   minit
2000cab5   osi_ContextRestore
2000cab3   osi_ContextSave
2000c959   osi_EnterCritical
2000c969   osi_ExitCritical
2000c63b   osi_InterruptDeRegister
2000c5e3   osi_InterruptRegister
2000c73d   osi_LockObjCreate
2000c7e5   osi_LockObjDelete
2000c7f3   osi_LockObjLock
2000c84b   osi_LockObjUnlock
2000c975   osi_MsgQCreate
2000c9a9   osi_MsgQDelete
2000ca17   osi_MsgQRead
2000c9b7   osi_MsgQWrite
2000ca77   osi_Sleep
2000c85b   osi_Spawn
2000c725   osi_SyncObjClear
2000c657   osi_SyncObjCreate
2000c69f   osi_SyncObjDelete
2000c6ad   osi_SyncObjSignal
2000c6bd   osi_SyncObjSignalFromISR
2000c6cd   osi_SyncObjWait
2000c77f   osi_TaskCreate
2000c7d9   osi_TaskDelete
2000ca97   osi_TaskDisable
2000ca9f   osi_TaskEnable
2000caab   osi_start
20021510   pPingCallBackFunc
20010748   pcDigits
20021388   pcEmailmessage
20021408   pcRecivemessage
20021308   pui32AES128Key
20021318   pui32AES192Key
20021330   pui32AES256Key
2000d239   realloc
20021304   simpleLink_mailbox
200075e5   sl_Accept
20007057   sl_Bind
20007033   sl_Close
200072e5   sl_Connect
2000ce91   sl_DevGet
2000cf2b   sl_DevSet
2000ce61   sl_EventMaskGet
2000ce2b   sl_EventMaskSet
20007919   sl_GetSockOpt
20007741   sl_Htonl
20007781   sl_Htons
200075a9   sl_Listen
20008045   sl_NetAppDnsGetHostByName
20007e51   sl_NetAppDnsGetHostByService
20008535   sl_NetAppGet
20007c5d   sl_NetAppGetServiceList
20007dd7   sl_NetAppMDNSRegisterService
20007d27   sl_NetAppMDNSRegisterUnregisterService
20007e13   sl_NetAppMDNSUnRegisterService
20008311   sl_NetAppPingStart
200084d5   sl_NetAppSendTokenValue
2000846d   sl_NetAppSet
20007c1d   sl_NetAppStart
20007c3d   sl_NetAppStop
2000f7ff   sl_NetCfgGet
2000f79d   sl_NetCfgSet
20007849   sl_Recv
200071d9   sl_RecvFrom
200079a9   sl_Select
200074b1   sl_Send
200070d5   sl_SendTo
200078b9   sl_SetSockOpt
20006fe7   sl_Socket
2000cb2f   sl_Start
2000cd2b   sl_Stop
200086d1   sl_WlanConnect
200088f3   sl_WlanDisconnect
20009079   sl_WlanGet
20008d65   sl_WlanGetNetworkList
20008965   sl_WlanPolicyGet
200088ff   sl_WlanPolicySet
20008a05   sl_WlanProfileAdd
20008d3b   sl_WlanProfileDel
20008c61   sl_WlanProfileGet
20008dcd   sl_WlanRxFilterAdd
20008e87   sl_WlanRxFilterGet
20008e37   sl_WlanRxFilterSet
20008f11   sl_WlanRxStatGet
20008ef9   sl_WlanRxStatStart
20008f05   sl_WlanRxStatStop
20009009   sl_WlanSet
20008fdd   sl_WlanSetMode
20008f55   sl_WlanSmartConfigStart
20008f43   sl_WlanSmartConfigStop
2000bbd1   spi_Close
2000bad7   spi_Open
2000bc41   spi_Read
2000b8e9   spi_Read_CPU
2000bd09   spi_Write
2000b957   spi_Write_CPU
UNDEFED    ti_sysbios_BIOS_start__E
UNDEFED    ti_sysbios_family_arm_m3_Hwi_Params__init__S
UNDEFED    ti_sysbios_family_arm_m3_Hwi_create
UNDEFED    ti_sysbios_family_arm_m3_Hwi_delete
UNDEFED    ti_sysbios_family_arm_m3_Hwi_disableFxn__E
UNDEFED    ti_sysbios_family_arm_m3_Hwi_getHandle__E
UNDEFED    ti_sysbios_family_arm_m3_Hwi_restoreFxn__E
UNDEFED    ti_sysbios_family_arm_m3_Hwi_setPriority__E
UNDEFED    ti_sysbios_knl_Clock_tickPeriod__C
UNDEFED    ti_sysbios_knl_Mailbox_create
UNDEFED    ti_sysbios_knl_Mailbox_delete
UNDEFED    ti_sysbios_knl_Mailbox_pend__E
UNDEFED    ti_sysbios_knl_Mailbox_post__E
UNDEFED    ti_sysbios_knl_Semaphore_Params__init__S
UNDEFED    ti_sysbios_knl_Semaphore_create
UNDEFED    ti_sysbios_knl_Semaphore_delete
UNDEFED    ti_sysbios_knl_Semaphore_pend__E
UNDEFED    ti_sysbios_knl_Semaphore_post__E
UNDEFED    ti_sysbios_knl_Task_Params__init__S
UNDEFED    ti_sysbios_knl_Task_create
UNDEFED    ti_sysbios_knl_Task_delete
UNDEFED    ti_sysbios_knl_Task_disable__E
UNDEFED    ti_sysbios_knl_Task_restore__E
UNDEFED    ti_sysbios_knl_Task_sleep__E
2000d8d9   uDMAChannelAssign
2000d589   uDMAChannelAttributeDisable
2000d535   uDMAChannelAttributeEnable
2000d5dd   uDMAChannelAttributeGet
2000d64d   uDMAChannelControlSet
2000d4c7   uDMAChannelDisable
2000d4af   uDMAChannelEnable
2000d4df   uDMAChannelIsEnabled
2000d851   uDMAChannelModeGet
2000d51d   uDMAChannelRequest
2000d781   uDMAChannelScatterGatherSet
2000d809   uDMAChannelSizeGet
2000d689   uDMAChannelTransferSet
2000d517   uDMAControlAlternateBaseGet
2000d511   uDMAControlBaseGet
2000d501   uDMAControlBaseSet
2000d499   uDMADisable
2000d491   uDMAEnable
2000d4a7   uDMAErrorStatusClear
2000d4a1   uDMAErrorStatusGet
2000d8c5   uDMAIntClear
2000d897   uDMAIntRegister
2000d8bf   uDMAIntStatus
2000d8ad   uDMAIntUnregister
20021358   uiUartCmd
2000fdb5   vsnprintf
2000f46b   writeChar
2000f4bb   writeInt
2000f4d7   writeMQTTString
UNDEFED    xdc_runtime_Error_init__E


GLOBAL SYMBOLS: SORTED BY Symbol Address 

address    name
--------   ----
00000001   __TI_args_main
00000800   __STACK_SIZE
00008000   __SYSMEM_SIZE
20004001   _SlDrvDriverCBInit
200040bf   _SlDrvDriverCBDeinit
2000414b   _SlDrvRxIrqHandler
2000418b   _SlDrvCmdOp
200041ff   _SlDrvCmdSend
20004245   _SlDrvDataReadOp
20004405   _SlDrvDataWriteOp
20004595   _SlDrvMsgWrite
20004755   _SlDrvMsgRead
20004d09   _SlAsyncEventGenericHandler
200051b3   _SlDrvMsgReadCmdCtx
20005299   _SlDrvMsgReadSpawnCtx
20005367   _SlDrvClassifyRxMsg
20005469   _SlDrvShiftDWord
200054b1   _SlDrvRxHdrRead
2000566d   _SlDrvBasicCmd
200056d1   _SlDrvWaitForPoolObj
200058b5   _SlDrvReleasePoolObj
20005aaf   _SlDrvObjInit
20005b2b   _SlDrvObjDeInit
20005b4b   _SlRemoveFromList
20005c05   _SlFindAndSetActiveObj
20006cbb   __TI_printfi
20006e93   _nop
20006e95   _sl_BuildAddress
20006ee3   _sl_TruncatePayloadByProtocol
20006f8d   _sl_ParseAddress
20006fe7   sl_Socket
20007033   sl_Close
20007057   sl_Bind
200070d5   sl_SendTo
200071d9   sl_RecvFrom
200072e5   sl_Connect
20007411   _sl_HandleAsync_Connect
200074b1   sl_Send
200075a9   sl_Listen
200075e5   sl_Accept
20007741   sl_Htonl
20007781   sl_Htons
200077c1   _sl_HandleAsync_Accept
20007849   sl_Recv
200078b9   sl_SetSockOpt
20007919   sl_GetSockOpt
200079a9   sl_Select
20007b17   SL_FD_SET
20007b35   SL_FD_CLR
20007b59   SL_FD_ISSET
20007b7d   SL_FD_ZERO
20007b95   _sl_HandleAsync_Select
20007c1d   sl_NetAppStart
20007c3d   sl_NetAppStop
20007c5d   sl_NetAppGetServiceList
20007d27   sl_NetAppMDNSRegisterUnregisterService
20007dd7   sl_NetAppMDNSRegisterService
20007e13   sl_NetAppMDNSUnRegisterService
20007e51   sl_NetAppDnsGetHostByService
20007f6d   _sl_HandleAsync_DnsGetHostByService
20008037   _sl_HandleAsync_DnsGetHostByAddr
20008045   sl_NetAppDnsGetHostByName
20008171   _sl_HandleAsync_DnsGetHostByName
20008225   CopyPingResultsToReport
20008261   _sl_HandleAsync_PingResponse
20008311   sl_NetAppPingStart
2000846d   sl_NetAppSet
200084d5   sl_NetAppSendTokenValue
20008535   sl_NetAppGet
200085c1   _SlDrvNetAppEventHandler
200086d1   sl_WlanConnect
200088f3   sl_WlanDisconnect
200088ff   sl_WlanPolicySet
20008965   sl_WlanPolicyGet
20008a05   sl_WlanProfileAdd
20008c61   sl_WlanProfileGet
20008d3b   sl_WlanProfileDel
20008d65   sl_WlanGetNetworkList
20008dcd   sl_WlanRxFilterAdd
20008e37   sl_WlanRxFilterSet
20008e87   sl_WlanRxFilterGet
20008ef9   sl_WlanRxStatStart
20008f05   sl_WlanRxStatStop
20008f11   sl_WlanRxStatGet
20008f43   sl_WlanSmartConfigStop
20008f55   sl_WlanSmartConfigStart
20008fdd   sl_WlanSetMode
20009009   sl_WlanSet
20009079   sl_WlanGet
2000912d   PRCMSOCReset
20009139   PRCMMCUReset
20009159   PRCMSysResetCauseGet
2000917d   PRCMPeripheralClkEnable
200091a9   PRCMPeripheralClkDisable
200091c9   PRCMPeripheralClockGet
20009247   PRCMPeripheralReset
20009295   PRCMPeripheralStatusGet
200092bf   PRCMI2SClockFreqSet
2000930f   PRCMLPDSRestoreInfoSet
20009327   PRCMLPDSEnter
20009357   PRCMLPDSWakeupSourceEnable
20009379   PRCMLPDSWakeupSourceDisable
2000938d   PRCMLPDSWakeupCauseGet
20009393   PRCMLPDSIntervalSet
200093b5   PRCMLPDSWakeUpGPIOSelect
200093d1   PRCMSleepEnter
200093d9   PRCMDeepSleepEnter
20009409   PRCMSRAMRetentionEnable
20009441   PRCMSRAMRetentionDisable
20009475   PRCMHibernateWakeupSourceEnable
2000949b   PRCMHibernateWakeupSourceDisable
200094c1   PRCMHibernateWakeupCauseGet
200094dd   PRCMHibernateIntervalSet
20009551   PRCMHibernateWakeUpGPIOSelect
200095a3   PRCMHibernateEnter
200095b3   PRCMSlowClkCtrGet
200095ed   PRCMSlowClkCtrMatchSet
20009615   PRCMSlowClkCtrMatchGet
20009655   PRCMOCRRegisterWrite
2000966f   PRCMOCRRegisterRead
20009689   PRCMIntRegister
2000969d   PRCMIntUnregister
200096b1   PRCMIntEnable
200096e5   PRCMIntDisable
20009709   PRCMIntStatus
2000970f   PRCMRTCInUseSet
20009721   PRCMRTCInUseGet
20009741   PRCMRTCSet
200097d1   PRCMRTCGet
20009869   PRCMRTCMatchSet
20009905   PRCMRTCMatchGet
200099a1   PRCMCC3200MCUInit
20009ab9   Network_IF_ResetMCUStateMachine
20009ac7   InitializeAppVariables
20009af3   ConfigureSimpleLinkToDefaultState
20009c69   Network_IF_InitDriver
20009cad   Network_IF_DisconnectFromAP
20009d39   Network_IF_ConnectAP
2000a085   SimpleLinkWlanEventHandler
2000a1a7   SimpleLinkSockEventHandler
2000a1ab   SimpleLinkNetAppEventHandler
2000a1f3   SimpleLinkHttpServerCallback
2000a6b3   SPIEnable
2000a6cb   SPIDisable
2000a6e3   SPIDmaEnable
2000a6fd   SPIDmaDisable
2000a717   SPIReset
2000a739   SPIConfigSetExpClk
2000a7dd   SPIDataGetNonBlocking
2000a807   SPIDataGet
2000a827   SPIDataPutNonBlocking
2000a84f   SPIDataPut
2000a86d   SPIFIFOEnable
2000a887   SPIFIFODisable
2000a8a1   SPIFIFOLevelSet
2000a8d5   SPIFIFOLevelGet
2000a909   SPIWordCountSet
2000a931   SPIIntRegister
2000a955   SPIIntUnregister
2000a96f   SPIIntEnable
2000a9b3   SPIIntDisable
2000a9fd   SPIIntStatus
2000aa6b   SPIIntClear
2000aaa9   SPICSEnable
2000aac1   SPICSDisable
2000aad9   SPITransfer
2000ab79   PushButtonHandler
2000abb3   TimerPeriodicIntHandler
2000abfb   conect_to_AP
2000acdb   MQTT_payload_string
2000aec1   Send_MQTT
2000b083   main
2000b2b7   I2CMasterInitExpClk
2000b329   I2CSlaveInit
2000b343   I2CSlaveAddressSet
2000b381   I2CMasterEnable
2000b397   I2CSlaveEnable
2000b3b5   I2CMasterDisable
2000b3cb   I2CSlaveDisable
2000b3e9   I2CIntRegister
2000b407   I2CIntUnregister
2000b421   I2CMasterIntEnable
2000b431   I2CMasterIntEnableEx
2000b449   I2CSlaveIntEnable
2000b461   I2CSlaveIntEnableEx
2000b47b   I2CMasterIntDisable
2000b48b   I2CMasterIntDisableEx
2000b4a3   I2CSlaveIntDisable
2000b4bb   I2CSlaveIntDisableEx
2000b4d5   I2CMasterIntStatus
2000b50f   I2CMasterIntStatusEx
2000b535   I2CSlaveIntStatus
2000b579   I2CSlaveIntStatusEx
2000b5a1   I2CMasterIntClear
2000b5b7   I2CMasterIntClearEx
2000b5d1   I2CSlaveIntClear
2000b5e3   I2CSlaveIntClearEx
2000b5f7   I2CMasterSlaveAddrSet
2000b619   I2CMasterLineStateGet
2000b627   I2CMasterBusy
2000b63f   I2CMasterBusBusy
2000b657   I2CMasterControl
2000b669   I2CMasterErr
2000b695   I2CMasterDataPut
2000b6ab   I2CMasterDataGet
2000b6b9   I2CMasterTimeoutSet
2000b6cb   I2CSlaveACKOverride
2000b6fd   I2CSlaveACKValueSet
2000b72f   I2CSlaveStatus
2000b73f   I2CSlaveDataPut
2000b757   I2CSlaveDataGet
2000b767   I2CTxFIFOConfigSet
2000b78f   I2CTxFIFOFlush
2000b7a7   I2CRxFIFOConfigSet
2000b7cf   I2CRxFIFOFlush
2000b7e7   I2CFIFOStatus
2000b7f7   I2CFIFODataPut
2000b819   I2CFIFODataPutNonBlocking
2000b841   I2CFIFODataGet
2000b85b   I2CFIFODataGetNonBlocking
2000b881   I2CMasterBurstLengthSet
2000b897   I2CMasterBurstCountGet
2000b8a5   I2CMasterGlitchFilterConfigSet
2000b8bd   I2CSlaveFIFOEnable
2000b8d5   I2CSlaveFIFODisable
2000b8e9   spi_Read_CPU
2000b957   spi_Write_CPU
2000b9c5   DmaSpiSwIntHandler
2000b9e3   SetupDMAReceive
2000ba5d   SetupDMASend
2000bad7   spi_Open
2000bbd1   spi_Close
2000bc41   spi_Read
2000bd09   spi_Write
2000bd71   HostIntHanlder
2000bd85   NwpRegisterInterruptHandler
2000bdb7   NwpMaskInterrupt
2000bdc5   NwpUnMaskInterrupt
2000bddd   NwpPowerOnPreamble
2000be4d   NwpPowerOn
2000be7d   NwpPowerOff
2000bead   cc_UDMAChannelSelect
2000becb   cc_SetupTransfer
2000bf51   AESConfigSet
2000bf73   AESKey1Set
2000bfcd   AESKey2Set
2000c027   AESKey3Set
2000c053   AESIVSet
2000c07f   AESTagRead
2000c0ab   AESDataLengthSet
2000c0cb   AESAuthDataLengthSet
2000c0dd   AESDataReadNonBlocking
2000c157   AESDataRead
2000c1cb   AESDataWriteNonBlocking
2000c251   AESDataWrite
2000c2d1   AESDataProcess
2000c363   AESDataMAC
2000c3e1   AESDataProcessAE
2000c475   AESIntStatus
2000c4c3   AESIntEnable
2000c4ef   AESIntDisable
2000c51b   AESIntClear
2000c531   AESIntRegister
2000c547   AESIntUnregister
2000c559   AESDMAEnable
2000c571   AESDMADisable
2000c5e3   osi_InterruptRegister
2000c63b   osi_InterruptDeRegister
2000c657   osi_SyncObjCreate
2000c69f   osi_SyncObjDelete
2000c6ad   osi_SyncObjSignal
2000c6bd   osi_SyncObjSignalFromISR
2000c6cd   osi_SyncObjWait
2000c725   osi_SyncObjClear
2000c73d   osi_LockObjCreate
2000c77f   osi_TaskCreate
2000c7d9   osi_TaskDelete
2000c7e5   osi_LockObjDelete
2000c7f3   osi_LockObjLock
2000c84b   osi_LockObjUnlock
2000c85b   osi_Spawn
2000c8b1   VStartSimpleLinkSpawnTask
2000c909   VDeleteSimpleLinkSpawnTask
2000c919   mem_Malloc
2000c925   mem_Free
2000c931   mem_set
2000c945   mem_copy
2000c959   osi_EnterCritical
2000c969   osi_ExitCritical
2000c975   osi_MsgQCreate
2000c9a9   osi_MsgQDelete
2000c9b7   osi_MsgQWrite
2000ca17   osi_MsgQRead
2000ca77   osi_Sleep
2000ca97   osi_TaskDisable
2000ca9f   osi_TaskEnable
2000caab   osi_start
2000cab3   osi_ContextSave
2000cab5   osi_ContextRestore
2000cad9   GetStartResponseConvert
2000cb2f   sl_Start
2000cc19   _sl_HandleAsync_InitComplete
2000ccb9   _sl_HandleAsync_Stop
2000cd2b   sl_Stop
2000ce2b   sl_EventMaskSet
2000ce61   sl_EventMaskGet
2000ce91   sl_DevGet
2000cf2b   sl_DevSet
2000cf8d   _SlDrvDeviceEventHandler
2000d03f   free
2000d239   realloc
2000d395   minit
2000d3b5   malloc
2000d491   uDMAEnable
2000d499   uDMADisable
2000d4a1   uDMAErrorStatusGet
2000d4a7   uDMAErrorStatusClear
2000d4af   uDMAChannelEnable
2000d4c7   uDMAChannelDisable
2000d4df   uDMAChannelIsEnabled
2000d501   uDMAControlBaseSet
2000d511   uDMAControlBaseGet
2000d517   uDMAControlAlternateBaseGet
2000d51d   uDMAChannelRequest
2000d535   uDMAChannelAttributeEnable
2000d589   uDMAChannelAttributeDisable
2000d5dd   uDMAChannelAttributeGet
2000d64d   uDMAChannelControlSet
2000d689   uDMAChannelTransferSet
2000d781   uDMAChannelScatterGatherSet
2000d809   uDMAChannelSizeGet
2000d851   uDMAChannelModeGet
2000d897   uDMAIntRegister
2000d8ad   uDMAIntUnregister
2000d8bf   uDMAIntStatus
2000d8c5   uDMAIntClear
2000d8d9   uDMAChannelAssign
2000d971   UARTParityModeSet
2000d98d   UARTParityModeGet
2000d99f   UARTFIFOLevelSet
2000d9b7   UARTFIFOLevelGet
2000d9df   UARTConfigSetExpClk
2000da55   UARTConfigGetExpClk
2000daa1   UARTEnable
2000dac5   UARTDisable
2000daef   UARTFIFOEnable
2000db05   UARTFIFODisable
2000db1b   UARTModemControlSet
2000db3f   UARTModemControlClear
2000db63   UARTModemControlGet
2000db75   UARTModemStatusGet
2000db87   UARTFlowControlSet
2000dba3   UARTFlowControlGet
2000dbb5   UARTTxIntModeSet
2000dbd1   UARTTxIntModeGet
2000dbe3   UARTCharsAvail
2000dbfb   UARTSpaceAvail
2000dc1d   UARTCharGetNonBlocking
2000dc39   UARTCharGet
2000dc4f   UARTCharPutNonBlocking
2000dc73   UARTCharPut
2000dc91   UARTBreakCtl
2000dcbb   UARTBusy
2000dcd3   UARTIntRegister
2000dcf1   UARTIntUnregister
2000dd0b   UARTIntEnable
2000dd23   UARTIntDisable
2000dd3b   UARTIntStatus
2000dd59   UARTIntClear
2000dd6b   UARTDMAEnable
2000dd83   UARTDMADisable
2000dd9b   UARTRxErrorGet
2000ddb1   UARTRxErrorClear
2000ddc1   TimerEnable
2000dddf   TimerDisable
2000ddfd   TimerConfigure
2000de37   TimerControlLevel
2000de6d   TimerControlEvent
2000de99   TimerControlStall
2000decf   TimerPrescaleSet
2000def9   TimerPrescaleGet
2000df15   TimerPrescaleMatchSet
2000df3f   TimerPrescaleMatchGet
2000df5b   TimerLoadSet
2000df85   TimerLoadGet
2000dfa1   TimerValueGet
2000dfbd   TimerMatchSet
2000dfe7   TimerMatchGet
2000e003   TimerIntRegister
2000e06d   TimerIntUnregister
2000e0c9   TimerIntEnable
2000e0e1   TimerIntDisable
2000e0f9   TimerIntStatus
2000e11d   TimerIntClear
2000e12f   TimerDMAEventSet
2000e141   TimerDMAEventGet
2000e15f   IntMasterEnable
2000e169   IntMasterDisable
2000e173   IntVTableBaseSet
2000e183   IntRegister
2000e19f   IntUnregister
2000e1b9   IntPriorityGroupingSet
2000e1d3   IntPriorityGroupingGet
2000e20b   IntPrioritySet
2000e25b   IntPriorityGet
2000e27f   IntEnable
2000e319   IntDisable
2000e3b3   IntPendSet
2000e441   IntPendClear
2000e499   IntPriorityMaskSet
2000e4a5   IntPriorityMaskGet
2000e515   GPIODirModeSet
2000e54b   GPIODirModeGet
2000e57d   GPIOIntTypeSet
2000e5ff   GPIOIntTypeGet
2000e665   GPIOIntEnable
2000e67f   GPIOIntDisable
2000e699   GPIOIntStatus
2000e6bb   GPIOIntClear
2000e6cf   GPIOIntRegister
2000e6ed   GPIOIntUnregister
2000e707   GPIOPinRead
2000e71f   GPIOPinWrite
2000e73f   GPIODMATriggerEnable
2000e797   GPIODMATriggerDisable
2000e801   FlashDisable
2000e837   FlashErase
2000e871   FlashEraseNonBlocking
2000e88f   FlashMassErase
2000e8bb   FlashMassEraseNonBlocking
2000e8cb   FlashProgram
2000e94d   FlashProgramNonBlocking
2000e9cf   FlashProtectGet
2000ea45   FlashIntRegister
2000ea59   FlashIntUnregister
2000ea69   FlashIntEnable
2000ea7d   FlashIntDisable
2000ea91   FlashIntStatus
2000eaad   FlashIntClear
2000eb01   MQTTSerialize_connectLength
2000eb77   MQTTSerialize_connect
2000eda5   PinModeSet
2000eddd   PinModeGet
2000ee07   PinDirModeSet
2000ee3b   PinDirModeGet
2000ee65   PinConfigGet
2000eea3   PinConfigSet
2000ef1f   PinTypeUART
2000ef39   PinTypeI2C
2000ef55   PinTypeSPI
2000ef6f   PinTypeI2S
2000ef89   PinTypeTimer
2000efa3   PinTypeCamera
2000efbd   PinTypeGPIO
2000efed   PinTypeADC
2000f001   PinTypeSDHost
2000f029   __aeabi_uldivmod
2000f21d   __aeabi_dsub
2000f227   __aeabi_dadd
2000f3d3   bufchar
2000f40d   MQTTPacket_len
2000f449   MQTTstrlen
2000f46b   writeChar
2000f477   MQTTPacket_encode
2000f4bb   writeInt
2000f4d7   writeMQTTString
2000f565   __aeabi_ddiv
2000f69b   MQTTSerialize_publishLength
2000f6b9   MQTTSerialize_publish
2000f79d   sl_NetCfgSet
2000f7ff   sl_NetCfgGet
2000f89d   __aeabi_dmul
2000f999   Message
2000f9b9   Report
2000fa83   PinMuxConfig
2000fb29   __aeabi_memcpy
2000fb29   __aeabi_memcpy4
2000fb29   __aeabi_memcpy8
2000fb29   memcpy
2000fbc5   __TI_auto_init
2000fc59   __aeabi_cdcmpeq
2000fc59   __aeabi_cdcmple
2000fcdf   __aeabi_cdrcmple
2000fdb5   vsnprintf
2000fde5   __aeabi_memclr
2000fde5   __aeabi_memclr4
2000fde5   __aeabi_memclr8
2000fde7   __aeabi_memset
2000fde7   __aeabi_memset4
2000fde7   __aeabi_memset8
2000fded   memset
2000fe5d   _SlDrvFlowContInit
2000fe8f   _SlDrvFlowContDeinit
2000fec5   __TI_writemsg
2000feef   C$$IO$$
2000fef3   __TI_readmsg
2000ff25   CPUcpsid
2000ff39   CPUprimask
2000ff43   CPUcpsie
2000ff57   CPUwfi
2000ff63   CPUbasepriSet
2000ff79   CPUbasepriGet
2000ffe1   ltoa
2001003d   _c_int00
20010085   __aeabi_d2iz
200100cd   copy_in
20010111   C$$EXIT
20010115   abort
2001011d   exit
20010155   HOSTtime
20010195   __aeabi_i2d
200101c3   __aeabi_llsr
200101e1   _args_main
200101f9   __aeabi_lmul
20010211   __TI_zero_init
20010223   __TI_decompress_none
20010231   UtilsDelay
20010237   __TI_decompress_rle24
2001023c   _ctypes_
20010748   pcDigits
20010810   _SlPolicySetCmdCtrl
20010814   _SlPolicyGetCmdCtrl
20010818   _SlProfileGetCmdCtrl
2001081c   _SlProfileDelCmdCtrl
20010820   _SlWlanGetNetworkListCtrl
20010824   _SlRxFilterAddtCmdCtrl
20010828   _SlRxFilterSetCmdCtrl
2001082c   _SlRxFilterGetCmdCtrl
20010830   _SlSmartConfigStartCmdCtrl
20010834   _SlWlanSetModeCmdCtrl
20010838   _SlWlanCfgSetCmdCtrl
2001083c   _SlWlanCfgGetCmdCtrl
2001084c   _SlActionLookupTable
20010884   _SlSockSocketCmdCtrl
20010888   _SlSockCloseCmdCtrl
2001088c   _SlRecvfomCmdCtrl
20010890   _SlSendCmdCtrl
20010894   _SlListenCmdCtrl
20010898   _SlAcceptCmdCtrl
2001089c   _SlRecvCmdCtrl
200108a0   _SlSetSockOptCmdCtrl
200108a4   _SlGetSockOptCmdCtrl
200108a8   _SlSelectCmdCtrl
200108b8   _SlNetAppStartCtrl
200108bc   _SlNetAppStopCtrl
200108c0   _SlGetServiceListeCtrl
200108c4   _SlRegisterServiceCtrl
200108c8   _SlGetHostByServiceCtrl
200108cc   _SlGetHostByNameCtrl
200108d0   _SlNetAppSetCmdCtrl
200108d4   _SlNetAppSendTokenValueCmdCtrl
200108d8   _SlNetAppGetCmdCtrl
20010930   _SlStopCmdCtrl
20010934   _SlEventMaskSetCmdCtrl
20010938   _SlEventMaskGetCmdCtrl
2001093c   _SlDeviceGetCmdCtrl
20010940   _SlDeviceSetCmdCtrl
20010944   g_H2NSyncPattern
2001094c   g_H2NCnysPattern
2001097c   _SlNetCfgSetCmdCtrl
20010980   _SlNetCfgGetCmdCtrl
20010988   __TI_static_base__
20010a20   __TI_Handler_Table_Base
20010a2c   __TI_Handler_Table_Limit
20010a38   __TI_CINIT_Base
20010a48   __TI_CINIT_Limit
20019000   _sys_memory
20021000   g_StatMem
20021178   __CIOBUF_
20021298   g_ucDinDout
200212f0   DMAMsgQ
200212f4   SimpleLinkSpawnTaskHndl
20021300   g_cDummy
20021304   simpleLink_mailbox
20021308   pui32AES128Key
20021318   pui32AES192Key
20021330   pui32AES256Key
20021350   g_uiPBCount
20021354   interupt_flag
20021356   g_usTimerInts
20021358   uiUartCmd
2002135c   SecurityParams
20021368   Key
20021378   IV
20021388   pcEmailmessage
20021408   pcRecivemessage
20021488   g_usConnectIndex
2002148c   g_ulStatus
20021490   g_ulStaIp
20021494   g_ulGatewayIP
20021498   g_ucConnectionBSSID
2002149e   g_ucConnectionSSID
200214c0   g_ucLED1Pin
200214c1   g_ucLED2Pin
200214c2   g_ucLED3Pin
200214c4   g_uiLED1Port
200214c8   g_uiLED2Port
200214cc   g_uiLED3Port
200214e0   g_pHostIntHdl
200214e4   g_SpiFd
200214e8   g_ucDMAEnabled
200214ec   g_len
200214fc   _lock
20021500   _unlock
20021504   __TI_cleanup_ptr
20021508   __TI_dtors_ptr
2002150c   g_pCB
20021510   pPingCallBackFunc
20021514   main_func_sp
2002f800   __stack
20030000   __STACK_END
ffffffff   __binit__
ffffffff   __c_args__
ffffffff   binit
UNDEFED    SHT$$INIT_ARRAY$$Base
UNDEFED    SHT$$INIT_ARRAY$$Limit
UNDEFED    ti_sysbios_BIOS_start__E
UNDEFED    ti_sysbios_family_arm_m3_Hwi_Params__init__S
UNDEFED    ti_sysbios_family_arm_m3_Hwi_create
UNDEFED    ti_sysbios_family_arm_m3_Hwi_delete
UNDEFED    ti_sysbios_family_arm_m3_Hwi_disableFxn__E
UNDEFED    ti_sysbios_family_arm_m3_Hwi_getHandle__E
UNDEFED    ti_sysbios_family_arm_m3_Hwi_restoreFxn__E
UNDEFED    ti_sysbios_family_arm_m3_Hwi_setPriority__E
UNDEFED    ti_sysbios_knl_Clock_tickPeriod__C
UNDEFED    ti_sysbios_knl_Mailbox_create
UNDEFED    ti_sysbios_knl_Mailbox_delete
UNDEFED    ti_sysbios_knl_Mailbox_pend__E
UNDEFED    ti_sysbios_knl_Mailbox_post__E
UNDEFED    ti_sysbios_knl_Semaphore_Params__init__S
UNDEFED    ti_sysbios_knl_Semaphore_create
UNDEFED    ti_sysbios_knl_Semaphore_delete
UNDEFED    ti_sysbios_knl_Semaphore_pend__E
UNDEFED    ti_sysbios_knl_Semaphore_post__E
UNDEFED    ti_sysbios_knl_Task_Params__init__S
UNDEFED    ti_sysbios_knl_Task_create
UNDEFED    ti_sysbios_knl_Task_delete
UNDEFED    ti_sysbios_knl_Task_disable__E
UNDEFED    ti_sysbios_knl_Task_restore__E
UNDEFED    ti_sysbios_knl_Task_sleep__E
UNDEFED    xdc_runtime_Error_init__E

[641 symbols]
