<?xml version="1.0"?>
<link_info>
   <banner>TI ARM Linker PC v5.1.5</banner>
   <copyright>Copyright (c) 1996-2014 Texas Instruments Incorporated</copyright>
   <link_time>0x53e8a6d3</link_time>
   <link_errors>0x1</link_errors>
   <output_file>email.out</output_file>
   <entry_point>
      <name>_c_int00</name>
      <address>0x200100e9</address>
   </entry_point>
   <input_file_list>
      <input_file id="fl-146">
         <path>c:\ti\ccsv6\tools\compiler\arm_5.1.5\lib\</path>
         <kind>archive</kind>
         <file>rtsv7M4_T_le_v4SPD16_eabi.lib</file>
         <name>boot.obj</name>
      </input_file>
      <input_file id="fl-14a">
         <path>c:\ti\ccsv6\tools\compiler\arm_5.1.5\lib\</path>
         <kind>archive</kind>
         <file>rtsv7M4_T_le_v4SPD16_eabi.lib</file>
         <name>exit.obj</name>
      </input_file>
      <input_file id="fl-14b">
         <path>c:\ti\ccsv6\tools\compiler\arm_5.1.5\lib\</path>
         <kind>archive</kind>
         <file>rtsv7M4_T_le_v4SPD16_eabi.lib</file>
         <name>fd_add_t2.obj</name>
      </input_file>
      <input_file id="fl-14c">
         <path>c:\ti\ccsv6\tools\compiler\arm_5.1.5\lib\</path>
         <kind>archive</kind>
         <file>rtsv7M4_T_le_v4SPD16_eabi.lib</file>
         <name>fd_div_t2.obj</name>
      </input_file>
      <input_file id="fl-14d">
         <path>c:\ti\ccsv6\tools\compiler\arm_5.1.5\lib\</path>
         <kind>archive</kind>
         <file>rtsv7M4_T_le_v4SPD16_eabi.lib</file>
         <name>fd_mul_t2.obj</name>
      </input_file>
      <input_file id="fl-14e">
         <path>c:\ti\ccsv6\tools\compiler\arm_5.1.5\lib\</path>
         <kind>archive</kind>
         <file>rtsv7M4_T_le_v4SPD16_eabi.lib</file>
         <name>fd_tos_t2.obj</name>
      </input_file>
      <input_file id="fl-14f">
         <path>c:\ti\ccsv6\tools\compiler\arm_5.1.5\lib\</path>
         <kind>archive</kind>
         <file>rtsv7M4_T_le_v4SPD16_eabi.lib</file>
         <name>i_tofd_t2.obj</name>
      </input_file>
      <input_file id="fl-150">
         <path>c:\ti\ccsv6\tools\compiler\arm_5.1.5\lib\</path>
         <kind>archive</kind>
         <file>rtsv7M4_T_le_v4SPD16_eabi.lib</file>
         <name>memcpy_t2.obj</name>
      </input_file>
      <input_file id="fl-152">
         <path>c:\ti\ccsv6\tools\compiler\arm_5.1.5\lib\</path>
         <kind>archive</kind>
         <file>rtsv7M4_T_le_v4SPD16_eabi.lib</file>
         <name>memset_t2.obj</name>
      </input_file>
      <input_file id="fl-158">
         <path>c:\ti\ccsv6\tools\compiler\arm_5.1.5\lib\</path>
         <kind>archive</kind>
         <file>rtsv7M4_T_le_v4SPD16_eabi.lib</file>
         <name>trgmsg.obj</name>
      </input_file>
      <input_file id="fl-161">
         <path>c:\ti\ccsv6\tools\compiler\arm_5.1.5\lib\</path>
         <kind>archive</kind>
         <file>rtsv7M4_T_le_v4SPD16_eabi.lib</file>
         <name>args_main.obj</name>
      </input_file>
      <input_file id="fl-163">
         <path>c:\ti\ccsv6\tools\compiler\arm_5.1.5\lib\</path>
         <kind>archive</kind>
         <file>rtsv7M4_T_le_v4SPD16_eabi.lib</file>
         <name>auto_init.obj</name>
      </input_file>
      <input_file id="fl-164">
         <path>c:\ti\ccsv6\tools\compiler\arm_5.1.5\lib\</path>
         <kind>archive</kind>
         <file>rtsv7M4_T_le_v4SPD16_eabi.lib</file>
         <name>cpy_tbl.obj</name>
      </input_file>
      <input_file id="fl-167">
         <path>c:\ti\ccsv6\tools\compiler\arm_5.1.5\lib\</path>
         <kind>archive</kind>
         <file>rtsv7M4_T_le_v4SPD16_eabi.lib</file>
         <name>fd_cmp_t2.obj</name>
      </input_file>
      <input_file id="fl-168">
         <path>c:\ti\ccsv6\tools\compiler\arm_5.1.5\lib\</path>
         <kind>archive</kind>
         <file>rtsv7M4_T_le_v4SPD16_eabi.lib</file>
         <name>fd_toi_t2.obj</name>
      </input_file>
      <input_file id="fl-16a">
         <path>c:\ti\ccsv6\tools\compiler\arm_5.1.5\lib\</path>
         <kind>archive</kind>
         <file>rtsv7M4_T_le_v4SPD16_eabi.lib</file>
         <name>ll_mul_t2.obj</name>
      </input_file>
      <input_file id="fl-174">
         <path>c:\ti\ccsv6\tools\compiler\arm_5.1.5\lib\</path>
         <kind>archive</kind>
         <file>rtsv7M4_T_le_v4SPD16_eabi.lib</file>
         <name>ull_div_t2.obj</name>
      </input_file>
      <input_file id="fl-17a">
         <path>c:\ti\ccsv6\tools\compiler\arm_5.1.5\lib\</path>
         <kind>archive</kind>
         <file>rtsv7M4_T_le_v4SPD16_eabi.lib</file>
         <name>fs_tod_t2.obj</name>
      </input_file>
      <input_file id="fl-17c">
         <path>C:\ti\CC3200SDK\cc3200-sdk\example\email\ccs\..\..\..\oslib\ccs\ti_rtos\</path>
         <kind>archive</kind>
         <file>ti_rtos.a</file>
         <name>osi_tirtos.obj</name>
      </input_file>
      <input_file id="fl-17d">
         <path>C:\ti\CC3200SDK\cc3200-sdk\example\email\ccs\..\..\..\driverlib\ccs\Release\</path>
         <kind>archive</kind>
         <file>driverlib.a</file>
         <name>utils.obj</name>
      </input_file>
      <input_file id="fl-17e">
         <path>C:\ti\CC3200SDK\cc3200-sdk\example\email\ccs\..\..\..\driverlib\ccs\Release\</path>
         <kind>archive</kind>
         <file>driverlib.a</file>
         <name>uart.obj</name>
      </input_file>
      <input_file id="fl-17f">
         <path>C:\ti\CC3200SDK\cc3200-sdk\example\email\ccs\..\..\..\driverlib\ccs\Release\</path>
         <kind>archive</kind>
         <file>driverlib.a</file>
         <name>timer.obj</name>
      </input_file>
      <input_file id="fl-180">
         <path>C:\ti\CC3200SDK\cc3200-sdk\example\email\ccs\..\..\..\driverlib\ccs\Release\</path>
         <kind>archive</kind>
         <file>driverlib.a</file>
         <name>prcm.obj</name>
      </input_file>
      <input_file id="fl-181">
         <path>C:\ti\CC3200SDK\cc3200-sdk\example\email\ccs\..\..\..\driverlib\ccs\Release\</path>
         <kind>archive</kind>
         <file>driverlib.a</file>
         <name>pin.obj</name>
      </input_file>
      <input_file id="fl-182">
         <path>C:\ti\CC3200SDK\cc3200-sdk\example\email\ccs\..\..\..\driverlib\ccs\Release\</path>
         <kind>archive</kind>
         <file>driverlib.a</file>
         <name>interrupt.obj</name>
      </input_file>
      <input_file id="fl-183">
         <path>C:\ti\CC3200SDK\cc3200-sdk\example\email\ccs\..\..\..\driverlib\ccs\Release\</path>
         <kind>archive</kind>
         <file>driverlib.a</file>
         <name>i2c.obj</name>
      </input_file>
      <input_file id="fl-184">
         <path>C:\ti\CC3200SDK\cc3200-sdk\example\email\ccs\..\..\..\driverlib\ccs\Release\</path>
         <kind>archive</kind>
         <file>driverlib.a</file>
         <name>gpio.obj</name>
      </input_file>
      <input_file id="fl-185">
         <path>C:\ti\CC3200SDK\cc3200-sdk\example\email\ccs\..\..\..\driverlib\ccs\Release\</path>
         <kind>archive</kind>
         <file>driverlib.a</file>
         <name>flash.obj</name>
      </input_file>
      <input_file id="fl-186">
         <path>C:\ti\CC3200SDK\cc3200-sdk\example\email\ccs\..\..\..\driverlib\ccs\Release\</path>
         <kind>archive</kind>
         <file>driverlib.a</file>
         <name>cpu.obj</name>
      </input_file>
      <input_file id="fl-187">
         <path>C:\ti\CC3200SDK\cc3200-sdk\example\email\ccs\..\..\..\driverlib\ccs\Release\</path>
         <kind>archive</kind>
         <file>driverlib.a</file>
         <name>aes.obj</name>
      </input_file>
      <input_file id="fl-188">
         <path>C:\ti\CC3200SDK\cc3200-sdk\example\email\ccs\..\..\..\simplelink\ccs\OS\</path>
         <kind>archive</kind>
         <file>simplelink.a</file>
         <name>wlan.obj</name>
      </input_file>
      <input_file id="fl-189">
         <path>C:\ti\CC3200SDK\cc3200-sdk\example\email\ccs\..\..\..\simplelink\ccs\OS\</path>
         <kind>archive</kind>
         <file>simplelink.a</file>
         <name>socket.obj</name>
      </input_file>
      <input_file id="fl-18a">
         <path>C:\ti\CC3200SDK\cc3200-sdk\example\email\ccs\..\..\..\simplelink\ccs\OS\</path>
         <kind>archive</kind>
         <file>simplelink.a</file>
         <name>netcfg.obj</name>
      </input_file>
      <input_file id="fl-18b">
         <path>C:\ti\CC3200SDK\cc3200-sdk\example\email\ccs\..\..\..\simplelink\ccs\OS\</path>
         <kind>archive</kind>
         <file>simplelink.a</file>
         <name>netapp.obj</name>
      </input_file>
      <input_file id="fl-18c">
         <path>C:\ti\CC3200SDK\cc3200-sdk\example\email\ccs\..\..\..\simplelink\ccs\OS\</path>
         <kind>archive</kind>
         <file>simplelink.a</file>
         <name>driver.obj</name>
      </input_file>
      <input_file id="fl-18d">
         <path>C:\ti\CC3200SDK\cc3200-sdk\example\email\ccs\..\..\..\simplelink\ccs\OS\</path>
         <kind>archive</kind>
         <file>simplelink.a</file>
         <name>device.obj</name>
      </input_file>
      <input_file id="fl-18e">
         <path>C:\ti\CC3200SDK\cc3200-sdk\example\email\ccs\..\..\..\simplelink\ccs\OS\</path>
         <kind>archive</kind>
         <file>simplelink.a</file>
         <name>cc_pal.obj</name>
      </input_file>
      <input_file id="fl-18f">
         <path>C:\ti\CC3200SDK\cc3200-sdk\example\email\ccs\..\..\..\simplelink\ccs\OS\</path>
         <kind>archive</kind>
         <file>simplelink.a</file>
         <name>flowcont.obj</name>
      </input_file>
      <input_file id="fl-190">
         <path>c:\ti\ccsv6\tools\compiler\arm_5.1.5\lib\</path>
         <kind>archive</kind>
         <file>rtsv7M4_T_le_v4SPD16_eabi.lib</file>
         <name>ll_lsr_t2.obj</name>
      </input_file>
      <input_file id="fl-191">
         <path>C:\ti\CC3200SDK\cc3200-sdk\example\email\ccs\..\..\..\driverlib\ccs\Release\</path>
         <kind>archive</kind>
         <file>driverlib.a</file>
         <name>udma.obj</name>
      </input_file>
      <input_file id="fl-192">
         <path>C:\ti\CC3200SDK\cc3200-sdk\example\email\ccs\..\..\..\driverlib\ccs\Release\</path>
         <kind>archive</kind>
         <file>driverlib.a</file>
         <name>spi.obj</name>
      </input_file>
      <input_file id="fl-193">
         <path>C:\Users\pkrza\AppData\Local\Temp\</path>
         <kind>object</kind>
         <file>025682</file>
         <name>025682</name>
      </input_file>
      <input_file id="fl-194">
         <path>c:\ti\ccsv6\tools\compiler\arm_5.1.5\lib\</path>
         <kind>archive</kind>
         <file>rtsv7M4_T_le_v4SPD16_eabi.lib</file>
         <name>copy_decompress_none.obj</name>
      </input_file>
      <input_file id="fl-195">
         <path>c:\ti\ccsv6\tools\compiler\arm_5.1.5\lib\</path>
         <kind>archive</kind>
         <file>rtsv7M4_T_le_v4SPD16_eabi.lib</file>
         <name>copy_decompress_rle.obj</name>
      </input_file>
      <input_file id="fl-196">
         <path>c:\ti\ccsv6\tools\compiler\arm_5.1.5\lib\</path>
         <kind>archive</kind>
         <file>rtsv7M4_T_le_v4SPD16_eabi.lib</file>
         <name>copy_zero_init.obj</name>
      </input_file>
   </input_file_list>
   <object_component_list>
      <object_component id="oc-1ce">
         <name>.text</name>
         <load_address>0x20004000</load_address>
         <run_address>0x20004000</run_address>
         <size>0x1d7c</size>
         <input_file_ref idref="fl-18c"/>
      </object_component>
      <object_component id="oc-169">
         <name>.text</name>
         <load_address>0x20005d7c</load_address>
         <run_address>0x20005d7c</run_address>
         <size>0x1116</size>
         <input_file_ref idref="fl-160"/>
      </object_component>
      <object_component id="oc-14c">
         <name>.text</name>
         <load_address>0x20006e92</load_address>
         <run_address>0x20006e92</run_address>
         <size>0x2</size>
         <input_file_ref idref="fl-15f"/>
      </object_component>
      <object_component id="oc-115">
         <name>.text</name>
         <load_address>0x20006e94</load_address>
         <run_address>0x20006e94</run_address>
         <size>0xd88</size>
         <input_file_ref idref="fl-189"/>
      </object_component>
      <object_component id="oc-34f">
         <name>.text</name>
         <load_address>0x20007c1c</load_address>
         <run_address>0x20007c1c</run_address>
         <size>0xab4</size>
         <input_file_ref idref="fl-18b"/>
      </object_component>
      <object_component id="oc-180">
         <name>.text</name>
         <load_address>0x200086d0</load_address>
         <run_address>0x200086d0</run_address>
         <size>0xa5c</size>
         <input_file_ref idref="fl-188"/>
      </object_component>
      <object_component id="oc-104">
         <name>.text</name>
         <load_address>0x2000912c</load_address>
         <run_address>0x2000912c</run_address>
         <size>0x98c</size>
         <input_file_ref idref="fl-180"/>
      </object_component>
      <object_component id="oc-ff">
         <name>.text</name>
         <load_address>0x20009ab8</load_address>
         <run_address>0x20009ab8</run_address>
         <size>0x960</size>
         <input_file_ref idref="fl-7"/>
      </object_component>
      <object_component id="oc-3a5">
         <name>.text</name>
         <load_address>0x2000a418</load_address>
         <run_address>0x2000a418</run_address>
         <size>0x79c</size>
         <input_file_ref idref="fl-192"/>
      </object_component>
      <object_component id="oc-5c">
         <name>.text</name>
         <load_address>0x2000abb4</load_address>
         <run_address>0x2000abb4</run_address>
         <size>0x744</size>
         <input_file_ref idref="fl-8"/>
      </object_component>
      <object_component id="oc-139">
         <name>.text</name>
         <load_address>0x2000b2f8</load_address>
         <run_address>0x2000b2f8</run_address>
         <size>0x67a</size>
         <input_file_ref idref="fl-183"/>
      </object_component>
      <object_component id="oc-2a4">
         <name>.text</name>
         <load_address>0x2000b974</load_address>
         <run_address>0x2000b974</run_address>
         <size>0x668</size>
         <input_file_ref idref="fl-18e"/>
      </object_component>
      <object_component id="oc-124">
         <name>.text</name>
         <load_address>0x2000bfdc</load_address>
         <run_address>0x2000bfdc</run_address>
         <size>0x650</size>
         <input_file_ref idref="fl-187"/>
      </object_component>
      <object_component id="oc-109">
         <name>.text</name>
         <load_address>0x2000c62c</load_address>
         <run_address>0x2000c62c</run_address>
         <size>0x538</size>
         <input_file_ref idref="fl-17c"/>
      </object_component>
      <object_component id="oc-17b">
         <name>.text</name>
         <load_address>0x2000cb64</load_address>
         <run_address>0x2000cb64</run_address>
         <size>0x500</size>
         <input_file_ref idref="fl-18d"/>
      </object_component>
      <object_component id="oc-164">
         <name>.text</name>
         <load_address>0x2000d064</load_address>
         <run_address>0x2000d064</run_address>
         <size>0x4b8</size>
         <input_file_ref idref="fl-151"/>
      </object_component>
      <object_component id="oc-3b1">
         <name>.text</name>
         <load_address>0x2000d51c</load_address>
         <run_address>0x2000d51c</run_address>
         <size>0x4a4</size>
         <input_file_ref idref="fl-191"/>
      </object_component>
      <object_component id="oc-133">
         <name>.text</name>
         <load_address>0x2000d9c0</load_address>
         <run_address>0x2000d9c0</run_address>
         <size>0x48c</size>
         <input_file_ref idref="fl-17e"/>
      </object_component>
      <object_component id="oc-f6">
         <name>.text</name>
         <load_address>0x2000de4c</load_address>
         <run_address>0x2000de4c</run_address>
         <size>0x39c</size>
         <input_file_ref idref="fl-17f"/>
      </object_component>
      <object_component id="oc-129">
         <name>.text</name>
         <load_address>0x2000e1e8</load_address>
         <run_address>0x2000e1e8</run_address>
         <size>0x370</size>
         <input_file_ref idref="fl-182"/>
      </object_component>
      <object_component id="oc-ec">
         <name>.text</name>
         <load_address>0x2000e558</load_address>
         <run_address>0x2000e558</run_address>
         <size>0x334</size>
         <input_file_ref idref="fl-184"/>
      </object_component>
      <object_component id="oc-196">
         <name>.text</name>
         <load_address>0x2000e88c</load_address>
         <run_address>0x2000e88c</run_address>
         <size>0x300</size>
         <input_file_ref idref="fl-185"/>
      </object_component>
      <object_component id="oc-11a">
         <name>.text</name>
         <load_address>0x2000eb8c</load_address>
         <run_address>0x2000eb8c</run_address>
         <size>0x2a6</size>
         <input_file_ref idref="fl-15"/>
      </object_component>
      <object_component id="oc-205">
         <name>.text</name>
         <load_address>0x2000ee34</load_address>
         <run_address>0x2000ee34</run_address>
         <size>0x284</size>
         <input_file_ref idref="fl-181"/>
      </object_component>
      <object_component id="oc-18e">
         <name>.text</name>
         <load_address>0x2000f0b8</load_address>
         <run_address>0x2000f0b8</run_address>
         <size>0x1f4</size>
         <input_file_ref idref="fl-174"/>
      </object_component>
      <object_component id="oc-290">
         <name>.text</name>
         <load_address>0x2000f2ac</load_address>
         <run_address>0x2000f2ac</run_address>
         <size>0x1b6</size>
         <input_file_ref idref="fl-14b"/>
      </object_component>
      <object_component id="oc-1e8">
         <name>.text</name>
         <load_address>0x2000f462</load_address>
         <run_address>0x2000f462</run_address>
         <size>0x192</size>
         <input_file_ref idref="fl-12"/>
      </object_component>
      <object_component id="oc-27b">
         <name>.text</name>
         <load_address>0x2000f5f4</load_address>
         <run_address>0x2000f5f4</run_address>
         <size>0x136</size>
         <input_file_ref idref="fl-14c"/>
      </object_component>
      <object_component id="oc-11f">
         <name>.text</name>
         <load_address>0x2000f72a</load_address>
         <run_address>0x2000f72a</run_address>
         <size>0x102</size>
         <input_file_ref idref="fl-11"/>
      </object_component>
      <object_component id="oc-185">
         <name>.text</name>
         <load_address>0x2000f82c</load_address>
         <run_address>0x2000f82c</run_address>
         <size>0x100</size>
         <input_file_ref idref="fl-18a"/>
      </object_component>
      <object_component id="oc-277">
         <name>.text</name>
         <load_address>0x2000f92c</load_address>
         <run_address>0x2000f92c</run_address>
         <size>0xfc</size>
         <input_file_ref idref="fl-14d"/>
      </object_component>
      <object_component id="oc-f1">
         <name>.text</name>
         <load_address>0x2000fa28</load_address>
         <run_address>0x2000fa28</run_address>
         <size>0xee</size>
         <input_file_ref idref="fl-2"/>
      </object_component>
      <object_component id="oc-12e">
         <name>.text</name>
         <load_address>0x2000fb16</load_address>
         <run_address>0x2000fb16</run_address>
         <size>0xbc</size>
         <input_file_ref idref="fl-6"/>
      </object_component>
      <object_component id="oc-35">
         <name>.text</name>
         <load_address>0x2000fbd2</load_address>
         <run_address>0x2000fbd2</run_address>
         <size>0x9c</size>
         <input_file_ref idref="fl-150"/>
      </object_component>
      <object_component id="oc-24">
         <name>.text</name>
         <load_address>0x2000fc70</load_address>
         <run_address>0x2000fc70</run_address>
         <size>0x94</size>
         <input_file_ref idref="fl-163"/>
      </object_component>
      <object_component id="oc-273">
         <name>.text:__aeabi_cdcmple</name>
         <load_address>0x2000fd04</load_address>
         <run_address>0x2000fd04</run_address>
         <size>0x86</size>
         <input_file_ref idref="fl-167"/>
      </object_component>
      <object_component id="oc-27f">
         <name>.text:__aeabi_cdrcmple</name>
         <load_address>0x2000fd8a</load_address>
         <run_address>0x2000fd8a</run_address>
         <size>0x86</size>
         <input_file_ref idref="fl-167"/>
      </object_component>
      <object_component id="oc-294">
         <name>.text</name>
         <load_address>0x2000fe10</load_address>
         <run_address>0x2000fe10</run_address>
         <size>0x80</size>
         <input_file_ref idref="fl-159"/>
      </object_component>
      <object_component id="oc-175">
         <name>.text</name>
         <load_address>0x2000fe90</load_address>
         <run_address>0x2000fe90</run_address>
         <size>0x78</size>
         <input_file_ref idref="fl-152"/>
      </object_component>
      <object_component id="oc-346">
         <name>.text</name>
         <load_address>0x2000ff08</load_address>
         <run_address>0x2000ff08</run_address>
         <size>0x68</size>
         <input_file_ref idref="fl-18f"/>
      </object_component>
      <object_component id="oc-1c5">
         <name>.text</name>
         <load_address>0x2000ff70</load_address>
         <run_address>0x2000ff70</run_address>
         <size>0x60</size>
         <input_file_ref idref="fl-158"/>
      </object_component>
      <object_component id="oc-19b">
         <name>.text</name>
         <load_address>0x2000ffd0</load_address>
         <run_address>0x2000ffd0</run_address>
         <size>0x5e</size>
         <input_file_ref idref="fl-186"/>
      </object_component>
      <object_component id="oc-47">
         <name>.text</name>
         <load_address>0x2001002e</load_address>
         <run_address>0x2001002e</run_address>
         <size>0x5e</size>
         <input_file_ref idref="fl-195"/>
      </object_component>
      <object_component id="oc-287">
         <name>.text</name>
         <load_address>0x2001008c</load_address>
         <run_address>0x2001008c</run_address>
         <size>0x5a</size>
         <input_file_ref idref="fl-16c"/>
      </object_component>
      <object_component id="oc-e">
         <name>.text</name>
         <load_address>0x200100e8</load_address>
         <run_address>0x200100e8</run_address>
         <size>0x48</size>
         <input_file_ref idref="fl-146"/>
      </object_component>
      <object_component id="oc-283">
         <name>.text</name>
         <load_address>0x20010130</load_address>
         <run_address>0x20010130</run_address>
         <size>0x48</size>
         <input_file_ref idref="fl-168"/>
      </object_component>
      <object_component id="oc-56">
         <name>.text</name>
         <load_address>0x20010178</load_address>
         <run_address>0x20010178</run_address>
         <size>0x44</size>
         <input_file_ref idref="fl-164"/>
      </object_component>
      <object_component id="oc-2d">
         <name>.text</name>
         <load_address>0x200101bc</load_address>
         <run_address>0x200101bc</run_address>
         <size>0x44</size>
         <input_file_ref idref="fl-14a"/>
      </object_component>
      <object_component id="oc-10e">
         <name>.text</name>
         <load_address>0x20010200</load_address>
         <run_address>0x20010200</run_address>
         <size>0x40</size>
         <input_file_ref idref="fl-157"/>
      </object_component>
      <object_component id="oc-28c">
         <name>.text</name>
         <load_address>0x20010240</load_address>
         <run_address>0x20010240</run_address>
         <size>0x2e</size>
         <input_file_ref idref="fl-14f"/>
      </object_component>
      <object_component id="oc-192">
         <name>.text</name>
         <load_address>0x2001026e</load_address>
         <run_address>0x2001026e</run_address>
         <size>0x1e</size>
         <input_file_ref idref="fl-190"/>
      </object_component>
      <object_component id="oc-28">
         <name>.text</name>
         <load_address>0x2001028c</load_address>
         <run_address>0x2001028c</run_address>
         <size>0x18</size>
         <input_file_ref idref="fl-161"/>
      </object_component>
      <object_component id="oc-26d">
         <name>.text</name>
         <load_address>0x200102a4</load_address>
         <run_address>0x200102a4</run_address>
         <size>0x18</size>
         <input_file_ref idref="fl-16a"/>
      </object_component>
      <object_component id="oc-17">
         <name>.text:decompress:ZI</name>
         <load_address>0x200102bc</load_address>
         <run_address>0x200102bc</run_address>
         <size>0x12</size>
         <input_file_ref idref="fl-196"/>
      </object_component>
      <object_component id="oc-12">
         <name>.text:decompress:none</name>
         <load_address>0x200102ce</load_address>
         <run_address>0x200102ce</run_address>
         <size>0xe</size>
         <input_file_ref idref="fl-194"/>
      </object_component>
      <object_component id="oc-18a">
         <name>.text:UtilsDelay</name>
         <load_address>0x200102dc</load_address>
         <run_address>0x200102dc</run_address>
         <size>0x6</size>
         <input_file_ref idref="fl-17d"/>
      </object_component>
      <object_component id="oc-1c">
         <name>.text:decompress:rle24</name>
         <load_address>0x200102e2</load_address>
         <run_address>0x200102e2</run_address>
         <size>0x6</size>
         <input_file_ref idref="fl-195"/>
      </object_component>
      <object_component id="oc-271">
         <name>.const:.string:_ctypes_</name>
         <load_address>0x200102e8</load_address>
         <run_address>0x200102e8</run_address>
         <size>0x101</size>
         <input_file_ref idref="fl-165"/>
      </object_component>
      <object_component id="oc-381">
         <name>.const:g_ulPinToPadMap</name>
         <load_address>0x200103ec</load_address>
         <run_address>0x200103ec</run_address>
         <size>0x100</size>
         <input_file_ref idref="fl-181"/>
      </object_component>
      <object_component id="oc-201">
         <name>.const:g_pulRegs</name>
         <load_address>0x200104ec</load_address>
         <run_address>0x200104ec</run_address>
         <size>0xd4</size>
         <input_file_ref idref="fl-182"/>
      </object_component>
      <object_component id="oc-2b2">
         <name>.const:$P$T0$1</name>
         <load_address>0x200105c0</load_address>
         <run_address>0x200105c0</run_address>
         <size>0xb0</size>
         <input_file_ref idref="fl-188"/>
      </object_component>
      <object_component id="oc-1a0">
         <name>.const:PRCM_PeriphRegsList</name>
         <load_address>0x20010670</load_address>
         <run_address>0x20010670</run_address>
         <size>0xa0</size>
         <input_file_ref idref="fl-180"/>
      </object_component>
      <object_component id="oc-1ff">
         <name>.const</name>
         <load_address>0x20010710</load_address>
         <run_address>0x20010710</run_address>
         <size>0x80</size>
         <input_file_ref idref="fl-182"/>
      </object_component>
      <object_component id="oc-113">
         <name>.const</name>
         <load_address>0x20010790</load_address>
         <run_address>0x20010790</run_address>
         <size>0x64</size>
         <input_file_ref idref="fl-8"/>
      </object_component>
      <object_component id="oc-179">
         <name>.const</name>
         <load_address>0x200107f4</load_address>
         <run_address>0x200107f4</run_address>
         <size>0x48</size>
         <input_file_ref idref="fl-7"/>
      </object_component>
      <object_component id="oc-2c6">
         <name>.const:g_pulFMPPERegs</name>
         <load_address>0x2001083c</load_address>
         <run_address>0x2001083c</run_address>
         <size>0x40</size>
         <input_file_ref idref="fl-185"/>
      </object_component>
      <object_component id="oc-2c4">
         <name>.const:g_pulFMPRERegs</name>
         <load_address>0x2001087c</load_address>
         <run_address>0x2001087c</run_address>
         <size>0x40</size>
         <input_file_ref idref="fl-185"/>
      </object_component>
      <object_component id="oc-2b4">
         <name>.const</name>
         <load_address>0x200108bc</load_address>
         <run_address>0x200108bc</run_address>
         <size>0x3c</size>
         <input_file_ref idref="fl-188"/>
      </object_component>
      <object_component id="oc-354">
         <name>.const:_SlActionLookupTable</name>
         <load_address>0x200108f8</load_address>
         <run_address>0x200108f8</run_address>
         <size>0x38</size>
         <input_file_ref idref="fl-18c"/>
      </object_component>
      <object_component id="oc-1d3">
         <name>.const</name>
         <load_address>0x20010930</load_address>
         <run_address>0x20010930</run_address>
         <size>0x34</size>
         <input_file_ref idref="fl-189"/>
      </object_component>
      <object_component id="oc-3d3">
         <name>.const</name>
         <load_address>0x20010964</load_address>
         <run_address>0x20010964</run_address>
         <size>0x28</size>
         <input_file_ref idref="fl-18b"/>
      </object_component>
      <object_component id="oc-3e4">
         <name>.const:g_ppulSPIIntMap</name>
         <load_address>0x2001098c</load_address>
         <run_address>0x2001098c</run_address>
         <size>0x24</size>
         <input_file_ref idref="fl-192"/>
      </object_component>
      <object_component id="oc-3e6">
         <name>.const</name>
         <load_address>0x200109b0</load_address>
         <run_address>0x200109b0</run_address>
         <size>0x18</size>
         <input_file_ref idref="fl-192"/>
      </object_component>
      <object_component id="oc-1ed">
         <name>.const</name>
         <load_address>0x200109c8</load_address>
         <run_address>0x200109c8</run_address>
         <size>0x14</size>
         <input_file_ref idref="fl-15"/>
      </object_component>
      <object_component id="oc-2a9">
         <name>.const</name>
         <load_address>0x200109dc</load_address>
         <run_address>0x200109dc</run_address>
         <size>0x14</size>
         <input_file_ref idref="fl-18d"/>
      </object_component>
      <object_component id="oc-34d">
         <name>.const</name>
         <load_address>0x200109f0</load_address>
         <run_address>0x200109f0</run_address>
         <size>0x14</size>
         <input_file_ref idref="fl-18c"/>
      </object_component>
      <object_component id="oc-20b">
         <name>.const</name>
         <load_address>0x20010a04</load_address>
         <run_address>0x20010a04</run_address>
         <size>0x10</size>
         <input_file_ref idref="fl-17e"/>
      </object_component>
      <object_component id="oc-20f">
         <name>.const</name>
         <load_address>0x20010a14</load_address>
         <run_address>0x20010a14</run_address>
         <size>0xc</size>
         <input_file_ref idref="fl-183"/>
      </object_component>
      <object_component id="oc-1f0">
         <name>.const</name>
         <load_address>0x20010a20</load_address>
         <run_address>0x20010a20</run_address>
         <size>0x8</size>
         <input_file_ref idref="fl-11"/>
      </object_component>
      <object_component id="oc-2b7">
         <name>.const</name>
         <load_address>0x20010a28</load_address>
         <run_address>0x20010a28</run_address>
         <size>0x8</size>
         <input_file_ref idref="fl-18a"/>
      </object_component>
      <object_component id="oc-41f">
         <name>.cinit..data.load</name>
         <load_address>0x20010a30</load_address>
         <run_address>0x20010a30</run_address>
         <size>0x97</size>
      </object_component>
      <object_component id="oc-41d">
         <name>__TI_handler_table</name>
         <load_address>0x20010ac8</load_address>
         <run_address>0x20010ac8</run_address>
         <size>0xc</size>
      </object_component>
      <object_component id="oc-420">
         <name>.cinit..bss.load</name>
         <load_address>0x20010ad8</load_address>
         <run_address>0x20010ad8</run_address>
         <size>0x8</size>
      </object_component>
      <object_component id="oc-41e">
         <name>__TI_cinit_table</name>
         <load_address>0x20010ae0</load_address>
         <run_address>0x20010ae0</run_address>
         <size>0x10</size>
      </object_component>
      <object_component id="oc-32">
         <name>.data</name>
         <load_address>0x20021514</load_address>
         <run_address>0x20021514</run_address>
         <size>0x4</size>
         <input_file_ref idref="fl-154"/>
      </object_component>
      <object_component id="oc-68">
         <name>.data</name>
         <load_address>0x200214fc</load_address>
         <run_address>0x200214fc</run_address>
         <size>0x8</size>
         <input_file_ref idref="fl-15f"/>
      </object_component>
      <object_component id="oc-6a">
         <name>.data</name>
         <load_address>0x20021504</load_address>
         <run_address>0x20021504</run_address>
         <size>0x8</size>
         <input_file_ref idref="fl-14a"/>
      </object_component>
      <object_component id="oc-ea">
         <name>.data</name>
         <load_address>0x20021308</load_address>
         <run_address>0x20021308</run_address>
         <size>0x180</size>
         <input_file_ref idref="fl-8"/>
      </object_component>
      <object_component id="oc-fb">
         <name>.data</name>
         <load_address>0x200214c0</load_address>
         <run_address>0x200214c0</run_address>
         <size>0x20</size>
         <input_file_ref idref="fl-a"/>
      </object_component>
      <object_component id="oc-fd">
         <name>.data</name>
         <load_address>0x20021488</load_address>
         <run_address>0x20021488</run_address>
         <size>0x38</size>
         <input_file_ref idref="fl-7"/>
      </object_component>
      <object_component id="oc-18b">
         <name>.data</name>
         <load_address>0x20021518</load_address>
         <run_address>0x20021518</run_address>
         <size>0x4</size>
         <input_file_ref idref="fl-155"/>
      </object_component>
      <object_component id="oc-1d5">
         <name>.data</name>
         <load_address>0x2002150c</load_address>
         <run_address>0x2002150c</run_address>
         <size>0x8</size>
         <input_file_ref idref="fl-18c"/>
      </object_component>
      <object_component id="oc-26a">
         <name>.data</name>
         <load_address>0x200214f0</load_address>
         <run_address>0x200214f0</run_address>
         <size>0xc</size>
         <input_file_ref idref="fl-151"/>
      </object_component>
      <object_component id="oc-3af">
         <name>.data</name>
         <load_address>0x200214e0</load_address>
         <run_address>0x200214e0</run_address>
         <size>0x10</size>
         <input_file_ref idref="fl-18e"/>
      </object_component>
      <object_component id="oc-342">
         <name>.bss:__CIOBUF_</name>
         <uninitialized>true</uninitialized>
         <run_address>0x20021178</run_address>
         <size>0x120</size>
         <input_file_ref idref="fl-158"/>
      </object_component>
      <object_component id="oc-34b">
         <name>.bss:g_StatMem</name>
         <uninitialized>true</uninitialized>
         <run_address>0x20021000</run_address>
         <size>0x178</size>
         <input_file_ref idref="fl-18c"/>
      </object_component>
      <object_component id="oc-3ac">
         <name>.bss:g_ucDinDout</name>
         <uninitialized>true</uninitialized>
         <run_address>0x20021298</run_address>
         <size>0x50</size>
         <input_file_ref idref="fl-18e"/>
      </object_component>
      <object_component id="oc-1a4">
         <name>.common:simpleLink_mailbox</name>
         <uninitialized>true</uninitialized>
         <run_address>0x20021304</run_address>
         <size>0x4</size>
      </object_component>
      <object_component id="oc-1a5">
         <name>.common:SimpleLinkSpawnTaskHndl</name>
         <uninitialized>true</uninitialized>
         <run_address>0x200212f4</run_address>
         <size>0x4</size>
      </object_component>
      <object_component id="oc-3b6">
         <name>.common:DMAMsgQ</name>
         <uninitialized>true</uninitialized>
         <run_address>0x200212f0</run_address>
         <size>0x4</size>
      </object_component>
      <object_component id="oc-3aa">
         <name>.common:g_cDummy</name>
         <uninitialized>true</uninitialized>
         <run_address>0x20021300</run_address>
         <size>0x4</size>
      </object_component>
      <object_component id="oc-13e">
         <name>.common:__Errorlog$0</name>
         <uninitialized>true</uninitialized>
         <run_address>0x200212f8</run_address>
         <size>0x4</size>
      </object_component>
      <object_component id="oc-373">
         <name>.common:bufptr$16</name>
         <uninitialized>true</uninitialized>
         <run_address>0x200212fc</run_address>
         <size>0x4</size>
      </object_component>
      <object_component id="oc-1ca">
         <name>.common:parmbuf$28</name>
         <uninitialized>true</uninitialized>
         <run_address>0x200212e8</run_address>
         <size>0x8</size>
      </object_component>
      <object_component id="oc-22">
         <name>.sysmem</name>
         <uninitialized>true</uninitialized>
         <run_address>0x20019000</run_address>
         <size>0x8</size>
         <input_file_ref idref="fl-151"/>
      </object_component>
      <object_component id="oc-422">
         <name>.sysmem</name>
         <uninitialized>true</uninitialized>
         <run_address>0x20019000</run_address>
         <size>0x0</size>
      </object_component>
      <object_component id="oc-21">
         <name>.stack</name>
         <uninitialized>true</uninitialized>
         <run_address>0x2002f800</run_address>
         <size>0x0</size>
         <input_file_ref idref="fl-146"/>
      </object_component>
      <object_component id="oc-421">
         <name>.stack</name>
         <uninitialized>true</uninitialized>
         <run_address>0x2002f800</run_address>
         <size>0x0</size>
      </object_component>
      <object_component id="oc-f">
         <name>.debug_aranges</name>
         <load_address>0x0</load_address>
         <run_address>0x0</run_address>
         <size>0x20</size>
         <input_file_ref idref="fl-146"/>
      </object_component>
      <object_component id="oc-14">
         <name>.debug_aranges</name>
         <load_address>0x20</load_address>
         <run_address>0x20</run_address>
         <size>0x20</size>
         <input_file_ref idref="fl-194"/>
      </object_component>
      <object_component id="oc-18">
         <name>.debug_aranges</name>
         <load_address>0x40</load_address>
         <run_address>0x40</run_address>
         <size>0x20</size>
         <input_file_ref idref="fl-196"/>
      </object_component>
      <object_component id="oc-20">
         <name>.debug_aranges</name>
         <load_address>0x60</load_address>
         <run_address>0x60</run_address>
         <size>0x20</size>
         <input_file_ref idref="fl-195"/>
      </object_component>
      <object_component id="oc-26">
         <name>.debug_aranges</name>
         <load_address>0x80</load_address>
         <run_address>0x80</run_address>
         <size>0x28</size>
         <input_file_ref idref="fl-163"/>
      </object_component>
      <object_component id="oc-29">
         <name>.debug_aranges</name>
         <load_address>0xa8</load_address>
         <run_address>0xa8</run_address>
         <size>0x20</size>
         <input_file_ref idref="fl-161"/>
      </object_component>
      <object_component id="oc-2f">
         <name>.debug_aranges</name>
         <load_address>0xc8</load_address>
         <run_address>0xc8</run_address>
         <size>0x30</size>
         <input_file_ref idref="fl-14a"/>
      </object_component>
      <object_component id="oc-37">
         <name>.debug_aranges</name>
         <load_address>0xf8</load_address>
         <run_address>0xf8</run_address>
         <size>0x20</size>
         <input_file_ref idref="fl-150"/>
      </object_component>
      <object_component id="oc-49">
         <name>.debug_aranges</name>
         <load_address>0x118</load_address>
         <run_address>0x118</run_address>
         <size>0x20</size>
         <input_file_ref idref="fl-195"/>
      </object_component>
      <object_component id="oc-59">
         <name>.debug_aranges</name>
         <load_address>0x138</load_address>
         <run_address>0x138</run_address>
         <size>0x20</size>
         <input_file_ref idref="fl-164"/>
      </object_component>
      <object_component id="oc-60">
         <name>.debug_aranges</name>
         <load_address>0x158</load_address>
         <run_address>0x158</run_address>
         <size>0x50</size>
         <input_file_ref idref="fl-193"/>
      </object_component>
      <object_component id="oc-f0">
         <name>.debug_aranges</name>
         <load_address>0x1a8</load_address>
         <run_address>0x1a8</run_address>
         <size>0x90</size>
         <input_file_ref idref="fl-184"/>
      </object_component>
      <object_component id="oc-f5">
         <name>.debug_aranges</name>
         <load_address>0x238</load_address>
         <run_address>0x238</run_address>
         <size>0x28</size>
         <input_file_ref idref="fl-193"/>
      </object_component>
      <object_component id="oc-fa">
         <name>.debug_aranges</name>
         <load_address>0x260</load_address>
         <run_address>0x260</run_address>
         <size>0xd0</size>
         <input_file_ref idref="fl-17f"/>
      </object_component>
      <object_component id="oc-103">
         <name>.debug_aranges</name>
         <load_address>0x330</load_address>
         <run_address>0x330</run_address>
         <size>0x70</size>
         <input_file_ref idref="fl-193"/>
      </object_component>
      <object_component id="oc-108">
         <name>.debug_aranges</name>
         <load_address>0x3a0</load_address>
         <run_address>0x3a0</run_address>
         <size>0x170</size>
         <input_file_ref idref="fl-180"/>
      </object_component>
      <object_component id="oc-10d">
         <name>.debug_aranges</name>
         <load_address>0x510</load_address>
         <run_address>0x510</run_address>
         <size>0x140</size>
         <input_file_ref idref="fl-17c"/>
      </object_component>
      <object_component id="oc-112">
         <name>.debug_aranges</name>
         <load_address>0x650</load_address>
         <run_address>0x650</run_address>
         <size>0x20</size>
         <input_file_ref idref="fl-193"/>
      </object_component>
      <object_component id="oc-119">
         <name>.debug_aranges</name>
         <load_address>0x670</load_address>
         <run_address>0x670</run_address>
         <size>0xe0</size>
         <input_file_ref idref="fl-189"/>
      </object_component>
      <object_component id="oc-11e">
         <name>.debug_aranges</name>
         <load_address>0x750</load_address>
         <run_address>0x750</run_address>
         <size>0x28</size>
         <input_file_ref idref="fl-193"/>
      </object_component>
      <object_component id="oc-123">
         <name>.debug_aranges</name>
         <load_address>0x778</load_address>
         <run_address>0x778</run_address>
         <size>0x28</size>
         <input_file_ref idref="fl-193"/>
      </object_component>
      <object_component id="oc-128">
         <name>.debug_aranges</name>
         <load_address>0x7a0</load_address>
         <run_address>0x7a0</run_address>
         <size>0xd0</size>
         <input_file_ref idref="fl-187"/>
      </object_component>
      <object_component id="oc-12d">
         <name>.debug_aranges</name>
         <load_address>0x870</load_address>
         <run_address>0x870</run_address>
         <size>0x98</size>
         <input_file_ref idref="fl-182"/>
      </object_component>
      <object_component id="oc-132">
         <name>.debug_aranges</name>
         <load_address>0x908</load_address>
         <run_address>0x908</run_address>
         <size>0x20</size>
         <input_file_ref idref="fl-193"/>
      </object_component>
      <object_component id="oc-137">
         <name>.debug_aranges</name>
         <load_address>0x928</load_address>
         <run_address>0x928</run_address>
         <size>0x140</size>
         <input_file_ref idref="fl-17e"/>
      </object_component>
      <object_component id="oc-13d">
         <name>.debug_aranges</name>
         <load_address>0xa68</load_address>
         <run_address>0xa68</run_address>
         <size>0x1c8</size>
         <input_file_ref idref="fl-183"/>
      </object_component>
      <object_component id="oc-150">
         <name>.debug_aranges</name>
         <load_address>0xc30</load_address>
         <run_address>0xc30</run_address>
         <size>0x20</size>
         <input_file_ref idref="fl-193"/>
      </object_component>
      <object_component id="oc-168">
         <name>.debug_aranges</name>
         <load_address>0xc50</load_address>
         <run_address>0xc50</run_address>
         <size>0x48</size>
         <input_file_ref idref="fl-193"/>
      </object_component>
      <object_component id="oc-16d">
         <name>.debug_aranges</name>
         <load_address>0xc98</load_address>
         <run_address>0xc98</run_address>
         <size>0x80</size>
         <input_file_ref idref="fl-193"/>
      </object_component>
      <object_component id="oc-177">
         <name>.debug_aranges</name>
         <load_address>0xd18</load_address>
         <run_address>0xd18</run_address>
         <size>0x28</size>
         <input_file_ref idref="fl-152"/>
      </object_component>
      <object_component id="oc-17f">
         <name>.debug_aranges</name>
         <load_address>0xd40</load_address>
         <run_address>0xd40</run_address>
         <size>0x68</size>
         <input_file_ref idref="fl-18d"/>
      </object_component>
      <object_component id="oc-181">
         <name>.debug_aranges</name>
         <load_address>0xda8</load_address>
         <run_address>0xda8</run_address>
         <size>0xb0</size>
         <input_file_ref idref="fl-188"/>
      </object_component>
      <object_component id="oc-189">
         <name>.debug_aranges</name>
         <load_address>0xe58</load_address>
         <run_address>0xe58</run_address>
         <size>0x28</size>
         <input_file_ref idref="fl-18a"/>
      </object_component>
      <object_component id="oc-191">
         <name>.debug_aranges</name>
         <load_address>0xe80</load_address>
         <run_address>0xe80</run_address>
         <size>0x28</size>
         <input_file_ref idref="fl-174"/>
      </object_component>
      <object_component id="oc-194">
         <name>.debug_aranges</name>
         <load_address>0xea8</load_address>
         <run_address>0xea8</run_address>
         <size>0x20</size>
         <input_file_ref idref="fl-190"/>
      </object_component>
      <object_component id="oc-198">
         <name>.debug_aranges</name>
         <load_address>0xec8</load_address>
         <run_address>0xec8</run_address>
         <size>0x88</size>
         <input_file_ref idref="fl-185"/>
      </object_component>
      <object_component id="oc-19f">
         <name>.debug_aranges</name>
         <load_address>0xf50</load_address>
         <run_address>0xf50</run_address>
         <size>0x48</size>
         <input_file_ref idref="fl-186"/>
      </object_component>
      <object_component id="oc-1c9">
         <name>.debug_aranges</name>
         <load_address>0xf98</load_address>
         <run_address>0xf98</run_address>
         <size>0x28</size>
         <input_file_ref idref="fl-158"/>
      </object_component>
      <object_component id="oc-1d2">
         <name>.debug_aranges</name>
         <load_address>0xfc0</load_address>
         <run_address>0xfc0</run_address>
         <size>0xc8</size>
         <input_file_ref idref="fl-18c"/>
      </object_component>
      <object_component id="oc-1ec">
         <name>.debug_aranges</name>
         <load_address>0x1088</load_address>
         <run_address>0x1088</run_address>
         <size>0x58</size>
         <input_file_ref idref="fl-193"/>
      </object_component>
      <object_component id="oc-209">
         <name>.debug_aranges</name>
         <load_address>0x10e0</load_address>
         <run_address>0x10e0</run_address>
         <size>0x90</size>
         <input_file_ref idref="fl-181"/>
      </object_component>
      <object_component id="oc-270">
         <name>.debug_aranges</name>
         <load_address>0x1170</load_address>
         <run_address>0x1170</run_address>
         <size>0x20</size>
         <input_file_ref idref="fl-16a"/>
      </object_component>
      <object_component id="oc-276">
         <name>.debug_aranges</name>
         <load_address>0x1190</load_address>
         <run_address>0x1190</run_address>
         <size>0x20</size>
         <input_file_ref idref="fl-167"/>
      </object_component>
      <object_component id="oc-278">
         <name>.debug_aranges</name>
         <load_address>0x11b0</load_address>
         <run_address>0x11b0</run_address>
         <size>0x20</size>
         <input_file_ref idref="fl-14d"/>
      </object_component>
      <object_component id="oc-27e">
         <name>.debug_aranges</name>
         <load_address>0x11d0</load_address>
         <run_address>0x11d0</run_address>
         <size>0x20</size>
         <input_file_ref idref="fl-14c"/>
      </object_component>
      <object_component id="oc-281">
         <name>.debug_aranges</name>
         <load_address>0x11f0</load_address>
         <run_address>0x11f0</run_address>
         <size>0x20</size>
         <input_file_ref idref="fl-167"/>
      </object_component>
      <object_component id="oc-285">
         <name>.debug_aranges</name>
         <load_address>0x1210</load_address>
         <run_address>0x1210</run_address>
         <size>0x20</size>
         <input_file_ref idref="fl-168"/>
      </object_component>
      <object_component id="oc-28b">
         <name>.debug_aranges</name>
         <load_address>0x1230</load_address>
         <run_address>0x1230</run_address>
         <size>0x20</size>
         <input_file_ref idref="fl-193"/>
      </object_component>
      <object_component id="oc-28d">
         <name>.debug_aranges</name>
         <load_address>0x1250</load_address>
         <run_address>0x1250</run_address>
         <size>0x20</size>
         <input_file_ref idref="fl-14f"/>
      </object_component>
      <object_component id="oc-293">
         <name>.debug_aranges</name>
         <load_address>0x1270</load_address>
         <run_address>0x1270</run_address>
         <size>0x20</size>
         <input_file_ref idref="fl-14b"/>
      </object_component>
      <object_component id="oc-298">
         <name>.debug_aranges</name>
         <load_address>0x1290</load_address>
         <run_address>0x1290</run_address>
         <size>0x30</size>
         <input_file_ref idref="fl-193"/>
      </object_component>
      <object_component id="oc-2a8">
         <name>.debug_aranges</name>
         <load_address>0x12c0</load_address>
         <run_address>0x12c0</run_address>
         <size>0xa8</size>
         <input_file_ref idref="fl-18e"/>
      </object_component>
      <object_component id="oc-34a">
         <name>.debug_aranges</name>
         <load_address>0x1368</load_address>
         <run_address>0x1368</run_address>
         <size>0x28</size>
         <input_file_ref idref="fl-18f"/>
      </object_component>
      <object_component id="oc-353">
         <name>.debug_aranges</name>
         <load_address>0x1390</load_address>
         <run_address>0x1390</run_address>
         <size>0xa8</size>
         <input_file_ref idref="fl-18b"/>
      </object_component>
      <object_component id="oc-3a9">
         <name>.debug_aranges</name>
         <load_address>0x1438</load_address>
         <run_address>0x1438</run_address>
         <size>0x100</size>
         <input_file_ref idref="fl-192"/>
      </object_component>
      <object_component id="oc-3b5">
         <name>.debug_aranges</name>
         <load_address>0x1538</load_address>
         <run_address>0x1538</run_address>
         <size>0xd8</size>
         <input_file_ref idref="fl-191"/>
      </object_component>
      <object_component id="oc-10">
         <name>.debug_line</name>
         <load_address>0x0</load_address>
         <run_address>0x0</run_address>
         <size>0x4f</size>
         <input_file_ref idref="fl-146"/>
      </object_component>
      <object_component id="oc-15">
         <name>.debug_line</name>
         <load_address>0x4f</load_address>
         <run_address>0x4f</run_address>
         <size>0x55</size>
         <input_file_ref idref="fl-194"/>
      </object_component>
      <object_component id="oc-19">
         <name>.debug_line</name>
         <load_address>0xa4</load_address>
         <run_address>0xa4</run_address>
         <size>0x4c</size>
         <input_file_ref idref="fl-196"/>
      </object_component>
      <object_component id="oc-1e">
         <name>.debug_line</name>
         <load_address>0xf0</load_address>
         <run_address>0xf0</run_address>
         <size>0x4b</size>
         <input_file_ref idref="fl-195"/>
      </object_component>
      <object_component id="oc-27">
         <name>.debug_line</name>
         <load_address>0x13b</load_address>
         <run_address>0x13b</run_address>
         <size>0x87</size>
         <input_file_ref idref="fl-163"/>
      </object_component>
      <object_component id="oc-2a">
         <name>.debug_line</name>
         <load_address>0x1c2</load_address>
         <run_address>0x1c2</run_address>
         <size>0x50</size>
         <input_file_ref idref="fl-161"/>
      </object_component>
      <object_component id="oc-31">
         <name>.debug_line</name>
         <load_address>0x212</load_address>
         <run_address>0x212</run_address>
         <size>0x7a</size>
         <input_file_ref idref="fl-14a"/>
      </object_component>
      <object_component id="oc-38">
         <name>.debug_line</name>
         <load_address>0x28c</load_address>
         <run_address>0x28c</run_address>
         <size>0x88</size>
         <input_file_ref idref="fl-150"/>
      </object_component>
      <object_component id="oc-3c">
         <name>.debug_line</name>
         <load_address>0x314</load_address>
         <run_address>0x314</run_address>
         <size>0x3a</size>
         <input_file_ref idref="fl-194"/>
      </object_component>
      <object_component id="oc-43">
         <name>.debug_line</name>
         <load_address>0x34e</load_address>
         <run_address>0x34e</run_address>
         <size>0x34</size>
         <input_file_ref idref="fl-193"/>
      </object_component>
      <object_component id="oc-48">
         <name>.debug_line</name>
         <load_address>0x382</load_address>
         <run_address>0x382</run_address>
         <size>0x8c</size>
         <input_file_ref idref="fl-195"/>
      </object_component>
      <object_component id="oc-50">
         <name>.debug_line</name>
         <load_address>0x40e</load_address>
         <run_address>0x40e</run_address>
         <size>0x39</size>
         <input_file_ref idref="fl-195"/>
      </object_component>
      <object_component id="oc-54">
         <name>.debug_line</name>
         <load_address>0x447</load_address>
         <run_address>0x447</run_address>
         <size>0x2c</size>
         <input_file_ref idref="fl-193"/>
      </object_component>
      <object_component id="oc-57">
         <name>.debug_line</name>
         <load_address>0x473</load_address>
         <run_address>0x473</run_address>
         <size>0x6d</size>
         <input_file_ref idref="fl-164"/>
      </object_component>
      <object_component id="oc-5e">
         <name>.debug_line</name>
         <load_address>0x4e0</load_address>
         <run_address>0x4e0</run_address>
         <size>0x625</size>
         <input_file_ref idref="fl-193"/>
      </object_component>
      <object_component id="oc-64">
         <name>.debug_line</name>
         <load_address>0xb05</load_address>
         <run_address>0xb05</run_address>
         <size>0x20</size>
         <input_file_ref idref="fl-14a"/>
      </object_component>
      <object_component id="oc-6f">
         <name>.debug_line</name>
         <load_address>0xb25</load_address>
         <run_address>0xb25</run_address>
         <size>0x33</size>
         <input_file_ref idref="fl-193"/>
      </object_component>
      <object_component id="oc-73">
         <name>.debug_line</name>
         <load_address>0xb58</load_address>
         <run_address>0xb58</run_address>
         <size>0x44</size>
         <input_file_ref idref="fl-194"/>
      </object_component>
      <object_component id="oc-77">
         <name>.debug_line</name>
         <load_address>0xb9c</load_address>
         <run_address>0xb9c</run_address>
         <size>0x20</size>
         <input_file_ref idref="fl-194"/>
      </object_component>
      <object_component id="oc-7a">
         <name>.debug_line</name>
         <load_address>0xbbc</load_address>
         <run_address>0xbbc</run_address>
         <size>0x44</size>
         <input_file_ref idref="fl-164"/>
      </object_component>
      <object_component id="oc-7e">
         <name>.debug_line</name>
         <load_address>0xc00</load_address>
         <run_address>0xc00</run_address>
         <size>0x20</size>
         <input_file_ref idref="fl-196"/>
      </object_component>
      <object_component id="oc-81">
         <name>.debug_line</name>
         <load_address>0xc20</load_address>
         <run_address>0xc20</run_address>
         <size>0x20</size>
         <input_file_ref idref="fl-195"/>
      </object_component>
      <object_component id="oc-83">
         <name>.debug_line</name>
         <load_address>0xc40</load_address>
         <run_address>0xc40</run_address>
         <size>0x40a</size>
         <input_file_ref idref="fl-193"/>
      </object_component>
      <object_component id="oc-86">
         <name>.debug_line</name>
         <load_address>0x104a</load_address>
         <run_address>0x104a</run_address>
         <size>0x5a</size>
         <input_file_ref idref="fl-188"/>
      </object_component>
      <object_component id="oc-8b">
         <name>.debug_line</name>
         <load_address>0x10a4</load_address>
         <run_address>0x10a4</run_address>
         <size>0x5a</size>
         <input_file_ref idref="fl-188"/>
      </object_component>
      <object_component id="oc-90">
         <name>.debug_line</name>
         <load_address>0x10fe</load_address>
         <run_address>0x10fe</run_address>
         <size>0x58</size>
         <input_file_ref idref="fl-193"/>
      </object_component>
      <object_component id="oc-95">
         <name>.debug_line</name>
         <load_address>0x1156</load_address>
         <run_address>0x1156</run_address>
         <size>0x5a</size>
         <input_file_ref idref="fl-188"/>
      </object_component>
      <object_component id="oc-9a">
         <name>.debug_line</name>
         <load_address>0x11b0</load_address>
         <run_address>0x11b0</run_address>
         <size>0x5a</size>
         <input_file_ref idref="fl-188"/>
      </object_component>
      <object_component id="oc-9f">
         <name>.debug_line</name>
         <load_address>0x120a</load_address>
         <run_address>0x120a</run_address>
         <size>0x7e</size>
         <input_file_ref idref="fl-193"/>
      </object_component>
      <object_component id="oc-a4">
         <name>.debug_line</name>
         <load_address>0x1288</load_address>
         <run_address>0x1288</run_address>
         <size>0x7f</size>
         <input_file_ref idref="fl-193"/>
      </object_component>
      <object_component id="oc-a9">
         <name>.debug_line</name>
         <load_address>0x1307</load_address>
         <run_address>0x1307</run_address>
         <size>0x44</size>
         <input_file_ref idref="fl-193"/>
      </object_component>
      <object_component id="oc-ae">
         <name>.debug_line</name>
         <load_address>0x134b</load_address>
         <run_address>0x134b</run_address>
         <size>0x58</size>
         <input_file_ref idref="fl-193"/>
      </object_component>
      <object_component id="oc-b3">
         <name>.debug_line</name>
         <load_address>0x13a3</load_address>
         <run_address>0x13a3</run_address>
         <size>0x42</size>
         <input_file_ref idref="fl-193"/>
      </object_component>
      <object_component id="oc-b8">
         <name>.debug_line</name>
         <load_address>0x13e5</load_address>
         <run_address>0x13e5</run_address>
         <size>0x43</size>
         <input_file_ref idref="fl-17c"/>
      </object_component>
      <object_component id="oc-bd">
         <name>.debug_line</name>
         <load_address>0x1428</load_address>
         <run_address>0x1428</run_address>
         <size>0x44</size>
         <input_file_ref idref="fl-193"/>
      </object_component>
      <object_component id="oc-c2">
         <name>.debug_line</name>
         <load_address>0x146c</load_address>
         <run_address>0x146c</run_address>
         <size>0x63</size>
         <input_file_ref idref="fl-188"/>
      </object_component>
      <object_component id="oc-c7">
         <name>.debug_line</name>
         <load_address>0x14cf</load_address>
         <run_address>0x14cf</run_address>
         <size>0x5c</size>
         <input_file_ref idref="fl-188"/>
      </object_component>
      <object_component id="oc-cc">
         <name>.debug_line</name>
         <load_address>0x152b</load_address>
         <run_address>0x152b</run_address>
         <size>0x59</size>
         <input_file_ref idref="fl-193"/>
      </object_component>
      <object_component id="oc-d1">
         <name>.debug_line</name>
         <load_address>0x1584</load_address>
         <run_address>0x1584</run_address>
         <size>0x59</size>
         <input_file_ref idref="fl-17c"/>
      </object_component>
      <object_component id="oc-d6">
         <name>.debug_line</name>
         <load_address>0x15dd</load_address>
         <run_address>0x15dd</run_address>
         <size>0x2f</size>
         <input_file_ref idref="fl-193"/>
      </object_component>
      <object_component id="oc-db">
         <name>.debug_line</name>
         <load_address>0x160c</load_address>
         <run_address>0x160c</run_address>
         <size>0x2c</size>
         <input_file_ref idref="fl-193"/>
      </object_component>
      <object_component id="oc-e0">
         <name>.debug_line</name>
         <load_address>0x1638</load_address>
         <run_address>0x1638</run_address>
         <size>0x5a</size>
         <input_file_ref idref="fl-193"/>
      </object_component>
      <object_component id="oc-e5">
         <name>.debug_line</name>
         <load_address>0x1692</load_address>
         <run_address>0x1692</run_address>
         <size>0x4d</size>
         <input_file_ref idref="fl-17e"/>
      </object_component>
      <object_component id="oc-ee">
         <name>.debug_line</name>
         <load_address>0x16df</load_address>
         <run_address>0x16df</run_address>
         <size>0x254</size>
         <input_file_ref idref="fl-184"/>
      </object_component>
      <object_component id="oc-f3">
         <name>.debug_line</name>
         <load_address>0x1933</load_address>
         <run_address>0x1933</run_address>
         <size>0x109</size>
         <input_file_ref idref="fl-193"/>
      </object_component>
      <object_component id="oc-f9">
         <name>.debug_line</name>
         <load_address>0x1a3c</load_address>
         <run_address>0x1a3c</run_address>
         <size>0x307</size>
         <input_file_ref idref="fl-17f"/>
      </object_component>
      <object_component id="oc-101">
         <name>.debug_line</name>
         <load_address>0x1d43</load_address>
         <run_address>0x1d43</run_address>
         <size>0x4e5</size>
         <input_file_ref idref="fl-193"/>
      </object_component>
      <object_component id="oc-106">
         <name>.debug_line</name>
         <load_address>0x2228</load_address>
         <run_address>0x2228</run_address>
         <size>0x654</size>
         <input_file_ref idref="fl-180"/>
      </object_component>
      <object_component id="oc-10b">
         <name>.debug_line</name>
         <load_address>0x287c</load_address>
         <run_address>0x287c</run_address>
         <size>0x692</size>
         <input_file_ref idref="fl-17c"/>
      </object_component>
      <object_component id="oc-110">
         <name>.debug_line</name>
         <load_address>0x2f0e</load_address>
         <run_address>0x2f0e</run_address>
         <size>0x47</size>
         <input_file_ref idref="fl-193"/>
      </object_component>
      <object_component id="oc-118">
         <name>.debug_line</name>
         <load_address>0x2f55</load_address>
         <run_address>0x2f55</run_address>
         <size>0x62a</size>
         <input_file_ref idref="fl-189"/>
      </object_component>
      <object_component id="oc-11c">
         <name>.debug_line</name>
         <load_address>0x357f</load_address>
         <run_address>0x357f</run_address>
         <size>0x2a0</size>
         <input_file_ref idref="fl-193"/>
      </object_component>
      <object_component id="oc-121">
         <name>.debug_line</name>
         <load_address>0x381f</load_address>
         <run_address>0x381f</run_address>
         <size>0x166</size>
         <input_file_ref idref="fl-193"/>
      </object_component>
      <object_component id="oc-126">
         <name>.debug_line</name>
         <load_address>0x3985</load_address>
         <run_address>0x3985</run_address>
         <size>0x427</size>
         <input_file_ref idref="fl-187"/>
      </object_component>
      <object_component id="oc-12a">
         <name>.debug_line</name>
         <load_address>0x3dac</load_address>
         <run_address>0x3dac</run_address>
         <size>0x2c1</size>
         <input_file_ref idref="fl-182"/>
      </object_component>
      <object_component id="oc-130">
         <name>.debug_line</name>
         <load_address>0x406d</load_address>
         <run_address>0x406d</run_address>
         <size>0x81</size>
         <input_file_ref idref="fl-193"/>
      </object_component>
      <object_component id="oc-135">
         <name>.debug_line</name>
         <load_address>0x40ee</load_address>
         <run_address>0x40ee</run_address>
         <size>0x483</size>
         <input_file_ref idref="fl-17e"/>
      </object_component>
      <object_component id="oc-13c">
         <name>.debug_line</name>
         <load_address>0x4571</load_address>
         <run_address>0x4571</run_address>
         <size>0x689</size>
         <input_file_ref idref="fl-183"/>
      </object_component>
      <object_component id="oc-142">
         <name>.debug_line</name>
         <load_address>0x4bfa</load_address>
         <run_address>0x4bfa</run_address>
         <size>0x42</size>
         <input_file_ref idref="fl-193"/>
      </object_component>
      <object_component id="oc-146">
         <name>.debug_line</name>
         <load_address>0x4c3c</load_address>
         <run_address>0x4c3c</run_address>
         <size>0x2b</size>
         <input_file_ref idref="fl-161"/>
      </object_component>
      <object_component id="oc-149">
         <name>.debug_line</name>
         <load_address>0x4c67</load_address>
         <run_address>0x4c67</run_address>
         <size>0x2b</size>
         <input_file_ref idref="fl-161"/>
      </object_component>
      <object_component id="oc-14e">
         <name>.debug_line</name>
         <load_address>0x4c92</load_address>
         <run_address>0x4c92</run_address>
         <size>0x3a</size>
         <input_file_ref idref="fl-193"/>
      </object_component>
      <object_component id="oc-152">
         <name>.debug_line</name>
         <load_address>0x4ccc</load_address>
         <run_address>0x4ccc</run_address>
         <size>0x2b</size>
         <input_file_ref idref="fl-193"/>
      </object_component>
      <object_component id="oc-154">
         <name>.debug_line</name>
         <load_address>0x4cf7</load_address>
         <run_address>0x4cf7</run_address>
         <size>0x2a</size>
         <input_file_ref idref="fl-14a"/>
      </object_component>
      <object_component id="oc-156">
         <name>.debug_line</name>
         <load_address>0x4d21</load_address>
         <run_address>0x4d21</run_address>
         <size>0x43</size>
         <input_file_ref idref="fl-14a"/>
      </object_component>
      <object_component id="oc-15a">
         <name>.debug_line</name>
         <load_address>0x4d64</load_address>
         <run_address>0x4d64</run_address>
         <size>0x51</size>
         <input_file_ref idref="fl-164"/>
      </object_component>
      <object_component id="oc-15d">
         <name>.debug_line</name>
         <load_address>0x4db5</load_address>
         <run_address>0x4db5</run_address>
         <size>0x45</size>
         <input_file_ref idref="fl-164"/>
      </object_component>
      <object_component id="oc-161">
         <name>.debug_line</name>
         <load_address>0x4dfa</load_address>
         <run_address>0x4dfa</run_address>
         <size>0x8a</size>
         <input_file_ref idref="fl-193"/>
      </object_component>
      <object_component id="oc-166">
         <name>.debug_line</name>
         <load_address>0x4e84</load_address>
         <run_address>0x4e84</run_address>
         <size>0x4de</size>
         <input_file_ref idref="fl-193"/>
      </object_component>
      <object_component id="oc-16b">
         <name>.debug_line</name>
         <load_address>0x5362</load_address>
         <run_address>0x5362</run_address>
         <size>0xc0d</size>
         <input_file_ref idref="fl-193"/>
      </object_component>
      <object_component id="oc-172">
         <name>.debug_line</name>
         <load_address>0x5f6f</load_address>
         <run_address>0x5f6f</run_address>
         <size>0x57</size>
         <input_file_ref idref="fl-193"/>
      </object_component>
      <object_component id="oc-174">
         <name>.debug_line</name>
         <load_address>0x5fc6</load_address>
         <run_address>0x5fc6</run_address>
         <size>0x5a</size>
         <input_file_ref idref="fl-193"/>
      </object_component>
      <object_component id="oc-176">
         <name>.debug_line</name>
         <load_address>0x6020</load_address>
         <run_address>0x6020</run_address>
         <size>0x79</size>
         <input_file_ref idref="fl-152"/>
      </object_component>
      <object_component id="oc-17d">
         <name>.debug_line</name>
         <load_address>0x6099</load_address>
         <run_address>0x6099</run_address>
         <size>0x25e</size>
         <input_file_ref idref="fl-18d"/>
      </object_component>
      <object_component id="oc-183">
         <name>.debug_line</name>
         <load_address>0x62f7</load_address>
         <run_address>0x62f7</run_address>
         <size>0x421</size>
         <input_file_ref idref="fl-188"/>
      </object_component>
      <object_component id="oc-187">
         <name>.debug_line</name>
         <load_address>0x6718</load_address>
         <run_address>0x6718</run_address>
         <size>0xc5</size>
         <input_file_ref idref="fl-18a"/>
      </object_component>
      <object_component id="oc-190">
         <name>.debug_line</name>
         <load_address>0x67dd</load_address>
         <run_address>0x67dd</run_address>
         <size>0x118</size>
         <input_file_ref idref="fl-174"/>
      </object_component>
      <object_component id="oc-193">
         <name>.debug_line</name>
         <load_address>0x68f5</load_address>
         <run_address>0x68f5</run_address>
         <size>0x47</size>
         <input_file_ref idref="fl-190"/>
      </object_component>
      <object_component id="oc-199">
         <name>.debug_line</name>
         <load_address>0x693c</load_address>
         <run_address>0x693c</run_address>
         <size>0x263</size>
         <input_file_ref idref="fl-185"/>
      </object_component>
      <object_component id="oc-19c">
         <name>.debug_line</name>
         <load_address>0x6b9f</load_address>
         <run_address>0x6b9f</run_address>
         <size>0xf1</size>
         <input_file_ref idref="fl-186"/>
      </object_component>
      <object_component id="oc-1a9">
         <name>.debug_line</name>
         <load_address>0x6c90</load_address>
         <run_address>0x6c90</run_address>
         <size>0x6e</size>
         <input_file_ref idref="fl-17c"/>
      </object_component>
      <object_component id="oc-1ae">
         <name>.debug_line</name>
         <load_address>0x6cfe</load_address>
         <run_address>0x6cfe</run_address>
         <size>0x98</size>
         <input_file_ref idref="fl-17c"/>
      </object_component>
      <object_component id="oc-1b3">
         <name>.debug_line</name>
         <load_address>0x6d96</load_address>
         <run_address>0x6d96</run_address>
         <size>0x87</size>
         <input_file_ref idref="fl-17c"/>
      </object_component>
      <object_component id="oc-1b8">
         <name>.debug_line</name>
         <load_address>0x6e1d</load_address>
         <run_address>0x6e1d</run_address>
         <size>0x8e</size>
         <input_file_ref idref="fl-17c"/>
      </object_component>
      <object_component id="oc-1bd">
         <name>.debug_line</name>
         <load_address>0x6eab</load_address>
         <run_address>0x6eab</run_address>
         <size>0x55</size>
         <input_file_ref idref="fl-17c"/>
      </object_component>
      <object_component id="oc-1c2">
         <name>.debug_line</name>
         <load_address>0x6f00</load_address>
         <run_address>0x6f00</run_address>
         <size>0x58</size>
         <input_file_ref idref="fl-17c"/>
      </object_component>
      <object_component id="oc-1c8">
         <name>.debug_line</name>
         <load_address>0x6f58</load_address>
         <run_address>0x6f58</run_address>
         <size>0x97</size>
         <input_file_ref idref="fl-158"/>
      </object_component>
      <object_component id="oc-1cd">
         <name>.debug_line</name>
         <load_address>0x6fef</load_address>
         <run_address>0x6fef</run_address>
         <size>0x53</size>
         <input_file_ref idref="fl-193"/>
      </object_component>
      <object_component id="oc-1cf">
         <name>.debug_line</name>
         <load_address>0x7042</load_address>
         <run_address>0x7042</run_address>
         <size>0x8f5</size>
         <input_file_ref idref="fl-18c"/>
      </object_component>
      <object_component id="oc-1db">
         <name>.debug_line</name>
         <load_address>0x7937</load_address>
         <run_address>0x7937</run_address>
         <size>0x59</size>
         <input_file_ref idref="fl-189"/>
      </object_component>
      <object_component id="oc-1e0">
         <name>.debug_line</name>
         <load_address>0x7990</load_address>
         <run_address>0x7990</run_address>
         <size>0x59</size>
         <input_file_ref idref="fl-188"/>
      </object_component>
      <object_component id="oc-1e5">
         <name>.debug_line</name>
         <load_address>0x79e9</load_address>
         <run_address>0x79e9</run_address>
         <size>0x5b</size>
         <input_file_ref idref="fl-188"/>
      </object_component>
      <object_component id="oc-1ea">
         <name>.debug_line</name>
         <load_address>0x7a44</load_address>
         <run_address>0x7a44</run_address>
         <size>0x20f</size>
         <input_file_ref idref="fl-193"/>
      </object_component>
      <object_component id="oc-1f6">
         <name>.debug_line</name>
         <load_address>0x7c53</load_address>
         <run_address>0x7c53</run_address>
         <size>0x59</size>
         <input_file_ref idref="fl-17c"/>
      </object_component>
      <object_component id="oc-1fc">
         <name>.debug_line</name>
         <load_address>0x7cac</load_address>
         <run_address>0x7cac</run_address>
         <size>0x20</size>
         <input_file_ref idref="fl-183"/>
      </object_component>
      <object_component id="oc-207">
         <name>.debug_line</name>
         <load_address>0x7ccc</load_address>
         <run_address>0x7ccc</run_address>
         <size>0x20c</size>
         <input_file_ref idref="fl-181"/>
      </object_component>
      <object_component id="oc-215">
         <name>.debug_line</name>
         <load_address>0x7ed8</load_address>
         <run_address>0x7ed8</run_address>
         <size>0x92</size>
         <input_file_ref idref="fl-188"/>
      </object_component>
      <object_component id="oc-218">
         <name>.debug_line</name>
         <load_address>0x7f6a</load_address>
         <run_address>0x7f6a</run_address>
         <size>0x58</size>
         <input_file_ref idref="fl-188"/>
      </object_component>
      <object_component id="oc-21d">
         <name>.debug_line</name>
         <load_address>0x7fc2</load_address>
         <run_address>0x7fc2</run_address>
         <size>0x57</size>
         <input_file_ref idref="fl-188"/>
      </object_component>
      <object_component id="oc-221">
         <name>.debug_line</name>
         <load_address>0x8019</load_address>
         <run_address>0x8019</run_address>
         <size>0x33d</size>
         <input_file_ref idref="fl-17c"/>
      </object_component>
      <object_component id="oc-224">
         <name>.debug_line</name>
         <load_address>0x8356</load_address>
         <run_address>0x8356</run_address>
         <size>0x85</size>
         <input_file_ref idref="fl-17c"/>
      </object_component>
      <object_component id="oc-229">
         <name>.debug_line</name>
         <load_address>0x83db</load_address>
         <run_address>0x83db</run_address>
         <size>0x79</size>
         <input_file_ref idref="fl-17c"/>
      </object_component>
      <object_component id="oc-22e">
         <name>.debug_line</name>
         <load_address>0x8454</load_address>
         <run_address>0x8454</run_address>
         <size>0x7e</size>
         <input_file_ref idref="fl-17c"/>
      </object_component>
      <object_component id="oc-233">
         <name>.debug_line</name>
         <load_address>0x84d2</load_address>
         <run_address>0x84d2</run_address>
         <size>0x8d</size>
         <input_file_ref idref="fl-17c"/>
      </object_component>
      <object_component id="oc-238">
         <name>.debug_line</name>
         <load_address>0x855f</load_address>
         <run_address>0x855f</run_address>
         <size>0x8a</size>
         <input_file_ref idref="fl-17c"/>
      </object_component>
      <object_component id="oc-23d">
         <name>.debug_line</name>
         <load_address>0x85e9</load_address>
         <run_address>0x85e9</run_address>
         <size>0x87</size>
         <input_file_ref idref="fl-17c"/>
      </object_component>
      <object_component id="oc-242">
         <name>.debug_line</name>
         <load_address>0x8670</load_address>
         <run_address>0x8670</run_address>
         <size>0x60</size>
         <input_file_ref idref="fl-17c"/>
      </object_component>
[...]
         <object_component_ref idref="oc-3b1"/>
      </symbol>
      <symbol id="sm-dcc">
         <name>uDMAChannelAttributeDisable</name>
         <value>0x2000d615</value>
         <object_component_ref idref="oc-3b1"/>
      </symbol>
      <symbol id="sm-dcd">
         <name>uDMAChannelEnable</name>
         <value>0x2000d53b</value>
         <object_component_ref idref="oc-3b1"/>
      </symbol>
      <symbol id="sm-dce">
         <name>uDMAChannelRequest</name>
         <value>0x2000d5a9</value>
         <object_component_ref idref="oc-3b1"/>
      </symbol>
      <symbol id="sm-e52">
         <name>SPIFIFOLevelGet</name>
         <value>0x2000a911</value>
         <object_component_ref idref="oc-3a5"/>
      </symbol>
      <symbol id="sm-e53">
         <name>SPIFIFODisable</name>
         <value>0x2000a8c3</value>
         <object_component_ref idref="oc-3a5"/>
      </symbol>
      <symbol id="sm-e54">
         <name>SPITransfer</name>
         <value>0x2000ab15</value>
         <object_component_ref idref="oc-3a5"/>
      </symbol>
      <symbol id="sm-e55">
         <name>SPICSEnable</name>
         <value>0x2000aae5</value>
         <object_component_ref idref="oc-3a5"/>
      </symbol>
      <symbol id="sm-e56">
         <name>SPIDisable</name>
         <value>0x2000a707</value>
         <object_component_ref idref="oc-3a5"/>
      </symbol>
      <symbol id="sm-e57">
         <name>SPIFIFOEnable</name>
         <value>0x2000a8a9</value>
         <object_component_ref idref="oc-3a5"/>
      </symbol>
      <symbol id="sm-e58">
         <name>SPIWordCountSet</name>
         <value>0x2000a945</value>
         <object_component_ref idref="oc-3a5"/>
      </symbol>
      <symbol id="sm-e59">
         <name>SPIDataGetNonBlocking</name>
         <value>0x2000a819</value>
         <object_component_ref idref="oc-3a5"/>
      </symbol>
      <symbol id="sm-e5a">
         <name>SPIDataPut</name>
         <value>0x2000a88b</value>
         <object_component_ref idref="oc-3a5"/>
      </symbol>
      <symbol id="sm-e5b">
         <name>SPIEnable</name>
         <value>0x2000a6ef</value>
         <object_component_ref idref="oc-3a5"/>
      </symbol>
      <symbol id="sm-e5c">
         <name>SPIDataGet</name>
         <value>0x2000a843</value>
         <object_component_ref idref="oc-3a5"/>
      </symbol>
      <symbol id="sm-e5d">
         <name>SPIDmaEnable</name>
         <value>0x2000a71f</value>
         <object_component_ref idref="oc-3a5"/>
      </symbol>
      <symbol id="sm-e5e">
         <name>SPIConfigSetExpClk</name>
         <value>0x2000a775</value>
         <object_component_ref idref="oc-3a5"/>
      </symbol>
      <symbol id="sm-e5f">
         <name>SPIIntRegister</name>
         <value>0x2000a96d</value>
         <object_component_ref idref="oc-3a5"/>
      </symbol>
      <symbol id="sm-e60">
         <name>SPIIntUnregister</name>
         <value>0x2000a991</value>
         <object_component_ref idref="oc-3a5"/>
      </symbol>
      <symbol id="sm-e61">
         <name>SPIFIFOLevelSet</name>
         <value>0x2000a8dd</value>
         <object_component_ref idref="oc-3a5"/>
      </symbol>
      <symbol id="sm-e62">
         <name>SPIDmaDisable</name>
         <value>0x2000a739</value>
         <object_component_ref idref="oc-3a5"/>
      </symbol>
      <symbol id="sm-e63">
         <name>SPIReset</name>
         <value>0x2000a753</value>
         <object_component_ref idref="oc-3a5"/>
      </symbol>
      <symbol id="sm-e64">
         <name>SPIDataPutNonBlocking</name>
         <value>0x2000a863</value>
         <object_component_ref idref="oc-3a5"/>
      </symbol>
      <symbol id="sm-e65">
         <name>SPIIntStatus</name>
         <value>0x2000aa39</value>
         <object_component_ref idref="oc-3a5"/>
      </symbol>
      <symbol id="sm-e66">
         <name>SPIIntEnable</name>
         <value>0x2000a9ab</value>
         <object_component_ref idref="oc-3a5"/>
      </symbol>
      <symbol id="sm-e67">
         <name>SPIIntClear</name>
         <value>0x2000aaa7</value>
         <object_component_ref idref="oc-3a5"/>
      </symbol>
      <symbol id="sm-e68">
         <name>SPICSDisable</name>
         <value>0x2000aafd</value>
         <object_component_ref idref="oc-3a5"/>
      </symbol>
      <symbol id="sm-e69">
         <name>SPIIntDisable</name>
         <value>0x2000a9ef</value>
         <object_component_ref idref="oc-3a5"/>
      </symbol>
      <symbol id="sm-11da">
         <name>bufchar</name>
         <value>0x2000f463</value>
         <object_component_ref idref="oc-1e8"/>
      </symbol>
      <symbol id="sm-11db">
         <name>PinMuxConfig</name>
         <value>0x2000fb17</value>
         <object_component_ref idref="oc-12e"/>
      </symbol>
      <symbol id="sm-11dc">
         <name>g_usConnectIndex</name>
         <value>0x20021488</value>
         <object_component_ref idref="oc-fd"/>
      </symbol>
      <symbol id="sm-11dd">
         <name>g_uiLED3Port</name>
         <value>0x200214cc</value>
         <object_component_ref idref="oc-fb"/>
      </symbol>
      <symbol id="sm-11de">
         <name>_sys_memory</name>
         <value>0x20019000</value>
         <object_component_ref idref="oc-22"/>
      </symbol>
      <symbol id="sm-11df">
         <name>MQTTPacket_encode</name>
         <value>0x2000f507</value>
         <object_component_ref idref="oc-1e8"/>
      </symbol>
      <symbol id="sm-11e0">
         <name>Message</name>
         <value>0x2000fa29</value>
         <object_component_ref idref="oc-f1"/>
      </symbol>
      <symbol id="sm-11e1">
         <name>Network_IF_DisconnectFromAP</name>
         <value>0x20009cc5</value>
         <object_component_ref idref="oc-ff"/>
      </symbol>
      <symbol id="sm-11e2">
         <name>_ctypes_</name>
         <value>0x200102e8</value>
         <object_component_ref idref="oc-271"/>
      </symbol>
      <symbol id="sm-11e3">
         <name>Key</name>
         <value>0x20021368</value>
         <object_component_ref idref="oc-ea"/>
      </symbol>
      <symbol id="sm-11e4">
         <name>__TI_printfi</name>
         <value>0x20006cbb</value>
         <object_component_ref idref="oc-169"/>
      </symbol>
      <symbol id="sm-11e5">
         <name>vsnprintf</name>
         <value>0x2000fe61</value>
         <object_component_ref idref="oc-294"/>
      </symbol>
      <symbol id="sm-11e6">
         <name>free</name>
         <value>0x2000d0cb</value>
         <object_component_ref idref="oc-164"/>
      </symbol>
      <symbol id="sm-11e7">
         <name>uiUartCmd</name>
         <value>0x20021358</value>
         <object_component_ref idref="oc-ea"/>
      </symbol>
      <symbol id="sm-11e8">
         <name>pui32AES192Key</name>
         <value>0x20021318</value>
         <object_component_ref idref="oc-ea"/>
      </symbol>
      <symbol id="sm-11e9">
         <name>g_uiLED1Port</name>
         <value>0x200214c4</value>
         <object_component_ref idref="oc-fb"/>
      </symbol>
      <symbol id="sm-11ea">
         <name>SecurityParams</name>
         <value>0x2002135c</value>
         <object_component_ref idref="oc-ea"/>
      </symbol>
      <symbol id="sm-11eb">
         <name>MQTTSerialize_connect</name>
         <value>0x2000ec03</value>
         <object_component_ref idref="oc-11a"/>
      </symbol>
      <symbol id="sm-11ec">
         <name>g_usTimerInts</name>
         <value>0x20021356</value>
         <object_component_ref idref="oc-ea"/>
      </symbol>
      <symbol id="sm-11ed">
         <name>MQTTSerialize_publishLength</name>
         <value>0x2000f72b</value>
         <object_component_ref idref="oc-11f"/>
      </symbol>
      <symbol id="sm-11ee">
         <name>Report</name>
         <value>0x2000fa49</value>
         <object_component_ref idref="oc-f1"/>
      </symbol>
      <symbol id="sm-11ef">
         <name>_nop</name>
         <value>0x20006e93</value>
         <object_component_ref idref="oc-14c"/>
      </symbol>
      <symbol id="sm-11f0">
         <name>g_uiPBCount</name>
         <value>0x20021350</value>
         <object_component_ref idref="oc-ea"/>
      </symbol>
      <symbol id="sm-11f1">
         <name>pcRecivemessage</name>
         <value>0x20021408</value>
         <object_component_ref idref="oc-ea"/>
      </symbol>
      <symbol id="sm-11f2">
         <name>ltoa</name>
         <value>0x2001008d</value>
         <object_component_ref idref="oc-287"/>
      </symbol>
      <symbol id="sm-11f3">
         <name>Network_IF_ConnectAP</name>
         <value>0x20009e01</value>
         <object_component_ref idref="oc-ff"/>
      </symbol>
      <symbol id="sm-11f4">
         <name>Network_IF_InitDriver</name>
         <value>0x20009c81</value>
         <object_component_ref idref="oc-ff"/>
      </symbol>
      <symbol id="sm-11f5">
         <name>pui32AES256Key</name>
         <value>0x20021330</value>
         <object_component_ref idref="oc-ea"/>
      </symbol>
      <symbol id="sm-11f6">
         <name>pui32AES128Key</name>
         <value>0x20021308</value>
         <object_component_ref idref="oc-ea"/>
      </symbol>
      <symbol id="sm-11f7">
         <name>interupt_flag</name>
         <value>0x20021354</value>
         <object_component_ref idref="oc-ea"/>
      </symbol>
      <symbol id="sm-11f8">
         <name>TimerPeriodicIntHandler</name>
         <value>0x2000abf9</value>
         <object_component_ref idref="oc-5c"/>
      </symbol>
      <symbol id="sm-11f9">
         <name>PushButtonHandler</name>
         <value>0x2000abb5</value>
         <object_component_ref idref="oc-5c"/>
      </symbol>
      <symbol id="sm-11fa">
         <name>conect_to_AP</name>
         <value>0x2000ac43</value>
         <object_component_ref idref="oc-5c"/>
      </symbol>
      <symbol id="sm-11fb">
         <name>g_ucLED1Pin</name>
         <value>0x200214c0</value>
         <object_component_ref idref="oc-fb"/>
      </symbol>
      <symbol id="sm-11fc">
         <name>ConfigureSimpleLinkToDefaultState</name>
         <value>0x20009af3</value>
         <object_component_ref idref="oc-ff"/>
      </symbol>
      <symbol id="sm-11fd">
         <name>IV</name>
         <value>0x20021378</value>
         <object_component_ref idref="oc-ea"/>
      </symbol>
      <symbol id="sm-11fe">
         <name>main</name>
         <value>0x2000b103</value>
         <object_component_ref idref="oc-5c"/>
      </symbol>
      <symbol id="sm-11ff">
         <name>_lock</name>
         <value>0x200214fc</value>
         <object_component_ref idref="oc-68"/>
      </symbol>
      <symbol id="sm-1200">
         <name>MQTTPacket_len</name>
         <value>0x2000f49d</value>
         <object_component_ref idref="oc-1e8"/>
      </symbol>
      <symbol id="sm-1201">
         <name>writeChar</name>
         <value>0x2000f4fb</value>
         <object_component_ref idref="oc-1e8"/>
      </symbol>
      <symbol id="sm-1202">
         <name>SimpleLinkNetAppEventHandler</name>
         <value>0x2000a1dd</value>
         <object_component_ref idref="oc-ff"/>
      </symbol>
      <symbol id="sm-1203">
         <name>_unlock</name>
         <value>0x20021500</value>
         <object_component_ref idref="oc-68"/>
      </symbol>
      <symbol id="sm-1204">
         <name>realloc</name>
         <value>0x2000d2c5</value>
         <object_component_ref idref="oc-164"/>
      </symbol>
      <symbol id="sm-1205">
         <name>MQTT_payload_string</name>
         <value>0x2000ad49</value>
         <object_component_ref idref="oc-5c"/>
      </symbol>
      <symbol id="sm-1206">
         <name>SimpleLinkSockEventHandler</name>
         <value>0x2000a18b</value>
         <object_component_ref idref="oc-ff"/>
      </symbol>
      <symbol id="sm-1207">
         <name>InitializeAppVariables</name>
         <value>0x20009ac7</value>
         <object_component_ref idref="oc-ff"/>
      </symbol>
      <symbol id="sm-1208">
         <name>pcEmailmessage</name>
         <value>0x20021388</value>
         <object_component_ref idref="oc-ea"/>
      </symbol>
      <symbol id="sm-1209">
         <name>writeInt</name>
         <value>0x2000f54b</value>
         <object_component_ref idref="oc-1e8"/>
      </symbol>
      <symbol id="sm-120a">
         <name>SimpleLinkHttpServerCallback</name>
         <value>0x2000a225</value>
         <object_component_ref idref="oc-ff"/>
      </symbol>
      <symbol id="sm-120b">
         <name>Send_MQTT</name>
         <value>0x2000af41</value>
         <object_component_ref idref="oc-5c"/>
      </symbol>
      <symbol id="sm-120c">
         <name>g_ulStatus</name>
         <value>0x2002148c</value>
         <object_component_ref idref="oc-fd"/>
      </symbol>
      <symbol id="sm-120d">
         <name>g_ucConnectionBSSID</name>
         <value>0x20021498</value>
         <object_component_ref idref="oc-fd"/>
      </symbol>
      <symbol id="sm-120e">
         <name>main_func_sp</name>
         <value>0x20021514</value>
         <object_component_ref idref="oc-32"/>
      </symbol>
      <symbol id="sm-120f">
         <name>malloc</name>
         <value>0x2000d441</value>
         <object_component_ref idref="oc-164"/>
      </symbol>
      <symbol id="sm-1210">
         <name>MQTTstrlen</name>
         <value>0x2000f4d9</value>
         <object_component_ref idref="oc-1e8"/>
      </symbol>
      <symbol id="sm-1211">
         <name>g_ucLED3Pin</name>
         <value>0x200214c2</value>
         <object_component_ref idref="oc-fb"/>
      </symbol>
      <symbol id="sm-1212">
         <name>MQTTSerialize_publish</name>
         <value>0x2000f749</value>
         <object_component_ref idref="oc-11f"/>
      </symbol>
      <symbol id="sm-1213">
         <name>MQTTSerialize_connectLength</name>
         <value>0x2000eb8d</value>
         <object_component_ref idref="oc-11a"/>
      </symbol>
      <symbol id="sm-1214">
         <name>pcDigits</name>
         <value>0x200107f4</value>
         <object_component_ref idref="oc-179"/>
      </symbol>
      <symbol id="sm-1215">
         <name>g_uiLED2Port</name>
         <value>0x200214c8</value>
         <object_component_ref idref="oc-fb"/>
      </symbol>
      <symbol id="sm-1216">
         <name>g_ulStaIp</name>
         <value>0x20021490</value>
         <object_component_ref idref="oc-fd"/>
      </symbol>
      <symbol id="sm-1217">
         <name>HOSTtime</name>
         <value>0x20010201</value>
         <object_component_ref idref="oc-10e"/>
      </symbol>
      <symbol id="sm-1218">
         <name>g_ulGatewayIP</name>
         <value>0x20021494</value>
         <object_component_ref idref="oc-fd"/>
      </symbol>
      <symbol id="sm-1219">
         <name>g_ucConnectionSSID</name>
         <value>0x2002149e</value>
         <object_component_ref idref="oc-fd"/>
      </symbol>
      <symbol id="sm-121a">
         <name>minit</name>
         <value>0x2000d421</value>
         <object_component_ref idref="oc-164"/>
      </symbol>
      <symbol id="sm-121b">
         <name>SimpleLinkWlanEventHandler</name>
         <value>0x2000a069</value>
         <object_component_ref idref="oc-ff"/>
      </symbol>
      <symbol id="sm-121c">
         <name>writeMQTTString</name>
         <value>0x2000f567</value>
         <object_component_ref idref="oc-1e8"/>
      </symbol>
      <symbol id="sm-121d">
         <name>Network_IF_ResetMCUStateMachine</name>
         <value>0x20009ab9</value>
         <object_component_ref idref="oc-ff"/>
      </symbol>
      <symbol id="sm-121e">
         <name>g_ucLED2Pin</name>
         <value>0x200214c1</value>
         <object_component_ref idref="oc-fb"/>
      </symbol>
      <symbol id="sm-1234">
         <name>__TI_decompress_none</name>
         <value>0x200102cf</value>
         <object_component_ref idref="oc-12"/>
      </symbol>
      <symbol id="sm-1256">
         <name>__TI_decompress_rle24</name>
         <value>0x200102e3</value>
         <object_component_ref idref="oc-1c"/>
      </symbol>
      <symbol id="sm-1264">
         <name>__TI_zero_init</name>
         <value>0x200102bd</value>
         <object_component_ref idref="oc-17"/>
      </symbol>
      <symbol id="sm-1265">
         <name>__TI_static_base__</name>
         <value>0x20010a30</value>
      </symbol>
      <symbol id="sm-1266">
         <name>__TI_args_main</name>
         <value>0x1</value>
      </symbol>
      <symbol id="sm-1267">
         <name>SHT$$INIT_ARRAY$$Limit</name>
         <value>0x0</value>
      </symbol>
      <symbol id="sm-1268">
         <name>SHT$$INIT_ARRAY$$Base</name>
         <value>0x0</value>
      </symbol>
      <symbol id="sm-1269">
         <name>ti_sysbios_knl_Mailbox_delete</name>
         <value>0x0</value>
      </symbol>
      <symbol id="sm-126a">
         <name>ti_sysbios_knl_Mailbox_create</name>
         <value>0x0</value>
      </symbol>
      <symbol id="sm-126b">
         <name>ti_sysbios_knl_Semaphore_pend__E</name>
         <value>0x0</value>
      </symbol>
      <symbol id="sm-126c">
         <name>ti_sysbios_knl_Mailbox_post__E</name>
         <value>0x0</value>
      </symbol>
      <symbol id="sm-126d">
         <name>ti_sysbios_knl_Task_disable__E</name>
         <value>0x0</value>
      </symbol>
      <symbol id="sm-126e">
         <name>ti_sysbios_knl_Semaphore_Params__init__S</name>
         <value>0x0</value>
      </symbol>
      <symbol id="sm-126f">
         <name>ti_sysbios_family_arm_m3_Hwi_create</name>
         <value>0x0</value>
      </symbol>
      <symbol id="sm-1270">
         <name>ti_sysbios_family_arm_m3_Hwi_getHandle__E</name>
         <value>0x0</value>
      </symbol>
      <symbol id="sm-1271">
         <name>ti_sysbios_knl_Semaphore_post__E</name>
         <value>0x0</value>
      </symbol>
      <symbol id="sm-1272">
         <name>ti_sysbios_knl_Semaphore_create</name>
         <value>0x0</value>
      </symbol>
      <symbol id="sm-1273">
         <name>xdc_runtime_Error_init__E</name>
         <value>0x0</value>
      </symbol>
      <symbol id="sm-1274">
         <name>ti_sysbios_knl_Task_sleep__E</name>
         <value>0x0</value>
      </symbol>
      <symbol id="sm-1275">
         <name>ti_sysbios_knl_Task_create</name>
         <value>0x0</value>
      </symbol>
      <symbol id="sm-1276">
         <name>ti_sysbios_knl_Task_delete</name>
         <value>0x0</value>
      </symbol>
      <symbol id="sm-1277">
         <name>ti_sysbios_family_arm_m3_Hwi_delete</name>
         <value>0x0</value>
      </symbol>
      <symbol id="sm-1278">
         <name>ti_sysbios_knl_Task_restore__E</name>
         <value>0x0</value>
      </symbol>
      <symbol id="sm-1279">
         <name>ti_sysbios_BIOS_start__E</name>
         <value>0x0</value>
      </symbol>
      <symbol id="sm-127a">
         <name>ti_sysbios_family_arm_m3_Hwi_disableFxn__E</name>
         <value>0x0</value>
      </symbol>
      <symbol id="sm-127b">
         <name>ti_sysbios_knl_Task_Params__init__S</name>
         <value>0x0</value>
      </symbol>
      <symbol id="sm-127c">
         <name>ti_sysbios_family_arm_m3_Hwi_Params__init__S</name>
         <value>0x0</value>
      </symbol>
      <symbol id="sm-127d">
         <name>ti_sysbios_knl_Mailbox_pend__E</name>
         <value>0x0</value>
      </symbol>
      <symbol id="sm-127e">
         <name>ti_sysbios_knl_Clock_tickPeriod__C</name>
         <value>0x0</value>
      </symbol>
      <symbol id="sm-127f">
         <name>ti_sysbios_family_arm_m3_Hwi_restoreFxn__E</name>
         <value>0x0</value>
      </symbol>
      <symbol id="sm-1280">
         <name>ti_sysbios_knl_Semaphore_delete</name>
         <value>0x0</value>
      </symbol>
      <symbol id="sm-1281">
         <name>ti_sysbios_family_arm_m3_Hwi_setPriority__E</name>
         <value>0x0</value>
      </symbol>
   </symbol_table>
   <title>Link errors: red sections failed placement</title>
</link_info>
