******************************************************************************
                  TI ARM Linker PC v5.1.5                      
******************************************************************************
>> Linked Mon Aug 11 13:19:47 2014

OUTPUT FILE NAME:   <email.out>
ENTRY POINT SYMBOL: "_c_int00"  address: 200100e9


MEMORY CONFIGURATION

         name            origin    length      used     unused   attr    fill
----------------------  --------  ---------  --------  --------  ----  --------
  SRAM_CODE             20004000   00014fff  0000caf0  0000850f  RW X
  SRAM_DATA             20019000   00017000  00008d1c  0000e2e4  RW X


SEGMENT ALLOCATION MAP

run origin  load origin   length   init length attrs members
----------  ----------- ---------- ----------- ----- -------
20004000    20004000    0000caf0   0000caf0    r-x
  20004000    20004000    0000c2e8   0000c2e8    r-x .text
  200102e8    200102e8    00000748   00000748    r-- .const
  20010a30    20010a30    000000c0   000000c0    r-- .cinit
20019000    20019000    0000851c   00000000    rw-
  20019000    20019000    00008000   00000000    rw- .sysmem
  20021000    20021000    00000308   00000000    rw- .bss
  20021308    20021308    00000214   00000000    rw- .data
2002f800    2002f800    00000800   00000000    rw-
  2002f800    2002f800    00000800   00000000    rw- .stack


SECTION ALLOCATION MAP

 output                                  attributes/
section   page    origin      length       input sections
--------  ----  ----------  ----------   ----------------
.init_array 
*          0    20004000    00000000     UNINITIALIZED

.text      0    20004000    0000c2e8     
                  20004000    00001d7c     simplelink.a : driver.obj (.text)
                  20005d7c    00001116     rtsv7M4_T_le_v4SPD16_eabi.lib : _printfi.obj (.text)
                  20006e92    00000002                                   : _lock.obj (.text)
                  20006e94    00000d88     simplelink.a : socket.obj (.text)
                  20007c1c    00000ab4                  : netapp.obj (.text)
                  200086d0    00000a5c                  : wlan.obj (.text)
                  2000912c    0000098c     driverlib.a : prcm.obj (.text)
                  20009ab8    00000960     network_if.obj (.text)
                  2000a418    0000079c     driverlib.a : spi.obj (.text)
                  2000abb4    00000744     main.obj (.text)
                  2000b2f8    0000067a     driverlib.a : i2c.obj (.text)
                  2000b972    00000002     --HOLE-- [fill = 0]
                  2000b974    00000668     simplelink.a : cc_pal.obj (.text)
                  2000bfdc    00000650     driverlib.a : aes.obj (.text)
                  2000c62c    00000538     ti_rtos.a : osi_tirtos.obj (.text)
                  2000cb64    00000500     simplelink.a : device.obj (.text)
                  2000d064    000004b8     rtsv7M4_T_le_v4SPD16_eabi.lib : memory.obj (.text)
                  2000d51c    000004a4     driverlib.a : udma.obj (.text)
                  2000d9c0    0000048c                 : uart.obj (.text)
                  2000de4c    0000039c                 : timer.obj (.text)
                  2000e1e8    00000370                 : interrupt.obj (.text)
                  2000e558    00000334                 : gpio.obj (.text)
                  2000e88c    00000300                 : flash.obj (.text)
                  2000eb8c    000002a6     MQTTConnectClient.obj (.text)
                  2000ee32    00000002     --HOLE-- [fill = 0]
                  2000ee34    00000284     driverlib.a : pin.obj (.text)
                  2000f0b8    000001f4     rtsv7M4_T_le_v4SPD16_eabi.lib : ull_div_t2.obj (.text)
                  2000f2ac    000001b6                                   : fd_add_t2.obj (.text)
                  2000f462    00000192     MQTTPacket.obj (.text)
                  2000f5f4    00000136     rtsv7M4_T_le_v4SPD16_eabi.lib : fd_div_t2.obj (.text)
                  2000f72a    00000102     MQTTSerializePublish.obj (.text)
                  2000f82c    00000100     simplelink.a : netcfg.obj (.text)
                  2000f92c    000000fc     rtsv7M4_T_le_v4SPD16_eabi.lib : fd_mul_t2.obj (.text)
                  2000fa28    000000ee     uart_if.obj (.text)
                  2000fb16    000000bc     pinmux.obj (.text)
                  2000fbd2    0000009c     rtsv7M4_T_le_v4SPD16_eabi.lib : memcpy_t2.obj (.text)
                  2000fc6e    00000002     --HOLE-- [fill = 0]
                  2000fc70    00000094                                   : auto_init.obj (.text)
                  2000fd04    00000086                                   : fd_cmp_t2.obj (.text:__aeabi_cdcmple)
                  2000fd8a    00000086                                   : fd_cmp_t2.obj (.text:__aeabi_cdrcmple)
                  2000fe10    00000080                                   : vsnprintf.obj (.text)
                  2000fe90    00000078                                   : memset_t2.obj (.text)
                  2000ff08    00000068     simplelink.a : flowcont.obj (.text)
                  2000ff70    00000060     rtsv7M4_T_le_v4SPD16_eabi.lib : trgmsg.obj (.text)
                  2000ffd0    0000005e     driverlib.a : cpu.obj (.text)
                  2001002e    0000005e     rtsv7M4_T_le_v4SPD16_eabi.lib : copy_decompress_rle.obj (.text)
                  2001008c    0000005a                                   : ltoa.obj (.text)
                  200100e6    00000002     --HOLE-- [fill = 0]
                  200100e8    00000048                                   : boot.obj (.text)
                  20010130    00000048                                   : fd_toi_t2.obj (.text)
                  20010178    00000044                                   : cpy_tbl.obj (.text)
                  200101bc    00000044                                   : exit.obj (.text)
                  20010200    00000040                                   : trgdrv.obj (.text)
                  20010240    0000002e                                   : i_tofd_t2.obj (.text)
                  2001026e    0000001e                                   : ll_lsr_t2.obj (.text)
                  2001028c    00000018                                   : args_main.obj (.text)
                  200102a4    00000018                                   : ll_mul_t2.obj (.text)
                  200102bc    00000012                                   : copy_zero_init.obj (.text:decompress:ZI)
                  200102ce    0000000e                                   : copy_decompress_none.obj (.text:decompress:none)
                  200102dc    00000006     driverlib.a : utils.obj (.text:UtilsDelay)
                  200102e2    00000006     rtsv7M4_T_le_v4SPD16_eabi.lib : copy_decompress_rle.obj (.text:decompress:rle24)

.const     0    200102e8    00000748     
                  200102e8    00000101     rtsv7M4_T_le_v4SPD16_eabi.lib : ctype.obj (.const:.string:_ctypes_)
                  200103e9    00000003     --HOLE-- [fill = 0]
                  200103ec    00000100     driverlib.a : pin.obj (.const:g_ulPinToPadMap)
                  200104ec    000000d4                 : interrupt.obj (.const:g_pulRegs)
                  200105c0    000000b0     simplelink.a : wlan.obj (.const:$P$T0$1)
                  20010670    000000a0     driverlib.a : prcm.obj (.const:PRCM_PeriphRegsList)
                  20010710    00000080                 : interrupt.obj (.const)
                  20010790    00000064     main.obj (.const)
                  200107f4    00000048     network_if.obj (.const)
                  2001083c    00000040     driverlib.a : flash.obj (.const:g_pulFMPPERegs)
                  2001087c    00000040                 : flash.obj (.const:g_pulFMPRERegs)
                  200108bc    0000003c     simplelink.a : wlan.obj (.const)
                  200108f8    00000038                  : driver.obj (.const:_SlActionLookupTable)
                  20010930    00000034                  : socket.obj (.const)
                  20010964    00000028                  : netapp.obj (.const)
                  2001098c    00000024     driverlib.a : spi.obj (.const:g_ppulSPIIntMap)
                  200109b0    00000018                 : spi.obj (.const)
                  200109c8    00000014     MQTTConnectClient.obj (.const)
                  200109dc    00000014     simplelink.a : device.obj (.const)
                  200109f0    00000014                  : driver.obj (.const)
                  20010a04    00000010     driverlib.a : uart.obj (.const)
                  20010a14    0000000c                 : i2c.obj (.const)
                  20010a20    00000008     MQTTSerializePublish.obj (.const)
                  20010a28    00000008     simplelink.a : netcfg.obj (.const)

.cinit     0    20010a30    000000c0     
                  20010a30    00000097     (.cinit..data.load) [load image, compression = rle]
                  20010ac7    00000001     --HOLE-- [fill = 0]
                  20010ac8    0000000c     (__TI_handler_table)
                  20010ad4    00000004     --HOLE-- [fill = 0]
                  20010ad8    00000008     (.cinit..bss.load) [load image, compression = zero_init]
                  20010ae0    00000010     (__TI_cinit_table)

.sysmem    0    20019000    00008000     UNINITIALIZED
                  20019000    00000008     rtsv7M4_T_le_v4SPD16_eabi.lib : memory.obj (.sysmem)
                  20019008    00007ff8     --HOLE--

.bss       0    20021000    00000308     UNINITIALIZED
                  20021000    00000178     simplelink.a : driver.obj (.bss:g_StatMem)
                  20021178    00000120     rtsv7M4_T_le_v4SPD16_eabi.lib : trgmsg.obj (.bss:__CIOBUF_)
                  20021298    00000050     simplelink.a : cc_pal.obj (.bss:g_ucDinDout)
                  200212e8    00000008     (.common:parmbuf$28)
                  200212f0    00000004     (.common:DMAMsgQ)
                  200212f4    00000004     (.common:SimpleLinkSpawnTaskHndl)
                  200212f8    00000004     (.common:__Errorlog$0)
                  200212fc    00000004     (.common:bufptr$16)
                  20021300    00000004     (.common:g_cDummy)
                  20021304    00000004     (.common:simpleLink_mailbox)

.data      0    20021308    00000214     UNINITIALIZED
                  20021308    00000180     main.obj (.data)
                  20021488    00000038     network_if.obj (.data)
                  200214c0    00000020     gpio_if.obj (.data)
                  200214e0    00000010     simplelink.a : cc_pal.obj (.data)
                  200214f0    0000000c     rtsv7M4_T_le_v4SPD16_eabi.lib : memory.obj (.data)
                  200214fc    00000008                                   : _lock.obj (.data)
                  20021504    00000008                                   : exit.obj (.data)
                  2002150c    00000008     simplelink.a : driver.obj (.data)
                  20021514    00000004     rtsv7M4_T_le_v4SPD16_eabi.lib : stkdepth_vars.obj (.data)
                  20021518    00000004                                   : strtok.obj (.data)

.stack     0    2002f800    00000800     UNINITIALIZED
                  2002f800    00000800     --HOLE--


LINKER GENERATED COPY TABLES

__TI_cinit_table @ 20010ae0 records: 2, size/record: 8, table size: 16
	.data: load addr=20010a30, load size=00000097 bytes, run addr=20021308, run size=00000214 bytes, compression=rle
	.bss: load addr=20010ad8, load size=00000008 bytes, run addr=20021000, run size=00000308 bytes, compression=zero_init


LINKER GENERATED HANDLER TABLE

__TI_handler_table @ 20010ac8 records: 3, size/record: 4, table size: 12
	index: 0, handler: __TI_decompress_rle24
	index: 1, handler: __TI_decompress_none
	index: 2, handler: __TI_zero_init


GLOBAL SYMBOLS: SORTED ALPHABETICALLY BY Name 

address    name
--------   ----
2000c157   AESAuthDataLengthSet
2000bfdd   AESConfigSet
2000c5fd   AESDMADisable
2000c5e5   AESDMAEnable
2000c137   AESDataLengthSet
2000c3ef   AESDataMAC
2000c35d   AESDataProcess
2000c46d   AESDataProcessAE
2000c1e3   AESDataRead
2000c169   AESDataReadNonBlocking
2000c2dd   AESDataWrite
2000c257   AESDataWriteNonBlocking
2000c0df   AESIVSet
2000c5a7   AESIntClear
2000c57b   AESIntDisable
2000c54f   AESIntEnable
2000c5bd   AESIntRegister
2000c501   AESIntStatus
2000c5d3   AESIntUnregister
2000bfff   AESKey1Set
2000c059   AESKey2Set
2000c0b3   AESKey3Set
2000c10b   AESTagRead
200101bd   C$$EXIT
2000ff9b   C$$IO$$
20010025   CPUbasepriGet
2001000f   CPUbasepriSet
2000ffd1   CPUcpsid
2000ffef   CPUcpsie
2000ffe5   CPUprimask
20010003   CPUwfi
20009af3   ConfigureSimpleLinkToDefaultState
20008225   CopyPingResultsToReport
200212f0   DMAMsgQ
2000ba51   DmaSpiSwIntHandler
2000e88d   FlashDisable
2000e8c3   FlashErase
2000e8fd   FlashEraseNonBlocking
2000eb39   FlashIntClear
2000eb09   FlashIntDisable
2000eaf5   FlashIntEnable
2000ead1   FlashIntRegister
2000eb1d   FlashIntStatus
2000eae5   FlashIntUnregister
2000e91b   FlashMassErase
2000e947   FlashMassEraseNonBlocking
2000e957   FlashProgram
2000e9d9   FlashProgramNonBlocking
2000ea5b   FlashProtectGet
2000e823   GPIODMATriggerDisable
2000e7cb   GPIODMATriggerEnable
2000e5d7   GPIODirModeGet
2000e5a1   GPIODirModeSet
2000e747   GPIOIntClear
2000e70b   GPIOIntDisable
2000e6f1   GPIOIntEnable
2000e75b   GPIOIntRegister
2000e725   GPIOIntStatus
2000e68b   GPIOIntTypeGet
2000e609   GPIOIntTypeSet
2000e779   GPIOIntUnregister
2000e793   GPIOPinRead
2000e7ab   GPIOPinWrite
2000cb65   GetStartResponseConvert
20010201   HOSTtime
2000bdfd   HostIntHanlder
2000b8cd   I2CFIFODataGet
2000b8e7   I2CFIFODataGetNonBlocking
2000b883   I2CFIFODataPut
2000b8a5   I2CFIFODataPutNonBlocking
2000b873   I2CFIFOStatus
2000b475   I2CIntRegister
2000b493   I2CIntUnregister
2000b923   I2CMasterBurstCountGet
2000b90d   I2CMasterBurstLengthSet
2000b6cb   I2CMasterBusBusy
2000b6b3   I2CMasterBusy
2000b6e3   I2CMasterControl
2000b737   I2CMasterDataGet
2000b721   I2CMasterDataPut
2000b441   I2CMasterDisable
2000b40d   I2CMasterEnable
2000b6f5   I2CMasterErr
2000b931   I2CMasterGlitchFilterConfigSet
2000b343   I2CMasterInitExpClk
2000b62d   I2CMasterIntClear
2000b643   I2CMasterIntClearEx
2000b507   I2CMasterIntDisable
2000b517   I2CMasterIntDisableEx
2000b4ad   I2CMasterIntEnable
2000b4bd   I2CMasterIntEnableEx
2000b561   I2CMasterIntStatus
2000b59b   I2CMasterIntStatusEx
2000b6a5   I2CMasterLineStateGet
2000b683   I2CMasterSlaveAddrSet
2000b745   I2CMasterTimeoutSet
2000b833   I2CRxFIFOConfigSet
2000b85b   I2CRxFIFOFlush
2000b757   I2CSlaveACKOverride
2000b789   I2CSlaveACKValueSet
2000b3cf   I2CSlaveAddressSet
2000b7e3   I2CSlaveDataGet
2000b7cb   I2CSlaveDataPut
2000b457   I2CSlaveDisable
2000b423   I2CSlaveEnable
2000b961   I2CSlaveFIFODisable
2000b949   I2CSlaveFIFOEnable
2000b3b5   I2CSlaveInit
2000b65d   I2CSlaveIntClear
2000b66f   I2CSlaveIntClearEx
2000b52f   I2CSlaveIntDisable
2000b547   I2CSlaveIntDisableEx
2000b4d5   I2CSlaveIntEnable
2000b4ed   I2CSlaveIntEnableEx
2000b5c1   I2CSlaveIntStatus
2000b605   I2CSlaveIntStatusEx
2000b7bb   I2CSlaveStatus
2000b7f3   I2CTxFIFOConfigSet
2000b81b   I2CTxFIFOFlush
20021378   IV
20009ac7   InitializeAppVariables
2000e3a5   IntDisable
2000e30b   IntEnable
2000e1f5   IntMasterDisable
2000e1eb   IntMasterEnable
2000e4cd   IntPendClear
2000e43f   IntPendSet
2000e2e7   IntPriorityGet
2000e25f   IntPriorityGroupingGet
2000e245   IntPriorityGroupingSet
2000e531   IntPriorityMaskGet
2000e525   IntPriorityMaskSet
2000e297   IntPrioritySet
2000e20f   IntRegister
2000e22b   IntUnregister
2000e1ff   IntVTableBaseSet
20021368   Key
2000f507   MQTTPacket_encode
2000f49d   MQTTPacket_len
2000ec03   MQTTSerialize_connect
2000eb8d   MQTTSerialize_connectLength
2000f749   MQTTSerialize_publish
2000f72b   MQTTSerialize_publishLength
2000ad49   MQTT_payload_string
2000f4d9   MQTTstrlen
2000fa29   Message
20009e01   Network_IF_ConnectAP
20009cc5   Network_IF_DisconnectFromAP
20009c81   Network_IF_InitDriver
20009ab9   Network_IF_ResetMCUStateMachine
2000be43   NwpMaskInterrupt
2000bf09   NwpPowerOff
2000bed9   NwpPowerOn
2000be69   NwpPowerOnPreamble
2000be11   NwpRegisterInterruptHandler
2000be51   NwpUnMaskInterrupt
200099a1   PRCMCC3200MCUInit
200093d9   PRCMDeepSleepEnter
200095a3   PRCMHibernateEnter
200094dd   PRCMHibernateIntervalSet
20009551   PRCMHibernateWakeUpGPIOSelect
200094c1   PRCMHibernateWakeupCauseGet
2000949b   PRCMHibernateWakeupSourceDisable
20009475   PRCMHibernateWakeupSourceEnable
200092bf   PRCMI2SClockFreqSet
200096e5   PRCMIntDisable
200096b1   PRCMIntEnable
20009689   PRCMIntRegister
20009709   PRCMIntStatus
2000969d   PRCMIntUnregister
20009327   PRCMLPDSEnter
20009393   PRCMLPDSIntervalSet
2000930f   PRCMLPDSRestoreInfoSet
200093b5   PRCMLPDSWakeUpGPIOSelect
2000938d   PRCMLPDSWakeupCauseGet
20009379   PRCMLPDSWakeupSourceDisable
20009357   PRCMLPDSWakeupSourceEnable
20009139   PRCMMCUReset
2000966f   PRCMOCRRegisterRead
20009655   PRCMOCRRegisterWrite
200091a9   PRCMPeripheralClkDisable
2000917d   PRCMPeripheralClkEnable
200091c9   PRCMPeripheralClockGet
20009247   PRCMPeripheralReset
20009295   PRCMPeripheralStatusGet
200097d1   PRCMRTCGet
20009721   PRCMRTCInUseGet
2000970f   PRCMRTCInUseSet
20009905   PRCMRTCMatchGet
20009869   PRCMRTCMatchSet
20009741   PRCMRTCSet
2000912d   PRCMSOCReset
20009441   PRCMSRAMRetentionDisable
20009409   PRCMSRAMRetentionEnable
200093d1   PRCMSleepEnter
200095b3   PRCMSlowClkCtrGet
20009615   PRCMSlowClkCtrMatchGet
200095ed   PRCMSlowClkCtrMatchSet
20009159   PRCMSysResetCauseGet
2000eef5   PinConfigGet
2000ef33   PinConfigSet
2000eecb   PinDirModeGet
2000ee97   PinDirModeSet
2000ee6d   PinModeGet
2000ee35   PinModeSet
2000fb17   PinMuxConfig
2000f07d   PinTypeADC
2000f033   PinTypeCamera
2000f04d   PinTypeGPIO
2000efc9   PinTypeI2C
2000efff   PinTypeI2S
2000f091   PinTypeSDHost
2000efe5   PinTypeSPI
2000f019   PinTypeTimer
2000efaf   PinTypeUART
2000abb5   PushButtonHandler
2000fa49   Report
UNDEFED    SHT$$INIT_ARRAY$$Base
UNDEFED    SHT$$INIT_ARRAY$$Limit
20007b35   SL_FD_CLR
20007b59   SL_FD_ISSET
20007b17   SL_FD_SET
20007b7d   SL_FD_ZERO
2000aafd   SPICSDisable
2000aae5   SPICSEnable
2000a775   SPIConfigSetExpClk
2000a843   SPIDataGet
2000a819   SPIDataGetNonBlocking
2000a88b   SPIDataPut
2000a863   SPIDataPutNonBlocking
2000a707   SPIDisable
2000a739   SPIDmaDisable
2000a71f   SPIDmaEnable
2000a6ef   SPIEnable
2000a8c3   SPIFIFODisable
2000a8a9   SPIFIFOEnable
2000a911   SPIFIFOLevelGet
2000a8dd   SPIFIFOLevelSet
2000aaa7   SPIIntClear
2000a9ef   SPIIntDisable
2000a9ab   SPIIntEnable
2000a96d   SPIIntRegister
2000aa39   SPIIntStatus
2000a991   SPIIntUnregister
2000a753   SPIReset
2000ab15   SPITransfer
2000a945   SPIWordCountSet
2002135c   SecurityParams
2000af41   Send_MQTT
2000ba6f   SetupDMAReceive
2000bae9   SetupDMASend
2000a225   SimpleLinkHttpServerCallback
2000a1dd   SimpleLinkNetAppEventHandler
2000a18b   SimpleLinkSockEventHandler
200212f4   SimpleLinkSpawnTaskHndl
2000a069   SimpleLinkWlanEventHandler
2000de89   TimerConfigure
2000def9   TimerControlEvent
2000dec3   TimerControlLevel
2000df25   TimerControlStall
2000e1cd   TimerDMAEventGet
2000e1bb   TimerDMAEventSet
2000de6b   TimerDisable
2000de4d   TimerEnable
2000e1a9   TimerIntClear
2000e16d   TimerIntDisable
2000e155   TimerIntEnable
2000e08f   TimerIntRegister
2000e185   TimerIntStatus
2000e0f9   TimerIntUnregister
2000e011   TimerLoadGet
2000dfe7   TimerLoadSet
2000e073   TimerMatchGet
2000e049   TimerMatchSet
2000abf9   TimerPeriodicIntHandler
2000df85   TimerPrescaleGet
2000dfcb   TimerPrescaleMatchGet
2000dfa1   TimerPrescaleMatchSet
2000df5b   TimerPrescaleSet
2000e02d   TimerValueGet
2000dd1d   UARTBreakCtl
2000dd47   UARTBusy
2000dcc5   UARTCharGet
2000dca9   UARTCharGetNonBlocking
2000dcff   UARTCharPut
2000dcdb   UARTCharPutNonBlocking
2000dc6f   UARTCharsAvail
2000dae1   UARTConfigGetExpClk
2000da6b   UARTConfigSetExpClk
2000de0f   UARTDMADisable
2000ddf7   UARTDMAEnable
2000db51   UARTDisable
2000db2d   UARTEnable
2000db91   UARTFIFODisable
2000db7b   UARTFIFOEnable
2000da43   UARTFIFOLevelGet
2000da2b   UARTFIFOLevelSet
2000dc2f   UARTFlowControlGet
2000dc13   UARTFlowControlSet
2000dde5   UARTIntClear
2000ddaf   UARTIntDisable
2000dd97   UARTIntEnable
2000dd5f   UARTIntRegister
2000ddc7   UARTIntStatus
2000dd7d   UARTIntUnregister
2000dbcb   UARTModemControlClear
2000dbef   UARTModemControlGet
2000dba7   UARTModemControlSet
2000dc01   UARTModemStatusGet
2000da19   UARTParityModeGet
2000d9fd   UARTParityModeSet
2000de3d   UARTRxErrorClear
2000de27   UARTRxErrorGet
2000dc87   UARTSpaceAvail
2000dc5d   UARTTxIntModeGet
2000dc41   UARTTxIntModeSet
200102dd   UtilsDelay
2000c995   VDeleteSimpleLinkSpawnTask
2000c93d   VStartSimpleLinkSpawnTask
20010944   _SlAcceptCmdCtrl
200108f8   _SlActionLookupTable
20004d09   _SlAsyncEventGenericHandler
200109e8   _SlDeviceGetCmdCtrl
200109ec   _SlDeviceSetCmdCtrl
2000566d   _SlDrvBasicCmd
20005367   _SlDrvClassifyRxMsg
2000418b   _SlDrvCmdOp
200041ff   _SlDrvCmdSend
20004245   _SlDrvDataReadOp
20004405   _SlDrvDataWriteOp
2000d019   _SlDrvDeviceEventHandler
200040bf   _SlDrvDriverCBDeinit
20004001   _SlDrvDriverCBInit
2000ff3b   _SlDrvFlowContDeinit
2000ff09   _SlDrvFlowContInit
20004755   _SlDrvMsgRead
200051b3   _SlDrvMsgReadCmdCtx
20005299   _SlDrvMsgReadSpawnCtx
20004595   _SlDrvMsgWrite
200085c1   _SlDrvNetAppEventHandler
20005b2b   _SlDrvObjDeInit
20005aaf   _SlDrvObjInit
200058b5   _SlDrvReleasePoolObj
200054b1   _SlDrvRxHdrRead
2000414b   _SlDrvRxIrqHandler
20005469   _SlDrvShiftDWord
200056d1   _SlDrvWaitForPoolObj
200109e4   _SlEventMaskGetCmdCtrl
200109e0   _SlEventMaskSetCmdCtrl
20005c05   _SlFindAndSetActiveObj
20010978   _SlGetHostByNameCtrl
20010974   _SlGetHostByServiceCtrl
2001096c   _SlGetServiceListeCtrl
20010950   _SlGetSockOptCmdCtrl
20010940   _SlListenCmdCtrl
20010984   _SlNetAppGetCmdCtrl
20010980   _SlNetAppSendTokenValueCmdCtrl
2001097c   _SlNetAppSetCmdCtrl
20010964   _SlNetAppStartCtrl
20010968   _SlNetAppStopCtrl
20010a2c   _SlNetCfgGetCmdCtrl
20010a28   _SlNetCfgSetCmdCtrl
200108c0   _SlPolicyGetCmdCtrl
200108bc   _SlPolicySetCmdCtrl
200108c8   _SlProfileDelCmdCtrl
200108c4   _SlProfileGetCmdCtrl
20010948   _SlRecvCmdCtrl
20010938   _SlRecvfomCmdCtrl
20010970   _SlRegisterServiceCtrl
20005b4b   _SlRemoveFromList
200108d0   _SlRxFilterAddtCmdCtrl
200108d8   _SlRxFilterGetCmdCtrl
200108d4   _SlRxFilterSetCmdCtrl
20010954   _SlSelectCmdCtrl
2001093c   _SlSendCmdCtrl
2001094c   _SlSetSockOptCmdCtrl
200108dc   _SlSmartConfigStartCmdCtrl
20010934   _SlSockCloseCmdCtrl
20010930   _SlSockSocketCmdCtrl
200109dc   _SlStopCmdCtrl
200108e8   _SlWlanCfgGetCmdCtrl
200108e4   _SlWlanCfgSetCmdCtrl
200108cc   _SlWlanGetNetworkListCtrl
200108e0   _SlWlanSetModeCmdCtrl
20021178   __CIOBUF_
20030000   __STACK_END
00000800   __STACK_SIZE
00008000   __SYSMEM_SIZE
20010ae0   __TI_CINIT_Base
20010af0   __TI_CINIT_Limit
20010ac8   __TI_Handler_Table_Base
20010ad4   __TI_Handler_Table_Limit
00000001   __TI_args_main
2000fc71   __TI_auto_init
20021504   __TI_cleanup_ptr
200102cf   __TI_decompress_none
200102e3   __TI_decompress_rle24
20021508   __TI_dtors_ptr
20006cbb   __TI_printfi
2000ff9f   __TI_readmsg
20010a30   __TI_static_base__
2000ff71   __TI_writemsg
200102bd   __TI_zero_init
2000fd05   __aeabi_cdcmpeq
2000fd05   __aeabi_cdcmple
2000fd8b   __aeabi_cdrcmple
20010131   __aeabi_d2iz
2000f2b7   __aeabi_dadd
2000f5f5   __aeabi_ddiv
2000f92d   __aeabi_dmul
2000f2ad   __aeabi_dsub
20010241   __aeabi_i2d
2001026f   __aeabi_llsr
200102a5   __aeabi_lmul
2000fe91   __aeabi_memclr
2000fe91   __aeabi_memclr4
2000fe91   __aeabi_memclr8
2000fbd3   __aeabi_memcpy
2000fbd3   __aeabi_memcpy4
2000fbd3   __aeabi_memcpy8
2000fe93   __aeabi_memset
2000fe93   __aeabi_memset4
2000fe93   __aeabi_memset8
2000f0b9   __aeabi_uldivmod
ffffffff   __binit__
ffffffff   __c_args__
2002f800   __stack
2001028d   _args_main
200100e9   _c_int00
200102e8   _ctypes_
200214fc   _lock
20006e93   _nop
20006e95   _sl_BuildAddress
200077c1   _sl_HandleAsync_Accept
20007411   _sl_HandleAsync_Connect
20008037   _sl_HandleAsync_DnsGetHostByAddr
20008171   _sl_HandleAsync_DnsGetHostByName
20007f6d   _sl_HandleAsync_DnsGetHostByService
2000cca5   _sl_HandleAsync_InitComplete
20008261   _sl_HandleAsync_PingResponse
20007b95   _sl_HandleAsync_Select
2000cd45   _sl_HandleAsync_Stop
20006f8d   _sl_ParseAddress
20006ee3   _sl_TruncatePayloadByProtocol
20019000   _sys_memory
20021500   _unlock
200101c1   abort
ffffffff   binit
2000f463   bufchar
2000bf57   cc_SetupTransfer
2000bf39   cc_UDMAChannelSelect
2000ac43   conect_to_AP
20010179   copy_in
200101c9   exit
2000d0cb   free
200109f8   g_H2NCnysPattern
200109f0   g_H2NSyncPattern
200214e4   g_SpiFd
20021000   g_StatMem
20021300   g_cDummy
200214ec   g_len
2002150c   g_pCB
200214e0   g_pHostIntHdl
20021498   g_ucConnectionBSSID
2002149e   g_ucConnectionSSID
200214e8   g_ucDMAEnabled
20021298   g_ucDinDout
200214c0   g_ucLED1Pin
200214c1   g_ucLED2Pin
200214c2   g_ucLED3Pin
200214c4   g_uiLED1Port
200214c8   g_uiLED2Port
200214cc   g_uiLED3Port
20021350   g_uiPBCount
20021494   g_ulGatewayIP
20021490   g_ulStaIp
2002148c   g_ulStatus
20021488   g_usConnectIndex
20021356   g_usTimerInts
20021354   interupt_flag
2001008d   ltoa
2000b103   main
20021514   main_func_sp
2000d441   malloc
2000c9b1   mem_Free
2000c9a5   mem_Malloc
2000c9d1   mem_copy
2000c9bd   mem_set
2000fbd3   memcpy
2000fe99   memset
2000d421   minit
2000cb41   osi_ContextRestore
2000cb3f   osi_ContextSave
2000c9e5   osi_EnterCritical
2000c9f5   osi_ExitCritical
2000c6c7   osi_InterruptDeRegister
2000c66f   osi_InterruptRegister
2000c7c9   osi_LockObjCreate
2000c871   osi_LockObjDelete
2000c87f   osi_LockObjLock
2000c8d7   osi_LockObjUnlock
2000ca01   osi_MsgQCreate
2000ca35   osi_MsgQDelete
2000caa3   osi_MsgQRead
2000ca43   osi_MsgQWrite
2000cb03   osi_Sleep
2000c8e7   osi_Spawn
2000c7b1   osi_SyncObjClear
2000c6e3   osi_SyncObjCreate
2000c72b   osi_SyncObjDelete
2000c739   osi_SyncObjSignal
2000c749   osi_SyncObjSignalFromISR
2000c759   osi_SyncObjWait
2000c80b   osi_TaskCreate
2000c865   osi_TaskDelete
2000cb23   osi_TaskDisable
2000cb2b   osi_TaskEnable
2000cb37   osi_start
20021510   pPingCallBackFunc
200107f4   pcDigits
20021388   pcEmailmessage
20021408   pcRecivemessage
20021308   pui32AES128Key
20021318   pui32AES192Key
20021330   pui32AES256Key
2000d2c5   realloc
20021304   simpleLink_mailbox
200075e5   sl_Accept
20007057   sl_Bind
20007033   sl_Close
200072e5   sl_Connect
2000cf1d   sl_DevGet
2000cfb7   sl_DevSet
2000ceed   sl_EventMaskGet
2000ceb7   sl_EventMaskSet
20007919   sl_GetSockOpt
20007741   sl_Htonl
20007781   sl_Htons
200075a9   sl_Listen
20008045   sl_NetAppDnsGetHostByName
20007e51   sl_NetAppDnsGetHostByService
20008535   sl_NetAppGet
20007c5d   sl_NetAppGetServiceList
20007dd7   sl_NetAppMDNSRegisterService
20007d27   sl_NetAppMDNSRegisterUnregisterService
20007e13   sl_NetAppMDNSUnRegisterService
20008311   sl_NetAppPingStart
200084d5   sl_NetAppSendTokenValue
2000846d   sl_NetAppSet
20007c1d   sl_NetAppStart
20007c3d   sl_NetAppStop
2000f88f   sl_NetCfgGet
2000f82d   sl_NetCfgSet
20007849   sl_Recv
200071d9   sl_RecvFrom
200079a9   sl_Select
200074b1   sl_Send
200070d5   sl_SendTo
200078b9   sl_SetSockOpt
20006fe7   sl_Socket
2000cbbb   sl_Start
2000cdb7   sl_Stop
200086d1   sl_WlanConnect
200088f3   sl_WlanDisconnect
20009079   sl_WlanGet
20008d65   sl_WlanGetNetworkList
20008965   sl_WlanPolicyGet
200088ff   sl_WlanPolicySet
20008a05   sl_WlanProfileAdd
20008d3b   sl_WlanProfileDel
20008c61   sl_WlanProfileGet
20008dcd   sl_WlanRxFilterAdd
20008e87   sl_WlanRxFilterGet
20008e37   sl_WlanRxFilterSet
20008f11   sl_WlanRxStatGet
20008ef9   sl_WlanRxStatStart
20008f05   sl_WlanRxStatStop
20009009   sl_WlanSet
20008fdd   sl_WlanSetMode
20008f55   sl_WlanSmartConfigStart
20008f43   sl_WlanSmartConfigStop
2000bc5d   spi_Close
2000bb63   spi_Open
2000bccd   spi_Read
2000b975   spi_Read_CPU
2000bd95   spi_Write
2000b9e3   spi_Write_CPU
UNDEFED    ti_sysbios_BIOS_start__E
UNDEFED    ti_sysbios_family_arm_m3_Hwi_Params__init__S
UNDEFED    ti_sysbios_family_arm_m3_Hwi_create
UNDEFED    ti_sysbios_family_arm_m3_Hwi_delete
UNDEFED    ti_sysbios_family_arm_m3_Hwi_disableFxn__E
UNDEFED    ti_sysbios_family_arm_m3_Hwi_getHandle__E
UNDEFED    ti_sysbios_family_arm_m3_Hwi_restoreFxn__E
UNDEFED    ti_sysbios_family_arm_m3_Hwi_setPriority__E
UNDEFED    ti_sysbios_knl_Clock_tickPeriod__C
UNDEFED    ti_sysbios_knl_Mailbox_create
UNDEFED    ti_sysbios_knl_Mailbox_delete
UNDEFED    ti_sysbios_knl_Mailbox_pend__E
UNDEFED    ti_sysbios_knl_Mailbox_post__E
UNDEFED    ti_sysbios_knl_Semaphore_Params__init__S
UNDEFED    ti_sysbios_knl_Semaphore_create
UNDEFED    ti_sysbios_knl_Semaphore_delete
UNDEFED    ti_sysbios_knl_Semaphore_pend__E
UNDEFED    ti_sysbios_knl_Semaphore_post__E
UNDEFED    ti_sysbios_knl_Task_Params__init__S
UNDEFED    ti_sysbios_knl_Task_create
UNDEFED    ti_sysbios_knl_Task_delete
UNDEFED    ti_sysbios_knl_Task_disable__E
UNDEFED    ti_sysbios_knl_Task_restore__E
UNDEFED    ti_sysbios_knl_Task_sleep__E
2000d965   uDMAChannelAssign
2000d615   uDMAChannelAttributeDisable
2000d5c1   uDMAChannelAttributeEnable
2000d669   uDMAChannelAttributeGet
2000d6d9   uDMAChannelControlSet
2000d553   uDMAChannelDisable
2000d53b   uDMAChannelEnable
2000d56b   uDMAChannelIsEnabled
2000d8dd   uDMAChannelModeGet
2000d5a9   uDMAChannelRequest
2000d80d   uDMAChannelScatterGatherSet
2000d895   uDMAChannelSizeGet
2000d715   uDMAChannelTransferSet
2000d5a3   uDMAControlAlternateBaseGet
2000d59d   uDMAControlBaseGet
2000d58d   uDMAControlBaseSet
2000d525   uDMADisable
2000d51d   uDMAEnable
2000d533   uDMAErrorStatusClear
2000d52d   uDMAErrorStatusGet
2000d951   uDMAIntClear
2000d923   uDMAIntRegister
2000d94b   uDMAIntStatus
2000d939   uDMAIntUnregister
20021358   uiUartCmd
2000fe61   vsnprintf
2000f4fb   writeChar
2000f54b   writeInt
2000f567   writeMQTTString
UNDEFED    xdc_runtime_Error_init__E


GLOBAL SYMBOLS: SORTED BY Symbol Address 

address    name
--------   ----
00000001   __TI_args_main
00000800   __STACK_SIZE
00008000   __SYSMEM_SIZE
20004001   _SlDrvDriverCBInit
200040bf   _SlDrvDriverCBDeinit
2000414b   _SlDrvRxIrqHandler
2000418b   _SlDrvCmdOp
200041ff   _SlDrvCmdSend
20004245   _SlDrvDataReadOp
20004405   _SlDrvDataWriteOp
20004595   _SlDrvMsgWrite
20004755   _SlDrvMsgRead
20004d09   _SlAsyncEventGenericHandler
200051b3   _SlDrvMsgReadCmdCtx
20005299   _SlDrvMsgReadSpawnCtx
20005367   _SlDrvClassifyRxMsg
20005469   _SlDrvShiftDWord
200054b1   _SlDrvRxHdrRead
2000566d   _SlDrvBasicCmd
200056d1   _SlDrvWaitForPoolObj
200058b5   _SlDrvReleasePoolObj
20005aaf   _SlDrvObjInit
20005b2b   _SlDrvObjDeInit
20005b4b   _SlRemoveFromList
20005c05   _SlFindAndSetActiveObj
20006cbb   __TI_printfi
20006e93   _nop
20006e95   _sl_BuildAddress
20006ee3   _sl_TruncatePayloadByProtocol
20006f8d   _sl_ParseAddress
20006fe7   sl_Socket
20007033   sl_Close
20007057   sl_Bind
200070d5   sl_SendTo
200071d9   sl_RecvFrom
200072e5   sl_Connect
20007411   _sl_HandleAsync_Connect
200074b1   sl_Send
200075a9   sl_Listen
200075e5   sl_Accept
20007741   sl_Htonl
20007781   sl_Htons
200077c1   _sl_HandleAsync_Accept
20007849   sl_Recv
200078b9   sl_SetSockOpt
20007919   sl_GetSockOpt
200079a9   sl_Select
20007b17   SL_FD_SET
20007b35   SL_FD_CLR
20007b59   SL_FD_ISSET
20007b7d   SL_FD_ZERO
20007b95   _sl_HandleAsync_Select
20007c1d   sl_NetAppStart
20007c3d   sl_NetAppStop
20007c5d   sl_NetAppGetServiceList
20007d27   sl_NetAppMDNSRegisterUnregisterService
20007dd7   sl_NetAppMDNSRegisterService
20007e13   sl_NetAppMDNSUnRegisterService
20007e51   sl_NetAppDnsGetHostByService
20007f6d   _sl_HandleAsync_DnsGetHostByService
20008037   _sl_HandleAsync_DnsGetHostByAddr
20008045   sl_NetAppDnsGetHostByName
20008171   _sl_HandleAsync_DnsGetHostByName
20008225   CopyPingResultsToReport
20008261   _sl_HandleAsync_PingResponse
20008311   sl_NetAppPingStart
2000846d   sl_NetAppSet
200084d5   sl_NetAppSendTokenValue
20008535   sl_NetAppGet
200085c1   _SlDrvNetAppEventHandler
200086d1   sl_WlanConnect
200088f3   sl_WlanDisconnect
200088ff   sl_WlanPolicySet
20008965   sl_WlanPolicyGet
20008a05   sl_WlanProfileAdd
20008c61   sl_WlanProfileGet
20008d3b   sl_WlanProfileDel
20008d65   sl_WlanGetNetworkList
20008dcd   sl_WlanRxFilterAdd
20008e37   sl_WlanRxFilterSet
20008e87   sl_WlanRxFilterGet
20008ef9   sl_WlanRxStatStart
20008f05   sl_WlanRxStatStop
20008f11   sl_WlanRxStatGet
20008f43   sl_WlanSmartConfigStop
20008f55   sl_WlanSmartConfigStart
20008fdd   sl_WlanSetMode
20009009   sl_WlanSet
20009079   sl_WlanGet
2000912d   PRCMSOCReset
20009139   PRCMMCUReset
20009159   PRCMSysResetCauseGet
2000917d   PRCMPeripheralClkEnable
200091a9   PRCMPeripheralClkDisable
200091c9   PRCMPeripheralClockGet
20009247   PRCMPeripheralReset
20009295   PRCMPeripheralStatusGet
200092bf   PRCMI2SClockFreqSet
2000930f   PRCMLPDSRestoreInfoSet
20009327   PRCMLPDSEnter
20009357   PRCMLPDSWakeupSourceEnable
20009379   PRCMLPDSWakeupSourceDisable
2000938d   PRCMLPDSWakeupCauseGet
20009393   PRCMLPDSIntervalSet
200093b5   PRCMLPDSWakeUpGPIOSelect
200093d1   PRCMSleepEnter
200093d9   PRCMDeepSleepEnter
20009409   PRCMSRAMRetentionEnable
20009441   PRCMSRAMRetentionDisable
20009475   PRCMHibernateWakeupSourceEnable
2000949b   PRCMHibernateWakeupSourceDisable
200094c1   PRCMHibernateWakeupCauseGet
200094dd   PRCMHibernateIntervalSet
20009551   PRCMHibernateWakeUpGPIOSelect
200095a3   PRCMHibernateEnter
200095b3   PRCMSlowClkCtrGet
200095ed   PRCMSlowClkCtrMatchSet
20009615   PRCMSlowClkCtrMatchGet
20009655   PRCMOCRRegisterWrite
2000966f   PRCMOCRRegisterRead
20009689   PRCMIntRegister
2000969d   PRCMIntUnregister
200096b1   PRCMIntEnable
200096e5   PRCMIntDisable
20009709   PRCMIntStatus
2000970f   PRCMRTCInUseSet
20009721   PRCMRTCInUseGet
20009741   PRCMRTCSet
200097d1   PRCMRTCGet
20009869   PRCMRTCMatchSet
20009905   PRCMRTCMatchGet
200099a1   PRCMCC3200MCUInit
20009ab9   Network_IF_ResetMCUStateMachine
20009ac7   InitializeAppVariables
20009af3   ConfigureSimpleLinkToDefaultState
20009c81   Network_IF_InitDriver
20009cc5   Network_IF_DisconnectFromAP
20009e01   Network_IF_ConnectAP
2000a069   SimpleLinkWlanEventHandler
2000a18b   SimpleLinkSockEventHandler
2000a1dd   SimpleLinkNetAppEventHandler
2000a225   SimpleLinkHttpServerCallback
2000a6ef   SPIEnable
2000a707   SPIDisable
2000a71f   SPIDmaEnable
2000a739   SPIDmaDisable
2000a753   SPIReset
2000a775   SPIConfigSetExpClk
2000a819   SPIDataGetNonBlocking
2000a843   SPIDataGet
2000a863   SPIDataPutNonBlocking
2000a88b   SPIDataPut
2000a8a9   SPIFIFOEnable
2000a8c3   SPIFIFODisable
2000a8dd   SPIFIFOLevelSet
2000a911   SPIFIFOLevelGet
2000a945   SPIWordCountSet
2000a96d   SPIIntRegister
2000a991   SPIIntUnregister
2000a9ab   SPIIntEnable
2000a9ef   SPIIntDisable
2000aa39   SPIIntStatus
2000aaa7   SPIIntClear
2000aae5   SPICSEnable
2000aafd   SPICSDisable
2000ab15   SPITransfer
2000abb5   PushButtonHandler
2000abf9   TimerPeriodicIntHandler
2000ac43   conect_to_AP
2000ad49   MQTT_payload_string
2000af41   Send_MQTT
2000b103   main
2000b343   I2CMasterInitExpClk
2000b3b5   I2CSlaveInit
2000b3cf   I2CSlaveAddressSet
2000b40d   I2CMasterEnable
2000b423   I2CSlaveEnable
2000b441   I2CMasterDisable
2000b457   I2CSlaveDisable
2000b475   I2CIntRegister
2000b493   I2CIntUnregister
2000b4ad   I2CMasterIntEnable
2000b4bd   I2CMasterIntEnableEx
2000b4d5   I2CSlaveIntEnable
2000b4ed   I2CSlaveIntEnableEx
2000b507   I2CMasterIntDisable
2000b517   I2CMasterIntDisableEx
2000b52f   I2CSlaveIntDisable
2000b547   I2CSlaveIntDisableEx
2000b561   I2CMasterIntStatus
2000b59b   I2CMasterIntStatusEx
2000b5c1   I2CSlaveIntStatus
2000b605   I2CSlaveIntStatusEx
2000b62d   I2CMasterIntClear
2000b643   I2CMasterIntClearEx
2000b65d   I2CSlaveIntClear
2000b66f   I2CSlaveIntClearEx
2000b683   I2CMasterSlaveAddrSet
2000b6a5   I2CMasterLineStateGet
2000b6b3   I2CMasterBusy
2000b6cb   I2CMasterBusBusy
2000b6e3   I2CMasterControl
2000b6f5   I2CMasterErr
2000b721   I2CMasterDataPut
2000b737   I2CMasterDataGet
2000b745   I2CMasterTimeoutSet
2000b757   I2CSlaveACKOverride
2000b789   I2CSlaveACKValueSet
2000b7bb   I2CSlaveStatus
2000b7cb   I2CSlaveDataPut
2000b7e3   I2CSlaveDataGet
2000b7f3   I2CTxFIFOConfigSet
2000b81b   I2CTxFIFOFlush
2000b833   I2CRxFIFOConfigSet
2000b85b   I2CRxFIFOFlush
2000b873   I2CFIFOStatus
2000b883   I2CFIFODataPut
2000b8a5   I2CFIFODataPutNonBlocking
2000b8cd   I2CFIFODataGet
2000b8e7   I2CFIFODataGetNonBlocking
2000b90d   I2CMasterBurstLengthSet
2000b923   I2CMasterBurstCountGet
2000b931   I2CMasterGlitchFilterConfigSet
2000b949   I2CSlaveFIFOEnable
2000b961   I2CSlaveFIFODisable
2000b975   spi_Read_CPU
2000b9e3   spi_Write_CPU
2000ba51   DmaSpiSwIntHandler
2000ba6f   SetupDMAReceive
2000bae9   SetupDMASend
2000bb63   spi_Open
2000bc5d   spi_Close
2000bccd   spi_Read
2000bd95   spi_Write
2000bdfd   HostIntHanlder
2000be11   NwpRegisterInterruptHandler
2000be43   NwpMaskInterrupt
2000be51   NwpUnMaskInterrupt
2000be69   NwpPowerOnPreamble
2000bed9   NwpPowerOn
2000bf09   NwpPowerOff
2000bf39   cc_UDMAChannelSelect
2000bf57   cc_SetupTransfer
2000bfdd   AESConfigSet
2000bfff   AESKey1Set
2000c059   AESKey2Set
2000c0b3   AESKey3Set
2000c0df   AESIVSet
2000c10b   AESTagRead
2000c137   AESDataLengthSet
2000c157   AESAuthDataLengthSet
2000c169   AESDataReadNonBlocking
2000c1e3   AESDataRead
2000c257   AESDataWriteNonBlocking
2000c2dd   AESDataWrite
2000c35d   AESDataProcess
2000c3ef   AESDataMAC
2000c46d   AESDataProcessAE
2000c501   AESIntStatus
2000c54f   AESIntEnable
2000c57b   AESIntDisable
2000c5a7   AESIntClear
2000c5bd   AESIntRegister
2000c5d3   AESIntUnregister
2000c5e5   AESDMAEnable
2000c5fd   AESDMADisable
2000c66f   osi_InterruptRegister
2000c6c7   osi_InterruptDeRegister
2000c6e3   osi_SyncObjCreate
2000c72b   osi_SyncObjDelete
2000c739   osi_SyncObjSignal
2000c749   osi_SyncObjSignalFromISR
2000c759   osi_SyncObjWait
2000c7b1   osi_SyncObjClear
2000c7c9   osi_LockObjCreate
2000c80b   osi_TaskCreate
2000c865   osi_TaskDelete
2000c871   osi_LockObjDelete
2000c87f   osi_LockObjLock
2000c8d7   osi_LockObjUnlock
2000c8e7   osi_Spawn
2000c93d   VStartSimpleLinkSpawnTask
2000c995   VDeleteSimpleLinkSpawnTask
2000c9a5   mem_Malloc
2000c9b1   mem_Free
2000c9bd   mem_set
2000c9d1   mem_copy
2000c9e5   osi_EnterCritical
2000c9f5   osi_ExitCritical
2000ca01   osi_MsgQCreate
2000ca35   osi_MsgQDelete
2000ca43   osi_MsgQWrite
2000caa3   osi_MsgQRead
2000cb03   osi_Sleep
2000cb23   osi_TaskDisable
2000cb2b   osi_TaskEnable
2000cb37   osi_start
2000cb3f   osi_ContextSave
2000cb41   osi_ContextRestore
2000cb65   GetStartResponseConvert
2000cbbb   sl_Start
2000cca5   _sl_HandleAsync_InitComplete
2000cd45   _sl_HandleAsync_Stop
2000cdb7   sl_Stop
2000ceb7   sl_EventMaskSet
2000ceed   sl_EventMaskGet
2000cf1d   sl_DevGet
2000cfb7   sl_DevSet
2000d019   _SlDrvDeviceEventHandler
2000d0cb   free
2000d2c5   realloc
2000d421   minit
2000d441   malloc
2000d51d   uDMAEnable
2000d525   uDMADisable
2000d52d   uDMAErrorStatusGet
2000d533   uDMAErrorStatusClear
2000d53b   uDMAChannelEnable
2000d553   uDMAChannelDisable
2000d56b   uDMAChannelIsEnabled
2000d58d   uDMAControlBaseSet
2000d59d   uDMAControlBaseGet
2000d5a3   uDMAControlAlternateBaseGet
2000d5a9   uDMAChannelRequest
2000d5c1   uDMAChannelAttributeEnable
2000d615   uDMAChannelAttributeDisable
2000d669   uDMAChannelAttributeGet
2000d6d9   uDMAChannelControlSet
2000d715   uDMAChannelTransferSet
2000d80d   uDMAChannelScatterGatherSet
2000d895   uDMAChannelSizeGet
2000d8dd   uDMAChannelModeGet
2000d923   uDMAIntRegister
2000d939   uDMAIntUnregister
2000d94b   uDMAIntStatus
2000d951   uDMAIntClear
2000d965   uDMAChannelAssign
2000d9fd   UARTParityModeSet
2000da19   UARTParityModeGet
2000da2b   UARTFIFOLevelSet
2000da43   UARTFIFOLevelGet
2000da6b   UARTConfigSetExpClk
2000dae1   UARTConfigGetExpClk
2000db2d   UARTEnable
2000db51   UARTDisable
2000db7b   UARTFIFOEnable
2000db91   UARTFIFODisable
2000dba7   UARTModemControlSet
2000dbcb   UARTModemControlClear
2000dbef   UARTModemControlGet
2000dc01   UARTModemStatusGet
2000dc13   UARTFlowControlSet
2000dc2f   UARTFlowControlGet
2000dc41   UARTTxIntModeSet
2000dc5d   UARTTxIntModeGet
2000dc6f   UARTCharsAvail
2000dc87   UARTSpaceAvail
2000dca9   UARTCharGetNonBlocking
2000dcc5   UARTCharGet
2000dcdb   UARTCharPutNonBlocking
2000dcff   UARTCharPut
2000dd1d   UARTBreakCtl
2000dd47   UARTBusy
2000dd5f   UARTIntRegister
2000dd7d   UARTIntUnregister
2000dd97   UARTIntEnable
2000ddaf   UARTIntDisable
2000ddc7   UARTIntStatus
2000dde5   UARTIntClear
2000ddf7   UARTDMAEnable
2000de0f   UARTDMADisable
2000de27   UARTRxErrorGet
2000de3d   UARTRxErrorClear
2000de4d   TimerEnable
2000de6b   TimerDisable
2000de89   TimerConfigure
2000dec3   TimerControlLevel
2000def9   TimerControlEvent
2000df25   TimerControlStall
2000df5b   TimerPrescaleSet
2000df85   TimerPrescaleGet
2000dfa1   TimerPrescaleMatchSet
2000dfcb   TimerPrescaleMatchGet
2000dfe7   TimerLoadSet
2000e011   TimerLoadGet
2000e02d   TimerValueGet
2000e049   TimerMatchSet
2000e073   TimerMatchGet
2000e08f   TimerIntRegister
2000e0f9   TimerIntUnregister
2000e155   TimerIntEnable
2000e16d   TimerIntDisable
2000e185   TimerIntStatus
2000e1a9   TimerIntClear
2000e1bb   TimerDMAEventSet
2000e1cd   TimerDMAEventGet
2000e1eb   IntMasterEnable
2000e1f5   IntMasterDisable
2000e1ff   IntVTableBaseSet
2000e20f   IntRegister
2000e22b   IntUnregister
2000e245   IntPriorityGroupingSet
2000e25f   IntPriorityGroupingGet
2000e297   IntPrioritySet
2000e2e7   IntPriorityGet
2000e30b   IntEnable
2000e3a5   IntDisable
2000e43f   IntPendSet
2000e4cd   IntPendClear
2000e525   IntPriorityMaskSet
2000e531   IntPriorityMaskGet
2000e5a1   GPIODirModeSet
2000e5d7   GPIODirModeGet
2000e609   GPIOIntTypeSet
2000e68b   GPIOIntTypeGet
2000e6f1   GPIOIntEnable
2000e70b   GPIOIntDisable
2000e725   GPIOIntStatus
2000e747   GPIOIntClear
2000e75b   GPIOIntRegister
2000e779   GPIOIntUnregister
2000e793   GPIOPinRead
2000e7ab   GPIOPinWrite
2000e7cb   GPIODMATriggerEnable
2000e823   GPIODMATriggerDisable
2000e88d   FlashDisable
2000e8c3   FlashErase
2000e8fd   FlashEraseNonBlocking
2000e91b   FlashMassErase
2000e947   FlashMassEraseNonBlocking
2000e957   FlashProgram
2000e9d9   FlashProgramNonBlocking
2000ea5b   FlashProtectGet
2000ead1   FlashIntRegister
2000eae5   FlashIntUnregister
2000eaf5   FlashIntEnable
2000eb09   FlashIntDisable
2000eb1d   FlashIntStatus
2000eb39   FlashIntClear
2000eb8d   MQTTSerialize_connectLength
2000ec03   MQTTSerialize_connect
2000ee35   PinModeSet
2000ee6d   PinModeGet
2000ee97   PinDirModeSet
2000eecb   PinDirModeGet
2000eef5   PinConfigGet
2000ef33   PinConfigSet
2000efaf   PinTypeUART
2000efc9   PinTypeI2C
2000efe5   PinTypeSPI
2000efff   PinTypeI2S
2000f019   PinTypeTimer
2000f033   PinTypeCamera
2000f04d   PinTypeGPIO
2000f07d   PinTypeADC
2000f091   PinTypeSDHost
2000f0b9   __aeabi_uldivmod
2000f2ad   __aeabi_dsub
2000f2b7   __aeabi_dadd
2000f463   bufchar
2000f49d   MQTTPacket_len
2000f4d9   MQTTstrlen
2000f4fb   writeChar
2000f507   MQTTPacket_encode
2000f54b   writeInt
2000f567   writeMQTTString
2000f5f5   __aeabi_ddiv
2000f72b   MQTTSerialize_publishLength
2000f749   MQTTSerialize_publish
2000f82d   sl_NetCfgSet
2000f88f   sl_NetCfgGet
2000f92d   __aeabi_dmul
2000fa29   Message
2000fa49   Report
2000fb17   PinMuxConfig
2000fbd3   __aeabi_memcpy
2000fbd3   __aeabi_memcpy4
2000fbd3   __aeabi_memcpy8
2000fbd3   memcpy
2000fc71   __TI_auto_init
2000fd05   __aeabi_cdcmpeq
2000fd05   __aeabi_cdcmple
2000fd8b   __aeabi_cdrcmple
2000fe61   vsnprintf
2000fe91   __aeabi_memclr
2000fe91   __aeabi_memclr4
2000fe91   __aeabi_memclr8
2000fe93   __aeabi_memset
2000fe93   __aeabi_memset4
2000fe93   __aeabi_memset8
2000fe99   memset
2000ff09   _SlDrvFlowContInit
2000ff3b   _SlDrvFlowContDeinit
2000ff71   __TI_writemsg
2000ff9b   C$$IO$$
2000ff9f   __TI_readmsg
2000ffd1   CPUcpsid
2000ffe5   CPUprimask
2000ffef   CPUcpsie
20010003   CPUwfi
2001000f   CPUbasepriSet
20010025   CPUbasepriGet
2001008d   ltoa
200100e9   _c_int00
20010131   __aeabi_d2iz
20010179   copy_in
200101bd   C$$EXIT
200101c1   abort
200101c9   exit
20010201   HOSTtime
20010241   __aeabi_i2d
2001026f   __aeabi_llsr
2001028d   _args_main
200102a5   __aeabi_lmul
200102bd   __TI_zero_init
200102cf   __TI_decompress_none
200102dd   UtilsDelay
200102e3   __TI_decompress_rle24
200102e8   _ctypes_
200107f4   pcDigits
200108bc   _SlPolicySetCmdCtrl
200108c0   _SlPolicyGetCmdCtrl
200108c4   _SlProfileGetCmdCtrl
200108c8   _SlProfileDelCmdCtrl
200108cc   _SlWlanGetNetworkListCtrl
200108d0   _SlRxFilterAddtCmdCtrl
200108d4   _SlRxFilterSetCmdCtrl
200108d8   _SlRxFilterGetCmdCtrl
200108dc   _SlSmartConfigStartCmdCtrl
200108e0   _SlWlanSetModeCmdCtrl
200108e4   _SlWlanCfgSetCmdCtrl
200108e8   _SlWlanCfgGetCmdCtrl
200108f8   _SlActionLookupTable
20010930   _SlSockSocketCmdCtrl
20010934   _SlSockCloseCmdCtrl
20010938   _SlRecvfomCmdCtrl
2001093c   _SlSendCmdCtrl
20010940   _SlListenCmdCtrl
20010944   _SlAcceptCmdCtrl
20010948   _SlRecvCmdCtrl
2001094c   _SlSetSockOptCmdCtrl
20010950   _SlGetSockOptCmdCtrl
20010954   _SlSelectCmdCtrl
20010964   _SlNetAppStartCtrl
20010968   _SlNetAppStopCtrl
2001096c   _SlGetServiceListeCtrl
20010970   _SlRegisterServiceCtrl
20010974   _SlGetHostByServiceCtrl
20010978   _SlGetHostByNameCtrl
2001097c   _SlNetAppSetCmdCtrl
20010980   _SlNetAppSendTokenValueCmdCtrl
20010984   _SlNetAppGetCmdCtrl
200109dc   _SlStopCmdCtrl
200109e0   _SlEventMaskSetCmdCtrl
200109e4   _SlEventMaskGetCmdCtrl
200109e8   _SlDeviceGetCmdCtrl
200109ec   _SlDeviceSetCmdCtrl
200109f0   g_H2NSyncPattern
200109f8   g_H2NCnysPattern
20010a28   _SlNetCfgSetCmdCtrl
20010a2c   _SlNetCfgGetCmdCtrl
20010a30   __TI_static_base__
20010ac8   __TI_Handler_Table_Base
20010ad4   __TI_Handler_Table_Limit
20010ae0   __TI_CINIT_Base
20010af0   __TI_CINIT_Limit
20019000   _sys_memory
20021000   g_StatMem
20021178   __CIOBUF_
20021298   g_ucDinDout
200212f0   DMAMsgQ
200212f4   SimpleLinkSpawnTaskHndl
20021300   g_cDummy
20021304   simpleLink_mailbox
20021308   pui32AES128Key
20021318   pui32AES192Key
20021330   pui32AES256Key
20021350   g_uiPBCount
20021354   interupt_flag
20021356   g_usTimerInts
20021358   uiUartCmd
2002135c   SecurityParams
20021368   Key
20021378   IV
20021388   pcEmailmessage
20021408   pcRecivemessage
20021488   g_usConnectIndex
2002148c   g_ulStatus
20021490   g_ulStaIp
20021494   g_ulGatewayIP
20021498   g_ucConnectionBSSID
2002149e   g_ucConnectionSSID
200214c0   g_ucLED1Pin
200214c1   g_ucLED2Pin
200214c2   g_ucLED3Pin
200214c4   g_uiLED1Port
200214c8   g_uiLED2Port
200214cc   g_uiLED3Port
200214e0   g_pHostIntHdl
200214e4   g_SpiFd
200214e8   g_ucDMAEnabled
200214ec   g_len
200214fc   _lock
20021500   _unlock
20021504   __TI_cleanup_ptr
20021508   __TI_dtors_ptr
2002150c   g_pCB
20021510   pPingCallBackFunc
20021514   main_func_sp
2002f800   __stack
20030000   __STACK_END
ffffffff   __binit__
ffffffff   __c_args__
ffffffff   binit
UNDEFED    SHT$$INIT_ARRAY$$Base
UNDEFED    SHT$$INIT_ARRAY$$Limit
UNDEFED    ti_sysbios_BIOS_start__E
UNDEFED    ti_sysbios_family_arm_m3_Hwi_Params__init__S
UNDEFED    ti_sysbios_family_arm_m3_Hwi_create
UNDEFED    ti_sysbios_family_arm_m3_Hwi_delete
UNDEFED    ti_sysbios_family_arm_m3_Hwi_disableFxn__E
UNDEFED    ti_sysbios_family_arm_m3_Hwi_getHandle__E
UNDEFED    ti_sysbios_family_arm_m3_Hwi_restoreFxn__E
UNDEFED    ti_sysbios_family_arm_m3_Hwi_setPriority__E
UNDEFED    ti_sysbios_knl_Clock_tickPeriod__C
UNDEFED    ti_sysbios_knl_Mailbox_create
UNDEFED    ti_sysbios_knl_Mailbox_delete
UNDEFED    ti_sysbios_knl_Mailbox_pend__E
UNDEFED    ti_sysbios_knl_Mailbox_post__E
UNDEFED    ti_sysbios_knl_Semaphore_Params__init__S
UNDEFED    ti_sysbios_knl_Semaphore_create
UNDEFED    ti_sysbios_knl_Semaphore_delete
UNDEFED    ti_sysbios_knl_Semaphore_pend__E
UNDEFED    ti_sysbios_knl_Semaphore_post__E
UNDEFED    ti_sysbios_knl_Task_Params__init__S
UNDEFED    ti_sysbios_knl_Task_create
UNDEFED    ti_sysbios_knl_Task_delete
UNDEFED    ti_sysbios_knl_Task_disable__E
UNDEFED    ti_sysbios_knl_Task_restore__E
UNDEFED    ti_sysbios_knl_Task_sleep__E
UNDEFED    xdc_runtime_Error_init__E

[641 symbols]
