<?xml version="1.0"?>
<link_info>
   <banner>TI ARM Linker PC v5.1.5</banner>
   <copyright>Copyright (c) 1996-2014 Texas Instruments Incorporated</copyright>
   <link_time>0x53e8a68b</link_time>
   <link_errors>0x1</link_errors>
   <output_file>email.out</output_file>
   <entry_point>
      <name>_c_int00</name>
      <address>0x2000f9b1</address>
   </entry_point>
   <input_file_list>
      <input_file id="fl-146">
         <path>c:\ti\ccsv6\tools\compiler\arm_5.1.5\lib\</path>
         <kind>archive</kind>
         <file>rtsv7M4_T_le_v4SPD16_eabi.lib</file>
         <name>boot.obj</name>
      </input_file>
      <input_file id="fl-14a">
         <path>c:\ti\ccsv6\tools\compiler\arm_5.1.5\lib\</path>
         <kind>archive</kind>
         <file>rtsv7M4_T_le_v4SPD16_eabi.lib</file>
         <name>exit.obj</name>
      </input_file>
      <input_file id="fl-14b">
         <path>c:\ti\ccsv6\tools\compiler\arm_5.1.5\lib\</path>
         <kind>archive</kind>
         <file>rtsv7M4_T_le_v4SPD16_eabi.lib</file>
         <name>fd_add_t2.obj</name>
      </input_file>
      <input_file id="fl-14c">
         <path>c:\ti\ccsv6\tools\compiler\arm_5.1.5\lib\</path>
         <kind>archive</kind>
         <file>rtsv7M4_T_le_v4SPD16_eabi.lib</file>
         <name>fd_div_t2.obj</name>
      </input_file>
      <input_file id="fl-14d">
         <path>c:\ti\ccsv6\tools\compiler\arm_5.1.5\lib\</path>
         <kind>archive</kind>
         <file>rtsv7M4_T_le_v4SPD16_eabi.lib</file>
         <name>fd_mul_t2.obj</name>
      </input_file>
      <input_file id="fl-14e">
         <path>c:\ti\ccsv6\tools\compiler\arm_5.1.5\lib\</path>
         <kind>archive</kind>
         <file>rtsv7M4_T_le_v4SPD16_eabi.lib</file>
         <name>fd_tos_t2.obj</name>
      </input_file>
      <input_file id="fl-14f">
         <path>c:\ti\ccsv6\tools\compiler\arm_5.1.5\lib\</path>
         <kind>archive</kind>
         <file>rtsv7M4_T_le_v4SPD16_eabi.lib</file>
         <name>i_tofd_t2.obj</name>
      </input_file>
      <input_file id="fl-151">
         <path>c:\ti\ccsv6\tools\compiler\arm_5.1.5\lib\</path>
         <kind>archive</kind>
         <file>rtsv7M4_T_le_v4SPD16_eabi.lib</file>
         <name>memcpy_t2.obj</name>
      </input_file>
      <input_file id="fl-153">
         <path>c:\ti\ccsv6\tools\compiler\arm_5.1.5\lib\</path>
         <kind>archive</kind>
         <file>rtsv7M4_T_le_v4SPD16_eabi.lib</file>
         <name>memset_t2.obj</name>
      </input_file>
      <input_file id="fl-15b">
         <path>c:\ti\ccsv6\tools\compiler\arm_5.1.5\lib\</path>
         <kind>archive</kind>
         <file>rtsv7M4_T_le_v4SPD16_eabi.lib</file>
         <name>trgmsg.obj</name>
      </input_file>
      <input_file id="fl-164">
         <path>c:\ti\ccsv6\tools\compiler\arm_5.1.5\lib\</path>
         <kind>archive</kind>
         <file>rtsv7M4_T_le_v4SPD16_eabi.lib</file>
         <name>args_main.obj</name>
      </input_file>
      <input_file id="fl-166">
         <path>c:\ti\ccsv6\tools\compiler\arm_5.1.5\lib\</path>
         <kind>archive</kind>
         <file>rtsv7M4_T_le_v4SPD16_eabi.lib</file>
         <name>auto_init.obj</name>
      </input_file>
      <input_file id="fl-167">
         <path>c:\ti\ccsv6\tools\compiler\arm_5.1.5\lib\</path>
         <kind>archive</kind>
         <file>rtsv7M4_T_le_v4SPD16_eabi.lib</file>
         <name>cpy_tbl.obj</name>
      </input_file>
      <input_file id="fl-16a">
         <path>c:\ti\ccsv6\tools\compiler\arm_5.1.5\lib\</path>
         <kind>archive</kind>
         <file>rtsv7M4_T_le_v4SPD16_eabi.lib</file>
         <name>fd_cmp_t2.obj</name>
      </input_file>
      <input_file id="fl-16b">
         <path>c:\ti\ccsv6\tools\compiler\arm_5.1.5\lib\</path>
         <kind>archive</kind>
         <file>rtsv7M4_T_le_v4SPD16_eabi.lib</file>
         <name>fd_toi_t2.obj</name>
      </input_file>
      <input_file id="fl-16d">
         <path>c:\ti\ccsv6\tools\compiler\arm_5.1.5\lib\</path>
         <kind>archive</kind>
         <file>rtsv7M4_T_le_v4SPD16_eabi.lib</file>
         <name>ll_mul_t2.obj</name>
      </input_file>
      <input_file id="fl-176">
         <path>c:\ti\ccsv6\tools\compiler\arm_5.1.5\lib\</path>
         <kind>archive</kind>
         <file>rtsv7M4_T_le_v4SPD16_eabi.lib</file>
         <name>ull_div_t2.obj</name>
      </input_file>
      <input_file id="fl-17c">
         <path>c:\ti\ccsv6\tools\compiler\arm_5.1.5\lib\</path>
         <kind>archive</kind>
         <file>rtsv7M4_T_le_v4SPD16_eabi.lib</file>
         <name>fs_tod_t2.obj</name>
      </input_file>
      <input_file id="fl-17e">
         <path>C:\ti\CC3200SDK\cc3200-sdk\example\email\ccs\..\..\..\oslib\ccs\ti_rtos\</path>
         <kind>archive</kind>
         <file>ti_rtos.a</file>
         <name>osi_tirtos.obj</name>
      </input_file>
      <input_file id="fl-17f">
         <path>C:\ti\CC3200SDK\cc3200-sdk\example\email\ccs\..\..\..\driverlib\ccs\Release\</path>
         <kind>archive</kind>
         <file>driverlib.a</file>
         <name>utils.obj</name>
      </input_file>
      <input_file id="fl-180">
         <path>C:\ti\CC3200SDK\cc3200-sdk\example\email\ccs\..\..\..\driverlib\ccs\Release\</path>
         <kind>archive</kind>
         <file>driverlib.a</file>
         <name>uart.obj</name>
      </input_file>
      <input_file id="fl-181">
         <path>C:\ti\CC3200SDK\cc3200-sdk\example\email\ccs\..\..\..\driverlib\ccs\Release\</path>
         <kind>archive</kind>
         <file>driverlib.a</file>
         <name>timer.obj</name>
      </input_file>
      <input_file id="fl-182">
         <path>C:\ti\CC3200SDK\cc3200-sdk\example\email\ccs\..\..\..\driverlib\ccs\Release\</path>
         <kind>archive</kind>
         <file>driverlib.a</file>
         <name>prcm.obj</name>
      </input_file>
      <input_file id="fl-183">
         <path>C:\ti\CC3200SDK\cc3200-sdk\example\email\ccs\..\..\..\driverlib\ccs\Release\</path>
         <kind>archive</kind>
         <file>driverlib.a</file>
         <name>pin.obj</name>
      </input_file>
      <input_file id="fl-184">
         <path>C:\ti\CC3200SDK\cc3200-sdk\example\email\ccs\..\..\..\driverlib\ccs\Release\</path>
         <kind>archive</kind>
         <file>driverlib.a</file>
         <name>interrupt.obj</name>
      </input_file>
      <input_file id="fl-185">
         <path>C:\ti\CC3200SDK\cc3200-sdk\example\email\ccs\..\..\..\driverlib\ccs\Release\</path>
         <kind>archive</kind>
         <file>driverlib.a</file>
         <name>i2c.obj</name>
      </input_file>
      <input_file id="fl-186">
         <path>C:\ti\CC3200SDK\cc3200-sdk\example\email\ccs\..\..\..\driverlib\ccs\Release\</path>
         <kind>archive</kind>
         <file>driverlib.a</file>
         <name>gpio.obj</name>
      </input_file>
      <input_file id="fl-187">
         <path>C:\ti\CC3200SDK\cc3200-sdk\example\email\ccs\..\..\..\driverlib\ccs\Release\</path>
         <kind>archive</kind>
         <file>driverlib.a</file>
         <name>flash.obj</name>
      </input_file>
      <input_file id="fl-188">
         <path>C:\ti\CC3200SDK\cc3200-sdk\example\email\ccs\..\..\..\driverlib\ccs\Release\</path>
         <kind>archive</kind>
         <file>driverlib.a</file>
         <name>cpu.obj</name>
      </input_file>
      <input_file id="fl-189">
         <path>C:\ti\CC3200SDK\cc3200-sdk\example\email\ccs\..\..\..\driverlib\ccs\Release\</path>
         <kind>archive</kind>
         <file>driverlib.a</file>
         <name>aes.obj</name>
      </input_file>
      <input_file id="fl-18a">
         <path>C:\ti\CC3200SDK\cc3200-sdk\example\email\ccs\..\..\..\simplelink\ccs\OS\</path>
         <kind>archive</kind>
         <file>simplelink.a</file>
         <name>wlan.obj</name>
      </input_file>
      <input_file id="fl-18b">
         <path>C:\ti\CC3200SDK\cc3200-sdk\example\email\ccs\..\..\..\simplelink\ccs\OS\</path>
         <kind>archive</kind>
         <file>simplelink.a</file>
         <name>socket.obj</name>
      </input_file>
      <input_file id="fl-18c">
         <path>C:\ti\CC3200SDK\cc3200-sdk\example\email\ccs\..\..\..\simplelink\ccs\OS\</path>
         <kind>archive</kind>
         <file>simplelink.a</file>
         <name>netcfg.obj</name>
      </input_file>
      <input_file id="fl-18d">
         <path>C:\ti\CC3200SDK\cc3200-sdk\example\email\ccs\..\..\..\simplelink\ccs\OS\</path>
         <kind>archive</kind>
         <file>simplelink.a</file>
         <name>netapp.obj</name>
      </input_file>
      <input_file id="fl-18e">
         <path>C:\ti\CC3200SDK\cc3200-sdk\example\email\ccs\..\..\..\simplelink\ccs\OS\</path>
         <kind>archive</kind>
         <file>simplelink.a</file>
         <name>driver.obj</name>
      </input_file>
      <input_file id="fl-18f">
         <path>C:\ti\CC3200SDK\cc3200-sdk\example\email\ccs\..\..\..\simplelink\ccs\OS\</path>
         <kind>archive</kind>
         <file>simplelink.a</file>
         <name>device.obj</name>
      </input_file>
      <input_file id="fl-190">
         <path>C:\ti\CC3200SDK\cc3200-sdk\example\email\ccs\..\..\..\simplelink\ccs\OS\</path>
         <kind>archive</kind>
         <file>simplelink.a</file>
         <name>cc_pal.obj</name>
      </input_file>
      <input_file id="fl-191">
         <path>C:\ti\CC3200SDK\cc3200-sdk\example\email\ccs\..\..\..\simplelink\ccs\OS\</path>
         <kind>archive</kind>
         <file>simplelink.a</file>
         <name>flowcont.obj</name>
      </input_file>
      <input_file id="fl-192">
         <path>c:\ti\ccsv6\tools\compiler\arm_5.1.5\lib\</path>
         <kind>archive</kind>
         <file>rtsv7M4_T_le_v4SPD16_eabi.lib</file>
         <name>ll_lsr_t2.obj</name>
      </input_file>
      <input_file id="fl-193">
         <path>C:\ti\CC3200SDK\cc3200-sdk\example\email\ccs\..\..\..\driverlib\ccs\Release\</path>
         <kind>archive</kind>
         <file>driverlib.a</file>
         <name>udma.obj</name>
      </input_file>
      <input_file id="fl-194">
         <path>C:\ti\CC3200SDK\cc3200-sdk\example\email\ccs\..\..\..\driverlib\ccs\Release\</path>
         <kind>archive</kind>
         <file>driverlib.a</file>
         <name>spi.obj</name>
      </input_file>
      <input_file id="fl-195">
         <path>C:\Users\pkrza\AppData\Local\Temp\</path>
         <kind>object</kind>
         <file>042122</file>
         <name>042122</name>
      </input_file>
      <input_file id="fl-196">
         <path>c:\ti\ccsv6\tools\compiler\arm_5.1.5\lib\</path>
         <kind>archive</kind>
         <file>rtsv7M4_T_le_v4SPD16_eabi.lib</file>
         <name>copy_decompress_none.obj</name>
      </input_file>
      <input_file id="fl-197">
         <path>c:\ti\ccsv6\tools\compiler\arm_5.1.5\lib\</path>
         <kind>archive</kind>
         <file>rtsv7M4_T_le_v4SPD16_eabi.lib</file>
         <name>copy_decompress_rle.obj</name>
      </input_file>
      <input_file id="fl-198">
         <path>c:\ti\ccsv6\tools\compiler\arm_5.1.5\lib\</path>
         <kind>archive</kind>
         <file>rtsv7M4_T_le_v4SPD16_eabi.lib</file>
         <name>copy_zero_init.obj</name>
      </input_file>
   </input_file_list>
   <object_component_list>
      <object_component id="oc-181">
         <name>.text</name>
         <load_address>0x20004000</load_address>
         <run_address>0x20004000</run_address>
         <size>0x1d7c</size>
         <input_file_ref idref="fl-18e"/>
      </object_component>
      <object_component id="oc-27c">
         <name>.text</name>
         <load_address>0x20005d7c</load_address>
         <run_address>0x20005d7c</run_address>
         <size>0xf42</size>
         <input_file_ref idref="fl-163"/>
      </object_component>
      <object_component id="oc-157">
         <name>.text</name>
         <load_address>0x20006cbe</load_address>
         <run_address>0x20006cbe</run_address>
         <size>0x2</size>
         <input_file_ref idref="fl-162"/>
      </object_component>
      <object_component id="oc-102">
         <name>.text</name>
         <load_address>0x20006cc0</load_address>
         <run_address>0x20006cc0</run_address>
         <size>0xd88</size>
         <input_file_ref idref="fl-18b"/>
      </object_component>
      <object_component id="oc-28f">
         <name>.text</name>
         <load_address>0x20007a48</load_address>
         <run_address>0x20007a48</run_address>
         <size>0xab4</size>
         <input_file_ref idref="fl-18d"/>
      </object_component>
      <object_component id="oc-1a8">
         <name>.text</name>
         <load_address>0x200084fc</load_address>
         <run_address>0x200084fc</run_address>
         <size>0xa5c</size>
         <input_file_ref idref="fl-18a"/>
      </object_component>
      <object_component id="oc-11f">
         <name>.text</name>
         <load_address>0x20008f58</load_address>
         <run_address>0x20008f58</run_address>
         <size>0x98c</size>
         <input_file_ref idref="fl-182"/>
      </object_component>
      <object_component id="oc-5c">
         <name>.text</name>
         <load_address>0x200098e4</load_address>
         <run_address>0x200098e4</run_address>
         <size>0x96c</size>
         <input_file_ref idref="fl-8"/>
      </object_component>
      <object_component id="oc-2c7">
         <name>.text</name>
         <load_address>0x2000a250</load_address>
         <run_address>0x2000a250</run_address>
         <size>0x79c</size>
         <input_file_ref idref="fl-194"/>
      </object_component>
      <object_component id="oc-115">
         <name>.text</name>
         <load_address>0x2000a9ec</load_address>
         <run_address>0x2000a9ec</run_address>
         <size>0x794</size>
         <input_file_ref idref="fl-7"/>
      </object_component>
      <object_component id="oc-144">
         <name>.text</name>
         <load_address>0x2000b180</load_address>
         <run_address>0x2000b180</run_address>
         <size>0x67a</size>
         <input_file_ref idref="fl-185"/>
      </object_component>
      <object_component id="oc-1b8">
         <name>.text</name>
         <load_address>0x2000b7fc</load_address>
         <run_address>0x2000b7fc</run_address>
         <size>0x668</size>
         <input_file_ref idref="fl-190"/>
      </object_component>
      <object_component id="oc-129">
         <name>.text</name>
         <load_address>0x2000be64</load_address>
         <run_address>0x2000be64</run_address>
         <size>0x650</size>
         <input_file_ref idref="fl-189"/>
      </object_component>
      <object_component id="oc-124">
         <name>.text</name>
         <load_address>0x2000c4b4</load_address>
         <run_address>0x2000c4b4</run_address>
         <size>0x538</size>
         <input_file_ref idref="fl-17e"/>
      </object_component>
      <object_component id="oc-11a">
         <name>.text</name>
         <load_address>0x2000c9ec</load_address>
         <run_address>0x2000c9ec</run_address>
         <size>0x500</size>
         <input_file_ref idref="fl-18f"/>
      </object_component>
      <object_component id="oc-2d3">
         <name>.text</name>
         <load_address>0x2000ceec</load_address>
         <run_address>0x2000ceec</run_address>
         <size>0x4a4</size>
         <input_file_ref idref="fl-193"/>
      </object_component>
      <object_component id="oc-13f">
         <name>.text</name>
         <load_address>0x2000d390</load_address>
         <run_address>0x2000d390</run_address>
         <size>0x48c</size>
         <input_file_ref idref="fl-180"/>
      </object_component>
      <object_component id="oc-f4">
         <name>.text</name>
         <load_address>0x2000d81c</load_address>
         <run_address>0x2000d81c</run_address>
         <size>0x39c</size>
         <input_file_ref idref="fl-181"/>
      </object_component>
      <object_component id="oc-135">
         <name>.text</name>
         <load_address>0x2000dbb8</load_address>
         <run_address>0x2000dbb8</run_address>
         <size>0x370</size>
         <input_file_ref idref="fl-184"/>
      </object_component>
      <object_component id="oc-ea">
         <name>.text</name>
         <load_address>0x2000df28</load_address>
         <run_address>0x2000df28</run_address>
         <size>0x334</size>
         <input_file_ref idref="fl-186"/>
      </object_component>
      <object_component id="oc-1ce">
         <name>.text</name>
         <load_address>0x2000e25c</load_address>
         <run_address>0x2000e25c</run_address>
         <size>0x300</size>
         <input_file_ref idref="fl-187"/>
      </object_component>
      <object_component id="oc-13a">
         <name>.text</name>
         <load_address>0x2000e55c</load_address>
         <run_address>0x2000e55c</run_address>
         <size>0x284</size>
         <input_file_ref idref="fl-183"/>
      </object_component>
      <object_component id="oc-1c6">
         <name>.text</name>
         <load_address>0x2000e7e0</load_address>
         <run_address>0x2000e7e0</run_address>
         <size>0x1f4</size>
         <input_file_ref idref="fl-176"/>
      </object_component>
      <object_component id="oc-16d">
         <name>.text</name>
         <load_address>0x2000e9d4</load_address>
         <run_address>0x2000e9d4</run_address>
         <size>0x1dc</size>
         <input_file_ref idref="fl-152"/>
      </object_component>
      <object_component id="oc-39c">
         <name>.text</name>
         <load_address>0x2000ebb0</load_address>
         <run_address>0x2000ebb0</run_address>
         <size>0x1b6</size>
         <input_file_ref idref="fl-14b"/>
      </object_component>
      <object_component id="oc-ef">
         <name>.text</name>
         <load_address>0x2000ed68</load_address>
         <run_address>0x2000ed68</run_address>
         <size>0x1b4</size>
         <input_file_ref idref="fl-2"/>
      </object_component>
      <object_component id="oc-107">
         <name>.text</name>
         <load_address>0x2000ef1c</load_address>
         <run_address>0x2000ef1c</run_address>
         <size>0x168</size>
         <input_file_ref idref="fl-12"/>
      </object_component>
      <object_component id="oc-387">
         <name>.text</name>
         <load_address>0x2000f084</load_address>
         <run_address>0x2000f084</run_address>
         <size>0x136</size>
         <input_file_ref idref="fl-14c"/>
      </object_component>
      <object_component id="oc-1ad">
         <name>.text</name>
         <load_address>0x2000f1bc</load_address>
         <run_address>0x2000f1bc</run_address>
         <size>0x100</size>
         <input_file_ref idref="fl-18c"/>
      </object_component>
      <object_component id="oc-383">
         <name>.text</name>
         <load_address>0x2000f2bc</load_address>
         <run_address>0x2000f2bc</run_address>
         <size>0xfc</size>
         <input_file_ref idref="fl-14d"/>
      </object_component>
      <object_component id="oc-35">
         <name>.text</name>
         <load_address>0x2000f3b8</load_address>
         <run_address>0x2000f3b8</run_address>
         <size>0x9c</size>
         <input_file_ref idref="fl-151"/>
      </object_component>
      <object_component id="oc-10c">
         <name>.text</name>
         <load_address>0x2000f454</load_address>
         <run_address>0x2000f454</run_address>
         <size>0x98</size>
         <input_file_ref idref="fl-11"/>
      </object_component>
      <object_component id="oc-24">
         <name>.text</name>
         <load_address>0x2000f4ec</load_address>
         <run_address>0x2000f4ec</run_address>
         <size>0x94</size>
         <input_file_ref idref="fl-166"/>
      </object_component>
      <object_component id="oc-37f">
         <name>.text:__aeabi_cdcmple</name>
         <load_address>0x2000f580</load_address>
         <run_address>0x2000f580</run_address>
         <size>0x86</size>
         <input_file_ref idref="fl-16a"/>
      </object_component>
      <object_component id="oc-38b">
         <name>.text:__aeabi_cdrcmple</name>
         <load_address>0x2000f606</load_address>
         <run_address>0x2000f606</run_address>
         <size>0x86</size>
         <input_file_ref idref="fl-16a"/>
      </object_component>
      <object_component id="oc-172">
         <name>.text</name>
         <load_address>0x2000f68c</load_address>
         <run_address>0x2000f68c</run_address>
         <size>0x80</size>
         <input_file_ref idref="fl-15c"/>
      </object_component>
      <object_component id="oc-1a4">
         <name>.text</name>
         <load_address>0x2000f70c</load_address>
         <run_address>0x2000f70c</run_address>
         <size>0x78</size>
         <input_file_ref idref="fl-153"/>
      </object_component>
      <object_component id="oc-286">
         <name>.text</name>
         <load_address>0x2000f784</load_address>
         <run_address>0x2000f784</run_address>
         <size>0x68</size>
         <input_file_ref idref="fl-191"/>
      </object_component>
      <object_component id="oc-209">
         <name>.text</name>
         <load_address>0x2000f7ec</load_address>
         <run_address>0x2000f7ec</run_address>
         <size>0x60</size>
         <input_file_ref idref="fl-15b"/>
      </object_component>
      <object_component id="oc-1d3">
         <name>.text</name>
         <load_address>0x2000f84c</load_address>
         <run_address>0x2000f84c</run_address>
         <size>0x5e</size>
         <input_file_ref idref="fl-188"/>
      </object_component>
      <object_component id="oc-47">
         <name>.text</name>
         <load_address>0x2000f8aa</load_address>
         <run_address>0x2000f8aa</run_address>
         <size>0x5e</size>
         <input_file_ref idref="fl-197"/>
      </object_component>
      <object_component id="oc-393">
         <name>.text</name>
         <load_address>0x2000f908</load_address>
         <run_address>0x2000f908</run_address>
         <size>0x5a</size>
         <input_file_ref idref="fl-16f"/>
      </object_component>
      <object_component id="oc-3a0">
         <name>.text</name>
         <load_address>0x2000f964</load_address>
         <run_address>0x2000f964</run_address>
         <size>0x4c</size>
         <input_file_ref idref="fl-165"/>
      </object_component>
      <object_component id="oc-e">
         <name>.text</name>
         <load_address>0x2000f9b0</load_address>
         <run_address>0x2000f9b0</run_address>
         <size>0x48</size>
         <input_file_ref idref="fl-146"/>
      </object_component>
      <object_component id="oc-38f">
         <name>.text</name>
         <load_address>0x2000f9f8</load_address>
         <run_address>0x2000f9f8</run_address>
         <size>0x48</size>
         <input_file_ref idref="fl-16b"/>
      </object_component>
      <object_component id="oc-56">
         <name>.text</name>
         <load_address>0x2000fa40</load_address>
         <run_address>0x2000fa40</run_address>
         <size>0x44</size>
         <input_file_ref idref="fl-167"/>
      </object_component>
      <object_component id="oc-2d">
         <name>.text</name>
         <load_address>0x2000fa84</load_address>
         <run_address>0x2000fa84</run_address>
         <size>0x44</size>
         <input_file_ref idref="fl-14a"/>
      </object_component>
      <object_component id="oc-12e">
         <name>.text</name>
         <load_address>0x2000fac8</load_address>
         <run_address>0x2000fac8</run_address>
         <size>0x40</size>
         <input_file_ref idref="fl-15a"/>
      </object_component>
      <object_component id="oc-398">
         <name>.text</name>
         <load_address>0x2000fb08</load_address>
         <run_address>0x2000fb08</run_address>
         <size>0x2e</size>
         <input_file_ref idref="fl-14f"/>
      </object_component>
      <object_component id="oc-1ca">
         <name>.text</name>
         <load_address>0x2000fb36</load_address>
         <run_address>0x2000fb36</run_address>
         <size>0x1e</size>
         <input_file_ref idref="fl-192"/>
      </object_component>
      <object_component id="oc-28">
         <name>.text</name>
         <load_address>0x2000fb54</load_address>
         <run_address>0x2000fb54</run_address>
         <size>0x18</size>
         <input_file_ref idref="fl-164"/>
      </object_component>
      <object_component id="oc-37b">
         <name>.text</name>
         <load_address>0x2000fb6c</load_address>
         <run_address>0x2000fb6c</run_address>
         <size>0x18</size>
         <input_file_ref idref="fl-16d"/>
      </object_component>
      <object_component id="oc-fd">
         <name>.text</name>
         <load_address>0x2000fb84</load_address>
         <run_address>0x2000fb84</run_address>
         <size>0x14</size>
         <input_file_ref idref="fl-156"/>
      </object_component>
      <object_component id="oc-17">
         <name>.text:decompress:ZI</name>
         <load_address>0x2000fb98</load_address>
         <run_address>0x2000fb98</run_address>
         <size>0x12</size>
         <input_file_ref idref="fl-198"/>
      </object_component>
      <object_component id="oc-12">
         <name>.text:decompress:none</name>
         <load_address>0x2000fbaa</load_address>
         <run_address>0x2000fbaa</run_address>
         <size>0xe</size>
         <input_file_ref idref="fl-196"/>
      </object_component>
      <object_component id="oc-1b4">
         <name>.text:UtilsDelay</name>
         <load_address>0x2000fbb8</load_address>
         <run_address>0x2000fbb8</run_address>
         <size>0x6</size>
         <input_file_ref idref="fl-17f"/>
      </object_component>
      <object_component id="oc-1c">
         <name>.text:decompress:rle24</name>
         <load_address>0x2000fbbe</load_address>
         <run_address>0x2000fbbe</run_address>
         <size>0x6</size>
         <input_file_ref idref="fl-197"/>
      </object_component>
      <object_component id="oc-3e6">
         <name>.const:.string:_ctypes_</name>
         <load_address>0x2000fbc4</load_address>
         <run_address>0x2000fbc4</run_address>
         <size>0x101</size>
         <input_file_ref idref="fl-168"/>
      </object_component>
      <object_component id="oc-218">
         <name>.const:g_ulPinToPadMap</name>
         <load_address>0x2000fcc8</load_address>
         <run_address>0x2000fcc8</run_address>
         <size>0x100</size>
         <input_file_ref idref="fl-183"/>
      </object_component>
      <object_component id="oc-214">
         <name>.const:g_pulRegs</name>
         <load_address>0x2000fdc8</load_address>
         <run_address>0x2000fdc8</run_address>
         <size>0xd4</size>
         <input_file_ref idref="fl-184"/>
      </object_component>
      <object_component id="oc-2b5">
         <name>.const:$P$T0$1</name>
         <load_address>0x2000fe9c</load_address>
         <run_address>0x2000fe9c</run_address>
         <size>0xb0</size>
         <input_file_ref idref="fl-18a"/>
      </object_component>
      <object_component id="oc-1d8">
         <name>.const:PRCM_PeriphRegsList</name>
         <load_address>0x2000ff4c</load_address>
         <run_address>0x2000ff4c</run_address>
         <size>0xa0</size>
         <input_file_ref idref="fl-182"/>
      </object_component>
      <object_component id="oc-212">
         <name>.const</name>
         <load_address>0x2000ffec</load_address>
         <run_address>0x2000ffec</run_address>
         <size>0x80</size>
         <input_file_ref idref="fl-184"/>
      </object_component>
      <object_component id="oc-111">
         <name>.const</name>
         <load_address>0x2001006c</load_address>
         <run_address>0x2001006c</run_address>
         <size>0x64</size>
         <input_file_ref idref="fl-8"/>
      </object_component>
      <object_component id="oc-1b2">
         <name>.const</name>
         <load_address>0x200100d0</load_address>
         <run_address>0x200100d0</run_address>
         <size>0x48</size>
         <input_file_ref idref="fl-7"/>
      </object_component>
      <object_component id="oc-2e2">
         <name>.const:g_pulFMPPERegs</name>
         <load_address>0x20010118</load_address>
         <run_address>0x20010118</run_address>
         <size>0x40</size>
         <input_file_ref idref="fl-187"/>
      </object_component>
      <object_component id="oc-2e0">
         <name>.const:g_pulFMPRERegs</name>
         <load_address>0x20010158</load_address>
         <run_address>0x20010158</run_address>
         <size>0x40</size>
         <input_file_ref idref="fl-187"/>
      </object_component>
      <object_component id="oc-2b7">
         <name>.const</name>
         <load_address>0x20010198</load_address>
         <run_address>0x20010198</run_address>
         <size>0x3c</size>
         <input_file_ref idref="fl-18a"/>
      </object_component>
      <object_component id="oc-294">
         <name>.const:_SlActionLookupTable</name>
         <load_address>0x200101d4</load_address>
         <run_address>0x200101d4</run_address>
         <size>0x38</size>
         <input_file_ref idref="fl-18e"/>
      </object_component>
      <object_component id="oc-186">
         <name>.const</name>
         <load_address>0x2001020c</load_address>
         <run_address>0x2001020c</run_address>
         <size>0x34</size>
         <input_file_ref idref="fl-18b"/>
      </object_component>
      <object_component id="oc-3b0">
         <name>.const</name>
         <load_address>0x20010240</load_address>
         <run_address>0x20010240</run_address>
         <size>0x28</size>
         <input_file_ref idref="fl-18d"/>
      </object_component>
      <object_component id="oc-3c5">
         <name>.const:g_ppulSPIIntMap</name>
         <load_address>0x20010268</load_address>
         <run_address>0x20010268</run_address>
         <size>0x24</size>
         <input_file_ref idref="fl-194"/>
      </object_component>
      <object_component id="oc-3c7">
         <name>.const</name>
         <load_address>0x2001028c</load_address>
         <run_address>0x2001028c</run_address>
         <size>0x18</size>
         <input_file_ref idref="fl-194"/>
      </object_component>
      <object_component id="oc-113">
         <name>.const</name>
         <load_address>0x200102a4</load_address>
         <run_address>0x200102a4</run_address>
         <size>0x14</size>
         <input_file_ref idref="fl-15"/>
      </object_component>
      <object_component id="oc-1bd">
         <name>.const</name>
         <load_address>0x200102b8</load_address>
         <run_address>0x200102b8</run_address>
         <size>0x14</size>
         <input_file_ref idref="fl-18f"/>
      </object_component>
      <object_component id="oc-28d">
         <name>.const</name>
         <load_address>0x200102cc</load_address>
         <run_address>0x200102cc</run_address>
         <size>0x14</size>
         <input_file_ref idref="fl-18e"/>
      </object_component>
      <object_component id="oc-21c">
         <name>.const</name>
         <load_address>0x200102e0</load_address>
         <run_address>0x200102e0</run_address>
         <size>0x10</size>
         <input_file_ref idref="fl-180"/>
      </object_component>
      <object_component id="oc-220">
         <name>.const</name>
         <load_address>0x200102f0</load_address>
         <run_address>0x200102f0</run_address>
         <size>0xc</size>
         <input_file_ref idref="fl-185"/>
      </object_component>
      <object_component id="oc-19d">
         <name>.const</name>
         <load_address>0x200102fc</load_address>
         <run_address>0x200102fc</run_address>
         <size>0x8</size>
         <input_file_ref idref="fl-11"/>
      </object_component>
      <object_component id="oc-2ba">
         <name>.const</name>
         <load_address>0x20010304</load_address>
         <run_address>0x20010304</run_address>
         <size>0x8</size>
         <input_file_ref idref="fl-18c"/>
      </object_component>
      <object_component id="oc-41d">
         <name>.cinit..data.load</name>
         <load_address>0x20010310</load_address>
         <run_address>0x20010310</run_address>
         <size>0x97</size>
      </object_component>
      <object_component id="oc-41b">
         <name>__TI_handler_table</name>
         <load_address>0x200103a8</load_address>
         <run_address>0x200103a8</run_address>
         <size>0xc</size>
      </object_component>
      <object_component id="oc-41e">
         <name>.cinit..bss.load</name>
         <load_address>0x200103b8</load_address>
         <run_address>0x200103b8</run_address>
         <size>0x8</size>
      </object_component>
      <object_component id="oc-41c">
         <name>__TI_cinit_table</name>
         <load_address>0x200103c0</load_address>
         <run_address>0x200103c0</run_address>
         <size>0x10</size>
      </object_component>
      <object_component id="oc-32">
         <name>.data</name>
         <load_address>0x20021514</load_address>
         <run_address>0x20021514</run_address>
         <size>0x4</size>
         <input_file_ref idref="fl-155"/>
      </object_component>
      <object_component id="oc-68">
         <name>.data</name>
         <load_address>0x200214fc</load_address>
         <run_address>0x200214fc</run_address>
         <size>0x8</size>
         <input_file_ref idref="fl-162"/>
      </object_component>
      <object_component id="oc-6a">
         <name>.data</name>
         <load_address>0x20021504</load_address>
         <run_address>0x20021504</run_address>
         <size>0x8</size>
         <input_file_ref idref="fl-14a"/>
      </object_component>
      <object_component id="oc-f9">
         <name>.data</name>
         <load_address>0x20021308</load_address>
         <run_address>0x20021308</run_address>
         <size>0x180</size>
         <input_file_ref idref="fl-8"/>
      </object_component>
      <object_component id="oc-fb">
         <name>.data</name>
         <load_address>0x200214c0</load_address>
         <run_address>0x200214c0</run_address>
         <size>0x20</size>
         <input_file_ref idref="fl-a"/>
      </object_component>
      <object_component id="oc-133">
         <name>.data</name>
         <load_address>0x20021488</load_address>
         <run_address>0x20021488</run_address>
         <size>0x38</size>
         <input_file_ref idref="fl-7"/>
      </object_component>
      <object_component id="oc-177">
         <name>.data</name>
         <load_address>0x200214f0</load_address>
         <run_address>0x200214f0</run_address>
         <size>0xc</size>
         <input_file_ref idref="fl-152"/>
      </object_component>
      <object_component id="oc-188">
         <name>.data</name>
         <load_address>0x2002150c</load_address>
         <run_address>0x2002150c</run_address>
         <size>0x8</size>
         <input_file_ref idref="fl-18e"/>
      </object_component>
      <object_component id="oc-1b5">
         <name>.data</name>
         <load_address>0x20021518</load_address>
         <run_address>0x20021518</run_address>
         <size>0x4</size>
         <input_file_ref idref="fl-158"/>
      </object_component>
      <object_component id="oc-2d1">
         <name>.data</name>
         <load_address>0x200214e0</load_address>
         <run_address>0x200214e0</run_address>
         <size>0x10</size>
         <input_file_ref idref="fl-190"/>
      </object_component>
      <object_component id="oc-28b">
         <name>.bss:g_StatMem</name>
         <uninitialized>true</uninitialized>
         <run_address>0x20021000</run_address>
         <size>0x178</size>
         <input_file_ref idref="fl-18e"/>
      </object_component>
      <object_component id="oc-2ce">
         <name>.bss:g_ucDinDout</name>
         <uninitialized>true</uninitialized>
         <run_address>0x20021298</run_address>
         <size>0x50</size>
         <input_file_ref idref="fl-190"/>
      </object_component>
      <object_component id="oc-360">
         <name>.bss:__CIOBUF_</name>
         <uninitialized>true</uninitialized>
         <run_address>0x20021178</run_address>
         <size>0x120</size>
         <input_file_ref idref="fl-15b"/>
      </object_component>
      <object_component id="oc-1dc">
         <name>.common:simpleLink_mailbox</name>
         <uninitialized>true</uninitialized>
         <run_address>0x20021304</run_address>
         <size>0x4</size>
      </object_component>
      <object_component id="oc-1dd">
         <name>.common:SimpleLinkSpawnTaskHndl</name>
         <uninitialized>true</uninitialized>
         <run_address>0x200212f4</run_address>
         <size>0x4</size>
      </object_component>
      <object_component id="oc-2d8">
         <name>.common:DMAMsgQ</name>
         <uninitialized>true</uninitialized>
         <run_address>0x200212f0</run_address>
         <size>0x4</size>
      </object_component>
      <object_component id="oc-2cc">
         <name>.common:g_cDummy</name>
         <uninitialized>true</uninitialized>
         <run_address>0x20021300</run_address>
         <size>0x4</size>
      </object_component>
      <object_component id="oc-149">
         <name>.common:__Errorlog$0</name>
         <uninitialized>true</uninitialized>
         <run_address>0x200212f8</run_address>
         <size>0x4</size>
      </object_component>
      <object_component id="oc-19b">
         <name>.common:bufptr$16</name>
         <uninitialized>true</uninitialized>
         <run_address>0x200212fc</run_address>
         <size>0x4</size>
      </object_component>
      <object_component id="oc-20e">
         <name>.common:parmbuf$31</name>
         <uninitialized>true</uninitialized>
         <run_address>0x200212e8</run_address>
         <size>0x8</size>
      </object_component>
      <object_component id="oc-22">
         <name>.sysmem</name>
         <uninitialized>true</uninitialized>
         <run_address>0x20019000</run_address>
         <size>0x8</size>
         <input_file_ref idref="fl-152"/>
      </object_component>
      <object_component id="oc-420">
         <name>.sysmem</name>
         <uninitialized>true</uninitialized>
         <run_address>0x20019000</run_address>
         <size>0x0</size>
      </object_component>
      <object_component id="oc-21">
         <name>.stack</name>
         <uninitialized>true</uninitialized>
         <run_address>0x2002f800</run_address>
         <size>0x0</size>
         <input_file_ref idref="fl-146"/>
      </object_component>
      <object_component id="oc-41f">
         <name>.stack</name>
         <uninitialized>true</uninitialized>
         <run_address>0x2002f800</run_address>
         <size>0x0</size>
      </object_component>
      <object_component id="oc-f">
         <name>.debug_line</name>
         <load_address>0x0</load_address>
         <run_address>0x0</run_address>
         <size>0x4f</size>
         <input_file_ref idref="fl-146"/>
      </object_component>
      <object_component id="oc-15">
         <name>.debug_line</name>
         <load_address>0x4f</load_address>
         <run_address>0x4f</run_address>
         <size>0x55</size>
         <input_file_ref idref="fl-196"/>
      </object_component>
      <object_component id="oc-1a">
         <name>.debug_line</name>
         <load_address>0xa4</load_address>
         <run_address>0xa4</run_address>
         <size>0x4c</size>
         <input_file_ref idref="fl-198"/>
      </object_component>
      <object_component id="oc-1e">
         <name>.debug_line</name>
         <load_address>0xf0</load_address>
         <run_address>0xf0</run_address>
         <size>0x4b</size>
         <input_file_ref idref="fl-197"/>
      </object_component>
      <object_component id="oc-25">
         <name>.debug_line</name>
         <load_address>0x13b</load_address>
         <run_address>0x13b</run_address>
         <size>0x87</size>
         <input_file_ref idref="fl-166"/>
      </object_component>
      <object_component id="oc-2a">
         <name>.debug_line</name>
         <load_address>0x1c2</load_address>
         <run_address>0x1c2</run_address>
         <size>0x50</size>
         <input_file_ref idref="fl-164"/>
      </object_component>
      <object_component id="oc-2f">
         <name>.debug_line</name>
         <load_address>0x212</load_address>
         <run_address>0x212</run_address>
         <size>0x7a</size>
         <input_file_ref idref="fl-14a"/>
      </object_component>
      <object_component id="oc-36">
         <name>.debug_line</name>
         <load_address>0x28c</load_address>
         <run_address>0x28c</run_address>
         <size>0x88</size>
         <input_file_ref idref="fl-151"/>
      </object_component>
      <object_component id="oc-3c">
         <name>.debug_line</name>
         <load_address>0x314</load_address>
         <run_address>0x314</run_address>
         <size>0x3a</size>
         <input_file_ref idref="fl-196"/>
      </object_component>
      <object_component id="oc-43">
         <name>.debug_line</name>
         <load_address>0x34e</load_address>
         <run_address>0x34e</run_address>
         <size>0x34</size>
         <input_file_ref idref="fl-195"/>
      </object_component>
      <object_component id="oc-49">
         <name>.debug_line</name>
         <load_address>0x382</load_address>
         <run_address>0x382</run_address>
         <size>0x8c</size>
         <input_file_ref idref="fl-197"/>
      </object_component>
      <object_component id="oc-50">
         <name>.debug_line</name>
         <load_address>0x40e</load_address>
         <run_address>0x40e</run_address>
         <size>0x39</size>
         <input_file_ref idref="fl-197"/>
      </object_component>
      <object_component id="oc-54">
         <name>.debug_line</name>
         <load_address>0x447</load_address>
         <run_address>0x447</run_address>
         <size>0x2c</size>
         <input_file_ref idref="fl-195"/>
      </object_component>
      <object_component id="oc-59">
         <name>.debug_line</name>
         <load_address>0x473</load_address>
         <run_address>0x473</run_address>
         <size>0x6d</size>
         <input_file_ref idref="fl-167"/>
      </object_component>
      <object_component id="oc-5f">
         <name>.debug_line</name>
         <load_address>0x4e0</load_address>
         <run_address>0x4e0</run_address>
         <size>0x7fb</size>
         <input_file_ref idref="fl-195"/>
      </object_component>
      <object_component id="oc-64">
         <name>.debug_line</name>
         <load_address>0xcdb</load_address>
         <run_address>0xcdb</run_address>
         <size>0x20</size>
         <input_file_ref idref="fl-14a"/>
      </object_component>
      <object_component id="oc-6f">
         <name>.debug_line</name>
         <load_address>0xcfb</load_address>
         <run_address>0xcfb</run_address>
         <size>0x33</size>
         <input_file_ref idref="fl-195"/>
      </object_component>
      <object_component id="oc-73">
         <name>.debug_line</name>
         <load_address>0xd2e</load_address>
         <run_address>0xd2e</run_address>
         <size>0x44</size>
         <input_file_ref idref="fl-196"/>
      </object_component>
      <object_component id="oc-77">
         <name>.debug_line</name>
         <load_address>0xd72</load_address>
         <run_address>0xd72</run_address>
         <size>0x20</size>
         <input_file_ref idref="fl-196"/>
      </object_component>
      <object_component id="oc-7a">
         <name>.debug_line</name>
         <load_address>0xd92</load_address>
         <run_address>0xd92</run_address>
         <size>0x44</size>
         <input_file_ref idref="fl-167"/>
      </object_component>
      <object_component id="oc-7e">
         <name>.debug_line</name>
         <load_address>0xdd6</load_address>
         <run_address>0xdd6</run_address>
         <size>0x20</size>
         <input_file_ref idref="fl-198"/>
      </object_component>
      <object_component id="oc-81">
         <name>.debug_line</name>
         <load_address>0xdf6</load_address>
         <run_address>0xdf6</run_address>
         <size>0x20</size>
         <input_file_ref idref="fl-197"/>
      </object_component>
      <object_component id="oc-83">
         <name>.debug_line</name>
         <load_address>0xe16</load_address>
         <run_address>0xe16</run_address>
         <size>0x40a</size>
         <input_file_ref idref="fl-195"/>
      </object_component>
      <object_component id="oc-86">
         <name>.debug_line</name>
         <load_address>0x1220</load_address>
         <run_address>0x1220</run_address>
         <size>0x5a</size>
         <input_file_ref idref="fl-18a"/>
      </object_component>
      <object_component id="oc-8b">
         <name>.debug_line</name>
         <load_address>0x127a</load_address>
         <run_address>0x127a</run_address>
         <size>0x5a</size>
         <input_file_ref idref="fl-18a"/>
      </object_component>
      <object_component id="oc-90">
         <name>.debug_line</name>
         <load_address>0x12d4</load_address>
         <run_address>0x12d4</run_address>
         <size>0x58</size>
         <input_file_ref idref="fl-195"/>
      </object_component>
      <object_component id="oc-95">
         <name>.debug_line</name>
         <load_address>0x132c</load_address>
         <run_address>0x132c</run_address>
         <size>0x5a</size>
         <input_file_ref idref="fl-18a"/>
      </object_component>
      <object_component id="oc-9a">
         <name>.debug_line</name>
         <load_address>0x1386</load_address>
         <run_address>0x1386</run_address>
         <size>0x5a</size>
         <input_file_ref idref="fl-18a"/>
      </object_component>
      <object_component id="oc-9f">
         <name>.debug_line</name>
         <load_address>0x13e0</load_address>
         <run_address>0x13e0</run_address>
         <size>0x7e</size>
         <input_file_ref idref="fl-195"/>
      </object_component>
      <object_component id="oc-a4">
         <name>.debug_line</name>
         <load_address>0x145e</load_address>
         <run_address>0x145e</run_address>
         <size>0x7f</size>
         <input_file_ref idref="fl-195"/>
      </object_component>
      <object_component id="oc-a9">
         <name>.debug_line</name>
         <load_address>0x14dd</load_address>
         <run_address>0x14dd</run_address>
         <size>0x44</size>
         <input_file_ref idref="fl-195"/>
      </object_component>
      <object_component id="oc-ae">
         <name>.debug_line</name>
         <load_address>0x1521</load_address>
         <run_address>0x1521</run_address>
         <size>0x58</size>
         <input_file_ref idref="fl-195"/>
      </object_component>
      <object_component id="oc-b3">
         <name>.debug_line</name>
         <load_address>0x1579</load_address>
         <run_address>0x1579</run_address>
         <size>0x42</size>
         <input_file_ref idref="fl-195"/>
      </object_component>
      <object_component id="oc-b8">
         <name>.debug_line</name>
         <load_address>0x15bb</load_address>
         <run_address>0x15bb</run_address>
         <size>0x43</size>
         <input_file_ref idref="fl-17e"/>
      </object_component>
      <object_component id="oc-bd">
         <name>.debug_line</name>
         <load_address>0x15fe</load_address>
         <run_address>0x15fe</run_address>
         <size>0x44</size>
         <input_file_ref idref="fl-195"/>
      </object_component>
      <object_component id="oc-c2">
         <name>.debug_line</name>
         <load_address>0x1642</load_address>
         <run_address>0x1642</run_address>
         <size>0x63</size>
         <input_file_ref idref="fl-18a"/>
      </object_component>
      <object_component id="oc-c7">
         <name>.debug_line</name>
         <load_address>0x16a5</load_address>
         <run_address>0x16a5</run_address>
         <size>0x5c</size>
         <input_file_ref idref="fl-18a"/>
      </object_component>
      <object_component id="oc-cc">
         <name>.debug_line</name>
         <load_address>0x1701</load_address>
         <run_address>0x1701</run_address>
         <size>0x59</size>
         <input_file_ref idref="fl-195"/>
      </object_component>
      <object_component id="oc-d1">
         <name>.debug_line</name>
         <load_address>0x175a</load_address>
         <run_address>0x175a</run_address>
         <size>0x59</size>
         <input_file_ref idref="fl-17e"/>
      </object_component>
      <object_component id="oc-d6">
         <name>.debug_line</name>
         <load_address>0x17b3</load_address>
         <run_address>0x17b3</run_address>
         <size>0x2f</size>
         <input_file_ref idref="fl-195"/>
      </object_component>
      <object_component id="oc-db">
         <name>.debug_line</name>
         <load_address>0x17e2</load_address>
         <run_address>0x17e2</run_address>
         <size>0x2c</size>
         <input_file_ref idref="fl-195"/>
      </object_component>
      <object_component id="oc-e0">
         <name>.debug_line</name>
         <load_address>0x180e</load_address>
         <run_address>0x180e</run_address>
         <size>0x5a</size>
         <input_file_ref idref="fl-195"/>
      </object_component>
      <object_component id="oc-e5">
         <name>.debug_line</name>
         <load_address>0x1868</load_address>
         <run_address>0x1868</run_address>
         <size>0x4d</size>
         <input_file_ref idref="fl-180"/>
      </object_component>
      <object_component id="oc-ed">
         <name>.debug_line</name>
         <load_address>0x18b5</load_address>
         <run_address>0x18b5</run_address>
         <size>0x254</size>
         <input_file_ref idref="fl-186"/>
      </object_component>
      <object_component id="oc-f2">
         <name>.debug_line</name>
         <load_address>0x1b09</load_address>
         <run_address>0x1b09</run_address>
         <size>0x14e</size>
         <input_file_ref idref="fl-195"/>
      </object_component>
      <object_component id="oc-f6">
         <name>.debug_line</name>
         <load_address>0x1c57</load_address>
         <run_address>0x1c57</run_address>
         <size>0x307</size>
         <input_file_ref idref="fl-181"/>
      </object_component>
      <object_component id="oc-100">
         <name>.debug_line</name>
         <load_address>0x1f5e</load_address>
         <run_address>0x1f5e</run_address>
         <size>0x60</size>
         <input_file_ref idref="fl-195"/>
      </object_component>
      <object_component id="oc-104">
         <name>.debug_line</name>
         <load_address>0x1fbe</load_address>
         <run_address>0x1fbe</run_address>
         <size>0x62a</size>
         <input_file_ref idref="fl-18b"/>
      </object_component>
      <object_component id="oc-10a">
         <name>.debug_line</name>
         <load_address>0x25e8</load_address>
         <run_address>0x25e8</run_address>
         <size>0x1ed</size>
         <input_file_ref idref="fl-195"/>
      </object_component>
      <object_component id="oc-10f">
         <name>.debug_line</name>
         <load_address>0x27d5</load_address>
         <run_address>0x27d5</run_address>
         <size>0x117</size>
         <input_file_ref idref="fl-195"/>
      </object_component>
      <object_component id="oc-118">
         <name>.debug_line</name>
         <load_address>0x28ec</load_address>
         <run_address>0x28ec</run_address>
         <size>0x462</size>
         <input_file_ref idref="fl-195"/>
      </object_component>
      <object_component id="oc-11c">
         <name>.debug_line</name>
         <load_address>0x2d4e</load_address>
         <run_address>0x2d4e</run_address>
         <size>0x25e</size>
         <input_file_ref idref="fl-18f"/>
      </object_component>
      <object_component id="oc-122">
         <name>.debug_line</name>
         <load_address>0x2fac</load_address>
         <run_address>0x2fac</run_address>
         <size>0x654</size>
         <input_file_ref idref="fl-182"/>
      </object_component>
      <object_component id="oc-126">
         <name>.debug_line</name>
         <load_address>0x3600</load_address>
         <run_address>0x3600</run_address>
         <size>0x692</size>
         <input_file_ref idref="fl-17e"/>
      </object_component>
      <object_component id="oc-12b">
         <name>.debug_line</name>
         <load_address>0x3c92</load_address>
         <run_address>0x3c92</run_address>
         <size>0x427</size>
         <input_file_ref idref="fl-189"/>
      </object_component>
      <object_component id="oc-131">
         <name>.debug_line</name>
         <load_address>0x40b9</load_address>
         <run_address>0x40b9</run_address>
         <size>0x47</size>
         <input_file_ref idref="fl-195"/>
      </object_component>
      <object_component id="oc-137">
         <name>.debug_line</name>
         <load_address>0x4100</load_address>
         <run_address>0x4100</run_address>
         <size>0x2c1</size>
         <input_file_ref idref="fl-184"/>
      </object_component>
      <object_component id="oc-13c">
         <name>.debug_line</name>
         <load_address>0x43c1</load_address>
         <run_address>0x43c1</run_address>
         <size>0x20c</size>
         <input_file_ref idref="fl-183"/>
      </object_component>
      <object_component id="oc-141">
         <name>.debug_line</name>
         <load_address>0x45cd</load_address>
         <run_address>0x45cd</run_address>
         <size>0x483</size>
         <input_file_ref idref="fl-180"/>
      </object_component>
      <object_component id="oc-146">
         <name>.debug_line</name>
         <load_address>0x4a50</load_address>
         <run_address>0x4a50</run_address>
         <size>0x689</size>
         <input_file_ref idref="fl-185"/>
      </object_component>
      <object_component id="oc-14d">
         <name>.debug_line</name>
         <load_address>0x50d9</load_address>
         <run_address>0x50d9</run_address>
         <size>0x42</size>
         <input_file_ref idref="fl-195"/>
      </object_component>
      <object_component id="oc-151">
         <name>.debug_line</name>
         <load_address>0x511b</load_address>
         <run_address>0x511b</run_address>
         <size>0x2b</size>
         <input_file_ref idref="fl-164"/>
      </object_component>
      <object_component id="oc-154">
         <name>.debug_line</name>
         <load_address>0x5146</load_address>
         <run_address>0x5146</run_address>
         <size>0x2b</size>
         <input_file_ref idref="fl-164"/>
      </object_component>
      <object_component id="oc-15a">
         <name>.debug_line</name>
         <load_address>0x5171</load_address>
         <run_address>0x5171</run_address>
         <size>0x3a</size>
         <input_file_ref idref="fl-195"/>
      </object_component>
      <object_component id="oc-15d">
         <name>.debug_line</name>
         <load_address>0x51ab</load_address>
         <run_address>0x51ab</run_address>
         <size>0x2b</size>
         <input_file_ref idref="fl-195"/>
      </object_component>
      <object_component id="oc-15f">
         <name>.debug_line</name>
         <load_address>0x51d6</load_address>
         <run_address>0x51d6</run_address>
         <size>0x2a</size>
         <input_file_ref idref="fl-14a"/>
      </object_component>
      <object_component id="oc-161">
         <name>.debug_line</name>
         <load_address>0x5200</load_address>
         <run_address>0x5200</run_address>
         <size>0x43</size>
         <input_file_ref idref="fl-14a"/>
      </object_component>
      <object_component id="oc-165">
         <name>.debug_line</name>
         <load_address>0x5243</load_address>
         <run_address>0x5243</run_address>
         <size>0x51</size>
         <input_file_ref idref="fl-167"/>
      </object_component>
      <object_component id="oc-168">
         <name>.debug_line</name>
         <load_address>0x5294</load_address>
         <run_address>0x5294</run_address>
         <size>0x45</size>
         <input_file_ref idref="fl-167"/>
      </object_component>
      <object_component id="oc-170">
         <name>.debug_line</name>
         <load_address>0x52d9</load_address>
         <run_address>0x52d9</run_address>
         <size>0x1e7</size>
         <input_file_ref idref="fl-195"/>
      </object_component>
      <object_component id="oc-175">
         <name>.debug_line</name>
         <load_address>0x54c0</load_address>
         <run_address>0x54c0</run_address>
         <size>0xaa</size>
         <input_file_ref idref="fl-195"/>
      </object_component>
      <object_component id="oc-17d">
         <name>.debug_line</name>
         <load_address>0x556a</load_address>
         <run_address>0x556a</run_address>
         <size>0x8a</size>
         <input_file_ref idref="fl-195"/>
      </object_component>
      <object_component id="oc-17f">
         <name>.debug_line</name>
         <load_address>0x55f4</load_address>
         <run_address>0x55f4</run_address>
         <size>0x57</size>
         <input_file_ref idref="fl-195"/>
      </object_component>
      <object_component id="oc-183">
         <name>.debug_line</name>
         <load_address>0x564b</load_address>
         <run_address>0x564b</run_address>
         <size>0x8f5</size>
         <input_file_ref idref="fl-18e"/>
      </object_component>
      <object_component id="oc-18e">
         <name>.debug_line</name>
         <load_address>0x5f40</load_address>
         <run_address>0x5f40</run_address>
         <size>0x59</size>
         <input_file_ref idref="fl-18b"/>
      </object_component>
      <object_component id="oc-193">
         <name>.debug_line</name>
         <load_address>0x5f99</load_address>
         <run_address>0x5f99</run_address>
         <size>0x59</size>
         <input_file_ref idref="fl-18a"/>
      </object_component>
      <object_component id="oc-198">
         <name>.debug_line</name>
         <load_address>0x5ff2</load_address>
         <run_address>0x5ff2</run_address>
         <size>0x5b</size>
         <input_file_ref idref="fl-18a"/>
      </object_component>
      <object_component id="oc-1a1">
         <name>.debug_line</name>
         <load_address>0x604d</load_address>
         <run_address>0x604d</run_address>
         <size>0x53</size>
         <input_file_ref idref="fl-195"/>
      </object_component>
      <object_component id="oc-1a3">
         <name>.debug_line</name>
         <load_address>0x60a0</load_address>
         <run_address>0x60a0</run_address>
         <size>0x61</size>
         <input_file_ref idref="fl-195"/>
      </object_component>
      <object_component id="oc-1a7">
         <name>.debug_line</name>
         <load_address>0x6101</load_address>
         <run_address>0x6101</run_address>
         <size>0x79</size>
         <input_file_ref idref="fl-153"/>
      </object_component>
      <object_component id="oc-1aa">
         <name>.debug_line</name>
         <load_address>0x617a</load_address>
         <run_address>0x617a</run_address>
         <size>0x421</size>
         <input_file_ref idref="fl-18a"/>
      </object_component>
      <object_component id="oc-1b1">
         <name>.debug_line</name>
         <load_address>0x659b</load_address>
         <run_address>0x659b</run_address>
         <size>0xc5</size>
         <input_file_ref idref="fl-18c"/>
      </object_component>
      <object_component id="oc-1ba">
         <name>.debug_line</name>
         <load_address>0x6660</load_address>
         <run_address>0x6660</run_address>
         <size>0x35b</size>
         <input_file_ref idref="fl-190"/>
      </object_component>
      <object_component id="oc-1c3">
         <name>.debug_line</name>
         <load_address>0x69bb</load_address>
         <run_address>0x69bb</run_address>
         <size>0x59</size>
         <input_file_ref idref="fl-18f"/>
      </object_component>
      <object_component id="oc-1c9">
         <name>.debug_line</name>
         <load_address>0x6a14</load_address>
         <run_address>0x6a14</run_address>
         <size>0x118</size>
         <input_file_ref idref="fl-176"/>
      </object_component>
      <object_component id="oc-1cc">
         <name>.debug_line</name>
         <load_address>0x6b2c</load_address>
         <run_address>0x6b2c</run_address>
         <size>0x47</size>
         <input_file_ref idref="fl-192"/>
      </object_component>
      <object_component id="oc-1d0">
         <name>.debug_line</name>
         <load_address>0x6b73</load_address>
         <run_address>0x6b73</run_address>
         <size>0x263</size>
         <input_file_ref idref="fl-187"/>
      </object_component>
      <object_component id="oc-1d5">
         <name>.debug_line</name>
         <load_address>0x6dd6</load_address>
         <run_address>0x6dd6</run_address>
         <size>0xf1</size>
         <input_file_ref idref="fl-188"/>
      </object_component>
      <object_component id="oc-1e1">
         <name>.debug_line</name>
         <load_address>0x6ec7</load_address>
         <run_address>0x6ec7</run_address>
         <size>0x6e</size>
         <input_file_ref idref="fl-17e"/>
      </object_component>
      <object_component id="oc-1e6">
         <name>.debug_line</name>
         <load_address>0x6f35</load_address>
         <run_address>0x6f35</run_address>
         <size>0x98</size>
         <input_file_ref idref="fl-17e"/>
      </object_component>
      <object_component id="oc-1eb">
         <name>.debug_line</name>
         <load_address>0x6fcd</load_address>
         <run_address>0x6fcd</run_address>
         <size>0x87</size>
         <input_file_ref idref="fl-17e"/>
      </object_component>
      <object_component id="oc-1f0">
         <name>.debug_line</name>
         <load_address>0x7054</load_address>
         <run_address>0x7054</run_address>
         <size>0x8e</size>
         <input_file_ref idref="fl-17e"/>
      </object_component>
      <object_component id="oc-1f5">
         <name>.debug_line</name>
         <load_address>0x70e2</load_address>
         <run_address>0x70e2</run_address>
         <size>0x55</size>
         <input_file_ref idref="fl-17e"/>
      </object_component>
      <object_component id="oc-1fa">
         <name>.debug_line</name>
         <load_address>0x7137</load_address>
         <run_address>0x7137</run_address>
         <size>0x58</size>
         <input_file_ref idref="fl-17e"/>
      </object_component>
      <object_component id="oc-200">
         <name>.debug_line</name>
         <load_address>0x718f</load_address>
         <run_address>0x718f</run_address>
         <size>0x59</size>
         <input_file_ref idref="fl-17e"/>
      </object_component>
      <object_component id="oc-206">
         <name>.debug_line</name>
         <load_address>0x71e8</load_address>
         <run_address>0x71e8</run_address>
         <size>0x20</size>
         <input_file_ref idref="fl-185"/>
      </object_component>
      <object_component id="oc-20d">
         <name>.debug_line</name>
         <load_address>0x7208</load_address>
         <run_address>0x7208</run_address>
         <size>0x97</size>
         <input_file_ref idref="fl-15b"/>
      </object_component>
      <object_component id="oc-211">
         <name>.debug_line</name>
         <load_address>0x729f</load_address>
         <run_address>0x729f</run_address>
         <size>0x5a</size>
         <input_file_ref idref="fl-195"/>
      </object_component>
      <object_component id="oc-226">
         <name>.debug_line</name>
         <load_address>0x72f9</load_address>
         <run_address>0x72f9</run_address>
         <size>0x92</size>
         <input_file_ref idref="fl-18a"/>
      </object_component>
      <object_component id="oc-229">
         <name>.debug_line</name>
         <load_address>0x738b</load_address>
         <run_address>0x738b</run_address>
         <size>0x58</size>
         <input_file_ref idref="fl-18a"/>
      </object_component>
      <object_component id="oc-22e">
         <name>.debug_line</name>
         <load_address>0x73e3</load_address>
         <run_address>0x73e3</run_address>
         <size>0x57</size>
         <input_file_ref idref="fl-18a"/>
      </object_component>
      <object_component id="oc-232">
         <name>.debug_line</name>
         <load_address>0x743a</load_address>
         <run_address>0x743a</run_address>
         <size>0x33d</size>
         <input_file_ref idref="fl-17e"/>
      </object_component>
      <object_component id="oc-235">
         <name>.debug_line</name>
         <load_address>0x7777</load_address>
         <run_address>0x7777</run_address>
         <size>0x85</size>
         <input_file_ref idref="fl-17e"/>
      </object_component>
      <object_component id="oc-23a">
         <name>.debug_line</name>
         <load_address>0x77fc</load_address>
         <run_address>0x77fc</run_address>
         <size>0x79</size>
         <input_file_ref idref="fl-17e"/>
      </object_component>
      <object_component id="oc-23f">
         <name>.debug_line</name>
         <load_address>0x7875</load_address>
         <run_address>0x7875</run_address>
         <size>0x7e</size>
         <input_file_ref idref="fl-17e"/>
      </object_component>
      <object_component id="oc-244">
         <name>.debug_line</name>
         <load_address>0x78f3</load_address>
         <run_address>0x78f3</run_address>
         <size>0x8d</size>
         <input_file_ref idref="fl-17e"/>
      </object_component>
      <object_component id="oc-249">
         <name>.debug_line</name>
         <load_address>0x7980</load_address>
         <run_address>0x7980</run_address>
         <size>0x8a</size>
         <input_file_ref idref="fl-17e"/>
      </object_component>
      <object_component id="oc-24e">
         <name>.debug_line</name>
         <load_address>0x7a0a</load_address>
         <run_address>0x7a0a</run_address>
         <size>0x87</size>
         <input_file_ref idref="fl-17e"/>
      </object_component>
      <object_component id="oc-253">
         <name>.debug_line</name>
         <load_address>0x7a91</load_address>
         <run_address>0x7a91</run_address>
         <size>0x60</size>
         <input_file_ref idref="fl-17e"/>
      </object_component>
      <object_component id="oc-258">
         <name>.debug_line</name>
         <load_address>0x7af1</load_address>
         <run_address>0x7af1</run_address>
         <size>0x95</size>
         <input_file_ref idref="fl-17e"/>
      </object_component>
      <object_component id="oc-25d">
         <name>.debug_line</name>
         <load_address>0x7b86</load_address>
         <run_address>0x7b86</run_address>
         <size>0x5f</size>
         <input_file_ref idref="fl-17e"/>
      </object_component>
      <object_component id="oc-262">
         <name>.debug_line</name>
         <load_address>0x7be5</load_address>
         <run_address>0x7be5</run_address>
         <size>0x69</size>
         <input_file_ref idref="fl-17e"/>
      </object_component>
      <object_component id="oc-267">
         <name>.debug_line</name>
         <load_address>0x7c4e</load_address>
         <run_address>0x7c4e</run_address>
         <size>0x5e</size>
         <input_file_ref idref="fl-17e"/>
      </object_component>
      <object_component id="oc-26c">
         <name>.debug_line</name>
         <load_address>0x7cac</load_address>
         <run_address>0x7cac</run_address>
         <size>0x5f</size>
         <input_file_ref idref="fl-17e"/>
      </object_component>
      <object_component id="oc-271">
         <name>.debug_line</name>
         <load_address>0x7d0b</load_address>
         <run_address>0x7d0b</run_address>
         <size>0x7f</size>
         <input_file_ref idref="fl-17e"/>
      </object_component>
      <object_component id="oc-276">
         <name>.debug_line</name>
         <load_address>0x7d8a</load_address>
         <run_address>0x7d8a</run_address>
         <size>0x7a</size>
         <input_file_ref idref="fl-17e"/>
      </object_component>
      <object_component id="oc-27a">
         <name>.debug_line</name>
         <load_address>0x7e04</load_address>
         <run_address>0x7e04</run_address>
         <size>0x54</size>
         <input_file_ref idref="fl-186"/>
      </object_component>
      <object_component id="oc-27f">
         <name>.debug_line</name>
         <load_address>0x7e58</load_address>
         <run_address>0x7e58</run_address>
         <size>0xa27</size>
         <input_file_ref idref="fl-195"/>
      </object_component>
      <object_component id="oc-283">
         <name>.debug_line</name>
         <load_address>0x887f</load_address>
         <run_address>0x887f</run_address>
         <size>0x2c</size>
         <input_file_ref idref="fl-195"/>
      </object_component>
      <object_component id="oc-285">
         <name>.debug_line</name>
         <load_address>0x88ab</load_address>
         <run_address>0x88ab</run_address>
         <size>0x54</size>
         <input_file_ref idref="fl-181"/>
      </object_component>
      <object_component id="oc-288">
         <name>.debug_line</name>
         <load_address>0x88ff</load_address>
         <run_address>0x88ff</run_address>
         <size>0x8a</size>
         <input_file_ref idref="fl-191"/>
      </object_component>
      <object_component id="oc-291">
         <name>.debug_line</name>
         <load_address>0x8989</load_address>
         <run_address>0x8989</run_address>
         <size>0x49f</size>
         <input_file_ref idref="fl-18d"/>
      </object_component>
      <object_component id="oc-29a">
         <name>.debug_line</name>
         <load_address>0x8e28</load_address>
         <run_address>0x8e28</run_address>
         <size>0x59</size>
         <input_file_ref idref="fl-18e"/>
      </object_component>
      <object_component id="oc-29e">
         <name>.debug_line</name>
         <load_address>0x8e81</load_address>
         <run_address>0x8e81</run_address>
         <size>0x59</size>
         <input_file_ref idref="fl-18b"/>
      </object_component>
      <object_component id="oc-2a0">
         <name>.debug_line</name>
         <load_address>0x8eda</load_address>
         <run_address>0x8eda</run_address>
         <size>0x59</size>
         <input_file_ref idref="fl-18e"/>
      </object_component>
      <object_component id="oc-2a2">
         <name>.debug_line</name>
         <load_address>0x8f33</load_address>
         <run_address>0x8f33</run_address>
         <size>0xbc</size>
         <input_file_ref idref="fl-18b"/>
      </object_component>
      <object_component id="oc-2a5">
         <name>.debug_line</name>
         <load_address>0x8fef</load_address>
         <run_address>0x8fef</run_address>
         <size>0x5b</size>
         <input_file_ref idref="fl-18a"/>
      </object_component>
      <object_component id="oc-2aa">
         <name>.debug_line</name>
         <load_address>0x904a</load_address>
         <run_address>0x904a</run_address>
         <size>0x5e</size>
         <input_file_ref idref="fl-18a"/>
      </object_component>
      <object_component id="oc-2af">
         <name>.debug_line</name>
         <load_address>0x90a8</load_address>
         <run_address>0x90a8</run_address>
         <size>0x5d</size>
         <input_file_ref idref="fl-18a"/>
      </object_component>
      <object_component id="oc-2b3">
         <name>.debug_line</name>
         <load_address>0x9105</load_address>
         <run_address>0x9105</run_address>
         <size>0x64</size>
         <input_file_ref idref="fl-195"/>
      </object_component>
      <object_component id="oc-2c0">
         <name>.debug_line</name>
         <load_address>0x9169</load_address>
         <run_address>0x9169</run_address>
         <size>0x59</size>
         <input_file_ref idref="fl-18c"/>
      </object_component>
      <object_component id="oc-2c4">
         <name>.debug_line</name>
         <load_address>0x91c2</load_address>
         <run_address>0x91c2</run_address>
         <size>0x5a</size>
         <input_file_ref idref="fl-195"/>
      </object_component>
      <object_component id="oc-2c6">
         <name>.debug_line</name>
         <load_address>0x921c</load_address>
         <run_address>0x921c</run_address>
         <size>0x2c</size>
         <input_file_ref idref="fl-195"/>
      </object_component>
      <object_component id="oc-2c9">
         <name>.debug_line</name>
         <load_address>0x9248</load_address>
         <run_address>0x9248</run_address>
         <size>0x54b</size>
         <input_file_ref idref="fl-194"/>
      </object_component>
      <object_component id="oc-2d6">
         <name>.debug_line</name>
         <load_address>0x9793</load_address>
         <run_address>0x9793</run_address>
         <size>0x36b</size>
         <input_file_ref idref="fl-193"/>
      </object_component>
      <object_component id="oc-2db">
         <name>.debug_line</name>
         <load_address>0x9afe</load_address>
         <run_address>0x9afe</run_address>
         <size>0x59</size>
         <input_file_ref idref="fl-18f"/>
      </object_component>
      <object_component id="oc-2dd">
         <name>.debug_line</name>
         <load_address>0x9b57</load_address>
         <run_address>0x9b57</run_address>
         <size>0xf9</size>
         <input_file_ref idref="fl-18f"/>
      </object_component>
      <object_component id="oc-2e8">
         <name>.debug_line</name>
         <load_address>0x9c50</load_address>
         <run_address>0x9c50</run_address>
         <size>0x50</size>
         <input_file_ref idref="fl-182"/>
      </object_component>
      <object_component id="oc-2ed">
         <name>.debug_line</name>
         <load_address>0x9ca0</load_address>
         <run_address>0x9ca0</run_address>
         <size>0x4f</size>
         <input_file_ref idref="fl-182"/>
      </object_component>
      <object_component id="oc-2ef">
         <name>.debug_line</name>
         <load_address>0x9cef</load_address>
         <run_address>0x9cef</run_address>
         <size>0xb2</size>
         <input_file_ref idref="fl-182"/>
      </object_component>
      <object_component id="oc-2f2">
         <name>.debug_line</name>
         <load_address>0x9da1</load_address>
         <run_address>0x9da1</run_address>
         <size>0x4f</size>
         <input_file_ref idref="fl-182"/>
      </object_component>
      <object_component id="oc-2f7">
         <name>.debug_line</name>
         <load_address>0x9df0</load_address>
         <run_address>0x9df0</run_address>
         <size>0x61</size>
         <input_file_ref idref="fl-17e"/>
      </object_component>
      <object_component id="oc-2fc">
         <name>.debug_line</name>
         <load_address>0x9e51</load_address>
         <run_address>0x9e51</run_address>
         <size>0x5f</size>
         <input_file_ref idref="fl-17e"/>
      </object_component>
      <object_component id="oc-301">
         <name>.debug_line</name>
         <load_address>0x9eb0</load_address>
         <run_address>0x9eb0</run_address>
         <size>0x67</size>
         <input_file_ref idref="fl-17e"/>
      </object_component>
      <object_component id="oc-306">
         <name>.debug_line</name>
         <load_address>0x9f17</load_address>
         <run_address>0x9f17</run_address>
         <size>0x5d</size>
         <input_file_ref idref="fl-17e"/>
      </object_component>
      <object_component id="oc-30b">
         <name>.debug_line</name>
         <load_address>0x9f74</load_address>
         <run_address>0x9f74</run_address>
         <size>0x60</size>
         <input_file_ref idref="fl-17e"/>
      </object_component>
      <object_component id="oc-310">
         <name>.debug_line</name>
         <load_address>0x9fd4</load_address>
         <run_address>0x9fd4</run_address>
         <size>0x5f</size>
         <input_file_ref idref="fl-17e"/>
      </object_component>
      <object_component id="oc-315">
         <name>.debug_line</name>
         <load_address>0xa033</load_address>
         <run_address>0xa033</run_address>
         <size>0x68</size>
         <input_file_ref idref="fl-17e"/>
      </object_component>
      <object_component id="oc-31a">
         <name>.debug_line</name>
         <load_address>0xa09b</load_address>
         <run_address>0xa09b</run_address>
         <size>0x63</size>
         <input_file_ref idref="fl-17e"/>
      </object_component>
      <object_component id="oc-31f">
         <name>.debug_line</name>
         <load_address>0xa0fe</load_address>
         <run_address>0xa0fe</run_address>
         <size>0x77</size>
         <input_file_ref idref="fl-17e"/>
      </object_component>
      <object_component id="oc-324">
         <name>.debug_line</name>
         <load_address>0xa175</load_address>
         <run_address>0xa175</run_address>
         <size>0x72</size>
         <input_file_ref idref="fl-17e"/>
      </object_component>
      <object_component id="oc-329">
         <name>.debug_line</name>
         <load_address>0xa1e7</load_address>
         <run_address>0xa1e7</run_address>
         <size>0x75</size>
         <input_file_ref idref="fl-17e"/>
      </object_component>
      <object_component id="oc-32e">
         <name>.debug_line</name>
         <load_address>0xa25c</load_address>
         <run_address>0xa25c</run_address>
         <size>0x79</size>
         <input_file_ref idref="fl-17e"/>
      </object_component>
      <object_component id="oc-333">
         <name>.debug_line</name>
         <load_address>0xa2d5</load_address>
         <run_address>0xa2d5</run_address>
         <size>0x67</size>
         <input_file_ref idref="fl-17e"/>
      </object_component>
      <object_component id="oc-338">
         <name>.debug_line</name>
         <load_address>0xa33c</load_address>
         <run_address>0xa33c</run_address>
         <size>0x6a</size>
         <input_file_ref idref="fl-17e"/>
      </object_component>
      <object_component id="oc-33d">
         <name>.debug_line</name>
         <load_address>0xa3a6</load_address>
         <run_address>0xa3a6</run_address>
         <size>0x7f</size>
         <input_file_ref idref="fl-17e"/>
      </object_component>
      <object_component id="oc-342">
         <name>.debug_line</name>
         <load_address>0xa425</load_address>
         <run_address>0xa425</run_address>
         <size>0x81</size>
         <input_file_ref idref="fl-17e"/>
      </object_component>
      <object_component id="oc-347">
         <name>.debug_line</name>
         <load_address>0xa4a6</load_address>
         <run_address>0xa4a6</run_address>
         <size>0x7f</size>
         <input_file_ref idref="fl-17e"/>
      </object_component>
      <object_component id="oc-34c">
         <name>.debug_line</name>
         <load_address>0xa525</load_address>
         <run_address>0xa525</run_address>
         <size>0x83</size>
         <input_file_ref idref="fl-17e"/>
      </object_component>
      <object_component id="oc-351">
         <name>.debug_line</name>
         <load_address>0xa5a8</load_address>
         <run_address>0xa5a8</run_address>
         <size>0x7d</size>
         <input_file_ref idref="fl-17e"/>
      </object_component>
      <object_component id="oc-356">
         <name>.debug_line</name>
         <load_address>0xa625</load_address>
         <run_address>0xa625</run_address>
         <size>0x92</size>
         <input_file_ref idref="fl-17e"/>
      </object_component>
      <object_component id="oc-35b">
         <name>.debug_line</name>
         <load_address>0xa6b7</load_address>
         <run_address>0xa6b7</run_address>
         <size>0x93</size>
         <input_file_ref idref="fl-17e"/>
      </object_component>
      <object_component id="oc-35f">
         <name>.debug_line</name>
         <load_address>0xa74a</load_address>
         <run_address>0xa74a</run_address>
         <size>0x54</size>
         <input_file_ref idref="fl-189"/>
      </object_component>
      <object_component id="oc-365">
[...]
         <value>0x2000d0e5</value>
         <object_component_ref idref="oc-2d3"/>
      </symbol>
      <symbol id="sm-dc7">
         <name>uDMAIntStatus</name>
         <value>0x2000d31b</value>
         <object_component_ref idref="oc-2d3"/>
      </symbol>
      <symbol id="sm-dc8">
         <name>uDMAChannelAssign</name>
         <value>0x2000d335</value>
         <object_component_ref idref="oc-2d3"/>
      </symbol>
      <symbol id="sm-dc9">
         <name>uDMAIntRegister</name>
         <value>0x2000d2f3</value>
         <object_component_ref idref="oc-2d3"/>
      </symbol>
      <symbol id="sm-dca">
         <name>uDMAEnable</name>
         <value>0x2000ceed</value>
         <object_component_ref idref="oc-2d3"/>
      </symbol>
      <symbol id="sm-dcb">
         <name>uDMAControlBaseSet</name>
         <value>0x2000cf5d</value>
         <object_component_ref idref="oc-2d3"/>
      </symbol>
      <symbol id="sm-dcc">
         <name>uDMAChannelAttributeDisable</name>
         <value>0x2000cfe5</value>
         <object_component_ref idref="oc-2d3"/>
      </symbol>
      <symbol id="sm-dcd">
         <name>uDMAChannelEnable</name>
         <value>0x2000cf0b</value>
         <object_component_ref idref="oc-2d3"/>
      </symbol>
      <symbol id="sm-dce">
         <name>uDMAChannelRequest</name>
         <value>0x2000cf79</value>
         <object_component_ref idref="oc-2d3"/>
      </symbol>
      <symbol id="sm-e52">
         <name>SPIFIFOLevelGet</name>
         <value>0x2000a749</value>
         <object_component_ref idref="oc-2c7"/>
      </symbol>
      <symbol id="sm-e53">
         <name>SPIFIFODisable</name>
         <value>0x2000a6fb</value>
         <object_component_ref idref="oc-2c7"/>
      </symbol>
      <symbol id="sm-e54">
         <name>SPITransfer</name>
         <value>0x2000a94d</value>
         <object_component_ref idref="oc-2c7"/>
      </symbol>
      <symbol id="sm-e55">
         <name>SPICSEnable</name>
         <value>0x2000a91d</value>
         <object_component_ref idref="oc-2c7"/>
      </symbol>
      <symbol id="sm-e56">
         <name>SPIDisable</name>
         <value>0x2000a53f</value>
         <object_component_ref idref="oc-2c7"/>
      </symbol>
      <symbol id="sm-e57">
         <name>SPIFIFOEnable</name>
         <value>0x2000a6e1</value>
         <object_component_ref idref="oc-2c7"/>
      </symbol>
      <symbol id="sm-e58">
         <name>SPIWordCountSet</name>
         <value>0x2000a77d</value>
         <object_component_ref idref="oc-2c7"/>
      </symbol>
      <symbol id="sm-e59">
         <name>SPIDataGetNonBlocking</name>
         <value>0x2000a651</value>
         <object_component_ref idref="oc-2c7"/>
      </symbol>
      <symbol id="sm-e5a">
         <name>SPIDataPut</name>
         <value>0x2000a6c3</value>
         <object_component_ref idref="oc-2c7"/>
      </symbol>
      <symbol id="sm-e5b">
         <name>SPIEnable</name>
         <value>0x2000a527</value>
         <object_component_ref idref="oc-2c7"/>
      </symbol>
      <symbol id="sm-e5c">
         <name>SPIDataGet</name>
         <value>0x2000a67b</value>
         <object_component_ref idref="oc-2c7"/>
      </symbol>
      <symbol id="sm-e5d">
         <name>SPIDmaEnable</name>
         <value>0x2000a557</value>
         <object_component_ref idref="oc-2c7"/>
      </symbol>
      <symbol id="sm-e5e">
         <name>SPIConfigSetExpClk</name>
         <value>0x2000a5ad</value>
         <object_component_ref idref="oc-2c7"/>
      </symbol>
      <symbol id="sm-e5f">
         <name>SPIIntRegister</name>
         <value>0x2000a7a5</value>
         <object_component_ref idref="oc-2c7"/>
      </symbol>
      <symbol id="sm-e60">
         <name>SPIIntUnregister</name>
         <value>0x2000a7c9</value>
         <object_component_ref idref="oc-2c7"/>
      </symbol>
      <symbol id="sm-e61">
         <name>SPIFIFOLevelSet</name>
         <value>0x2000a715</value>
         <object_component_ref idref="oc-2c7"/>
      </symbol>
      <symbol id="sm-e62">
         <name>SPIDmaDisable</name>
         <value>0x2000a571</value>
         <object_component_ref idref="oc-2c7"/>
      </symbol>
      <symbol id="sm-e63">
         <name>SPIReset</name>
         <value>0x2000a58b</value>
         <object_component_ref idref="oc-2c7"/>
      </symbol>
      <symbol id="sm-e64">
         <name>SPIDataPutNonBlocking</name>
         <value>0x2000a69b</value>
         <object_component_ref idref="oc-2c7"/>
      </symbol>
      <symbol id="sm-e65">
         <name>SPIIntStatus</name>
         <value>0x2000a871</value>
         <object_component_ref idref="oc-2c7"/>
      </symbol>
      <symbol id="sm-e66">
         <name>SPIIntEnable</name>
         <value>0x2000a7e3</value>
         <object_component_ref idref="oc-2c7"/>
      </symbol>
      <symbol id="sm-e67">
         <name>SPIIntClear</name>
         <value>0x2000a8df</value>
         <object_component_ref idref="oc-2c7"/>
      </symbol>
      <symbol id="sm-e68">
         <name>SPICSDisable</name>
         <value>0x2000a935</value>
         <object_component_ref idref="oc-2c7"/>
      </symbol>
      <symbol id="sm-e69">
         <name>SPIIntDisable</name>
         <value>0x2000a827</value>
         <object_component_ref idref="oc-2c7"/>
      </symbol>
      <symbol id="sm-1192">
         <name>bufchar</name>
         <value>0x2000ef1d</value>
         <object_component_ref idref="oc-107"/>
      </symbol>
      <symbol id="sm-1193">
         <name>g_usConnectIndex</name>
         <value>0x20021488</value>
         <object_component_ref idref="oc-133"/>
      </symbol>
      <symbol id="sm-1194">
         <name>g_uiLED3Port</name>
         <value>0x200214cc</value>
         <object_component_ref idref="oc-fb"/>
      </symbol>
      <symbol id="sm-1195">
         <name>_sys_memory</name>
         <value>0x20019000</value>
         <object_component_ref idref="oc-22"/>
      </symbol>
      <symbol id="sm-1196">
         <name>MQTTPacket_encode</name>
         <value>0x2000ef89</value>
         <object_component_ref idref="oc-107"/>
      </symbol>
      <symbol id="sm-1197">
         <name>Message</name>
         <value>0x2000ed69</value>
         <object_component_ref idref="oc-ef"/>
      </symbol>
      <symbol id="sm-1198">
         <name>Network_IF_DisconnectFromAP</name>
         <value>0x2000ab99</value>
         <object_component_ref idref="oc-115"/>
      </symbol>
      <symbol id="sm-1199">
         <name>_ctypes_</name>
         <value>0x2000fbc4</value>
         <object_component_ref idref="oc-3e6"/>
      </symbol>
      <symbol id="sm-119a">
         <name>Key</name>
         <value>0x20021368</value>
         <object_component_ref idref="oc-f9"/>
      </symbol>
      <symbol id="sm-119b">
         <name>strlen</name>
         <value>0x2000fb85</value>
         <object_component_ref idref="oc-fd"/>
      </symbol>
      <symbol id="sm-119c">
         <name>__TI_printfi</name>
         <value>0x20006997</value>
         <object_component_ref idref="oc-27c"/>
      </symbol>
      <symbol id="sm-119d">
         <name>vsnprintf</name>
         <value>0x2000f6dd</value>
         <object_component_ref idref="oc-172"/>
      </symbol>
      <symbol id="sm-119e">
         <name>free</name>
         <value>0x2000ea3b</value>
         <object_component_ref idref="oc-16d"/>
      </symbol>
      <symbol id="sm-119f">
         <name>uiUartCmd</name>
         <value>0x20021358</value>
         <object_component_ref idref="oc-f9"/>
      </symbol>
      <symbol id="sm-11a0">
         <name>pui32AES192Key</name>
         <value>0x20021318</value>
         <object_component_ref idref="oc-f9"/>
      </symbol>
      <symbol id="sm-11a1">
         <name>g_uiLED1Port</name>
         <value>0x200214c4</value>
         <object_component_ref idref="oc-fb"/>
      </symbol>
      <symbol id="sm-11a2">
         <name>SecurityParams</name>
         <value>0x2002135c</value>
         <object_component_ref idref="oc-f9"/>
      </symbol>
      <symbol id="sm-11a3">
         <name>g_usTimerInts</name>
         <value>0x20021356</value>
         <object_component_ref idref="oc-f9"/>
      </symbol>
      <symbol id="sm-11a4">
         <name>MQTTSerialize_publishLength</name>
         <value>0x2000f455</value>
         <object_component_ref idref="oc-10c"/>
      </symbol>
      <symbol id="sm-11a5">
         <name>Report</name>
         <value>0x2000ed81</value>
         <object_component_ref idref="oc-ef"/>
      </symbol>
      <symbol id="sm-11a6">
         <name>atoi</name>
         <value>0x2000f965</value>
         <object_component_ref idref="oc-3a0"/>
      </symbol>
      <symbol id="sm-11a7">
         <name>_nop</name>
         <value>0x20006cbf</value>
         <object_component_ref idref="oc-157"/>
      </symbol>
      <symbol id="sm-11a8">
         <name>g_uiPBCount</name>
         <value>0x20021350</value>
         <object_component_ref idref="oc-f9"/>
      </symbol>
      <symbol id="sm-11a9">
         <name>pcRecivemessage</name>
         <value>0x20021408</value>
         <object_component_ref idref="oc-f9"/>
      </symbol>
      <symbol id="sm-11aa">
         <name>ltoa</name>
         <value>0x2000f909</value>
         <object_component_ref idref="oc-393"/>
      </symbol>
      <symbol id="sm-11ab">
         <name>Network_IF_ConnectAP</name>
         <value>0x2000abe1</value>
         <object_component_ref idref="oc-115"/>
      </symbol>
      <symbol id="sm-11ac">
         <name>pui32AES256Key</name>
         <value>0x20021330</value>
         <object_component_ref idref="oc-f9"/>
      </symbol>
      <symbol id="sm-11ad">
         <name>pui32AES128Key</name>
         <value>0x20021308</value>
         <object_component_ref idref="oc-f9"/>
      </symbol>
      <symbol id="sm-11ae">
         <name>interupt_flag</name>
         <value>0x20021354</value>
         <object_component_ref idref="oc-f9"/>
      </symbol>
      <symbol id="sm-11af">
         <name>TimerPeriodicIntHandler</name>
         <value>0x20009913</value>
         <object_component_ref idref="oc-5c"/>
      </symbol>
      <symbol id="sm-11b0">
         <name>PushButtonHandler</name>
         <value>0x200098e5</value>
         <object_component_ref idref="oc-5c"/>
      </symbol>
      <symbol id="sm-11b1">
         <name>g_ucLED1Pin</name>
         <value>0x200214c0</value>
         <object_component_ref idref="oc-fb"/>
      </symbol>
      <symbol id="sm-11b2">
         <name>ConfigureSimpleLinkToDefaultState</name>
         <value>0x2000aa1d</value>
         <object_component_ref idref="oc-115"/>
      </symbol>
      <symbol id="sm-11b3">
         <name>IV</name>
         <value>0x20021378</value>
         <object_component_ref idref="oc-f9"/>
      </symbol>
      <symbol id="sm-11b4">
         <name>main</name>
         <value>0x20009f5d</value>
         <object_component_ref idref="oc-5c"/>
      </symbol>
      <symbol id="sm-11b5">
         <name>_lock</name>
         <value>0x200214fc</value>
         <object_component_ref idref="oc-68"/>
      </symbol>
      <symbol id="sm-11b6">
         <name>MQTTPacket_len</name>
         <value>0x2000ef39</value>
         <object_component_ref idref="oc-107"/>
      </symbol>
      <symbol id="sm-11b7">
         <name>writeChar</name>
         <value>0x2000ef7d</value>
         <object_component_ref idref="oc-107"/>
      </symbol>
      <symbol id="sm-11b8">
         <name>SimpleLinkNetAppEventHandler</name>
         <value>0x2000aef9</value>
         <object_component_ref idref="oc-115"/>
      </symbol>
      <symbol id="sm-11b9">
         <name>_unlock</name>
         <value>0x20021500</value>
         <object_component_ref idref="oc-68"/>
      </symbol>
      <symbol id="sm-11ba">
         <name>SimpleLinkSockEventHandler</name>
         <value>0x2000aeeb</value>
         <object_component_ref idref="oc-115"/>
      </symbol>
      <symbol id="sm-11bb">
         <name>InitializeAppVariables</name>
         <value>0x2000a9f5</value>
         <object_component_ref idref="oc-115"/>
      </symbol>
      <symbol id="sm-11bc">
         <name>pcEmailmessage</name>
         <value>0x20021388</value>
         <object_component_ref idref="oc-f9"/>
      </symbol>
      <symbol id="sm-11bd">
         <name>writeInt</name>
         <value>0x2000efc3</value>
         <object_component_ref idref="oc-107"/>
      </symbol>
      <symbol id="sm-11be">
         <name>SimpleLinkHttpServerCallback</name>
         <value>0x2000af39</value>
         <object_component_ref idref="oc-115"/>
      </symbol>
      <symbol id="sm-11bf">
         <name>Send_MQTT</name>
         <value>0x20009969</value>
         <object_component_ref idref="oc-5c"/>
      </symbol>
      <symbol id="sm-11c0">
         <name>g_ulStatus</name>
         <value>0x2002148c</value>
         <object_component_ref idref="oc-133"/>
      </symbol>
      <symbol id="sm-11c1">
         <name>g_ucConnectionBSSID</name>
         <value>0x20021498</value>
         <object_component_ref idref="oc-133"/>
      </symbol>
      <symbol id="sm-11c2">
         <name>main_func_sp</name>
         <value>0x20021514</value>
         <object_component_ref idref="oc-32"/>
      </symbol>
      <symbol id="sm-11c3">
         <name>malloc</name>
         <value>0x2000eb17</value>
         <object_component_ref idref="oc-16d"/>
      </symbol>
      <symbol id="sm-11c4">
         <name>MQTTstrlen</name>
         <value>0x2000ef5b</value>
         <object_component_ref idref="oc-107"/>
      </symbol>
      <symbol id="sm-11c5">
         <name>g_ucLED3Pin</name>
         <value>0x200214c2</value>
         <object_component_ref idref="oc-fb"/>
      </symbol>
      <symbol id="sm-11c6">
         <name>MQTTSerialize_publish</name>
         <value>0x2000f473</value>
         <object_component_ref idref="oc-10c"/>
      </symbol>
      <symbol id="sm-11c7">
         <name>pcDigits</name>
         <value>0x200100d0</value>
         <object_component_ref idref="oc-1b2"/>
      </symbol>
      <symbol id="sm-11c8">
         <name>g_uiLED2Port</name>
         <value>0x200214c8</value>
         <object_component_ref idref="oc-fb"/>
      </symbol>
      <symbol id="sm-11c9">
         <name>g_ulStaIp</name>
         <value>0x20021490</value>
         <object_component_ref idref="oc-133"/>
      </symbol>
      <symbol id="sm-11ca">
         <name>HOSTtime</name>
         <value>0x2000fac9</value>
         <object_component_ref idref="oc-12e"/>
      </symbol>
      <symbol id="sm-11cb">
         <name>g_ulGatewayIP</name>
         <value>0x20021494</value>
         <object_component_ref idref="oc-133"/>
      </symbol>
      <symbol id="sm-11cc">
         <name>g_ucConnectionSSID</name>
         <value>0x2002149e</value>
         <object_component_ref idref="oc-133"/>
      </symbol>
      <symbol id="sm-11cd">
         <name>minit</name>
         <value>0x2000eaf7</value>
         <object_component_ref idref="oc-16d"/>
      </symbol>
      <symbol id="sm-11ce">
         <name>SimpleLinkWlanEventHandler</name>
         <value>0x2000adfd</value>
         <object_component_ref idref="oc-115"/>
      </symbol>
      <symbol id="sm-11cf">
         <name>writeMQTTString</name>
         <value>0x2000eff1</value>
         <object_component_ref idref="oc-107"/>
      </symbol>
      <symbol id="sm-11d0">
         <name>Network_IF_ResetMCUStateMachine</name>
         <value>0x2000a9ed</value>
         <object_component_ref idref="oc-115"/>
      </symbol>
      <symbol id="sm-11d1">
         <name>g_ucLED2Pin</name>
         <value>0x200214c1</value>
         <object_component_ref idref="oc-fb"/>
      </symbol>
      <symbol id="sm-11e7">
         <name>__TI_decompress_none</name>
         <value>0x2000fbab</value>
         <object_component_ref idref="oc-12"/>
      </symbol>
      <symbol id="sm-1209">
         <name>__TI_decompress_rle24</name>
         <value>0x2000fbbf</value>
         <object_component_ref idref="oc-1c"/>
      </symbol>
      <symbol id="sm-1217">
         <name>__TI_zero_init</name>
         <value>0x2000fb99</value>
         <object_component_ref idref="oc-17"/>
      </symbol>
      <symbol id="sm-1218">
         <name>__TI_static_base__</name>
         <value>0x20010310</value>
      </symbol>
      <symbol id="sm-1219">
         <name>__TI_args_main</name>
         <value>0x1</value>
      </symbol>
      <symbol id="sm-121a">
         <name>SHT$$INIT_ARRAY$$Limit</name>
         <value>0x0</value>
      </symbol>
      <symbol id="sm-121b">
         <name>SHT$$INIT_ARRAY$$Base</name>
         <value>0x0</value>
      </symbol>
      <symbol id="sm-121c">
         <name>ti_sysbios_knl_Mailbox_delete</name>
         <value>0x0</value>
      </symbol>
      <symbol id="sm-121d">
         <name>ti_sysbios_knl_Mailbox_create</name>
         <value>0x0</value>
      </symbol>
      <symbol id="sm-121e">
         <name>ti_sysbios_knl_Semaphore_pend__E</name>
         <value>0x0</value>
      </symbol>
      <symbol id="sm-121f">
         <name>ti_sysbios_knl_Mailbox_post__E</name>
         <value>0x0</value>
      </symbol>
      <symbol id="sm-1220">
         <name>ti_sysbios_knl_Task_disable__E</name>
         <value>0x0</value>
      </symbol>
      <symbol id="sm-1221">
         <name>ti_sysbios_knl_Semaphore_Params__init__S</name>
         <value>0x0</value>
      </symbol>
      <symbol id="sm-1222">
         <name>ti_sysbios_family_arm_m3_Hwi_create</name>
         <value>0x0</value>
      </symbol>
      <symbol id="sm-1223">
         <name>ti_sysbios_family_arm_m3_Hwi_getHandle__E</name>
         <value>0x0</value>
      </symbol>
      <symbol id="sm-1224">
         <name>ti_sysbios_knl_Semaphore_post__E</name>
         <value>0x0</value>
      </symbol>
      <symbol id="sm-1225">
         <name>ti_sysbios_knl_Semaphore_create</name>
         <value>0x0</value>
      </symbol>
      <symbol id="sm-1226">
         <name>xdc_runtime_Error_init__E</name>
         <value>0x0</value>
      </symbol>
      <symbol id="sm-1227">
         <name>ti_sysbios_knl_Task_sleep__E</name>
         <value>0x0</value>
      </symbol>
      <symbol id="sm-1228">
         <name>ti_sysbios_knl_Task_create</name>
         <value>0x0</value>
      </symbol>
      <symbol id="sm-1229">
         <name>ti_sysbios_knl_Task_delete</name>
         <value>0x0</value>
      </symbol>
      <symbol id="sm-122a">
         <name>ti_sysbios_family_arm_m3_Hwi_delete</name>
         <value>0x0</value>
      </symbol>
      <symbol id="sm-122b">
         <name>ti_sysbios_knl_Task_restore__E</name>
         <value>0x0</value>
      </symbol>
      <symbol id="sm-122c">
         <name>ti_sysbios_BIOS_start__E</name>
         <value>0x0</value>
      </symbol>
      <symbol id="sm-122d">
         <name>ti_sysbios_family_arm_m3_Hwi_disableFxn__E</name>
         <value>0x0</value>
      </symbol>
      <symbol id="sm-122e">
         <name>ti_sysbios_knl_Task_Params__init__S</name>
         <value>0x0</value>
      </symbol>
      <symbol id="sm-122f">
         <name>ti_sysbios_family_arm_m3_Hwi_Params__init__S</name>
         <value>0x0</value>
      </symbol>
      <symbol id="sm-1230">
         <name>ti_sysbios_knl_Mailbox_pend__E</name>
         <value>0x0</value>
      </symbol>
      <symbol id="sm-1231">
         <name>ti_sysbios_knl_Clock_tickPeriod__C</name>
         <value>0x0</value>
      </symbol>
      <symbol id="sm-1232">
         <name>ti_sysbios_family_arm_m3_Hwi_restoreFxn__E</name>
         <value>0x0</value>
      </symbol>
      <symbol id="sm-1233">
         <name>ti_sysbios_knl_Semaphore_delete</name>
         <value>0x0</value>
      </symbol>
      <symbol id="sm-1234">
         <name>ti_sysbios_family_arm_m3_Hwi_setPriority__E</name>
         <value>0x0</value>
      </symbol>
   </symbol_table>
   <title>Link errors: red sections failed placement</title>
</link_info>
