******************************************************************************
                  TI ARM Linker PC v5.1.5                      
******************************************************************************
>> Linked Tue Aug 26 11:00:13 2014

OUTPUT FILE NAME:   <email.out>
ENTRY POINT SYMBOL: "_c_int00"  address: 20017479


MEMORY CONFIGURATION

         name            origin    length      used     unused   attr    fill
----------------------  --------  ---------  --------  --------  ----  --------
  SRAM_CODE             20004000   0001adb0  000176e4  000036cc  RW X
  SRAM_DATA             2001edb1   00019000  0000bf5a  0000d0a6  RW X


SEGMENT ALLOCATION MAP

run origin  load origin   length   init length attrs members
----------  ----------- ---------- ----------- ----- -------
20004000    20004000    000176f0   000176f0    r-x
  20004000    20004000    0000030c   0000030c    r-- .resetVecs
  2000430c    2000430c    00014956   00014956    r-x .text
  20018c68    20018c68    00002682   00002682    r-- .const
  2001b2f0    2001b2f0    00000400   00000400    r-- .cinit
2001edb8    2001edb8    00009f5c   00000000    rw-
  2001edb8    2001edb8    00009726   00000000    rw- .bss
  200284e0    200284e0    00000834   00000000    rw- .data
20035db0    20035db0    00002000   00000000    rw-
  20035db0    20035db0    00002000   00000000    rw- .stack


SECTION ALLOCATION MAP

 output                                  attributes/
section   page    origin      length       input sections
--------  ----  ----------  ----------   ----------------
.bootVecs 
*          0    00000000    00000008     DSECT
                  00000000    00000008     boot.aem4 : boot.oem4 (.bootVecs)

xdc.meta   0    00000000    000000ee     COPY SECTION
                  00000000    000000ee     app_pem4.oem4 (xdc.meta)

.init_array 
*          0    20004000    00000000     UNINITIALIZED

.vecs      0    20004000    00000000     DSECT

.resetVecs 
*          0    20004000    0000030c     
                  20004000    0000030c     app_pem4.oem4 (.resetVecs)

.text      0    2000430c    00014956     
                  2000430c    00001d7c     simplelink.a : driver.obj (.text)
                  20006088    00000ef4     main.obj (.text)
                  20006f7c    00000ec0     rtsv7M4_T_le_eabi.lib : _printfi.obj (.text)
                  20007e3c    00000d88     simplelink.a : socket.obj (.text)
                  20008bc4    00000b6c     network_if.obj (.text)
                  20009730    00000ab4     simplelink.a : netapp.obj (.text)
                  2000a1e4    00000a5c                  : wlan.obj (.text)
                  2000ac40    0000098c     driverlib.a : prcm.obj (.text)
                  2000b5cc    0000079c                 : spi.obj (.text)
                  2000bd68    0000067a                 : i2c.obj (.text)
                  2000c3e2    00000002     app_pem4.oem4 (.text:ti_sysbios_BIOS_nullFunc__I)
                  2000c3e4    00000668     simplelink.a : cc_pal.obj (.text)
                  2000ca4c    00000650     driverlib.a : aes.obj (.text)
                  2000d09c    00000538     ti_rtos.a : osi_tirtos.obj (.text)
                  2000d5d4    00000500     simplelink.a : device.obj (.text)
                  2000dad4    000004a4     driverlib.a : udma.obj (.text)
                  2000df78    00000490     rtsv7M4_T_le_eabi.lib : pow.obj (.text)
                  2000e408    0000048c     driverlib.a : uart.obj (.text)
                  2000e894    00000424     sysbios.aem4 : BIOS.obj (.text:ti_sysbios_family_arm_m3_Hwi_excDumpRegs__I)
                  2000ecb8    0000040c     tmp006drv.obj (.text)
                  2000f0c4    000003f8     MQTTPacket.obj (.text)
                  2000f4bc    000003ac     MQTTConnectClient.obj (.text)
                  2000f868    0000039c     driverlib.a : timer.obj (.text)
                  2000fc04    00000394                 : adc.obj (.text)
                  2000ff98    00000394     gpio_if.obj (.text)
                  2001032c    00000370     driverlib.a : interrupt.obj (.text)
                  2001069c    0000033c     ti.targets.arm.rtsarm.aem4 : System.oem4 (.text:xdc_runtime_System_doPrint__I)
                  200109d8    00000334     driverlib.a : gpio.obj (.text)
                  20010d0c    00000304     sysbios.aem4 : BIOS.obj (.text:ti_sysbios_knl_Semaphore_pend__E)
                  20011010    00000300     driverlib.a : flash.obj (.text)
                  20011310    000002e4     rtsv7M4_T_le_eabi.lib : xlog.obj (.text)
                  200115f4    000002d4                           : trgdrv.obj (.text)
                  200118c8    00000290     i2c_if.obj (.text)
                  20011b58    00000284     driverlib.a : pin.obj (.text)
                  20011ddc    0000025c     adc_func.obj (.text)
                  20012038    00000248     sysbios.aem4 : BIOS.obj (.text:ti_sysbios_heaps_HeapMem_free__E)
                  20012280    00000234                  : BIOS.obj (.text:ti_sysbios_heaps_HeapMem_alloc__E)
                  200124b4    00000228                  : BIOS.obj (.text:ti_sysbios_knl_Task_Instance_finalize__E)
                  200126dc    00000218     MQTTSerializePublish.obj (.text)
                  200128f4    00000214     MQTTSubscribeClient.obj (.text)
                  20012b08    00000208     sysbios.aem4 : BIOS.obj (.text:ti_sysbios_knl_Task_sleep__E)
                  20012d10    000001fc     rtsv7M4_T_le_eabi.lib : xexp.obj (.text)
                  20012f0c    000001f8     sysbios.aem4 : BIOS.obj (.text:ti_sysbios_family_arm_m3_Hwi_excHandlerMax__I)
                  20013104    000001f4     rtsv7M4_T_le_eabi.lib : ull_div_t2.obj (.text)
                  200132f8    000001d4     uart_if.obj (.text)
                  200134cc    000001bc     sysbios.aem4 : BIOS.obj (.text:ti_sysbios_knl_Task_Instance_init__E)
                  20013688    000001b6     rtsv7M4_T_le_eabi.lib : fd_add_t2.obj (.text)
                  2001383e    00000002     sysbios.aem4 : BIOS.obj (.text:ti_sysbios_gates_GateHwi_Instance_init__E)
                  20013840    000001b4     timer_if.obj (.text)
                  200139f4    0000018c     sysbios.aem4 : BIOS.obj (.text:ti_sysbios_knl_Task_Module_startup__E)
                  20013b80    00000168                  : BIOS.obj (.text:ti_sysbios_family_arm_m3_Hwi_excBusFault__I)
                  20013ce8    00000160                  : BIOS.obj (.text:ti_sysbios_knl_Mailbox_Instance_init__E)
                  20013e48    00000154                  : BIOS.obj (.text:ti_sysbios_family_arm_m3_Hwi_excUsageFault__I)
                  20013f9c    00000140                  : BIOS.obj (.text:ti_sysbios_family_arm_m3_Hwi_excMemFault__I)
                  200140dc    0000013c                  : BIOS.obj (.text:ti_sysbios_family_arm_m3_Hwi_dispatchC__I)
                  20014218    00000138     MQTTDeserializePublish.obj (.text)
                  20014350    00000138     sysbios.aem4 : BIOS.obj (.text:ti_sysbios_heaps_HeapMem_Instance_init__E)
                  20014488    00000138                  : BIOS.obj (.text:ti_sysbios_knl_Semaphore_post__E)
                  200145c0    00000136     rtsv7M4_T_le_eabi.lib : fd_div_t2.obj (.text)
                  200146f6    00000002     app_pem4.oem4 (.text:xdc_runtime_Startup_reset__I)
                  200146f8    00000130     ti.targets.arm.rtsarm.aem4 : LoggerBuf.oem4 (.text:xdc_runtime_LoggerBuf_write8__E)
                  20014828    0000012c     sysbios.aem4 : BIOS.obj (.text:ti_sysbios_knl_Clock_workFunc__E)
                  20014954    00000120                  : BIOS.obj (.text:ti_sysbios_knl_Swi_run__I)
                  20014a74    00000120     ti.targets.arm.rtsarm.aem4 : Error.oem4 (.text:xdc_runtime_Error_policyDefault__E)
                  20014b94    00000110     rtsv7M4_T_le_eabi.lib : xdscale.obj (.text)
                  20014ca4    00000104     ti.targets.arm.rtsarm.aem4 : Core-mem.oem4 (.text:xdc_runtime_Core_createObject__I)
                  20014da8    00000104     app_pem4.oem4 (.text:xdc_runtime_System_printfExtend__I)
                  20014eac    00000100     simplelink.a : netcfg.obj (.text)
                  20014fac    000000fc     rtsv7M4_T_le_eabi.lib : fd_mul_t2.obj (.text)
                  200150a8    000000fc     ti.targets.arm.rtsarm.aem4 : Startup.oem4 (.text:xdc_runtime_Startup_startMods__I)
                  200151a4    000000d4                                : LoggerBuf.oem4 (.text:xdc_runtime_LoggerBuf_write4__E)
                  20015278    000000d0     sysbios.aem4 : m3_Hwi_asm.obj (.text:ti_sysbios_family_arm_m3_Hwi_dispatch__I)
                  20015348    000000cc     ti.targets.arm.rtsarm.aem4 : Core-smem.oem4 (.text:xdc_runtime_Core_constructObject__I)
                  20015414    000000c8     sysbios.aem4 : BIOS.obj (.text:ti_sysbios_knl_Task_schedule__I)
                  200154dc    000000c4     rtsv7M4_T_le_eabi.lib : xdint.obj (.text)
                  200155a0    000000c4                           : xdnorm.obj (.text)
                  20015664    000000c4     sysbios.aem4 : BIOS.obj (.text:ti_sysbios_family_arm_m3_Hwi_Module_startup__E)
                  20015728    000000c0                  : BIOS.obj (.text:ti_sysbios_knl_Task_exit__E)
                  200157e8    000000bc                  : BIOS.obj (.text:ti_sysbios_knl_Task_startCore__E)
                  200158a4    000000b4     pinmux.obj (.text)
                  20015958    000000b4     sysbios.aem4 : BIOS.obj (.text:ti_sysbios_family_arm_m3_Hwi_excHardFault__I)
                  20015a0c    000000b4                  : BIOS.obj (.text:ti_sysbios_gates_GateMutex_enter__E)
                  20015ac0    000000b4                  : BIOS.obj (.text:ti_sysbios_knl_Task_checkStacks__E)
                  20015b74    000000b0                  : BIOS.obj (.text:ti_sysbios_family_arm_m3_Hwi_excDebugMon__I)
                  20015c24    000000a8                  : BIOS.obj (.text:ti_sysbios_knl_Swi_post__E)
                  20015ccc    000000a8                  : BIOS.obj (.text:ti_sysbios_knl_Task_blockI__E)
                  20015d74    000000a8                  : BIOS.obj (.text:ti_sysbios_knl_Task_postInit__I)
                  20015e1c    000000a0     auto_init.aem4 : auto_init.oem4 (.text)
                  20015ebc    0000009c     rtsv7M4_T_le_eabi.lib : memcpy_t2.obj (.text)
                  20015f58    0000009c     sysbios.aem4 : BIOS.obj (.text:ti_sysbios_family_arm_m3_Hwi_Instance_init__E)
                  20015ff4    0000009c                  : BIOS.obj (.text:ti_sysbios_knl_Semaphore_Instance_init__E)
                  20016090    0000009a     ti.targets.arm.rtsarm.aem4 : Text.oem4 (.text:xdc_runtime_Text_putSite__E)
                  2001612a    00000002     --HOLE-- [fill = 0]
                  2001612c    00000094     sysbios.aem4 : BIOS.obj (.text:ti_sysbios_knl_Mailbox_post__E)
                  200161c0    00000094                  : BIOS.obj (.text:ti_sysbios_knl_Task_unblockI__E)
                  20016254    00000094     ti.targets.arm.rtsarm.aem4 : Text.oem4 (.text:xdc_runtime_Text_putMod__E)
                  200162e8    00000088     rtsv7M4_T_le_eabi.lib : vsnprintf.obj (.text)
                  20016370    00000088     sysbios.aem4 : BIOS.obj (.text:ti_sysbios_knl_Mailbox_Module_startup__E)
                  200163f8    00000086     rtsv7M4_T_le_eabi.lib : fd_cmp_t2.obj (.text:__aeabi_cdcmple)
                  2001647e    00000086                           : fd_cmp_t2.obj (.text:__aeabi_cdrcmple)
                  20016504    00000084     sysbios.aem4 : BIOS.obj (.text:ti_sysbios_family_arm_m3_Hwi_initNVIC__E)
                  20016588    00000084                  : BIOS.obj (.text:ti_sysbios_knl_Mailbox_pend__E)
                  2001660c    00000080     ti.targets.arm.rtsarm.aem4 : LoggerBuf.oem4 (.text:xdc_runtime_LoggerBuf_setFilterLevel__E)
                  2001668c    0000007a     rtsv7M4_T_le_eabi.lib : fs_mul_t2.obj (.text)
                  20016706    00000078                           : memset_t2.obj (.text)
                  2001677e    00000002     --HOLE-- [fill = 0]
                  20016780    00000070     sysbios.aem4 : BIOS.obj (.text:ti_sysbios_family_arm_m3_Hwi_postInit__I)
                  200167f0    00000070                  : BIOS.obj (.text:ti_sysbios_knl_Mailbox_Instance_finalize__E)
                  20016860    00000070     ti.targets.arm.rtsarm.aem4 : Memory.oem4 (.text:xdc_runtime_Memory_alloc__E)
                  200168d0    0000006c                                : Error.oem4 (.text:xdc_runtime_Error_print__E)
                  2001693c    0000006c                                : LoggerBuf.oem4 (.text:xdc_runtime_LoggerBuf_getFilterLevel__E)
                  200169a8    00000068     simplelink.a : flowcont.obj (.text)
                  20016a10    00000066     ti.targets.arm.rtsarm.aem4 : Core-mem.oem4 (.text:xdc_runtime_Core_deleteObject__I)
                  20016a76    00000064     rtsv7M4_T_le_eabi.lib : xdunscal.obj (.text)
                  20016ada    00000002     --HOLE-- [fill = 0]
                  20016adc    00000064     app_pem4.oem4 (.text:ti_sysbios_family_arm_m3_Hwi_create)
                  20016b40    00000064     app_pem4.oem4 (.text:ti_sysbios_knl_Mailbox_create)
                  20016ba4    00000060     rtsv7M4_T_le_eabi.lib : trgmsg.obj (.text)
                  20016c04    00000060     sysbios.aem4 : BIOS.obj (.text:ti_sysbios_family_arm_m3_TimestampProvider_get64__E)
                  20016c64    00000060                  : BIOS.obj (.text:ti_sysbios_knl_Clock_logTick__E)
                  20016cc4    00000060     ti.targets.arm.rtsarm.aem4 : System.oem4 (.text:xdc_runtime_System_formatNum__I)
                  20016d24    0000005e     driverlib.a : cpu.obj (.text)
                  20016d82    0000005e     rtsv7M4_T_le_eabi.lib : copy_decompress_rle.obj (.text)
                  20016de0    0000005c     sysbios.aem4 : BIOS.obj (.text:ti_sysbios_family_arm_m3_Timer_setPeriod__E)
                  20016e3c    0000005c     app_pem4.oem4 (.text:ti_sysbios_knl_Task_create)
                  20016e98    0000005c     app_pem4.oem4 (.text:xdc_runtime_LoggerBuf_Object__create__S)
                  20016ef4    0000005b     ti.targets.arm.rtsarm.aem4 : Text.oem4 (.text:xdc_runtime_Text_putLab__E)
                  20016f4f    00000001     --HOLE-- [fill = 0]
                  20016f50    0000005a     rtsv7M4_T_le_eabi.lib : ltoa.obj (.text)
                  20016faa    00000002     --HOLE-- [fill = 0]
                  20016fac    00000058     sysbios.aem4 : BIOS.obj (.text:ti_sysbios_knl_Swi_restoreHwi__E)
                  20017004    00000058                  : BIOS.obj (.text:ti_sysbios_knl_Swi_schedule__I)
                  2001705c    00000054                  : BIOS.obj (.text:ti_sysbios_family_arm_m3_Timer_start__E)
                  200170b0    00000050     ti.targets.arm.rtsarm.aem4 : Startup.oem4 (.text:xdc_runtime_Startup_exec__E)
                  20017100    00000050                                : Text.oem4 (.text:xdc_runtime_Text_visitRope2__I)
                  20017150    0000004c     rtsv7M4_T_le_eabi.lib : atoi.obj (.text)
                  2001719c    0000004c     sysbios.aem4 : m3_TaskSupport_asm.obj (.text:ti_sysbios_family_arm_m3_TaskSupport_buildTaskStack)
                  200171e8    0000004c                  : BIOS.obj (.text:ti_sysbios_knl_Swi_runLoop__I)
                  20017234    0000004a     rtsv7M4_T_le_eabi.lib : fd_tos_t2.obj (.text)
                  2001727e    00000048                           : fd_toi_t2.obj (.text)
                  200172c6    00000002     --HOLE-- [fill = 0]
                  200172c8    00000048     sysbios.aem4 : BIOS.obj (.text:ti_sysbios_family_arm_m3_Hwi_excReserved__I)
                  20017310    00000048                  : m3_Hwi_asm_switch.obj (.text:ti_sysbios_family_arm_m3_Hwi_initStacks__E)
                  20017358    00000048                  : BIOS.obj (.text:ti_sysbios_family_arm_m3_Timer_initDevice__I)
                  200173a0    00000048                  : BIOS.obj (.text:ti_sysbios_heaps_HeapMem_getStats__E)
                  200173e8    00000048     ti.targets.arm.rtsarm.aem4 : Assert.oem4 (.text:xdc_runtime_Assert_raise__I)
                  20017430    00000046                                : Core-params.oem4 (.text:xdc_runtime_Core_assignParams__I)
                  20017476    00000002     --HOLE-- [fill = 0]
                  20017478    00000044     boot.aem4 : boot.oem4 (.text)
                  200174bc    00000044     rtsv7M4_T_le_eabi.lib : cpy_tbl.obj (.text)
                  20017500    00000044                           : exit.obj (.text)
                  20017544    00000044                           : fd_tou_t2.obj (.text)
                  20017588    00000044                           : xdtest.obj (.text)
                  200175cc    00000044     sysbios.aem4 : BIOS.obj (.text:ti_sysbios_family_arm_m3_Hwi_disableInterrupt__E)
                  20017610    00000044                  : BIOS.obj (.text:ti_sysbios_family_arm_m3_Hwi_enableInterrupt__E)
                  20017654    00000044                  : BIOS.obj (.text:ti_sysbios_knl_Task_allBlockedFunction__I)
                  20017698    00000044     ti.targets.arm.rtsarm.aem4 : Error.oem4 (.text:xdc_runtime_Error_setX__E)
                  200176dc    00000044                                : LoggerBuf.oem4 (.text:xdc_runtime_LoggerBuf_filterOutEvent__I)
                  20017720    00000044                                : SysMin.oem4 (.text:xdc_runtime_SysMin_flush__E)
                  20017764    00000042     rtsv7M4_T_le_eabi.lib : u_divt2.obj (.text)
                  200177a6    00000002     --HOLE-- [fill = 0]
                  200177a8    00000040                           : signal.obj (.text)
                  200177e8    00000040                           : strtok.obj (.text)
                  20017828    00000040     sysbios.aem4 : BIOS.obj (.text:ti_sysbios_family_arm_m3_Timer_Module_startup__E)
                  20017868    00000040                  : BIOS.obj (.text:ti_sysbios_knl_Mailbox_postInit__I)
                  200178a8    0000003e     app_pem4.oem4 (.text:realloc)
                  200178e6    00000002     --HOLE-- [fill = 0]
                  200178e8    0000003c     sysbios.aem4 : BIOS.obj (.text:ti_sysbios_family_arm_m3_Hwi_excSvCall__I)
                  20017924    0000003c                  : BIOS.obj (.text:ti_sysbios_heaps_HeapMem_init__I)
                  20017960    0000003c                  : BIOS.obj (.text:ti_sysbios_knl_Swi_startup__E)
                  2001799c    0000003c     ti.targets.arm.rtsarm.aem4 : Text.oem4 (.text:xdc_runtime_Text_xprintf__I)
                  200179d8    0000003a                                : LoggerBuf.oem4 (.text:xdc_runtime_LoggerBuf_Instance_init__E)
                  20017a12    00000038     rtsv7M4_T_le_eabi.lib : fs_tod_t2.obj (.text)
                  20017a4a    00000038                           : fs_toi_t2.obj (.text)
                  20017a82    00000002     --HOLE-- [fill = 0]
                  20017a84    00000038     sysbios.aem4 : BIOS.obj (.text:ti_sysbios_family_arm_m3_Hwi_excNoIsr__I)
                  20017abc    00000038                  : BIOS.obj (.text:ti_sysbios_family_arm_m3_Hwi_getStackInfo__E)
                  20017af4    00000038                  : BIOS.obj (.text:ti_sysbios_family_arm_m3_TaskSupport_start__E)
                  20017b2c    00000038                  : BIOS.obj (.text:ti_sysbios_knl_Task_processVitalTaskFlag__I)
                  20017b64    00000038     ti.targets.arm.rtsarm.aem4 : SysMin.oem4 (.text:xdc_runtime_SysMin_putch__E)
                  20017b9c    00000038                                : System.oem4 (.text:xdc_runtime_System_atexit__E)
                  20017bd4    00000034     rtsv7M4_T_le_eabi.lib : feraiseexcept.obj (.text)
                  20017c08    00000034     sysbios.aem4 : BIOS.obj (.text:ti_sysbios_family_arm_m3_Hwi_excNmi__I)
                  20017c3c    00000034                  : BIOS.obj (.text:ti_sysbios_family_arm_m3_Timer_periodicStub__I)
                  20017c70    00000034                  : BIOS.obj (.text:ti_sysbios_hal_Hwi_checkStack)
                  20017ca4    00000034     app_pem4.oem4 (.text:ti_sysbios_knl_Semaphore_create)
                  20017cd8    00000034     ti.targets.arm.rtsarm.aem4 : Core-label.oem4 (.text:xdc_runtime_Core_assignLabel__I)
                  20017d0c    00000033                                : Text.oem4 (.text:xdc_runtime_Text_printVisFxn__I)
                  20017d3f    00000001     --HOLE-- [fill = 0]
                  20017d40    00000032     sysbios.aem4 : BIOS.obj (.text:ti_sysbios_knl_Semaphore_pendTimeout__I)
                  20017d72    00000002     --HOLE-- [fill = 0]
                  20017d74    00000030     rtsv7M4_T_le_eabi.lib : xferaise.obj (.text)
                  20017da4    00000030     app_pem4.oem4 (.text:ti_sysbios_BIOS_atExitFunc__I)
                  20017dd4    00000030     app_pem4.oem4 (.text:ti_sysbios_gates_GateHwi_Object__create__S)
                  20017e04    00000030     app_pem4.oem4 (.text:ti_sysbios_gates_GateMutex_Object__create__S)
                  20017e34    00000030     app_pem4.oem4 (.text:ti_sysbios_heaps_HeapMem_Object__create__S)
                  20017e64    00000030     app_pem4.oem4 (.text:ti_sysbios_knl_Semaphore_construct)
                  20017e94    00000030     ti.targets.arm.rtsarm.aem4 : SysMin.oem4 (.text:xdc_runtime_SysMin_abort__E)
                  20017ec4    00000030                                : System.oem4 (.text:xdc_runtime_System_processAtExit__E)
                  20017ef4    0000002e     app_pem4.oem4 (.text:malloc)
                  20017f22    0000002e     rtsv7M4_T_le_eabi.lib : i_tofd_t2.obj (.text)
                  20017f50    0000002e                           : raise.obj (.text)
                  20017f7e    00000002     --HOLE-- [fill = 0]
                  20017f80    0000002c     sysbios.aem4 : BIOS.obj (.text:ti_sysbios_family_arm_m3_Hwi_Instance_finalize__E)
                  20017fac    0000002c                  : BIOS.obj (.text:ti_sysbios_hal_Hwi_initStack)
                  20017fd8    0000002c     app_pem4.oem4 (.text:ti_sysbios_knl_Clock_doTick__I)
                  20018004    0000002c     app_pem4.oem4 (.text:ti_sysbios_knl_Queue_construct)
                  20018030    0000002c     sysbios.aem4 : BIOS.obj (.text:ti_sysbios_knl_Task_restore__E)
                  2001805c    0000002c     ti.targets.arm.rtsarm.aem4 : Text.oem4 (.text:xdc_runtime_Text_cordText__E)
                  20018088    0000002a     rtsv7M4_T_le_eabi.lib : strspn.obj (.text)
                  200180b2    0000002a     ti.targets.arm.rtsarm.aem4 : System.oem4 (.text:xdc_runtime_System_putchar__I)
                  200180dc    00000028                                : LoggerBuf.oem4 (.text:xdc_runtime_LoggerBuf_Module_startup__E)
                  20018104    00000026     rtsv7M4_T_le_eabi.lib : strncmp.obj (.text)
                  2001812a    00000026     ti.targets.arm.rtsarm.aem4 : System.oem4 (.text:xdc_runtime_System_avprintf__E)
                  20018150    00000024     app_pem4.oem4 (.text:ti_sysbios_BIOS_errorRaiseHook__I)
                  20018174    00000024     app_pem4.oem4 (.text:ti_sysbios_BIOS_registerRTSLock__I)
                  20018198    00000024     app_pem4.oem4 (.text:ti_sysbios_BIOS_removeRTSLock__I)
                  200181bc    00000024     app_pem4.oem4 (.text:ti_sysbios_BIOS_startFunc__I)
                  200181e0    00000024     sysbios.aem4 : BIOS.obj (.text:ti_sysbios_family_arm_m3_Hwi_doTaskRestore__I)
                  20018204    00000024                  : BIOS.obj (.text:ti_sysbios_family_arm_m3_Timer_startup__E)
                  20018228    00000024     app_pem4.oem4 (.text:ti_sysbios_gates_GateMutex_Object__delete__S)
                  2001824c    00000024     sysbios.aem4 : BIOS.obj (.text:ti_sysbios_knl_Clock_Module_startup__E)
                  20018270    00000024     app_pem4.oem4 (.text:ti_sysbios_knl_Semaphore_Object__delete__S)
                  20018294    00000024     sysbios.aem4 : BIOS.obj (.text:ti_sysbios_knl_Swi_Module_startup__E)
                  200182b8    00000024     ti.targets.arm.rtsarm.aem4 : System.oem4 (.text:xdc_runtime_System_vprintf__E)
                  200182dc    00000022     rtsv7M4_T_le_eabi.lib : strcspn.obj (.text)
                  200182fe    00000022     app_pem4.oem4 (.text:xdc_runtime_SysMin_output__I)
                  20018320    00000020     rtsv7M4_T_le_eabi.lib : u_tofd_t2.obj (.text)
                  20018340    00000020     app_pem4.oem4 (.text:ti_sysbios_family_arm_m3_Hwi_Object__delete__S)
                  20018360    00000020     sysbios.aem4 : m3_Hwi_asm.obj (.text:ti_sysbios_family_arm_m3_Hwi_excHandlerAsm__I)
                  20018380    00000020                  : BIOS.obj (.text:ti_sysbios_family_arm_m3_Hwi_excHandler__I)
                  200183a0    00000020                  : BIOS.obj (.text:ti_sysbios_family_arm_m3_TimestampProvider_Module_startup__E)
                  200183c0    00000020     app_pem4.oem4 (.text:ti_sysbios_gates_GateHwi_Object__delete__S)
                  200183e0    00000020     app_pem4.oem4 (.text:ti_sysbios_heaps_HeapMem_Object__delete__S)
                  20018400    00000020     sysbios.aem4 : BIOS.obj (.text:ti_sysbios_knl_Idle_run__E)
                  20018420    00000020     app_pem4.oem4 (.text:ti_sysbios_knl_Mailbox_Object__delete__S)
                  20018440    00000020     app_pem4.oem4 (.text:ti_sysbios_knl_Semaphore_Object__destruct__S)
                  20018460    00000020     app_pem4.oem4 (.text:ti_sysbios_knl_Task_Object__delete__S)
                  20018480    00000020     sysbios.aem4 : BIOS.obj (.text:ti_sysbios_knl_Task_enter__I)
                  200184a0    00000020     app_pem4.oem4 (.text:xdc_runtime_LoggerBuf_Object__delete__S)
                  200184c0    00000020     ti.targets.arm.rtsarm.aem4 : LoggerBuf.oem4 (.text:xdc_runtime_LoggerBuf_reset__E)
                  200184e0    00000020                                : Registry.oem4 (.text:xdc_runtime_Registry_findById__E)
                  20018500    00000020                                : SysMin.oem4 (.text:xdc_runtime_SysMin_Module_startup__E)
                  20018520    0000001e     rtsv7M4_T_le_eabi.lib : ll_lsr_t2.obj (.text)
                  2001853e    0000001e     sysbios.aem4 : m3_Hwi_asm_switch.obj (.text:ti_sysbios_family_xxx_Hwi_switchAndRunFunc)
                  2001855c    0000001c     rtsv7M4_T_le_eabi.lib : memccpy.obj (.text)
                  20018578    0000001c     app_pem4.oem4 (.text:ti_sysbios_BIOS_rtsLock__I)
                  20018594    0000001c     sysbios.aem4 : BIOS.obj (.text:ti_sysbios_family_arm_m3_Hwi_setPriority__E)
                  200185b0    0000001c                  : BIOS.obj (.text:ti_sysbios_gates_GateMutex_Instance_init__E)
                  200185cc    0000001c     app_pem4.oem4 (.text:ti_sysbios_knl_Queue_Object__destruct__S)
                  200185e8    0000001c     ti.targets.arm.rtsarm.aem4 : Error.oem4 (.text:xdc_runtime_Error_raiseX__E)
                  20018604    0000001c                                : Memory.oem4 (.text:xdc_runtime_Memory_valloc__E)
                  20018620    0000001c                                : SysMin.oem4 (.text:xdc_runtime_SysMin_exit__E)
                  2001863c    0000001c                                : System.oem4 (.text:xdc_runtime_System_abort__E)
                  20018658    0000001a     app_pem4.oem4 (.text:ti_sysbios_family_arm_m3_Hwi_Handle__label__S)
                  20018672    0000001a     sysbios.aem4 : m3_Hwi_asm.obj (.text:ti_sysbios_family_arm_m3_Hwi_pendSV__I)
                  2001868c    0000001a     app_pem4.oem4 (.text:ti_sysbios_gates_GateHwi_Handle__label__S)
                  200186a6    0000001a     app_pem4.oem4 (.text:ti_sysbios_gates_GateMutex_Handle__label__S)
                  200186c0    0000001a     app_pem4.oem4 (.text:ti_sysbios_heaps_HeapMem_Handle__label__S)
                  200186da    0000001a     app_pem4.oem4 (.text:ti_sysbios_knl_Swi_Handle__label__S)
                  200186f4    0000001a     app_pem4.oem4 (.text:ti_sysbios_knl_Task_Handle__label__S)
                  2001870e    0000001a     sysbios.aem4 : BIOS.obj (.text:ti_sysbios_knl_Task_sleepTimeout__I)
                  20018728    0000001a     app_pem4.oem4 (.text:xdc_runtime_LoggerBuf_Handle__label__S)
                  20018742    0000001a     app_pem4.oem4 (.text:xdc_runtime_System_aprintf__E)
                  2001875c    0000001a     app_pem4.oem4 (.text:xdc_runtime_System_printf__E)
                  20018776    00000018     app_pem4.oem4 (.text:free)
                  2001878e    00000002     --HOLE-- [fill = 0]
                  20018790    00000018     rtsv7M4_T_le_eabi.lib : args_main.obj (.text)
                  200187a8    00000018                           : ll_mul_t2.obj (.text)
                  200187c0    00000018     app_pem4.oem4 (.text:ti_sysbios_BIOS_rtsUnlock__I)
                  200187d8    00000018     app_pem4.oem4 (.text:ti_sysbios_family_arm_m3_Hwi_Module__startupDone__F)
                  200187f0    00000018     app_pem4.oem4 (.text:ti_sysbios_family_arm_m3_Timer_Module__startupDone__F)
                  20018808    00000018     sysbios.aem4 : BIOS.obj (.text:ti_sysbios_gates_GateMutex_leave__E)
                  20018820    00000018     ti.targets.arm.rtsarm.aem4 : Error.oem4 (.text:xdc_runtime_Error_check__E)
                  20018838    00000018                                : System.oem4 (.text:xdc_runtime_System_exit__E)
                  20018850    00000018                                : Text.oem4 (.text:xdc_runtime_Text_ropeText__E)
                  20018868    00000016     app_pem4.oem4 (.text:ti_sysbios_BIOS_exitFunc__I)
                  2001887e    00000002     --HOLE-- [fill = 0]
                  20018880    00000014     rtsv7M4_T_le_eabi.lib : _lock.obj (.text)
                  20018894    00000014                           : strlen.obj (.text)
                  200188a8    00000014     app_pem4.oem4 (.text:ti_sysbios_family_arm_m3_Hwi_Object__get__S)
                  200188bc    00000014     sysbios.aem4 : BIOS.obj (.text:ti_sysbios_family_arm_m3_Hwi_switchFromBootStack__E)
                  200188d0    00000014     app_pem4.oem4 (.text:ti_sysbios_heaps_HeapMem_Object__get__S)
                  200188e4    00000014     app_pem4.oem4 (.text:ti_sysbios_knl_Swi_Object__get__S)
                  200188f8    00000014     app_pem4.oem4 (.text:xdc_runtime_LoggerBuf_Object__get__S)
                  2001890c    00000012     rtsv7M4_T_le_eabi.lib : copy_zero_init.obj (.text:decompress:ZI)
                  2001891e    00000012     sysbios.aem4 : BIOS.obj (.text:ti_sysbios_hal_Hwi_Module_startup__E)
                  20018930    00000012                  : BIOS.obj (.text:ti_sysbios_hal_Timer_Module_startup__E)
                  20018942    00000012     ti.targets.arm.rtsarm.aem4 : LoggerBuf.oem4 (.text:xdc_runtime_LoggerBuf_Instance_finalize__E)
                  20018954    00000012                                : LoggerBuf.oem4 (.text:xdc_runtime_LoggerBuf_write1__E)
                  20018966    00000012                                : LoggerBuf.oem4 (.text:xdc_runtime_LoggerBuf_write2__E)
                  20018978    00000012     app_pem4.oem4 (.text:xdc_runtime_Startup_exec__I)
                  2001898a    00000010     rtsv7M4_T_le_eabi.lib : strcpy.obj (.text)
                  2001899a    00000002     --HOLE-- [fill = 0]
                  2001899c    00000010     sysbios.aem4 : BIOS.obj (.text:ti_sysbios_BIOS_setThreadType__E)
                  200189ac    00000010                  : BIOS.obj (.text:ti_sysbios_BIOS_start__E)
                  200189bc    00000010                  : BIOS.obj (.text:ti_sysbios_family_arm_m3_Hwi_getHandle__E)
                  200189cc    00000010                  : m3_TaskSupport_asm.obj (.text:ti_sysbios_family_arm_m3_TaskSupport_glue)
                  200189dc    00000010                  : m3_TaskSupport_asm.obj (.text:ti_sysbios_family_arm_m3_TaskSupport_swap__E)
                  200189ec    00000010                  : BIOS.obj (.text:ti_sysbios_gates_GateMutex_Instance_finalize__E)
                  200189fc    00000010     app_pem4.oem4 (.text:ti_sysbios_knl_Mailbox_Object__get__S)
                  20018a0c    00000010     sysbios.aem4 : BIOS.obj (.text:ti_sysbios_knl_Semaphore_Instance_finalize__E)
                  20018a1c    00000010                  : BIOS.obj (.text:ti_sysbios_knl_Swi_disable__E)
                  20018a2c    00000010     app_pem4.oem4 (.text:ti_sysbios_knl_Task_Object__get__S)
                  20018a3c    00000010     sysbios.aem4 : BIOS.obj (.text:ti_sysbios_knl_Task_disable__E)
                  20018a4c    00000010     ti.targets.arm.rtsarm.aem4 : Gate.oem4 (.text:xdc_runtime_Gate_leaveSystem__E)
                  20018a5c    00000010                                : LoggerBuf.oem4 (.text:xdc_runtime_LoggerBuf_write0__E)
                  20018a6c    00000010                                : Memory.oem4 (.text:xdc_runtime_Memory_free__E)
                  20018a7c    00000010                                : SysMin.oem4 (.text:xdc_runtime_SysMin_ready__E)
                  20018a8c    00000010                                : System.oem4 (.text:xdc_runtime_System_vsnprintf__E)
                  20018a9c    00000010     app_pem4.oem4 (.text:xdc_runtime_Text_visitRope__I)
                  20018aac    0000000e     rtsv7M4_T_le_eabi.lib : copy_decompress_none.obj (.text:decompress:none)
                  20018aba    0000000e                           : time.obj (.text)
                  20018ac8    0000000e                           : xdclass.obj (.text)
                  20018ad6    0000000e     sysbios.aem4 : BIOS.obj (.text:ti_sysbios_knl_Queue_empty__E)
                  20018ae4    0000000c     app_pem4.oem4 (.text:ti_sysbios_family_arm_m3_Hwi_Params__init__S)
                  20018af0    0000000c     sysbios.aem4 : BIOS.obj (.text:ti_sysbios_family_arm_m3_Hwi_disableFxn__E)
                  20018afc    0000000c                  : BIOS.obj (.text:ti_sysbios_family_arm_m3_TaskSupport_checkStack__E)
                  20018b08    0000000c                  : BIOS.obj (.text:ti_sysbios_family_arm_m3_TaskSupport_getStackAlignment__E)
                  20018b14    0000000c                  : BIOS.obj (.text:ti_sysbios_gates_GateHwi_enter__E)
                  20018b20    0000000c     app_pem4.oem4 (.text:ti_sysbios_knl_Queue_Object__get__S)
                  20018b2c    0000000c     app_pem4.oem4 (.text:ti_sysbios_knl_Semaphore_Params__init__S)
                  20018b38    0000000c     app_pem4.oem4 (.text:ti_sysbios_knl_Task_Params__init__S)
                  20018b44    0000000c     ti.targets.arm.rtsarm.aem4 : Error.oem4 (.text:xdc_runtime_Error_init__E)
                  20018b50    0000000c                                : Gate.oem4 (.text:xdc_runtime_Gate_enterSystem__E)
                  20018b5c    0000000c                                : Memory.oem4 (.text:xdc_runtime_Memory_calloc__E)
                  20018b68    0000000c                                : Memory.oem4 (.text:xdc_runtime_Memory_getMaxDefaultTypeAlign__E)
                  20018b74    0000000a     app_pem4.oem4 (.text:xdc_runtime_IHeap_alloc)
                  20018b7e    0000000a     app_pem4.oem4 (.text:xdc_runtime_IHeap_free)
                  20018b88    0000000a     ti.targets.arm.rtsarm.aem4 : LoggerBuf.oem4 (.text:xdc_runtime_LoggerBuf_disable__E)
                  20018b92    0000000a                                : LoggerBuf.oem4 (.text:xdc_runtime_LoggerBuf_enable__E)
                  20018b9c    00000008     sysbios.aem4 : BIOS.obj (.text:ti_sysbios_family_arm_m3_Hwi_doSwiRestore__I)
                  20018ba4    00000008                  : BIOS.obj (.text:ti_sysbios_family_arm_m3_Hwi_startup__E)
                  20018bac    00000008                  : BIOS.obj (.text:ti_sysbios_knl_Idle_loop__E)
                  20018bb4    00000006     driverlib.a : utils.obj (.text:UtilsDelay)
                  20018bba    00000006     ti.targets.arm.rtsarm.aem4 : xdc_noinit.oem4 (.text:__xdc__init)
                  20018bc0    00000006     rtsv7M4_T_le_eabi.lib : copy_decompress_rle.obj (.text:decompress:rle24)
                  20018bc6    00000006                           : log.obj (.text)
                  20018bcc    00000006     sysbios.aem4 : BIOS.obj (.text:ti_sysbios_family_arm_m3_Hwi_restoreFxn__E)
                  20018bd2    00000006                  : BIOS.obj (.text:ti_sysbios_gates_GateHwi_leave__E)
                  20018bd8    00000006                  : BIOS.obj (.text:ti_sysbios_heaps_HeapMem_isBlocking__E)
                  20018bde    00000006                  : BIOS.obj (.text:ti_sysbios_knl_Queue_Instance_init__E)
                  20018be4    00000006     ti.targets.arm.rtsarm.aem4 : System.oem4 (.text:xdc_runtime_System_Module_startup__E)
                  20018bea    00000004                                : LoggerBuf.oem4 (.text:LoggerBuf_instanceStartup)
                  20018bee    00000004     app_pem4.oem4 (.text:ti_sysbios_BIOS_RtsGateProxy_enter__E)
                  20018bf2    00000004     app_pem4.oem4 (.text:ti_sysbios_BIOS_RtsGateProxy_leave__E)
                  20018bf6    00000004     app_pem4.oem4 (.text:ti_sysbios_family_arm_m3_Hwi_delete)
                  20018bfa    00000004     app_pem4.oem4 (.text:ti_sysbios_family_arm_m3_TaskSupport_Module__startupDone__S)
                  20018bfe    00000004     sysbios.aem4 : BIOS.obj (.text:ti_sysbios_family_arm_m3_Timer_getMaxTicks__E)
                  20018c02    00000004                  : BIOS.obj (.text:ti_sysbios_gates_GateHwi_query__E)
                  20018c06    00000004                  : BIOS.obj (.text:ti_sysbios_gates_GateMutex_query__E)
                  20018c0a    00000004     app_pem4.oem4 (.text:ti_sysbios_hal_Hwi_HwiProxy_Module__startupDone__S)
                  20018c0e    00000004     app_pem4.oem4 (.text:ti_sysbios_hal_Timer_TimerProxy_Module__startupDone__S)
                  20018c12    00000004     app_pem4.oem4 (.text:ti_sysbios_heaps_HeapMem_Module_GateProxy_enter__E)
                  20018c16    00000004     app_pem4.oem4 (.text:ti_sysbios_heaps_HeapMem_Module_GateProxy_leave__E)
                  20018c1a    00000004     app_pem4.oem4 (.text:ti_sysbios_knl_Clock_TimerProxy_Module__startupDone__S)
                  20018c1e    00000004     app_pem4.oem4 (.text:ti_sysbios_knl_Clock_TimerProxy_getMaxTicks__E)
                  20018c22    00000004     app_pem4.oem4 (.text:ti_sysbios_knl_Mailbox_delete)
                  20018c26    00000004     app_pem4.oem4 (.text:ti_sysbios_knl_Queue_destruct)
                  20018c2a    00000004     app_pem4.oem4 (.text:ti_sysbios_knl_Semaphore_delete)
                  20018c2e    00000004     app_pem4.oem4 (.text:ti_sysbios_knl_Semaphore_destruct)
                  20018c32    00000004     app_pem4.oem4 (.text:ti_sysbios_knl_Task_SupportProxy_Module__startupDone__S)
                  20018c36    00000004     app_pem4.oem4 (.text:ti_sysbios_knl_Task_delete)
                  20018c3a    00000004     sysbios.aem4 : BIOS.obj (.text:ti_sysbios_knl_Task_startup__E)
                  20018c3e    00000004     ti.targets.arm.rtsarm.aem4 : Error.oem4 (.text:xdc_runtime_Error_getSite__E)
                  20018c42    00000004     app_pem4.oem4 (.text:xdc_runtime_LoggerBuf_Module_GateProxy_enter__E)
                  20018c46    00000004     app_pem4.oem4 (.text:xdc_runtime_LoggerBuf_Module_GateProxy_leave__E)
                  20018c4a    00000004     app_pem4.oem4 (.text:xdc_runtime_Memory_HeapProxy_alloc__E)
                  20018c4e    00000004     app_pem4.oem4 (.text:xdc_runtime_Memory_HeapProxy_free__E)
                  20018c52    00000004     app_pem4.oem4 (.text:xdc_runtime_System_Module_GateProxy_enter__E)
                  20018c56    00000004     app_pem4.oem4 (.text:xdc_runtime_System_Module_GateProxy_leave__E)
                  20018c5a    00000004     ti.targets.arm.rtsarm.aem4 : System.oem4 (.text:xdc_runtime_System_aprintf_va__F)
                  20018c5e    00000004                                : System.oem4 (.text:xdc_runtime_System_printf_va__F)

.const     0    20018c68    00002682     
                  20018c68    0000178e     app_pem4.oem4 (.const:xdc_runtime_Text_charTab__A)
                  2001a3f6    00000102     rtsv7M4_T_le_eabi.lib : ctype.obj (.const:.string:_ctypes_)
                  2001a4f8    00000100     driverlib.a : pin.obj (.const:g_ulPinToPadMap)
                  2001a5f8    000000d4                 : interrupt.obj (.const:g_pulRegs)
                  2001a6cc    000000b8     app_pem4.oem4 (.const:xdc_runtime_Text_nodeTab__A)
                  2001a784    000000b0     simplelink.a : wlan.obj (.const:$P$T0$1)
                  2001a834    000000a0     driverlib.a : prcm.obj (.const:PRCM_PeriphRegsList)
                  2001a8d4    00000080                 : interrupt.obj (.const)
                  2001a954    00000048     app_pem4.oem4 (.const:.string)
                  2001a99c    00000004     MQTTPacket.obj (.const)
                  2001a9a0    00000048     rtsv7M4_T_le_eabi.lib : xexp.obj (.const)
                  2001a9e8    00000040     driverlib.a : flash.obj (.const:g_pulFMPPERegs)
                  2001aa28    00000040                 : flash.obj (.const:g_pulFMPRERegs)
                  2001aa68    0000003c     simplelink.a : wlan.obj (.const)
                  2001aaa4    0000003c     app_pem4.oem4 (.const:ti_sysbios_knl_Task_Object__PARAMS__C)
                  2001aae0    0000003c     app_pem4.oem4 (.const:xdc_runtime_LoggerBuf_Module__FXNS__C)
                  2001ab1c    00000038     simplelink.a : driver.obj (.const:_SlActionLookupTable)
                  2001ab54    00000004     app_pem4.oem4 (.const:ti_sysbios_family_arm_m3_Hwi_E_NMI__C)
                  2001ab58    00000038     rtsv7M4_T_le_eabi.lib : xlog.obj (.const:p)
                  2001ab90    00000034     simplelink.a : socket.obj (.const)
                  2001abc4    00000034     app_pem4.oem4 (.const:ti_sysbios_knl_Mailbox_Object__PARAMS__C)
                  2001abf8    00000030     rtsv7M4_T_le_eabi.lib : xdint.obj (.const)
                  2001ac28    00000030     app_pem4.oem4 (.const:ti_sysbios_family_arm_m3_Hwi_Object__PARAMS__C)
                  2001ac58    00000030     app_pem4.oem4 (.const:xdc_runtime_Startup_sfxnTab__A)
                  2001ac88    0000002c     network_if.obj (.const:$P$T0$1)
                  2001acb4    00000028     simplelink.a : netapp.obj (.const)
                  2001acdc    00000028     app_pem4.oem4 (.const:ti_sysbios_heaps_HeapMem_Module__FXNS__C)
                  2001ad04    00000024     driverlib.a : spi.obj (.const:g_ppulSPIIntMap)
                  2001ad28    00000024     app_pem4.oem4 (.const:ti_sysbios_gates_GateHwi_Module__FXNS__C)
                  2001ad4c    00000024     app_pem4.oem4 (.const:ti_sysbios_gates_GateMutex_Module__FXNS__C)
                  2001ad70    00000024     app_pem4.oem4 (.const:ti_sysbios_heaps_HeapMem_Object__PARAMS__C)
                  2001ad94    00000024     app_pem4.oem4 (.const:ti_sysbios_knl_Semaphore_Object__PARAMS__C)
                  2001adb8    00000024     app_pem4.oem4 (.const:xdc_runtime_LoggerBuf_Object__PARAMS__C)
                  2001addc    00000020     app_pem4.oem4 (.const:ti_sysbios_family_arm_m3_Hwi_Object__DESC__C)
                  2001adfc    00000020     app_pem4.oem4 (.const:ti_sysbios_gates_GateHwi_Object__DESC__C)
                  2001ae1c    00000020     app_pem4.oem4 (.const:ti_sysbios_gates_GateMutex_Object__DESC__C)
                  2001ae3c    00000020     app_pem4.oem4 (.const:ti_sysbios_heaps_HeapMem_Object__DESC__C)
                  2001ae5c    00000020     app_pem4.oem4 (.const:ti_sysbios_knl_Mailbox_Object__DESC__C)
                  2001ae7c    00000020     app_pem4.oem4 (.const:ti_sysbios_knl_Queue_Object__DESC__C)
                  2001ae9c    00000020     app_pem4.oem4 (.const:ti_sysbios_knl_Semaphore_Object__DESC__C)
                  2001aebc    00000020     app_pem4.oem4 (.const:ti_sysbios_knl_Task_Object__DESC__C)
                  2001aedc    00000020     app_pem4.oem4 (.const:xdc_runtime_LoggerBuf_Object__DESC__C)
                  2001aefc    00000018     driverlib.a : spi.obj (.const)
                  2001af14    00000018     app_pem4.oem4 (.const:ti_sysbios_gates_GateHwi_Object__PARAMS__C)
                  2001af2c    00000018     app_pem4.oem4 (.const:ti_sysbios_gates_GateMutex_Object__PARAMS__C)
                  2001af44    00000018     app_pem4.oem4 (.const:ti_sysbios_knl_Queue_Object__PARAMS__C)
                  2001af5c    00000018     app_pem4.oem4 (.const:xdc_runtime_Startup_sfxnRts__A)
                  2001af74    00000014     MQTTConnectClient.obj (.const)
                  2001af88    00000014     simplelink.a : device.obj (.const)
                  2001af9c    00000014                  : driver.obj (.const)
                  2001afb0    00000011     ti.targets.arm.rtsarm.aem4 : System.oem4 (.const:.string)
                  2001afc1    00000001     app_pem4.oem4 (.const:xdc_runtime_Error_policy__C)
                  2001afc2    00000002     app_pem4.oem4 (.const:ti_sysbios_family_arm_m3_Hwi_Module__id__C)
                  2001afc4    00000010     driverlib.a : uart.obj (.const)
                  2001afd4    00000010     network_if.obj (.const)
                  2001afe4    0000000c     driverlib.a : i2c.obj (.const)
                  2001aff0    0000000c     app_pem4.oem4 (.const:xdc_runtime_Startup_firstFxns__A)
                  2001affc    0000000b     network_if.obj (.const:.string)
                  2001b007    00000001     --HOLE-- [fill = 0]
                  2001b008    00000008     MQTTDeserializePublish.obj (.const)
                  2001b010    00000008     MQTTSerializePublish.obj (.const)
                  2001b018    00000008     MQTTSubscribeClient.obj (.const)
                  2001b020    00000008     simplelink.a : netcfg.obj (.const)
                  2001b028    00000008     app_pem4.oem4 (.const:ti_sysbios_family_arm_m3_Hwi_excHookFuncs__A)
                  2001b030    00000008     app_pem4.oem4 (.const:ti_sysbios_knl_Idle_funcList__C)
                  2001b038    00000008     app_pem4.oem4 (.const:xdc_runtime_Startup_firstFxns__C)
                  2001b040    00000008     app_pem4.oem4 (.const:xdc_runtime_Startup_lastFxns__C)
                  2001b048    00000004     app_pem4.oem4 (.const:ti_sysbios_family_arm_m3_Hwi_E_alreadyDefined__C)
                  2001b04c    00000004     app_pem4.oem4 (.const:ti_sysbios_family_arm_m3_Hwi_E_busFault__C)
                  2001b050    00000004     app_pem4.oem4 (.const:ti_sysbios_family_arm_m3_Hwi_E_debugMon__C)
                  2001b054    00000004     app_pem4.oem4 (.const:ti_sysbios_family_arm_m3_Hwi_E_hardFault__C)
                  2001b058    00000004     app_pem4.oem4 (.const:ti_sysbios_family_arm_m3_Hwi_E_memFault__C)
                  2001b05c    00000004     app_pem4.oem4 (.const:ti_sysbios_family_arm_m3_Hwi_E_noIsr__C)
                  2001b060    00000004     app_pem4.oem4 (.const:ti_sysbios_family_arm_m3_Hwi_E_reserved__C)
                  2001b064    00000004     app_pem4.oem4 (.const:ti_sysbios_family_arm_m3_Hwi_E_svCall__C)
                  2001b068    00000004     app_pem4.oem4 (.const:ti_sysbios_family_arm_m3_Hwi_E_usageFault__C)
                  2001b06c    00000004     app_pem4.oem4 (.const:ti_sysbios_family_arm_m3_Hwi_LD_end__C)
                  2001b070    00000004     app_pem4.oem4 (.const:ti_sysbios_family_arm_m3_Hwi_LM_begin__C)
                  2001b074    00000004     app_pem4.oem4 (.const:ti_sysbios_family_arm_m3_Hwi_Module__diagsEnabled__C)
                  2001b078    00000004     app_pem4.oem4 (.const:ti_sysbios_family_arm_m3_Hwi_Module__diagsIncluded__C)
                  2001b07c    00000004     app_pem4.oem4 (.const:ti_sysbios_family_arm_m3_Hwi_Module__diagsMask__C)
                  2001b080    00000004     app_pem4.oem4 (.const:ti_sysbios_family_arm_m3_Hwi_Module__loggerFxn1__C)
                  2001b084    00000004     app_pem4.oem4 (.const:ti_sysbios_family_arm_m3_Hwi_Module__loggerFxn8__C)
                  2001b088    00000004     app_pem4.oem4 (.const:ti_sysbios_family_arm_m3_Hwi_Module__loggerObj__C)
                  2001b08c    00000004     app_pem4.oem4 (.const:ti_sysbios_family_arm_m3_Hwi_NUM_INTERRUPTS__C)
                  2001b090    00000004     app_pem4.oem4 (.const:ti_sysbios_family_arm_m3_Hwi_Object__count__C)
                  2001b094    00000004     app_pem4.oem4 (.const:ti_sysbios_family_arm_m3_Hwi_ccr__C)
                  2001b098    00000004     app_pem4.oem4 (.const:ti_sysbios_family_arm_m3_Hwi_excHandlerFunc__C)
                  2001b09c    00000004     app_pem4.oem4 (.const:ti_sysbios_family_arm_m3_Hwi_excHookFuncs__C)
                  2001b0a0    00000004     app_pem4.oem4 (.const:ti_sysbios_family_arm_m3_Hwi_nullIsrFunc__C)
                  2001b0a4    00000004     app_pem4.oem4 (.const:ti_sysbios_family_arm_m3_Hwi_priGroup__C)
                  2001b0a8    00000004     app_pem4.oem4 (.const:ti_sysbios_family_arm_m3_TaskSupport_stackAlignment__C)
                  2001b0ac    00000004     app_pem4.oem4 (.const:ti_sysbios_family_arm_m3_Timer_E_cannotSupport__C)
                  2001b0b0    00000004     app_pem4.oem4 (.const:ti_sysbios_family_arm_m3_Timer_startupNeeded__C)
                  2001b0b4    00000004     app_pem4.oem4 (.const:ti_sysbios_gates_GateMutex_A_badContext__C)
                  2001b0b8    00000004     app_pem4.oem4 (.const:ti_sysbios_gates_GateMutex_Instance_State_sem__O)
                  2001b0bc    00000004     app_pem4.oem4 (.const:ti_sysbios_gates_GateMutex_Module__diagsEnabled__C)
                  2001b0c0    00000004     app_pem4.oem4 (.const:ti_sysbios_gates_GateMutex_Module__diagsIncluded__C)
                  2001b0c4    00000004     app_pem4.oem4 (.const:ti_sysbios_gates_GateMutex_Module__diagsMask__C)
                  2001b0c8    00000004     app_pem4.oem4 (.const:ti_sysbios_hal_Hwi_E_stackOverflow__C)
                  2001b0cc    00000004     app_pem4.oem4 (.const:ti_sysbios_heaps_HeapMem_A_align__C)
                  2001b0d0    00000004     app_pem4.oem4 (.const:ti_sysbios_heaps_HeapMem_A_heapSize__C)
                  2001b0d4    00000004     app_pem4.oem4 (.const:ti_sysbios_heaps_HeapMem_A_invalidFree__C)
                  2001b0d8    00000004     app_pem4.oem4 (.const:ti_sysbios_heaps_HeapMem_A_zeroBlock__C)
                  2001b0dc    00000004     app_pem4.oem4 (.const:ti_sysbios_heaps_HeapMem_E_memory__C)
                  2001b0e0    00000004     app_pem4.oem4 (.const:ti_sysbios_heaps_HeapMem_Module__diagsEnabled__C)
                  2001b0e4    00000004     app_pem4.oem4 (.const:ti_sysbios_heaps_HeapMem_Module__diagsIncluded__C)
                  2001b0e8    00000004     app_pem4.oem4 (.const:ti_sysbios_heaps_HeapMem_Module__diagsMask__C)
                  2001b0ec    00000004     app_pem4.oem4 (.const:ti_sysbios_heaps_HeapMem_Module__gateObj__C)
                  2001b0f0    00000004     app_pem4.oem4 (.const:ti_sysbios_heaps_HeapMem_Object__count__C)
                  2001b0f4    00000004     app_pem4.oem4 (.const:ti_sysbios_heaps_HeapMem_reqAlign__C)
                  2001b0f8    00000004     app_pem4.oem4 (.const:ti_sysbios_knl_Clock_LM_begin__C)
                  2001b0fc    00000004     app_pem4.oem4 (.const:ti_sysbios_knl_Clock_LM_tick__C)
                  2001b100    00000004     app_pem4.oem4 (.const:ti_sysbios_knl_Clock_LW_delayed__C)
                  2001b104    00000004     app_pem4.oem4 (.const:ti_sysbios_knl_Clock_Module_State_clockQ__O)
                  2001b108    00000004     app_pem4.oem4 (.const:ti_sysbios_knl_Clock_Module__diagsEnabled__C)
                  2001b10c    00000004     app_pem4.oem4 (.const:ti_sysbios_knl_Clock_Module__diagsIncluded__C)
                  2001b110    00000004     app_pem4.oem4 (.const:ti_sysbios_knl_Clock_Module__diagsMask__C)
                  2001b114    00000004     app_pem4.oem4 (.const:ti_sysbios_knl_Clock_Module__loggerFxn1__C)
                  2001b118    00000004     app_pem4.oem4 (.const:ti_sysbios_knl_Clock_Module__loggerFxn2__C)
                  2001b11c    00000004     app_pem4.oem4 (.const:ti_sysbios_knl_Clock_Module__loggerObj__C)
                  2001b120    00000004     app_pem4.oem4 (.const:ti_sysbios_knl_Clock_tickPeriod__C)
                  2001b124    00000004     app_pem4.oem4 (.const:ti_sysbios_knl_Idle_funcList__A)
                  2001b128    00000004     app_pem4.oem4 (.const:ti_sysbios_knl_Mailbox_A_invalidBufSize__C)
                  2001b12c    00000004     app_pem4.oem4 (.const:ti_sysbios_knl_Mailbox_Instance_State_dataQue__O)
                  2001b130    00000004     app_pem4.oem4 (.const:ti_sysbios_knl_Mailbox_Instance_State_dataSem__O)
                  2001b134    00000004     app_pem4.oem4 (.const:ti_sysbios_knl_Mailbox_Instance_State_freeQue__O)
                  2001b138    00000004     app_pem4.oem4 (.const:ti_sysbios_knl_Mailbox_Instance_State_freeSem__O)
                  2001b13c    00000004     app_pem4.oem4 (.const:ti_sysbios_knl_Mailbox_Module__diagsEnabled__C)
                  2001b140    00000004     app_pem4.oem4 (.const:ti_sysbios_knl_Mailbox_Module__diagsIncluded__C)
                  2001b144    00000004     app_pem4.oem4 (.const:ti_sysbios_knl_Mailbox_Module__diagsMask__C)
                  2001b148    00000004     app_pem4.oem4 (.const:ti_sysbios_knl_Mailbox_Object__count__C)
                  2001b14c    00000004     app_pem4.oem4 (.const:ti_sysbios_knl_Mailbox_maxTypeAlign__C)
                  2001b150    00000004     app_pem4.oem4 (.const:ti_sysbios_knl_Semaphore_A_badContext__C)
                  2001b154    00000004     app_pem4.oem4 (.const:ti_sysbios_knl_Semaphore_A_noEvents__C)
                  2001b158    00000004     app_pem4.oem4 (.const:ti_sysbios_knl_Semaphore_A_overflow__C)
                  2001b15c    00000004     app_pem4.oem4 (.const:ti_sysbios_knl_Semaphore_A_pendTaskDisabled__C)
                  2001b160    00000004     app_pem4.oem4 (.const:ti_sysbios_knl_Semaphore_Instance_State_pendQ__O)
                  2001b164    00000004     app_pem4.oem4 (.const:ti_sysbios_knl_Semaphore_LM_pend__C)
                  2001b168    00000004     app_pem4.oem4 (.const:ti_sysbios_knl_Semaphore_LM_post__C)
                  2001b16c    00000004     app_pem4.oem4 (.const:ti_sysbios_knl_Semaphore_Module__diagsEnabled__C)
                  2001b170    00000004     app_pem4.oem4 (.const:ti_sysbios_knl_Semaphore_Module__diagsIncluded__C)
                  2001b174    00000004     app_pem4.oem4 (.const:ti_sysbios_knl_Semaphore_Module__diagsMask__C)
                  2001b178    00000004     app_pem4.oem4 (.const:ti_sysbios_knl_Semaphore_Module__loggerFxn2__C)
                  2001b17c    00000004     app_pem4.oem4 (.const:ti_sysbios_knl_Semaphore_Module__loggerFxn4__C)
                  2001b180    00000004     app_pem4.oem4 (.const:ti_sysbios_knl_Semaphore_Module__loggerObj__C)
                  2001b184    00000004     app_pem4.oem4 (.const:ti_sysbios_knl_Swi_LD_end__C)
                  2001b188    00000004     app_pem4.oem4 (.const:ti_sysbios_knl_Swi_LM_begin__C)
                  2001b18c    00000004     app_pem4.oem4 (.const:ti_sysbios_knl_Swi_LM_post__C)
                  2001b190    00000004     app_pem4.oem4 (.const:ti_sysbios_knl_Swi_Module__diagsEnabled__C)
                  2001b194    00000004     app_pem4.oem4 (.const:ti_sysbios_knl_Swi_Module__diagsIncluded__C)
                  2001b198    00000004     app_pem4.oem4 (.const:ti_sysbios_knl_Swi_Module__diagsMask__C)
                  2001b19c    00000004     app_pem4.oem4 (.const:ti_sysbios_knl_Swi_Module__loggerFxn1__C)
                  2001b1a0    00000004     app_pem4.oem4 (.const:ti_sysbios_knl_Swi_Module__loggerFxn4__C)
                  2001b1a4    00000004     app_pem4.oem4 (.const:ti_sysbios_knl_Swi_Module__loggerObj__C)
                  2001b1a8    00000004     app_pem4.oem4 (.const:ti_sysbios_knl_Swi_Object__count__C)
                  2001b1ac    00000004     app_pem4.oem4 (.const:ti_sysbios_knl_Task_A_badPriority__C)
                  2001b1b0    00000004     app_pem4.oem4 (.const:ti_sysbios_knl_Task_A_badTaskState__C)
                  2001b1b4    00000004     app_pem4.oem4 (.const:ti_sysbios_knl_Task_A_badThreadType__C)
                  2001b1b8    00000004     app_pem4.oem4 (.const:ti_sysbios_knl_Task_A_badTimeout__C)
                  2001b1bc    00000004     app_pem4.oem4 (.const:ti_sysbios_knl_Task_A_noPendElem__C)
                  2001b1c0    00000004     app_pem4.oem4 (.const:ti_sysbios_knl_Task_A_sleepTaskDisabled__C)
                  2001b1c4    00000004     app_pem4.oem4 (.const:ti_sysbios_knl_Task_E_spOutOfBounds__C)
                  2001b1c8    00000004     app_pem4.oem4 (.const:ti_sysbios_knl_Task_E_stackOverflow__C)
                  2001b1cc    00000004     app_pem4.oem4 (.const:ti_sysbios_knl_Task_LD_block__C)
                  2001b1d0    00000004     app_pem4.oem4 (.const:ti_sysbios_knl_Task_LD_exit__C)
                  2001b1d4    00000004     app_pem4.oem4 (.const:ti_sysbios_knl_Task_LD_ready__C)
                  2001b1d8    00000004     app_pem4.oem4 (.const:ti_sysbios_knl_Task_LM_sleep__C)
                  2001b1dc    00000004     app_pem4.oem4 (.const:ti_sysbios_knl_Task_LM_switch__C)
                  2001b1e0    00000004     app_pem4.oem4 (.const:ti_sysbios_knl_Task_Module_State_inactiveQ__O)
                  2001b1e4    00000004     app_pem4.oem4 (.const:ti_sysbios_knl_Task_Module__diagsEnabled__C)
                  2001b1e8    00000004     app_pem4.oem4 (.const:ti_sysbios_knl_Task_Module__diagsIncluded__C)
                  2001b1ec    00000004     app_pem4.oem4 (.const:ti_sysbios_knl_Task_Module__diagsMask__C)
                  2001b1f0    00000004     app_pem4.oem4 (.const:ti_sysbios_knl_Task_Module__loggerFxn2__C)
                  2001b1f4    00000004     app_pem4.oem4 (.const:ti_sysbios_knl_Task_Module__loggerFxn4__C)
                  2001b1f8    00000004     app_pem4.oem4 (.const:ti_sysbios_knl_Task_Module__loggerObj__C)
                  2001b1fc    00000004     app_pem4.oem4 (.const:ti_sysbios_knl_Task_Object__count__C)
                  2001b200    00000004     app_pem4.oem4 (.const:ti_sysbios_knl_Task_allBlockedFunc__C)
                  2001b204    00000004     app_pem4.oem4 (.const:ti_sysbios_knl_Task_defaultStackHeap__C)
                  2001b208    00000004     app_pem4.oem4 (.const:ti_sysbios_knl_Task_defaultStackSize__C)
                  2001b20c    00000004     app_pem4.oem4 (.const:ti_sysbios_knl_Task_numConstructedTasks__C)
                  2001b210    00000004     app_pem4.oem4 (.const:xdc_runtime_Assert_E_assertFailed__C)
                  2001b214    00000004     app_pem4.oem4 (.const:xdc_runtime_Core_A_initializedParams__C)
                  2001b218    00000004     app_pem4.oem4 (.const:xdc_runtime_Core_Module__diagsEnabled__C)
                  2001b21c    00000004     app_pem4.oem4 (.const:xdc_runtime_Core_Module__diagsIncluded__C)
                  2001b220    00000004     app_pem4.oem4 (.const:xdc_runtime_Core_Module__diagsMask__C)
                  2001b224    00000004     app_pem4.oem4 (.const:xdc_runtime_Error_E_memory__C)
                  2001b228    00000004     app_pem4.oem4 (.const:xdc_runtime_Error_Module__diagsEnabled__C)
                  2001b22c    00000004     app_pem4.oem4 (.const:xdc_runtime_Error_Module__diagsIncluded__C)
                  2001b230    00000004     app_pem4.oem4 (.const:xdc_runtime_Error_Module__diagsMask__C)
                  2001b234    00000004     app_pem4.oem4 (.const:xdc_runtime_Error_Module__loggerFxn8__C)
                  2001b238    00000004     app_pem4.oem4 (.const:xdc_runtime_Error_Module__loggerObj__C)
                  2001b23c    00000004     app_pem4.oem4 (.const:xdc_runtime_Error_policyFxn__C)
                  2001b240    00000004     app_pem4.oem4 (.const:xdc_runtime_Error_raiseHook__C)
                  2001b244    00000004     app_pem4.oem4 (.const:xdc_runtime_IFilterLogger_Interface__BASE__C)
                  2001b248    00000004     app_pem4.oem4 (.const:xdc_runtime_IGateProvider_Interface__BASE__C)
                  2001b24c    00000004     app_pem4.oem4 (.const:xdc_runtime_IHeap_Interface__BASE__C)
                  2001b250    00000004     app_pem4.oem4 (.const:xdc_runtime_ILogger_Interface__BASE__C)
                  2001b254    00000004     app_pem4.oem4 (.const:xdc_runtime_IModule_Interface__BASE__C)
                  2001b258    00000004     app_pem4.oem4 (.const:xdc_runtime_Log_L_error__C)
                  2001b25c    00000004     app_pem4.oem4 (.const:xdc_runtime_LoggerBuf_E_badLevel__C)
                  2001b260    00000004     app_pem4.oem4 (.const:xdc_runtime_LoggerBuf_Module__gateObj__C)
                  2001b264    00000004     app_pem4.oem4 (.const:xdc_runtime_LoggerBuf_Object__count__C)
                  2001b268    00000004     app_pem4.oem4 (.const:xdc_runtime_LoggerBuf_statusLogger__C)
                  2001b26c    00000004     app_pem4.oem4 (.const:xdc_runtime_Memory_defaultHeapInstance__C)
                  2001b270    00000004     app_pem4.oem4 (.const:xdc_runtime_Startup_execImpl__C)
                  2001b274    00000004     app_pem4.oem4 (.const:xdc_runtime_Startup_maxPasses__C)
                  2001b278    00000004     app_pem4.oem4 (.const:xdc_runtime_Startup_sfxnRts__C)
                  2001b27c    00000004     app_pem4.oem4 (.const:xdc_runtime_Startup_sfxnTab__C)
                  2001b280    00000004     app_pem4.oem4 (.const:xdc_runtime_SysMin_bufSize__C)
                  2001b284    00000004     app_pem4.oem4 (.const:xdc_runtime_SysMin_outputFunc__C)
                  2001b288    00000004     app_pem4.oem4 (.const:xdc_runtime_System_Module__gateObj__C)
                  2001b28c    00000004     app_pem4.oem4 (.const:xdc_runtime_System_abortFxn__C)
                  2001b290    00000004     app_pem4.oem4 (.const:xdc_runtime_System_exitFxn__C)
                  2001b294    00000004     app_pem4.oem4 (.const:xdc_runtime_System_extendFxn__C)
                  2001b298    00000004     app_pem4.oem4 (.const:xdc_runtime_System_maxAtexitHandlers__C)
                  2001b29c    00000004     app_pem4.oem4 (.const:xdc_runtime_Text_charTab__C)
                  2001b2a0    00000004     app_pem4.oem4 (.const:xdc_runtime_Text_nameEmpty__C)
                  2001b2a4    00000004     app_pem4.oem4 (.const:xdc_runtime_Text_nameStatic__C)
                  2001b2a8    00000004     app_pem4.oem4 (.const:xdc_runtime_Text_nameUnknown__C)
                  2001b2ac    00000004     app_pem4.oem4 (.const:xdc_runtime_Text_nodeTab__C)
                  2001b2b0    00000004     app_pem4.oem4 (.const:xdc_runtime_Text_visitRopeFxn__C)
                  2001b2b4    00000002     app_pem4.oem4 (.const:ti_sysbios_family_arm_m3_Hwi_Module__loggerDefined__C)
                  2001b2b6    00000002     app_pem4.oem4 (.const:ti_sysbios_family_arm_m3_Timer_Module__id__C)
                  2001b2b8    00000002     app_pem4.oem4 (.const:ti_sysbios_family_arm_m3_TimestampProvider_configTimer__C)
                  2001b2ba    00000002     app_pem4.oem4 (.const:ti_sysbios_gates_GateMutex_Module__id__C)
                  2001b2bc    00000002     app_pem4.oem4 (.const:ti_sysbios_hal_Hwi_Module__id__C)
                  2001b2be    00000002     app_pem4.oem4 (.const:ti_sysbios_heaps_HeapMem_Module__id__C)
                  2001b2c0    00000002     app_pem4.oem4 (.const:ti_sysbios_knl_Clock_Module__id__C)
                  2001b2c2    00000002     app_pem4.oem4 (.const:ti_sysbios_knl_Clock_Module__loggerDefined__C)
                  2001b2c4    00000002     app_pem4.oem4 (.const:ti_sysbios_knl_Mailbox_Module__id__C)
                  2001b2c6    00000002     app_pem4.oem4 (.const:ti_sysbios_knl_Semaphore_Module__id__C)
                  2001b2c8    00000002     app_pem4.oem4 (.const:ti_sysbios_knl_Semaphore_Module__loggerDefined__C)
                  2001b2ca    00000002     app_pem4.oem4 (.const:ti_sysbios_knl_Swi_Module__id__C)
                  2001b2cc    00000002     app_pem4.oem4 (.const:ti_sysbios_knl_Swi_Module__loggerDefined__C)
                  2001b2ce    00000002     app_pem4.oem4 (.const:ti_sysbios_knl_Task_Module__id__C)
                  2001b2d0    00000002     app_pem4.oem4 (.const:ti_sysbios_knl_Task_Module__loggerDefined__C)
                  2001b2d2    00000002     app_pem4.oem4 (.const:ti_sysbios_knl_Task_initStackFlag__C)
                  2001b2d4    00000002     app_pem4.oem4 (.const:xdc_runtime_Core_Module__id__C)
                  2001b2d6    00000002     app_pem4.oem4 (.const:xdc_runtime_Error_Module__loggerDefined__C)
                  2001b2d8    00000002     app_pem4.oem4 (.const:xdc_runtime_Error_maxDepth__C)
                  2001b2da    00000002     app_pem4.oem4 (.const:xdc_runtime_LoggerBuf_Module__id__C)
                  2001b2dc    00000002     app_pem4.oem4 (.const:xdc_runtime_LoggerBuf_filterByLevel__C)
                  2001b2de    00000002     app_pem4.oem4 (.const:xdc_runtime_Memory_Module__id__C)
                  2001b2e0    00000002     app_pem4.oem4 (.const:xdc_runtime_SysMin_flushAtExit__C)
                  2001b2e2    00000002     app_pem4.oem4 (.const:xdc_runtime_Text_charCnt__C)
                  2001b2e4    00000002     app_pem4.oem4 (.const:xdc_runtime_Text_isLoaded__C)
                  2001b2e6    00000002     app_pem4.oem4 (.const:xdc_runtime_Text_registryModsLastId__C)
                  2001b2e8    00000002     app_pem4.oem4 (.const:xdc_runtime_Text_unnamedModsLastId__C)

.cinit     0    2001b2f0    00000400     
                  2001b2f0    000003db     (.cinit..data.load) [load image, compression = rle]
                  2001b6cb    00000001     --HOLE-- [fill = 0]
                  2001b6cc    0000000c     (__TI_handler_table)
                  2001b6d8    00000008     (.cinit..bss.load) [load image, compression = zero_init]
                  2001b6e0    00000010     (__TI_cinit_table)

.bss       0    2001edb8    00009726     UNINITIALIZED
                  2001edb8    00008000     app_pem4.oem4 (.bss:ti_sysbios_heaps_HeapMem_Instance_State_0_buf__A)
                  20026db8    00000800     app_pem4.oem4 (.bss:taskStackSection)
                  200275b8    00000400     app_pem4.oem4 (.bss:xdc_runtime_LoggerBuf_Instance_State_0_entryArr__A)
                  200279b8    00000400     app_pem4.oem4 (.bss:xdc_runtime_SysMin_Module_State_0_outbuf__A)
                  20027db8    0000030c     app_pem4.oem4 (.bss:ti_sysbios_family_arm_m3_Hwi_dispatchTable)
                  200280c4    00000178     simplelink.a : driver.obj (.bss:g_StatMem)
                  2002823c    00000120     rtsv7M4_T_le_eabi.lib : trgmsg.obj (.bss:__CIOBUF_)
                  2002835c    000000c8     main.obj (.bss:buf)
                  20028424    00000050     simplelink.a : cc_pal.obj (.bss:g_ucDinDout)
                  20028474    00000024     network_if.obj (.bss:g_ucConnectionSSID)
                  20028498    00000010     (.common:sAddr)
                  200284a8    00000008     (.common:g_ucConnectionBSSID)
                  200284b0    00000008     (.common:parmbuf)
                  200284b8    00000004     (.common:DMAMsgQ)
                  200284bc    00000004     (.common:SimpleLinkSpawnTaskHndl)
                  200284c0    00000004     (.common:__Errorlog)
                  200284c4    00000004     (.common:bufptr)
                  200284c8    00000004     (.common:g_cDummy)
                  200284cc    00000004     (.common:iSockID)
                  200284d0    00000004     (.common:simpleLink_mailbox)
                  200284d4    00000002     (.common:g_usConnectIndex)
                  200284d6    00000001     (.common:g_bContextInIntFlag)
                  200284d7    00000001     (.common:g_bContextOutIntFlag)
                  200284d8    00000001     (.common:g_bDataInIntFlag)
                  200284d9    00000001     (.common:g_bDataOutIntFlag)
                  200284da    00000001     (.common:g_ucLED1Pin)
                  200284db    00000001     (.common:g_ucLED2Pin)
                  200284dc    00000001     (.common:g_ucLED3Pin)
                  200284dd    00000001     (.common:g_usTimerInts)

.data      0    200284e0    00000834     UNINITIALIZED
                  200284e0    00000138     app_pem4.oem4 (.data)
                  20028618    000000b0     rtsv7M4_T_le_eabi.lib : signal.obj (.data:sigtable)
                  200286c8    00000080     main.obj (.data:cryptedMessage)
                  20028748    00000080     main.obj (.data:messageToBeCrypted)
                  200287c8    00000080     main.obj (.data:recievedFromServer)
                  20028848    00000080     rtsv7M4_T_le_eabi.lib : xvalues.obj (.data)
                  200288c8    00000080     app_pem4.oem4 (.data:ti_sysbios_knl_Swi_Module_State_0_readyQ__A)
                  20028948    00000080     app_pem4.oem4 (.data:ti_sysbios_knl_Task_Module_State_0_readyQ__A)
                  200289c8    00000068     rtsv7M4_T_le_eabi.lib : xfvalues.obj (.data)
                  20028a30    00000058     main.obj (.data:data)
                  20028a88    00000058     main.obj (.data)
                  20028ae0    0000004c     app_pem4.oem4 (.data:ti_sysbios_knl_Task_Object__table__V)
                  20028b2c    00000044     app_pem4.oem4 (.data:ti_sysbios_knl_Task_Module__state__V)
                  20028b70    00000038     app_pem4.oem4 (.data:ti_sysbios_gates_GateMutex_Object__table__V)
                  20028ba8    00000034     app_pem4.oem4 (.data:ti_sysbios_family_arm_m3_Hwi_Module__state__V)
                  20028bdc    00000030     app_pem4.oem4 (.data:ti_sysbios_family_arm_m3_Timer_Object__table__V)
                  20028c0c    00000030     app_pem4.oem4 (.data:ti_sysbios_knl_Swi_Object__table__V)
                  20028c3c    0000002c     app_pem4.oem4 (.data:ti_sysbios_knl_Clock_Module__state__V)
                  20028c68    00000024     app_pem4.oem4 (.data:ti_sysbios_BIOS_Module__state__V)
                  20028c8c    00000024     app_pem4.oem4 (.data:xdc_runtime_LoggerBuf_Object__table__V)
                  20028cb0    0000001c     gpio_if.obj (.data)
                  20028ccc    00000010     simplelink.a : cc_pal.obj (.data)
                  20028cdc    0000000c     network_if.obj (.data)
                  20028ce8    00000008     rtsv7M4_T_le_eabi.lib : _lock.obj (.data)
                  20028cf0    00000008                           : exit.obj (.data)
                  20028cf8    00000008                           : feraiseexcept.obj (.data)
                  20028d00    00000008     simplelink.a : driver.obj (.data)
                  20028d08    00000004     rtsv7M4_T_le_eabi.lib : errno.obj (.data)
                  20028d0c    00000004                           : stkdepth_vars.obj (.data)
                  20028d10    00000004                           : strtok.obj (.data)

.stack     0    20035db0    00002000     UNINITIALIZED
                  20035db0    00002000     --HOLE--


LINKER GENERATED COPY TABLES

__TI_cinit_table @ 2001b6e0 records: 2, size/record: 8, table size: 16
	.data: load addr=2001b2f0, load size=000003db bytes, run addr=200284e0, run size=00000834 bytes, compression=rle
	.bss: load addr=2001b6d8, load size=00000008 bytes, run addr=2001edb8, run size=00009726 bytes, compression=zero_init


LINKER GENERATED HANDLER TABLE

__TI_handler_table @ 2001b6cc records: 3, size/record: 4, table size: 12
	index: 0, handler: __TI_decompress_rle24
	index: 1, handler: __TI_decompress_none
	index: 2, handler: __TI_zero_init


GLOBAL SYMBOLS: SORTED ALPHABETICALLY BY Name 

address    name
--------   ----
2000fc65   ADCChannelDisable
2000fc2d   ADCChannelEnable
2000fea9   ADCDMADisable
2000fe71   ADCDMAEnable
2000fc19   ADCDisable
2000fc05   ADCEnable
2000ff53   ADCFIFOLvlGet
2000ff6f   ADCFIFORead
2000fe1d   ADCIntClear
2000fd71   ADCIntDisable
2000fd0f   ADCIntEnable
2000fc9d   ADCIntRegister
2000fdc7   ADCIntStatus
2000fcdb   ADCIntUnregister
2000fee1   ADCTimerConfig
2000ff2f   ADCTimerDisable
2000ff19   ADCTimerEnable
2000ff03   ADCTimerReset
2000ff45   ADCTimerValueGet
2000cbc7   AESAuthDataLengthSet
2000ca4d   AESConfigSet
200061f9   AESCrypt
2000d06d   AESDMADisable
2000d055   AESDMAEnable
2000cba7   AESDataLengthSet
2000ce5f   AESDataMAC
2000cdcd   AESDataProcess
2000cedd   AESDataProcessAE
2000cc53   AESDataRead
2000cbd9   AESDataReadNonBlocking
2000cd4d   AESDataWrite
2000ccc7   AESDataWriteNonBlocking
2000cb4f   AESIVSet
20006aa7   AESInit
2000d017   AESIntClear
2000cfeb   AESIntDisable
2000cfbf   AESIntEnable
2000619b   AESIntHandler
2000d02d   AESIntRegister
2000cf71   AESIntStatus
2000d043   AESIntUnregister
2000ca6f   AESKey1Set
2000cac9   AESKey2Set
2000cb23   AESKey3Set
2000cb7b   AESTagRead
20017501   C$$EXIT
20016bcf   C$$IO$$
20016d79   CPUbasepriGet
20016d63   CPUbasepriSet
20016d25   CPUcpsid
20016d43   CPUcpsie
20016d39   CPUprimask
20016d57   CPUwfi
20013339   ClearTerm
20009015   ConfigureSimpleLinkToDefaultState
20009d39   CopyPingResultsToReport
200284b8   DMAMsgQ
2000c4c1   DmaSpiSwIntHandler
20013343   Error
20011011   FlashDisable
20011047   FlashErase
20011081   FlashEraseNonBlocking
200112bd   FlashIntClear
2001128d   FlashIntDisable
20011279   FlashIntEnable
20011255   FlashIntRegister
200112a1   FlashIntStatus
20011269   FlashIntUnregister
2001109f   FlashMassErase
200110cb   FlashMassEraseNonBlocking
200110db   FlashProgram
2001115d   FlashProgramNonBlocking
200111df   FlashProtectGet
20010ca3   GPIODMATriggerDisable
20010c4b   GPIODMATriggerEnable
20010a57   GPIODirModeGet
20010a21   GPIODirModeSet
20010bc7   GPIOIntClear
20010b8b   GPIOIntDisable
20010b71   GPIOIntEnable
20010bdb   GPIOIntRegister
20010ba5   GPIOIntStatus
20010b0b   GPIOIntTypeGet
20010a89   GPIOIntTypeSet
20010bf9   GPIOIntUnregister
20010c13   GPIOPinRead
20010c2b   GPIOPinWrite
20010259   GPIO_IF_ConfigureNIntEnable
200102d5   GPIO_IF_Get
20010213   GPIO_IF_GetPortNPin
2000ffd5   GPIO_IF_LedConfigure
200100c7   GPIO_IF_LedOff
20010013   GPIO_IF_LedOn
2001017b   GPIO_IF_LedStatus
200101e5   GPIO_IF_LedToggle
2001029b   GPIO_IF_Set
2001337b   GetCmd
2000d5d5   GetStartResponseConvert
20011881   HOSTclock
20011849   HOSTclose
2001180b   HOSTgetenv
200117af   HOSTlseek
2001175d   HOSTopen
20011711   HOSTread
200116b3   HOSTrename
20011679   HOSTtime
20011641   HOSTunlink
200115f5   HOSTwrite
2000c86d   HostIntHanlder
2000c33d   I2CFIFODataGet
2000c357   I2CFIFODataGetNonBlocking
2000c2f3   I2CFIFODataPut
2000c315   I2CFIFODataPutNonBlocking
2000c2e3   I2CFIFOStatus
2000bee5   I2CIntRegister
2000bf03   I2CIntUnregister
2000c393   I2CMasterBurstCountGet
2000c37d   I2CMasterBurstLengthSet
2000c13b   I2CMasterBusBusy
2000c123   I2CMasterBusy
2000c153   I2CMasterControl
2000c1a7   I2CMasterDataGet
2000c191   I2CMasterDataPut
2000beb1   I2CMasterDisable
2000be7d   I2CMasterEnable
2000c165   I2CMasterErr
2000c3a1   I2CMasterGlitchFilterConfigSet
2000bdb3   I2CMasterInitExpClk
2000c09d   I2CMasterIntClear
2000c0b3   I2CMasterIntClearEx
2000bf77   I2CMasterIntDisable
2000bf87   I2CMasterIntDisableEx
2000bf1d   I2CMasterIntEnable
2000bf2d   I2CMasterIntEnableEx
2000bfd1   I2CMasterIntStatus
2000c00b   I2CMasterIntStatusEx
2000c115   I2CMasterLineStateGet
2000c0f3   I2CMasterSlaveAddrSet
2000c1b5   I2CMasterTimeoutSet
2000c2a3   I2CRxFIFOConfigSet
2000c2cb   I2CRxFIFOFlush
2000c1c7   I2CSlaveACKOverride
2000c1f9   I2CSlaveACKValueSet
2000be3f   I2CSlaveAddressSet
2000c253   I2CSlaveDataGet
2000c23b   I2CSlaveDataPut
2000bec7   I2CSlaveDisable
2000be93   I2CSlaveEnable
2000c3d1   I2CSlaveFIFODisable
2000c3b9   I2CSlaveFIFOEnable
2000be25   I2CSlaveInit
2000c0cd   I2CSlaveIntClear
2000c0df   I2CSlaveIntClearEx
2000bf9f   I2CSlaveIntDisable
2000bfb7   I2CSlaveIntDisableEx
2000bf45   I2CSlaveIntEnable
2000bf5d   I2CSlaveIntEnableEx
2000c031   I2CSlaveIntStatus
2000c075   I2CSlaveIntStatusEx
2000c22b   I2CSlaveStatus
2000c263   I2CTxFIFOConfigSet
2000c28b   I2CTxFIFOFlush
20011b41   I2C_IF_Close
20011af9   I2C_IF_Open
200119f3   I2C_IF_Read
20011aaf   I2C_IF_ReadFrom
2001193d   I2C_IF_Write
20028a98   IV
200132f9   InitTerm
20008e35   InitializeAppVariables
200104e9   IntDisable
2001044f   IntEnable
20010339   IntMasterDisable
2001032f   IntMasterEnable
20010611   IntPendClear
20010583   IntPendSet
2001042b   IntPriorityGet
200103a3   IntPriorityGroupingGet
20010389   IntPriorityGroupingSet
20010675   IntPriorityMaskGet
20010669   IntPriorityMaskSet
200103db   IntPrioritySet
20010353   IntRegister
2001036f   IntUnregister
20010343   IntVTableBaseSet
20028a88   Key
200062c7   LedTimerConfigNStart
200062e5   LedTimerDeinitStop
20018beb   LoggerBuf_instanceStartup
200142d1   MQTTDeserialize_ack
2000f72d   MQTTDeserialize_connack
20014219   MQTTDeserialize_publish
20012a57   MQTTDeserialize_suback
2000f11b   MQTTPacket_decode
2000f201   MQTTPacket_decodeBuf
2000f0c5   MQTTPacket_encode
2000f3dd   MQTTPacket_equals
2000f183   MQTTPacket_len
2000f441   MQTTPacket_read
200127f1   MQTTSerialize_ack
2000f573   MQTTSerialize_connect
2000f4bd   MQTTSerialize_connectLength
2000f81d   MQTTSerialize_disconnect
2000f835   MQTTSerialize_pingreq
2001287b   MQTTSerialize_puback
200128c9   MQTTSerialize_pubcomp
2001271b   MQTTSerialize_publish
200126dd   MQTTSerialize_publishLength
2001289f   MQTTSerialize_pubrel
20012957   MQTTSerialize_subscribe
200128f5   MQTTSerialize_subscribeLength
2000f7b5   MQTTSerialize_zero
20006c19   MQTT_payload_string
2000f3b1   MQTTstrlen
20013317   Message
200092d1   Network_IF_ConnectAP
200094a9   Network_IF_CurrentMCUState
20009257   Network_IF_DeInitDriver
200093ed   Network_IF_DisconnectFromAP
2000944f   Network_IF_GetHostIP
200091fd   Network_IF_InitDriver
20009405   Network_IF_IpConfigGet
200094a1   Network_IF_ResetMCUStateMachine
20009579   Network_IF_SetMCUMachineState
20009595   Network_IF_UnsetMCUMachineState
2000c8b3   NwpMaskInterrupt
2000c979   NwpPowerOff
2000c949   NwpPowerOn
2000c8d9   NwpPowerOnPreamble
2000c881   NwpRegisterInterruptHandler
2000c8c1   NwpUnMaskInterrupt
2000b4b5   PRCMCC3200MCUInit
2000aeed   PRCMDeepSleepEnter
2000b0b7   PRCMHibernateEnter
2000aff1   PRCMHibernateIntervalSet
2000b065   PRCMHibernateWakeUpGPIOSelect
2000afd5   PRCMHibernateWakeupCauseGet
2000afaf   PRCMHibernateWakeupSourceDisable
2000af89   PRCMHibernateWakeupSourceEnable
2000add3   PRCMI2SClockFreqSet
2000b1f9   PRCMIntDisable
2000b1c5   PRCMIntEnable
2000b19d   PRCMIntRegister
2000b21d   PRCMIntStatus
2000b1b1   PRCMIntUnregister
2000ae3b   PRCMLPDSEnter
2000aea7   PRCMLPDSIntervalSet
2000ae23   PRCMLPDSRestoreInfoSet
2000aec9   PRCMLPDSWakeUpGPIOSelect
2000aea1   PRCMLPDSWakeupCauseGet
2000ae8d   PRCMLPDSWakeupSourceDisable
2000ae6b   PRCMLPDSWakeupSourceEnable
2000ac4d   PRCMMCUReset
2000b183   PRCMOCRRegisterRead
2000b169   PRCMOCRRegisterWrite
2000acbd   PRCMPeripheralClkDisable
2000ac91   PRCMPeripheralClkEnable
2000acdd   PRCMPeripheralClockGet
2000ad5b   PRCMPeripheralReset
2000ada9   PRCMPeripheralStatusGet
2000b2e5   PRCMRTCGet
2000b235   PRCMRTCInUseGet
2000b223   PRCMRTCInUseSet
2000b419   PRCMRTCMatchGet
2000b37d   PRCMRTCMatchSet
2000b255   PRCMRTCSet
2000ac41   PRCMSOCReset
[...]
20018b09   ti_sysbios_knl_Task_SupportProxy_getStackAlignment__E
20018b15   ti_sysbios_gates_GateHwi_enter__E
20018b21   ti_sysbios_knl_Queue_Object__get__S
20018b2d   ti_sysbios_knl_Semaphore_Params__init__S
20018b39   ti_sysbios_knl_Task_Params__init__S
20018b45   xdc_runtime_Error_init__E
20018b51   xdc_runtime_Gate_enterSystem__E
20018b5d   xdc_runtime_Memory_calloc__E
20018b69   xdc_runtime_Memory_getMaxDefaultTypeAlign__E
20018b89   xdc_runtime_LoggerBuf_disable__E
20018b93   xdc_runtime_LoggerBuf_enable__E
20018b9d   ti_sysbios_family_arm_m3_Hwi_doSwiRestore__I
20018ba5   ti_sysbios_family_arm_m3_Hwi_startup__E
20018ba5   ti_sysbios_hal_Hwi_HwiProxy_startup__E
20018ba5   ti_sysbios_hal_Hwi_startup__E
20018bad   ti_sysbios_knl_Idle_loop__E
20018bb5   UtilsDelay
20018bbb   __xdc__init
20018bc1   __TI_decompress_rle24
20018bc7   log
20018bcd   ti_sysbios_family_arm_m3_Hwi_restoreFxn__E
20018bcd   ti_sysbios_hal_Hwi_HwiProxy_restore__E
20018bcd   ti_sysbios_hal_Hwi_restore__E
20018bd3   ti_sysbios_gates_GateHwi_leave__E
20018bd9   ti_sysbios_heaps_HeapMem_isBlocking__E
20018bdf   ti_sysbios_knl_Queue_Instance_init__E
20018be5   xdc_runtime_System_Module_startup__E
20018beb   LoggerBuf_instanceStartup
20018bef   ti_sysbios_BIOS_RtsGateProxy_enter__E
20018bf3   ti_sysbios_BIOS_RtsGateProxy_leave__E
20018bf7   ti_sysbios_family_arm_m3_Hwi_delete
20018bfb   ti_sysbios_family_arm_m3_TaskSupport_Module__startupDone__S
20018bff   ti_sysbios_family_arm_m3_Timer_getMaxTicks__E
20018c03   ti_sysbios_gates_GateHwi_query__E
20018c03   xdc_runtime_LoggerBuf_Module_GateProxy_query__E
20018c03   xdc_runtime_Main_Module_GateProxy_query__E
20018c03   xdc_runtime_System_Module_GateProxy_query__E
20018c07   ti_sysbios_BIOS_RtsGateProxy_query__E
20018c07   ti_sysbios_gates_GateMutex_query__E
20018c07   ti_sysbios_heaps_HeapMem_Module_GateProxy_query__E
20018c0b   ti_sysbios_hal_Hwi_HwiProxy_Module__startupDone__S
20018c0f   ti_sysbios_hal_Timer_TimerProxy_Module__startupDone__S
20018c13   ti_sysbios_heaps_HeapMem_Module_GateProxy_enter__E
20018c17   ti_sysbios_heaps_HeapMem_Module_GateProxy_leave__E
20018c1b   ti_sysbios_knl_Clock_TimerProxy_Module__startupDone__S
20018c1f   ti_sysbios_knl_Clock_TimerProxy_getMaxTicks__E
20018c23   ti_sysbios_knl_Mailbox_delete
20018c27   ti_sysbios_knl_Queue_destruct
20018c2b   ti_sysbios_knl_Semaphore_delete
20018c2f   ti_sysbios_knl_Semaphore_destruct
20018c33   ti_sysbios_knl_Task_SupportProxy_Module__startupDone__S
20018c37   ti_sysbios_knl_Task_delete
20018c3b   ti_sysbios_knl_Task_startup__E
20018c3f   xdc_runtime_Error_getSite__E
20018c43   xdc_runtime_LoggerBuf_Module_GateProxy_enter__E
20018c47   xdc_runtime_LoggerBuf_Module_GateProxy_leave__E
20018c4b   xdc_runtime_Memory_HeapProxy_alloc__E
20018c4f   xdc_runtime_Memory_HeapProxy_free__E
20018c53   xdc_runtime_System_Module_GateProxy_enter__E
20018c57   xdc_runtime_System_Module_GateProxy_leave__E
20018c5b   xdc_runtime_System_aprintf_va__F
20018c5f   xdc_runtime_System_printf_va__F
20018c68   xdc_runtime_Text_charTab__A
2001a3f6   _ctypes_
2001a6cc   xdc_runtime_Text_nodeTab__A
2001aa68   _SlPolicySetCmdCtrl
2001aa6c   _SlPolicyGetCmdCtrl
2001aa70   _SlProfileGetCmdCtrl
2001aa74   _SlProfileDelCmdCtrl
2001aa78   _SlWlanGetNetworkListCtrl
2001aa7c   _SlRxFilterAddtCmdCtrl
2001aa80   _SlRxFilterSetCmdCtrl
2001aa84   _SlRxFilterGetCmdCtrl
2001aa88   _SlSmartConfigStartCmdCtrl
2001aa8c   _SlWlanSetModeCmdCtrl
2001aa90   _SlWlanCfgSetCmdCtrl
2001aa94   _SlWlanCfgGetCmdCtrl
2001aaa4   ti_sysbios_knl_Task_Object__PARAMS__C
2001aae0   xdc_runtime_LoggerBuf_Module__FXNS__C
2001ab1c   _SlActionLookupTable
2001ab54   ti_sysbios_family_arm_m3_Hwi_E_NMI__C
2001ab90   _SlSockSocketCmdCtrl
2001ab94   _SlSockCloseCmdCtrl
2001ab98   _SlRecvfomCmdCtrl
2001ab9c   _SlSendCmdCtrl
2001aba0   _SlListenCmdCtrl
2001aba4   _SlAcceptCmdCtrl
2001aba8   _SlRecvCmdCtrl
2001abac   _SlSetSockOptCmdCtrl
2001abb0   _SlGetSockOptCmdCtrl
2001abb4   _SlSelectCmdCtrl
2001abc4   ti_sysbios_knl_Mailbox_Object__PARAMS__C
2001ac28   ti_sysbios_family_arm_m3_Hwi_Object__PARAMS__C
2001ac58   xdc_runtime_Startup_sfxnTab__A
2001acb4   _SlNetAppStartCtrl
2001acb8   _SlNetAppStopCtrl
2001acbc   _SlGetServiceListeCtrl
2001acc0   _SlRegisterServiceCtrl
2001acc4   _SlGetHostByServiceCtrl
2001acc8   _SlGetHostByNameCtrl
2001accc   _SlNetAppSetCmdCtrl
2001acd0   _SlNetAppSendTokenValueCmdCtrl
2001acd4   _SlNetAppGetCmdCtrl
2001acdc   ti_sysbios_heaps_HeapMem_Module__FXNS__C
2001ad28   ti_sysbios_gates_GateHwi_Module__FXNS__C
2001ad4c   ti_sysbios_gates_GateMutex_Module__FXNS__C
2001ad70   ti_sysbios_heaps_HeapMem_Object__PARAMS__C
2001ad94   ti_sysbios_knl_Semaphore_Object__PARAMS__C
2001adb8   xdc_runtime_LoggerBuf_Object__PARAMS__C
2001addc   ti_sysbios_family_arm_m3_Hwi_Object__DESC__C
2001adfc   ti_sysbios_gates_GateHwi_Object__DESC__C
2001ae1c   ti_sysbios_gates_GateMutex_Object__DESC__C
2001ae3c   ti_sysbios_heaps_HeapMem_Object__DESC__C
2001ae5c   ti_sysbios_knl_Mailbox_Object__DESC__C
2001ae7c   ti_sysbios_knl_Queue_Object__DESC__C
2001ae9c   ti_sysbios_knl_Semaphore_Object__DESC__C
2001aebc   ti_sysbios_knl_Task_Object__DESC__C
2001aedc   xdc_runtime_LoggerBuf_Object__DESC__C
2001af14   ti_sysbios_gates_GateHwi_Object__PARAMS__C
2001af2c   ti_sysbios_gates_GateMutex_Object__PARAMS__C
2001af44   ti_sysbios_knl_Queue_Object__PARAMS__C
2001af5c   xdc_runtime_Startup_sfxnRts__A
2001af88   _SlStopCmdCtrl
2001af8c   _SlEventMaskSetCmdCtrl
2001af90   _SlEventMaskGetCmdCtrl
2001af94   _SlDeviceGetCmdCtrl
2001af98   _SlDeviceSetCmdCtrl
2001af9c   g_H2NSyncPattern
2001afa4   g_H2NCnysPattern
2001afc1   xdc_runtime_Error_policy__C
2001afc2   ti_sysbios_family_arm_m3_Hwi_Module__id__C
2001aff0   xdc_runtime_Startup_firstFxns__A
2001affc   pcDigits
2001b020   _SlNetCfgSetCmdCtrl
2001b024   _SlNetCfgGetCmdCtrl
2001b028   ti_sysbios_family_arm_m3_Hwi_excHookFuncs__A
2001b030   ti_sysbios_knl_Idle_funcList__C
2001b038   xdc_runtime_Startup_firstFxns__C
2001b040   xdc_runtime_Startup_lastFxns__C
2001b048   ti_sysbios_family_arm_m3_Hwi_E_alreadyDefined__C
2001b04c   ti_sysbios_family_arm_m3_Hwi_E_busFault__C
2001b050   ti_sysbios_family_arm_m3_Hwi_E_debugMon__C
2001b054   ti_sysbios_family_arm_m3_Hwi_E_hardFault__C
2001b058   ti_sysbios_family_arm_m3_Hwi_E_memFault__C
2001b05c   ti_sysbios_family_arm_m3_Hwi_E_noIsr__C
2001b060   ti_sysbios_family_arm_m3_Hwi_E_reserved__C
2001b064   ti_sysbios_family_arm_m3_Hwi_E_svCall__C
2001b068   ti_sysbios_family_arm_m3_Hwi_E_usageFault__C
2001b06c   ti_sysbios_family_arm_m3_Hwi_LD_end__C
2001b070   ti_sysbios_family_arm_m3_Hwi_LM_begin__C
2001b074   ti_sysbios_family_arm_m3_Hwi_Module__diagsEnabled__C
2001b078   ti_sysbios_family_arm_m3_Hwi_Module__diagsIncluded__C
2001b07c   ti_sysbios_family_arm_m3_Hwi_Module__diagsMask__C
2001b080   ti_sysbios_family_arm_m3_Hwi_Module__loggerFxn1__C
2001b084   ti_sysbios_family_arm_m3_Hwi_Module__loggerFxn8__C
2001b088   ti_sysbios_family_arm_m3_Hwi_Module__loggerObj__C
2001b08c   ti_sysbios_family_arm_m3_Hwi_NUM_INTERRUPTS__C
2001b090   ti_sysbios_family_arm_m3_Hwi_Object__count__C
2001b094   ti_sysbios_family_arm_m3_Hwi_ccr__C
2001b098   ti_sysbios_family_arm_m3_Hwi_excHandlerFunc__C
2001b09c   ti_sysbios_family_arm_m3_Hwi_excHookFuncs__C
2001b0a0   ti_sysbios_family_arm_m3_Hwi_nullIsrFunc__C
2001b0a4   ti_sysbios_family_arm_m3_Hwi_priGroup__C
2001b0a8   ti_sysbios_family_arm_m3_TaskSupport_stackAlignment__C
2001b0ac   ti_sysbios_family_arm_m3_Timer_E_cannotSupport__C
2001b0b0   ti_sysbios_family_arm_m3_Timer_startupNeeded__C
2001b0b4   ti_sysbios_gates_GateMutex_A_badContext__C
2001b0b8   ti_sysbios_gates_GateMutex_Instance_State_sem__O
2001b0bc   ti_sysbios_gates_GateMutex_Module__diagsEnabled__C
2001b0c0   ti_sysbios_gates_GateMutex_Module__diagsIncluded__C
2001b0c4   ti_sysbios_gates_GateMutex_Module__diagsMask__C
2001b0c8   ti_sysbios_hal_Hwi_E_stackOverflow__C
2001b0cc   ti_sysbios_heaps_HeapMem_A_align__C
2001b0d0   ti_sysbios_heaps_HeapMem_A_heapSize__C
2001b0d4   ti_sysbios_heaps_HeapMem_A_invalidFree__C
2001b0d8   ti_sysbios_heaps_HeapMem_A_zeroBlock__C
2001b0dc   ti_sysbios_heaps_HeapMem_E_memory__C
2001b0e0   ti_sysbios_heaps_HeapMem_Module__diagsEnabled__C
2001b0e4   ti_sysbios_heaps_HeapMem_Module__diagsIncluded__C
2001b0e8   ti_sysbios_heaps_HeapMem_Module__diagsMask__C
2001b0ec   ti_sysbios_heaps_HeapMem_Module__gateObj__C
2001b0f0   ti_sysbios_heaps_HeapMem_Object__count__C
2001b0f4   ti_sysbios_heaps_HeapMem_reqAlign__C
2001b0f8   ti_sysbios_knl_Clock_LM_begin__C
2001b0fc   ti_sysbios_knl_Clock_LM_tick__C
2001b100   ti_sysbios_knl_Clock_LW_delayed__C
2001b104   ti_sysbios_knl_Clock_Module_State_clockQ__O
2001b108   ti_sysbios_knl_Clock_Module__diagsEnabled__C
2001b10c   ti_sysbios_knl_Clock_Module__diagsIncluded__C
2001b110   ti_sysbios_knl_Clock_Module__diagsMask__C
2001b114   ti_sysbios_knl_Clock_Module__loggerFxn1__C
2001b118   ti_sysbios_knl_Clock_Module__loggerFxn2__C
2001b11c   ti_sysbios_knl_Clock_Module__loggerObj__C
2001b120   ti_sysbios_knl_Clock_tickPeriod__C
2001b124   ti_sysbios_knl_Idle_funcList__A
2001b128   ti_sysbios_knl_Mailbox_A_invalidBufSize__C
2001b12c   ti_sysbios_knl_Mailbox_Instance_State_dataQue__O
2001b130   ti_sysbios_knl_Mailbox_Instance_State_dataSem__O
2001b134   ti_sysbios_knl_Mailbox_Instance_State_freeQue__O
2001b138   ti_sysbios_knl_Mailbox_Instance_State_freeSem__O
2001b13c   ti_sysbios_knl_Mailbox_Module__diagsEnabled__C
2001b140   ti_sysbios_knl_Mailbox_Module__diagsIncluded__C
2001b144   ti_sysbios_knl_Mailbox_Module__diagsMask__C
2001b148   ti_sysbios_knl_Mailbox_Object__count__C
2001b14c   ti_sysbios_knl_Mailbox_maxTypeAlign__C
2001b150   ti_sysbios_knl_Semaphore_A_badContext__C
2001b154   ti_sysbios_knl_Semaphore_A_noEvents__C
2001b158   ti_sysbios_knl_Semaphore_A_overflow__C
2001b15c   ti_sysbios_knl_Semaphore_A_pendTaskDisabled__C
2001b160   ti_sysbios_knl_Semaphore_Instance_State_pendQ__O
2001b164   ti_sysbios_knl_Semaphore_LM_pend__C
2001b168   ti_sysbios_knl_Semaphore_LM_post__C
2001b16c   ti_sysbios_knl_Semaphore_Module__diagsEnabled__C
2001b170   ti_sysbios_knl_Semaphore_Module__diagsIncluded__C
2001b174   ti_sysbios_knl_Semaphore_Module__diagsMask__C
2001b178   ti_sysbios_knl_Semaphore_Module__loggerFxn2__C
2001b17c   ti_sysbios_knl_Semaphore_Module__loggerFxn4__C
2001b180   ti_sysbios_knl_Semaphore_Module__loggerObj__C
2001b184   ti_sysbios_knl_Swi_LD_end__C
2001b188   ti_sysbios_knl_Swi_LM_begin__C
2001b18c   ti_sysbios_knl_Swi_LM_post__C
2001b190   ti_sysbios_knl_Swi_Module__diagsEnabled__C
2001b194   ti_sysbios_knl_Swi_Module__diagsIncluded__C
2001b198   ti_sysbios_knl_Swi_Module__diagsMask__C
2001b19c   ti_sysbios_knl_Swi_Module__loggerFxn1__C
2001b1a0   ti_sysbios_knl_Swi_Module__loggerFxn4__C
2001b1a4   ti_sysbios_knl_Swi_Module__loggerObj__C
2001b1a8   ti_sysbios_knl_Swi_Object__count__C
2001b1ac   ti_sysbios_knl_Task_A_badPriority__C
2001b1b0   ti_sysbios_knl_Task_A_badTaskState__C
2001b1b4   ti_sysbios_knl_Task_A_badThreadType__C
2001b1b8   ti_sysbios_knl_Task_A_badTimeout__C
2001b1bc   ti_sysbios_knl_Task_A_noPendElem__C
2001b1c0   ti_sysbios_knl_Task_A_sleepTaskDisabled__C
2001b1c4   ti_sysbios_knl_Task_E_spOutOfBounds__C
2001b1c8   ti_sysbios_knl_Task_E_stackOverflow__C
2001b1cc   ti_sysbios_knl_Task_LD_block__C
2001b1d0   ti_sysbios_knl_Task_LD_exit__C
2001b1d4   ti_sysbios_knl_Task_LD_ready__C
2001b1d8   ti_sysbios_knl_Task_LM_sleep__C
2001b1dc   ti_sysbios_knl_Task_LM_switch__C
2001b1e0   ti_sysbios_knl_Task_Module_State_inactiveQ__O
2001b1e4   ti_sysbios_knl_Task_Module__diagsEnabled__C
2001b1e8   ti_sysbios_knl_Task_Module__diagsIncluded__C
2001b1ec   ti_sysbios_knl_Task_Module__diagsMask__C
2001b1f0   ti_sysbios_knl_Task_Module__loggerFxn2__C
2001b1f4   ti_sysbios_knl_Task_Module__loggerFxn4__C
2001b1f8   ti_sysbios_knl_Task_Module__loggerObj__C
2001b1fc   ti_sysbios_knl_Task_Object__count__C
2001b200   ti_sysbios_knl_Task_allBlockedFunc__C
2001b204   ti_sysbios_knl_Task_defaultStackHeap__C
2001b208   ti_sysbios_knl_Task_defaultStackSize__C
2001b20c   ti_sysbios_knl_Task_numConstructedTasks__C
2001b210   xdc_runtime_Assert_E_assertFailed__C
2001b214   xdc_runtime_Core_A_initializedParams__C
2001b218   xdc_runtime_Core_Module__diagsEnabled__C
2001b21c   xdc_runtime_Core_Module__diagsIncluded__C
2001b220   xdc_runtime_Core_Module__diagsMask__C
2001b224   xdc_runtime_Error_E_memory__C
2001b228   xdc_runtime_Error_Module__diagsEnabled__C
2001b22c   xdc_runtime_Error_Module__diagsIncluded__C
2001b230   xdc_runtime_Error_Module__diagsMask__C
2001b234   xdc_runtime_Error_Module__loggerFxn8__C
2001b238   xdc_runtime_Error_Module__loggerObj__C
2001b23c   xdc_runtime_Error_policyFxn__C
2001b240   xdc_runtime_Error_raiseHook__C
2001b244   xdc_runtime_IFilterLogger_Interface__BASE__C
2001b248   xdc_runtime_IGateProvider_Interface__BASE__C
2001b24c   xdc_runtime_IHeap_Interface__BASE__C
2001b250   xdc_runtime_ILogger_Interface__BASE__C
2001b254   xdc_runtime_IModule_Interface__BASE__C
2001b258   xdc_runtime_Log_L_error__C
2001b25c   xdc_runtime_LoggerBuf_E_badLevel__C
2001b260   xdc_runtime_LoggerBuf_Module__gateObj__C
2001b264   xdc_runtime_LoggerBuf_Object__count__C
2001b268   xdc_runtime_LoggerBuf_statusLogger__C
2001b26c   xdc_runtime_Memory_defaultHeapInstance__C
2001b270   xdc_runtime_Startup_execImpl__C
2001b274   xdc_runtime_Startup_maxPasses__C
2001b278   xdc_runtime_Startup_sfxnRts__C
2001b27c   xdc_runtime_Startup_sfxnTab__C
2001b280   xdc_runtime_SysMin_bufSize__C
2001b284   xdc_runtime_SysMin_outputFunc__C
2001b288   xdc_runtime_System_Module__gateObj__C
2001b28c   xdc_runtime_System_abortFxn__C
2001b290   xdc_runtime_System_exitFxn__C
2001b294   xdc_runtime_System_extendFxn__C
2001b298   xdc_runtime_System_maxAtexitHandlers__C
2001b29c   xdc_runtime_Text_charTab__C
2001b2a0   xdc_runtime_Text_nameEmpty__C
2001b2a4   xdc_runtime_Text_nameStatic__C
2001b2a8   xdc_runtime_Text_nameUnknown__C
2001b2ac   xdc_runtime_Text_nodeTab__C
2001b2b0   xdc_runtime_Text_visitRopeFxn__C
2001b2b4   ti_sysbios_family_arm_m3_Hwi_Module__loggerDefined__C
2001b2b6   ti_sysbios_family_arm_m3_Timer_Module__id__C
2001b2b8   ti_sysbios_family_arm_m3_TimestampProvider_configTimer__C
2001b2ba   ti_sysbios_gates_GateMutex_Module__id__C
2001b2bc   ti_sysbios_hal_Hwi_Module__id__C
2001b2be   ti_sysbios_heaps_HeapMem_Module__id__C
2001b2c0   ti_sysbios_knl_Clock_Module__id__C
2001b2c2   ti_sysbios_knl_Clock_Module__loggerDefined__C
2001b2c4   ti_sysbios_knl_Mailbox_Module__id__C
2001b2c6   ti_sysbios_knl_Semaphore_Module__id__C
2001b2c8   ti_sysbios_knl_Semaphore_Module__loggerDefined__C
2001b2ca   ti_sysbios_knl_Swi_Module__id__C
2001b2cc   ti_sysbios_knl_Swi_Module__loggerDefined__C
2001b2ce   ti_sysbios_knl_Task_Module__id__C
2001b2d0   ti_sysbios_knl_Task_Module__loggerDefined__C
2001b2d2   ti_sysbios_knl_Task_initStackFlag__C
2001b2d4   xdc_runtime_Core_Module__id__C
2001b2d6   xdc_runtime_Error_Module__loggerDefined__C
2001b2d8   xdc_runtime_Error_maxDepth__C
2001b2da   xdc_runtime_LoggerBuf_Module__id__C
2001b2dc   xdc_runtime_LoggerBuf_filterByLevel__C
2001b2de   xdc_runtime_Memory_Module__id__C
2001b2e0   xdc_runtime_SysMin_flushAtExit__C
2001b2e2   xdc_runtime_Text_charCnt__C
2001b2e4   xdc_runtime_Text_isLoaded__C
2001b2e6   xdc_runtime_Text_registryModsLastId__C
2001b2e8   xdc_runtime_Text_unnamedModsLastId__C
2001b2f0   __TI_static_base__
2001b6cc   __TI_Handler_Table_Base
2001b6d8   __TI_Handler_Table_Limit
2001b6e0   __TI_CINIT_Base
2001b6f0   __TI_CINIT_Limit
2001edb8   ti_sysbios_heaps_HeapMem_Instance_State_0_buf__A
20026db8   ti_sysbios_knl_Task_Instance_State_0_stack__A
200275b8   xdc_runtime_LoggerBuf_Instance_State_0_entryArr__A
200279b8   xdc_runtime_SysMin_Module_State_0_outbuf__A
20027db8   ti_sysbios_family_arm_m3_Hwi_dispatchTable
200280c4   g_StatMem
2002823c   __CIOBUF_
2002835c   buf
20028424   g_ucDinDout
20028474   g_ucConnectionSSID
20028498   sAddr
200284a8   g_ucConnectionBSSID
200284b8   DMAMsgQ
200284bc   SimpleLinkSpawnTaskHndl
200284c8   g_cDummy
200284cc   iSockID
200284d0   simpleLink_mailbox
200284d4   g_usConnectIndex
200284da   g_ucLED1Pin
200284db   g_ucLED2Pin
200284dc   g_ucLED3Pin
200284dd   g_usTimerInts
200284e0   ti_sysbios_family_arm_m3_Hwi_Module__root__V
200284e8   ti_sysbios_family_arm_m3_Hwi_Object__table__V
20028500   ti_sysbios_family_arm_m3_Hwi_Module_State_0_excActive__A
20028504   ti_sysbios_family_arm_m3_Hwi_Module_State_0_excContext__A
20028508   ti_sysbios_family_arm_m3_Hwi_Module_State_0_excStack__A
2002850c   ti_sysbios_family_arm_m3_Timer_Module__root__V
20028514   ti_sysbios_family_arm_m3_Timer_Module__state__V
20028520   ti_sysbios_family_arm_m3_TimestampProvider_Module__state__V
20028524   ti_sysbios_gates_GateHwi_Module__root__V
2002852c   ti_sysbios_gates_GateHwi_Object__table__V
20028530   ti_sysbios_gates_GateMutex_Module__root__V
20028538   ti_sysbios_hal_Hwi_Module__root__V
20028540   ti_sysbios_hal_Timer_Module__root__V
20028548   ti_sysbios_heaps_HeapMem_Module__root__V
20028550   ti_sysbios_heaps_HeapMem_Object__table__V
20028568   ti_sysbios_knl_Clock_Module__root__V
20028570   ti_sysbios_knl_Event_Module__root__V
20028578   ti_sysbios_knl_Mailbox_Module__root__V
20028580   ti_sysbios_knl_Queue_Module__root__V
20028588   ti_sysbios_knl_Semaphore_Module__root__V
20028590   ti_sysbios_knl_Swi_Module__root__V
20028598   ti_sysbios_knl_Swi_Module__state__V
200285b4   ti_sysbios_knl_Task_Module__root__V
200285bc   ti_sysbios_knl_Task_Module_State_0_idleTask__A
200285c0   xdc_runtime_Error_Module__state__V
200285c4   xdc_runtime_LoggerBuf_Module__root__V
200285cc   xdc_runtime_LoggerBuf_Module__state__V
200285d4   xdc_runtime_Memory_Module__state__V
200285d8   xdc_runtime_Registry_Module__state__V
200285e0   xdc_runtime_Startup_Module__state__V
200285e8   xdc_runtime_SysMin_Module__state__V
200285f4   xdc_runtime_System_Module_State_0_atexitHandlers__A
20028604   xdc_runtime_System_Module__state__V
2002860c   xdc_runtime_Text_Module__state__V
20028614   __xdc__init__addr
200286c8   cryptedMessage
20028748   messageToBeCrypted
200287c8   recievedFromServer
20028848   _Denorm
20028858   _Eps
20028868   _Hugeval
20028878   _Inf
20028888   _Nan
20028898   _Snan
200288a8   _Rteps
200288b8   _Xbig
200288c0   _Zero
200288c8   ti_sysbios_knl_Swi_Module_State_0_readyQ__A
20028948   ti_sysbios_knl_Task_Module_State_0_readyQ__A
200289c8   _FDenorm
200289d8   _FEps
200289e8   _FInf
200289f8   _FNan
20028a08   _FSnan
20028a18   _FRteps
20028a28   _FXbig
20028a2c   _FZero
20028a30   data
20028a88   Key
20028a98   IV
20028aa8   buflen
20028aac   interupt_flag
20028aad   crypt_flag
20028ab0   heartbeat
20028ab4   server_rtc
20028ab8   messageLength
20028abc   pingSent
20028ac0   ResetTimerCount
20028ac4   iAddrSize
20028ac8   topicString
20028ad4   SecurityParams
20028ae0   TSK_idle
20028ae0   ti_sysbios_knl_Task_Object__table__V
20028b2c   ti_sysbios_knl_Task_Module__state__V
20028b70   ti_sysbios_gates_GateMutex_Object__table__V
20028ba8   ti_sysbios_family_arm_m3_Hwi_Module__state__V
20028bdc   ti_sysbios_family_arm_m3_Timer_Object__table__V
20028c0c   ti_sysbios_knl_Swi_Object__table__V
20028c3c   ti_sysbios_knl_Clock_Module__state__V
20028c68   ti_sysbios_BIOS_Module__state__V
20028c8c   xdc_runtime_LoggerBuf_Object__table__V
20028cc0   g_uiLED1Port
20028cc4   g_uiLED2Port
20028cc8   g_uiLED3Port
20028ccc   g_pHostIntHdl
20028cd0   g_SpiFd
20028cd4   g_ucDMAEnabled
20028cd8   g_len
20028cdc   g_ulStatus
20028ce0   g_ulStaIp
20028ce4   g_ulGatewayIP
20028ce8   _lock
20028cec   _unlock
20028cf0   __TI_cleanup_ptr
20028cf4   __TI_dtors_ptr
20028cf8   _Fenv
20028cfc   _Tls_setup__Fenv
20028d00   g_pCB
20028d04   pPingCallBackFunc
20028d08   _Errno
20028d0c   main_func_sp
20035db0   __stack
20037db0   __STACK_END
e000e000   ti_sysbios_family_arm_m3_Hwi_nvic
ffffffff   __binit__
ffffffff   __c_args__
ffffffff   binit
UNDEFED    SHT$$INIT_ARRAY$$Base
UNDEFED    SHT$$INIT_ARRAY$$Limit

[1347 symbols]
