******************************************************************************
                  TI ARM Linker PC v5.1.5                      
******************************************************************************
>> Linked Thu Aug 28 10:52:52 2014

OUTPUT FILE NAME:   <email.out>
ENTRY POINT SYMBOL: "_c_int00"  address: 20015d0d


MEMORY CONFIGURATION

         name            origin    length      used     unused   attr    fill
----------------------  --------  ---------  --------  --------  ----  --------
  SRAM_CODE             20004000   0001adb0  00015f78  00004e38  RW X
  SRAM_DATA             2001edb1   00019000  0000bf6a  0000d096  RW X


SEGMENT ALLOCATION MAP

run origin  load origin   length   init length attrs members
----------  ----------- ---------- ----------- ----- -------
20004000    20004000    00015f80   00015f80    r-x
  20004000    20004000    0000030c   0000030c    r-- .resetVecs
  2000430c    2000430c    000131ea   000131ea    r-x .text
  200174f8    200174f8    00002682   00002682    r-- .const
  20019b80    20019b80    00000400   00000400    r-- .cinit
2001edb8    2001edb8    00009f6c   00000000    rw-
  2001edb8    2001edb8    00009736   00000000    rw- .bss
  200284f0    200284f0    00000834   00000000    rw- .data
20035db0    20035db0    00002000   00000000    rw-
  20035db0    20035db0    00002000   00000000    rw- .stack


SECTION ALLOCATION MAP

 output                                  attributes/
section   page    origin      length       input sections
--------  ----  ----------  ----------   ----------------
.bootVecs 
*          0    00000000    00000008     DSECT
                  00000000    00000008     boot.aem4 : boot.oem4 (.bootVecs)

xdc.meta   0    00000000    000000ee     COPY SECTION
                  00000000    000000ee     app_pem4.oem4 (xdc.meta)

.init_array 
*          0    20004000    00000000     UNINITIALIZED

.vecs      0    20004000    00000000     DSECT

.resetVecs 
*          0    20004000    0000030c     
                  20004000    0000030c     app_pem4.oem4 (.resetVecs)

.text      0    2000430c    000131ea     
                  2000430c    0000126c     simplelink.a : driver.obj (.text)
                  20005578    00000f4c     main.obj (.text)
                  200064c4    00000ec0     rtsv7M4_T_le_eabi.lib : _printfi.obj (.text)
                  20007384    00000b6c     network_if.obj (.text)
                  20007ef0    0000098c     driverlib.a : prcm.obj (.text)
                  2000887c    00000960     simplelink.a : socket.obj (.text)
                  200091dc    000007a4                  : wlan.obj (.text)
                  20009980    0000079c     driverlib.a : spi.obj (.text)
                  2000a11c    00000748     simplelink.a : netapp.obj (.text)
                  2000a864    0000067a     driverlib.a : i2c.obj (.text)
                  2000aede    00000002     app_pem4.oem4 (.text:ti_sysbios_BIOS_nullFunc__I)
                  2000aee0    00000650     driverlib.a : aes.obj (.text)
                  2000b530    00000538     ti_rtos.a : osi_tirtos.obj (.text)
                  2000ba68    00000514     simplelink.a : cc_pal.obj (.text)
                  2000bf7c    000004a4     driverlib.a : udma.obj (.text)
                  2000c420    00000490     rtsv7M4_T_le_eabi.lib : pow.obj (.text)
                  2000c8b0    0000048c     driverlib.a : uart.obj (.text)
                  2000cd3c    00000424     sysbios.aem4 : BIOS.obj (.text:ti_sysbios_family_arm_m3_Hwi_excDumpRegs__I)
                  2000d160    0000040c     tmp006drv.obj (.text)
                  2000d56c    000003f8     MQTTPacket.obj (.text)
                  2000d964    000003b4     simplelink.a : device.obj (.text)
                  2000dd18    000003ac     MQTTConnectClient.obj (.text)
                  2000e0c4    0000039c     driverlib.a : timer.obj (.text)
                  2000e460    00000394                 : adc.obj (.text)
                  2000e7f4    00000394     gpio_if.obj (.text)
                  2000eb88    00000370     driverlib.a : interrupt.obj (.text)
                  2000eef8    0000033c     ti.targets.arm.rtsarm.aem4 : System.oem4 (.text:xdc_runtime_System_doPrint__I)
                  2000f234    00000334     driverlib.a : gpio.obj (.text)
                  2000f568    00000304     sysbios.aem4 : BIOS.obj (.text:ti_sysbios_knl_Semaphore_pend__E)
                  2000f86c    00000300     driverlib.a : flash.obj (.text)
                  2000fb6c    000002e4     rtsv7M4_T_le_eabi.lib : xlog.obj (.text)
                  2000fe50    000002d4                           : trgdrv.obj (.text)
                  20010124    00000290     i2c_if.obj (.text)
                  200103b4    00000284     driverlib.a : pin.obj (.text)
                  20010638    0000025c     adc_func.obj (.text)
                  20010894    00000248     sysbios.aem4 : BIOS.obj (.text:ti_sysbios_heaps_HeapMem_free__E)
                  20010adc    00000234                  : BIOS.obj (.text:ti_sysbios_heaps_HeapMem_alloc__E)
                  20010d10    00000228                  : BIOS.obj (.text:ti_sysbios_knl_Task_Instance_finalize__E)
                  20010f38    00000218     MQTTSerializePublish.obj (.text)
                  20011150    00000214     MQTTSubscribeClient.obj (.text)
                  20011364    00000208     sysbios.aem4 : BIOS.obj (.text:ti_sysbios_knl_Task_sleep__E)
                  2001156c    000001fc     rtsv7M4_T_le_eabi.lib : xexp.obj (.text)
                  20011768    000001f8     sysbios.aem4 : BIOS.obj (.text:ti_sysbios_family_arm_m3_Hwi_excHandlerMax__I)
                  20011960    000001f4     rtsv7M4_T_le_eabi.lib : ull_div_t2.obj (.text)
                  20011b54    000001d4     uart_if.obj (.text)
                  20011d28    000001bc     sysbios.aem4 : BIOS.obj (.text:ti_sysbios_knl_Task_Instance_init__E)
                  20011ee4    000001b6     rtsv7M4_T_le_eabi.lib : fd_add_t2.obj (.text)
                  2001209a    00000002     sysbios.aem4 : BIOS.obj (.text:ti_sysbios_gates_GateHwi_Instance_init__E)
                  2001209c    000001b4     timer_if.obj (.text)
                  20012250    0000018c     sysbios.aem4 : BIOS.obj (.text:ti_sysbios_knl_Task_Module_startup__E)
                  200123dc    00000168                  : BIOS.obj (.text:ti_sysbios_family_arm_m3_Hwi_excBusFault__I)
                  20012544    00000160                  : BIOS.obj (.text:ti_sysbios_knl_Mailbox_Instance_init__E)
                  200126a4    00000154                  : BIOS.obj (.text:ti_sysbios_family_arm_m3_Hwi_excUsageFault__I)
                  200127f8    00000140                  : BIOS.obj (.text:ti_sysbios_family_arm_m3_Hwi_excMemFault__I)
                  20012938    0000013c                  : BIOS.obj (.text:ti_sysbios_family_arm_m3_Hwi_dispatchC__I)
                  20012a74    00000138     MQTTDeserializePublish.obj (.text)
                  20012bac    00000138     sysbios.aem4 : BIOS.obj (.text:ti_sysbios_heaps_HeapMem_Instance_init__E)
                  20012ce4    00000138                  : BIOS.obj (.text:ti_sysbios_knl_Semaphore_post__E)
                  20012e1c    00000136     rtsv7M4_T_le_eabi.lib : fd_div_t2.obj (.text)
                  20012f52    00000002     app_pem4.oem4 (.text:xdc_runtime_Startup_reset__I)
                  20012f54    00000130     ti.targets.arm.rtsarm.aem4 : LoggerBuf.oem4 (.text:xdc_runtime_LoggerBuf_write8__E)
                  20013084    0000012c     sysbios.aem4 : BIOS.obj (.text:ti_sysbios_knl_Clock_workFunc__E)
                  200131b0    00000120                  : BIOS.obj (.text:ti_sysbios_knl_Swi_run__I)
                  200132d0    00000120     ti.targets.arm.rtsarm.aem4 : Error.oem4 (.text:xdc_runtime_Error_policyDefault__E)
                  200133f0    00000110     rtsv7M4_T_le_eabi.lib : xdscale.obj (.text)
                  20013500    00000104     ti.targets.arm.rtsarm.aem4 : Core-mem.oem4 (.text:xdc_runtime_Core_createObject__I)
                  20013604    00000104     app_pem4.oem4 (.text:xdc_runtime_System_printfExtend__I)
                  20013708    000000fc     rtsv7M4_T_le_eabi.lib : fd_mul_t2.obj (.text)
                  20013804    000000fc     ti.targets.arm.rtsarm.aem4 : Startup.oem4 (.text:xdc_runtime_Startup_startMods__I)
                  20013900    000000d4                                : LoggerBuf.oem4 (.text:xdc_runtime_LoggerBuf_write4__E)
                  200139d4    000000d0     sysbios.aem4 : m3_Hwi_asm.obj (.text:ti_sysbios_family_arm_m3_Hwi_dispatch__I)
                  20013aa4    000000cc     ti.targets.arm.rtsarm.aem4 : Core-smem.oem4 (.text:xdc_runtime_Core_constructObject__I)
                  20013b70    000000c8     sysbios.aem4 : BIOS.obj (.text:ti_sysbios_knl_Task_schedule__I)
                  20013c38    000000c4     rtsv7M4_T_le_eabi.lib : xdint.obj (.text)
                  20013cfc    000000c4                           : xdnorm.obj (.text)
                  20013dc0    000000c4     sysbios.aem4 : BIOS.obj (.text:ti_sysbios_family_arm_m3_Hwi_Module_startup__E)
                  20013e84    000000c0                  : BIOS.obj (.text:ti_sysbios_knl_Task_exit__E)
                  20013f44    000000bc                  : BIOS.obj (.text:ti_sysbios_knl_Task_startCore__E)
                  20014000    000000b4     pinmux.obj (.text)
                  200140b4    000000b4     simplelink.a : netcfg.obj (.text)
                  20014168    000000b4     sysbios.aem4 : BIOS.obj (.text:ti_sysbios_family_arm_m3_Hwi_excHardFault__I)
                  2001421c    000000b4                  : BIOS.obj (.text:ti_sysbios_gates_GateMutex_enter__E)
                  200142d0    000000b4                  : BIOS.obj (.text:ti_sysbios_knl_Task_checkStacks__E)
                  20014384    000000b0                  : BIOS.obj (.text:ti_sysbios_family_arm_m3_Hwi_excDebugMon__I)
                  20014434    000000a8                  : BIOS.obj (.text:ti_sysbios_knl_Swi_post__E)
                  200144dc    000000a8                  : BIOS.obj (.text:ti_sysbios_knl_Task_blockI__E)
                  20014584    000000a8                  : BIOS.obj (.text:ti_sysbios_knl_Task_postInit__I)
                  2001462c    000000a0     auto_init.aem4 : auto_init.oem4 (.text)
                  200146cc    0000009c     rtsv7M4_T_le_eabi.lib : memcpy_t2.obj (.text)
                  20014768    0000009c     sysbios.aem4 : BIOS.obj (.text:ti_sysbios_family_arm_m3_Hwi_Instance_init__E)
                  20014804    0000009c                  : BIOS.obj (.text:ti_sysbios_knl_Semaphore_Instance_init__E)
                  200148a0    0000009a     ti.targets.arm.rtsarm.aem4 : Text.oem4 (.text:xdc_runtime_Text_putSite__E)
                  2001493a    00000002     --HOLE-- [fill = 0]
                  2001493c    00000094     simplelink.a : nonos.obj (.text)
                  200149d0    00000094     sysbios.aem4 : BIOS.obj (.text:ti_sysbios_knl_Mailbox_post__E)
                  20014a64    00000094                  : BIOS.obj (.text:ti_sysbios_knl_Task_unblockI__E)
                  20014af8    00000094     ti.targets.arm.rtsarm.aem4 : Text.oem4 (.text:xdc_runtime_Text_putMod__E)
                  20014b8c    00000088     rtsv7M4_T_le_eabi.lib : vsnprintf.obj (.text)
                  20014c14    00000088     sysbios.aem4 : BIOS.obj (.text:ti_sysbios_knl_Mailbox_Module_startup__E)
                  20014c9c    00000086     rtsv7M4_T_le_eabi.lib : fd_cmp_t2.obj (.text:__aeabi_cdcmple)
                  20014d22    00000086                           : fd_cmp_t2.obj (.text:__aeabi_cdrcmple)
                  20014da8    00000084     sysbios.aem4 : BIOS.obj (.text:ti_sysbios_family_arm_m3_Hwi_initNVIC__E)
                  20014e2c    00000084                  : BIOS.obj (.text:ti_sysbios_knl_Mailbox_pend__E)
                  20014eb0    00000080     ti.targets.arm.rtsarm.aem4 : LoggerBuf.oem4 (.text:xdc_runtime_LoggerBuf_setFilterLevel__E)
                  20014f30    0000007a     rtsv7M4_T_le_eabi.lib : fs_mul_t2.obj (.text)
                  20014faa    00000078                           : memset_t2.obj (.text)
                  20015022    00000002     --HOLE-- [fill = 0]
                  20015024    00000070     sysbios.aem4 : BIOS.obj (.text:ti_sysbios_family_arm_m3_Hwi_postInit__I)
                  20015094    00000070                  : BIOS.obj (.text:ti_sysbios_knl_Mailbox_Instance_finalize__E)
                  20015104    00000070     ti.targets.arm.rtsarm.aem4 : Memory.oem4 (.text:xdc_runtime_Memory_alloc__E)
                  20015174    0000006c                                : Error.oem4 (.text:xdc_runtime_Error_print__E)
                  200151e0    0000006c                                : LoggerBuf.oem4 (.text:xdc_runtime_LoggerBuf_getFilterLevel__E)
                  2001524c    00000066                                : Core-mem.oem4 (.text:xdc_runtime_Core_deleteObject__I)
                  200152b2    00000064     rtsv7M4_T_le_eabi.lib : xdunscal.obj (.text)
                  20015316    00000002     --HOLE-- [fill = 0]
                  20015318    00000064     app_pem4.oem4 (.text:ti_sysbios_family_arm_m3_Hwi_create)
                  2001537c    00000064     app_pem4.oem4 (.text:ti_sysbios_knl_Mailbox_create)
                  200153e0    00000060     rtsv7M4_T_le_eabi.lib : trgmsg.obj (.text)
                  20015440    00000060     sysbios.aem4 : BIOS.obj (.text:ti_sysbios_family_arm_m3_TimestampProvider_get64__E)
                  200154a0    00000060                  : BIOS.obj (.text:ti_sysbios_knl_Clock_logTick__E)
                  20015500    00000060     ti.targets.arm.rtsarm.aem4 : System.oem4 (.text:xdc_runtime_System_formatNum__I)
                  20015560    0000005e     driverlib.a : cpu.obj (.text)
                  200155be    0000005e     rtsv7M4_T_le_eabi.lib : copy_decompress_rle.obj (.text)
                  2001561c    0000005c     sysbios.aem4 : BIOS.obj (.text:ti_sysbios_family_arm_m3_Timer_setPeriod__E)
                  20015678    0000005c     app_pem4.oem4 (.text:ti_sysbios_knl_Task_create)
                  200156d4    0000005c     app_pem4.oem4 (.text:xdc_runtime_LoggerBuf_Object__create__S)
                  20015730    0000005b     ti.targets.arm.rtsarm.aem4 : Text.oem4 (.text:xdc_runtime_Text_putLab__E)
                  2001578b    00000001     --HOLE-- [fill = 0]
                  2001578c    0000005a     rtsv7M4_T_le_eabi.lib : ltoa.obj (.text)
                  200157e6    00000002     --HOLE-- [fill = 0]
                  200157e8    00000058     simplelink.a : flowcont.obj (.text)
                  20015840    00000058     sysbios.aem4 : BIOS.obj (.text:ti_sysbios_knl_Swi_restoreHwi__E)
                  20015898    00000058                  : BIOS.obj (.text:ti_sysbios_knl_Swi_schedule__I)
                  200158f0    00000054                  : BIOS.obj (.text:ti_sysbios_family_arm_m3_Timer_start__E)
                  20015944    00000050     ti.targets.arm.rtsarm.aem4 : Startup.oem4 (.text:xdc_runtime_Startup_exec__E)
                  20015994    00000050                                : Text.oem4 (.text:xdc_runtime_Text_visitRope2__I)
                  200159e4    0000004c     rtsv7M4_T_le_eabi.lib : atoi.obj (.text)
                  20015a30    0000004c     sysbios.aem4 : m3_TaskSupport_asm.obj (.text:ti_sysbios_family_arm_m3_TaskSupport_buildTaskStack)
                  20015a7c    0000004c                  : BIOS.obj (.text:ti_sysbios_knl_Swi_runLoop__I)
                  20015ac8    0000004a     rtsv7M4_T_le_eabi.lib : fd_tos_t2.obj (.text)
                  20015b12    00000048                           : fd_toi_t2.obj (.text)
                  20015b5a    00000002     --HOLE-- [fill = 0]
                  20015b5c    00000048     sysbios.aem4 : BIOS.obj (.text:ti_sysbios_family_arm_m3_Hwi_excReserved__I)
                  20015ba4    00000048                  : m3_Hwi_asm_switch.obj (.text:ti_sysbios_family_arm_m3_Hwi_initStacks__E)
                  20015bec    00000048                  : BIOS.obj (.text:ti_sysbios_family_arm_m3_Timer_initDevice__I)
                  20015c34    00000048                  : BIOS.obj (.text:ti_sysbios_heaps_HeapMem_getStats__E)
                  20015c7c    00000048     ti.targets.arm.rtsarm.aem4 : Assert.oem4 (.text:xdc_runtime_Assert_raise__I)
                  20015cc4    00000046                                : Core-params.oem4 (.text:xdc_runtime_Core_assignParams__I)
                  20015d0a    00000002     --HOLE-- [fill = 0]
                  20015d0c    00000044     boot.aem4 : boot.oem4 (.text)
                  20015d50    00000044     rtsv7M4_T_le_eabi.lib : cpy_tbl.obj (.text)
                  20015d94    00000044                           : exit.obj (.text)
                  20015dd8    00000044                           : fd_tou_t2.obj (.text)
                  20015e1c    00000044                           : xdtest.obj (.text)
                  20015e60    00000044     sysbios.aem4 : BIOS.obj (.text:ti_sysbios_family_arm_m3_Hwi_disableInterrupt__E)
                  20015ea4    00000044                  : BIOS.obj (.text:ti_sysbios_family_arm_m3_Hwi_enableInterrupt__E)
                  20015ee8    00000044                  : BIOS.obj (.text:ti_sysbios_knl_Task_allBlockedFunction__I)
                  20015f2c    00000044     ti.targets.arm.rtsarm.aem4 : Error.oem4 (.text:xdc_runtime_Error_setX__E)
                  20015f70    00000044                                : LoggerBuf.oem4 (.text:xdc_runtime_LoggerBuf_filterOutEvent__I)
                  20015fb4    00000044                                : SysMin.oem4 (.text:xdc_runtime_SysMin_flush__E)
                  20015ff8    00000042     rtsv7M4_T_le_eabi.lib : u_divt2.obj (.text)
                  2001603a    00000002     --HOLE-- [fill = 0]
                  2001603c    00000040                           : signal.obj (.text)
                  2001607c    00000040                           : strtok.obj (.text)
                  200160bc    00000040     sysbios.aem4 : BIOS.obj (.text:ti_sysbios_family_arm_m3_Timer_Module_startup__E)
                  200160fc    00000040                  : BIOS.obj (.text:ti_sysbios_knl_Mailbox_postInit__I)
                  2001613c    0000003e     app_pem4.oem4 (.text:realloc)
                  2001617a    00000002     --HOLE-- [fill = 0]
                  2001617c    0000003c     sysbios.aem4 : BIOS.obj (.text:ti_sysbios_family_arm_m3_Hwi_excSvCall__I)
                  200161b8    0000003c                  : BIOS.obj (.text:ti_sysbios_heaps_HeapMem_init__I)
                  200161f4    0000003c                  : BIOS.obj (.text:ti_sysbios_knl_Swi_startup__E)
                  20016230    0000003c     ti.targets.arm.rtsarm.aem4 : Text.oem4 (.text:xdc_runtime_Text_xprintf__I)
                  2001626c    0000003a                                : LoggerBuf.oem4 (.text:xdc_runtime_LoggerBuf_Instance_init__E)
                  200162a6    00000038     rtsv7M4_T_le_eabi.lib : fs_tod_t2.obj (.text)
                  200162de    00000038                           : fs_toi_t2.obj (.text)
                  20016316    00000002     --HOLE-- [fill = 0]
                  20016318    00000038     sysbios.aem4 : BIOS.obj (.text:ti_sysbios_family_arm_m3_Hwi_excNoIsr__I)
                  20016350    00000038                  : BIOS.obj (.text:ti_sysbios_family_arm_m3_Hwi_getStackInfo__E)
                  20016388    00000038                  : BIOS.obj (.text:ti_sysbios_family_arm_m3_TaskSupport_start__E)
                  200163c0    00000038                  : BIOS.obj (.text:ti_sysbios_knl_Task_processVitalTaskFlag__I)
                  200163f8    00000038     ti.targets.arm.rtsarm.aem4 : SysMin.oem4 (.text:xdc_runtime_SysMin_putch__E)
                  20016430    00000038                                : System.oem4 (.text:xdc_runtime_System_atexit__E)
                  20016468    00000034     rtsv7M4_T_le_eabi.lib : feraiseexcept.obj (.text)
                  2001649c    00000034     sysbios.aem4 : BIOS.obj (.text:ti_sysbios_family_arm_m3_Hwi_excNmi__I)
                  200164d0    00000034                  : BIOS.obj (.text:ti_sysbios_family_arm_m3_Timer_periodicStub__I)
                  20016504    00000034                  : BIOS.obj (.text:ti_sysbios_hal_Hwi_checkStack)
                  20016538    00000034     app_pem4.oem4 (.text:ti_sysbios_knl_Semaphore_create)
                  2001656c    00000034     ti.targets.arm.rtsarm.aem4 : Core-label.oem4 (.text:xdc_runtime_Core_assignLabel__I)
                  200165a0    00000033                                : Text.oem4 (.text:xdc_runtime_Text_printVisFxn__I)
                  200165d3    00000001     --HOLE-- [fill = 0]
                  200165d4    00000032     sysbios.aem4 : BIOS.obj (.text:ti_sysbios_knl_Semaphore_pendTimeout__I)
                  20016606    00000002     --HOLE-- [fill = 0]
                  20016608    00000030     rtsv7M4_T_le_eabi.lib : xferaise.obj (.text)
                  20016638    00000030     app_pem4.oem4 (.text:ti_sysbios_BIOS_atExitFunc__I)
                  20016668    00000030     app_pem4.oem4 (.text:ti_sysbios_gates_GateHwi_Object__create__S)
                  20016698    00000030     app_pem4.oem4 (.text:ti_sysbios_gates_GateMutex_Object__create__S)
                  200166c8    00000030     app_pem4.oem4 (.text:ti_sysbios_heaps_HeapMem_Object__create__S)
                  200166f8    00000030     app_pem4.oem4 (.text:ti_sysbios_knl_Semaphore_construct)
                  20016728    00000030     ti.targets.arm.rtsarm.aem4 : SysMin.oem4 (.text:xdc_runtime_SysMin_abort__E)
                  20016758    00000030                                : System.oem4 (.text:xdc_runtime_System_processAtExit__E)
                  20016788    0000002e     app_pem4.oem4 (.text:malloc)
                  200167b6    0000002e     rtsv7M4_T_le_eabi.lib : i_tofd_t2.obj (.text)
                  200167e4    0000002e                           : raise.obj (.text)
                  20016812    00000002     --HOLE-- [fill = 0]
                  20016814    0000002c     sysbios.aem4 : BIOS.obj (.text:ti_sysbios_family_arm_m3_Hwi_Instance_finalize__E)
                  20016840    0000002c                  : BIOS.obj (.text:ti_sysbios_hal_Hwi_initStack)
                  2001686c    0000002c     app_pem4.oem4 (.text:ti_sysbios_knl_Clock_doTick__I)
                  20016898    0000002c     app_pem4.oem4 (.text:ti_sysbios_knl_Queue_construct)
                  200168c4    0000002c     sysbios.aem4 : BIOS.obj (.text:ti_sysbios_knl_Task_restore__E)
                  200168f0    0000002c     ti.targets.arm.rtsarm.aem4 : Text.oem4 (.text:xdc_runtime_Text_cordText__E)
                  2001691c    0000002a     rtsv7M4_T_le_eabi.lib : strspn.obj (.text)
                  20016946    0000002a     ti.targets.arm.rtsarm.aem4 : System.oem4 (.text:xdc_runtime_System_putchar__I)
                  20016970    00000028                                : LoggerBuf.oem4 (.text:xdc_runtime_LoggerBuf_Module_startup__E)
                  20016998    00000026     rtsv7M4_T_le_eabi.lib : strncmp.obj (.text)
                  200169be    00000026     ti.targets.arm.rtsarm.aem4 : System.oem4 (.text:xdc_runtime_System_avprintf__E)
                  200169e4    00000024     app_pem4.oem4 (.text:ti_sysbios_BIOS_errorRaiseHook__I)
                  20016a08    00000024     app_pem4.oem4 (.text:ti_sysbios_BIOS_registerRTSLock__I)
                  20016a2c    00000024     app_pem4.oem4 (.text:ti_sysbios_BIOS_removeRTSLock__I)
                  20016a50    00000024     app_pem4.oem4 (.text:ti_sysbios_BIOS_startFunc__I)
                  20016a74    00000024     sysbios.aem4 : BIOS.obj (.text:ti_sysbios_family_arm_m3_Hwi_doTaskRestore__I)
                  20016a98    00000024                  : BIOS.obj (.text:ti_sysbios_family_arm_m3_Timer_startup__E)
                  20016abc    00000024     app_pem4.oem4 (.text:ti_sysbios_gates_GateMutex_Object__delete__S)
                  20016ae0    00000024     sysbios.aem4 : BIOS.obj (.text:ti_sysbios_knl_Clock_Module_startup__E)
                  20016b04    00000024     app_pem4.oem4 (.text:ti_sysbios_knl_Semaphore_Object__delete__S)
                  20016b28    00000024     sysbios.aem4 : BIOS.obj (.text:ti_sysbios_knl_Swi_Module_startup__E)
                  20016b4c    00000024     ti.targets.arm.rtsarm.aem4 : System.oem4 (.text:xdc_runtime_System_vprintf__E)
                  20016b70    00000022     rtsv7M4_T_le_eabi.lib : strcspn.obj (.text)
                  20016b92    00000022     app_pem4.oem4 (.text:xdc_runtime_SysMin_output__I)
                  20016bb4    00000020     rtsv7M4_T_le_eabi.lib : u_tofd_t2.obj (.text)
                  20016bd4    00000020     app_pem4.oem4 (.text:ti_sysbios_family_arm_m3_Hwi_Object__delete__S)
                  20016bf4    00000020     sysbios.aem4 : m3_Hwi_asm.obj (.text:ti_sysbios_family_arm_m3_Hwi_excHandlerAsm__I)
                  20016c14    00000020                  : BIOS.obj (.text:ti_sysbios_family_arm_m3_Hwi_excHandler__I)
                  20016c34    00000020                  : BIOS.obj (.text:ti_sysbios_family_arm_m3_TimestampProvider_Module_startup__E)
                  20016c54    00000020     app_pem4.oem4 (.text:ti_sysbios_gates_GateHwi_Object__delete__S)
                  20016c74    00000020     app_pem4.oem4 (.text:ti_sysbios_heaps_HeapMem_Object__delete__S)
                  20016c94    00000020     sysbios.aem4 : BIOS.obj (.text:ti_sysbios_knl_Idle_run__E)
                  20016cb4    00000020     app_pem4.oem4 (.text:ti_sysbios_knl_Mailbox_Object__delete__S)
                  20016cd4    00000020     app_pem4.oem4 (.text:ti_sysbios_knl_Semaphore_Object__destruct__S)
                  20016cf4    00000020     app_pem4.oem4 (.text:ti_sysbios_knl_Task_Object__delete__S)
                  20016d14    00000020     sysbios.aem4 : BIOS.obj (.text:ti_sysbios_knl_Task_enter__I)
                  20016d34    00000020     app_pem4.oem4 (.text:xdc_runtime_LoggerBuf_Object__delete__S)
                  20016d54    00000020     ti.targets.arm.rtsarm.aem4 : LoggerBuf.oem4 (.text:xdc_runtime_LoggerBuf_reset__E)
                  20016d74    00000020                                : Registry.oem4 (.text:xdc_runtime_Registry_findById__E)
                  20016d94    00000020                                : SysMin.oem4 (.text:xdc_runtime_SysMin_Module_startup__E)
                  20016db4    0000001e     rtsv7M4_T_le_eabi.lib : ll_lsr_t2.obj (.text)
                  20016dd2    0000001e     sysbios.aem4 : m3_Hwi_asm_switch.obj (.text:ti_sysbios_family_xxx_Hwi_switchAndRunFunc)
                  20016df0    0000001c     rtsv7M4_T_le_eabi.lib : memccpy.obj (.text)
                  20016e0c    0000001c     app_pem4.oem4 (.text:ti_sysbios_BIOS_rtsLock__I)
                  20016e28    0000001c     sysbios.aem4 : BIOS.obj (.text:ti_sysbios_family_arm_m3_Hwi_setPriority__E)
                  20016e44    0000001c                  : BIOS.obj (.text:ti_sysbios_gates_GateMutex_Instance_init__E)
                  20016e60    0000001c     app_pem4.oem4 (.text:ti_sysbios_knl_Queue_Object__destruct__S)
                  20016e7c    0000001c     ti.targets.arm.rtsarm.aem4 : Error.oem4 (.text:xdc_runtime_Error_raiseX__E)
                  20016e98    0000001c                                : Memory.oem4 (.text:xdc_runtime_Memory_valloc__E)
                  20016eb4    0000001c                                : SysMin.oem4 (.text:xdc_runtime_SysMin_exit__E)
                  20016ed0    0000001c                                : System.oem4 (.text:xdc_runtime_System_abort__E)
                  20016eec    0000001a     app_pem4.oem4 (.text:ti_sysbios_family_arm_m3_Hwi_Handle__label__S)
                  20016f06    0000001a     sysbios.aem4 : m3_Hwi_asm.obj (.text:ti_sysbios_family_arm_m3_Hwi_pendSV__I)
                  20016f20    0000001a     app_pem4.oem4 (.text:ti_sysbios_gates_GateHwi_Handle__label__S)
                  20016f3a    0000001a     app_pem4.oem4 (.text:ti_sysbios_gates_GateMutex_Handle__label__S)
                  20016f54    0000001a     app_pem4.oem4 (.text:ti_sysbios_heaps_HeapMem_Handle__label__S)
                  20016f6e    0000001a     app_pem4.oem4 (.text:ti_sysbios_knl_Swi_Handle__label__S)
                  20016f88    0000001a     app_pem4.oem4 (.text:ti_sysbios_knl_Task_Handle__label__S)
                  20016fa2    0000001a     sysbios.aem4 : BIOS.obj (.text:ti_sysbios_knl_Task_sleepTimeout__I)
                  20016fbc    0000001a     app_pem4.oem4 (.text:xdc_runtime_LoggerBuf_Handle__label__S)
                  20016fd6    0000001a     app_pem4.oem4 (.text:xdc_runtime_System_aprintf__E)
                  20016ff0    0000001a     app_pem4.oem4 (.text:xdc_runtime_System_printf__E)
                  2001700a    00000018     app_pem4.oem4 (.text:free)
                  20017022    00000002     --HOLE-- [fill = 0]
                  20017024    00000018     rtsv7M4_T_le_eabi.lib : args_main.obj (.text)
                  2001703c    00000018                           : ll_mul_t2.obj (.text)
                  20017054    00000018     app_pem4.oem4 (.text:ti_sysbios_BIOS_rtsUnlock__I)
                  2001706c    00000018     app_pem4.oem4 (.text:ti_sysbios_family_arm_m3_Hwi_Module__startupDone__F)
                  20017084    00000018     app_pem4.oem4 (.text:ti_sysbios_family_arm_m3_Timer_Module__startupDone__F)
                  2001709c    00000018     sysbios.aem4 : BIOS.obj (.text:ti_sysbios_gates_GateMutex_leave__E)
                  200170b4    00000018     ti.targets.arm.rtsarm.aem4 : Error.oem4 (.text:xdc_runtime_Error_check__E)
                  200170cc    00000018                                : System.oem4 (.text:xdc_runtime_System_exit__E)
                  200170e4    00000018                                : Text.oem4 (.text:xdc_runtime_Text_ropeText__E)
                  200170fc    00000016     app_pem4.oem4 (.text:ti_sysbios_BIOS_exitFunc__I)
                  20017112    00000002     --HOLE-- [fill = 0]
                  20017114    00000014     rtsv7M4_T_le_eabi.lib : _lock.obj (.text)
                  20017128    00000014                           : strlen.obj (.text)
                  2001713c    00000014     app_pem4.oem4 (.text:ti_sysbios_family_arm_m3_Hwi_Object__get__S)
                  20017150    00000014     sysbios.aem4 : BIOS.obj (.text:ti_sysbios_family_arm_m3_Hwi_switchFromBootStack__E)
                  20017164    00000014     app_pem4.oem4 (.text:ti_sysbios_heaps_HeapMem_Object__get__S)
                  20017178    00000014     app_pem4.oem4 (.text:ti_sysbios_knl_Swi_Object__get__S)
                  2001718c    00000014     app_pem4.oem4 (.text:xdc_runtime_LoggerBuf_Object__get__S)
                  200171a0    00000012     rtsv7M4_T_le_eabi.lib : copy_zero_init.obj (.text:decompress:ZI)
                  200171b2    00000012     sysbios.aem4 : BIOS.obj (.text:ti_sysbios_hal_Hwi_Module_startup__E)
                  200171c4    00000012                  : BIOS.obj (.text:ti_sysbios_hal_Timer_Module_startup__E)
                  200171d6    00000012     ti.targets.arm.rtsarm.aem4 : LoggerBuf.oem4 (.text:xdc_runtime_LoggerBuf_Instance_finalize__E)
                  200171e8    00000012                                : LoggerBuf.oem4 (.text:xdc_runtime_LoggerBuf_write1__E)
                  200171fa    00000012                                : LoggerBuf.oem4 (.text:xdc_runtime_LoggerBuf_write2__E)
                  2001720c    00000012     app_pem4.oem4 (.text:xdc_runtime_Startup_exec__I)
                  2001721e    00000010     rtsv7M4_T_le_eabi.lib : strcpy.obj (.text)
                  2001722e    00000002     --HOLE-- [fill = 0]
                  20017230    00000010     sysbios.aem4 : BIOS.obj (.text:ti_sysbios_BIOS_setThreadType__E)
                  20017240    00000010                  : BIOS.obj (.text:ti_sysbios_BIOS_start__E)
                  20017250    00000010                  : BIOS.obj (.text:ti_sysbios_family_arm_m3_Hwi_getHandle__E)
                  20017260    00000010                  : m3_TaskSupport_asm.obj (.text:ti_sysbios_family_arm_m3_TaskSupport_glue)
                  20017270    00000010                  : m3_TaskSupport_asm.obj (.text:ti_sysbios_family_arm_m3_TaskSupport_swap__E)
                  20017280    00000010                  : BIOS.obj (.text:ti_sysbios_gates_GateMutex_Instance_finalize__E)
                  20017290    00000010     app_pem4.oem4 (.text:ti_sysbios_knl_Mailbox_Object__get__S)
                  200172a0    00000010     sysbios.aem4 : BIOS.obj (.text:ti_sysbios_knl_Semaphore_Instance_finalize__E)
                  200172b0    00000010                  : BIOS.obj (.text:ti_sysbios_knl_Swi_disable__E)
                  200172c0    00000010     app_pem4.oem4 (.text:ti_sysbios_knl_Task_Object__get__S)
                  200172d0    00000010     sysbios.aem4 : BIOS.obj (.text:ti_sysbios_knl_Task_disable__E)
                  200172e0    00000010     ti.targets.arm.rtsarm.aem4 : Gate.oem4 (.text:xdc_runtime_Gate_leaveSystem__E)
                  200172f0    00000010                                : LoggerBuf.oem4 (.text:xdc_runtime_LoggerBuf_write0__E)
                  20017300    00000010                                : Memory.oem4 (.text:xdc_runtime_Memory_free__E)
                  20017310    00000010                                : SysMin.oem4 (.text:xdc_runtime_SysMin_ready__E)
                  20017320    00000010                                : System.oem4 (.text:xdc_runtime_System_vsnprintf__E)
                  20017330    00000010     app_pem4.oem4 (.text:xdc_runtime_Text_visitRope__I)
                  20017340    0000000e     rtsv7M4_T_le_eabi.lib : copy_decompress_none.obj (.text:decompress:none)
                  2001734e    0000000e                           : time.obj (.text)
                  2001735c    0000000e                           : xdclass.obj (.text)
                  2001736a    0000000e     sysbios.aem4 : BIOS.obj (.text:ti_sysbios_knl_Queue_empty__E)
                  20017378    0000000c     app_pem4.oem4 (.text:ti_sysbios_family_arm_m3_Hwi_Params__init__S)
                  20017384    0000000c     sysbios.aem4 : BIOS.obj (.text:ti_sysbios_family_arm_m3_Hwi_disableFxn__E)
                  20017390    0000000c                  : BIOS.obj (.text:ti_sysbios_family_arm_m3_TaskSupport_checkStack__E)
                  2001739c    0000000c                  : BIOS.obj (.text:ti_sysbios_family_arm_m3_TaskSupport_getStackAlignment__E)
                  200173a8    0000000c                  : BIOS.obj (.text:ti_sysbios_gates_GateHwi_enter__E)
                  200173b4    0000000c     app_pem4.oem4 (.text:ti_sysbios_knl_Queue_Object__get__S)
                  200173c0    0000000c     app_pem4.oem4 (.text:ti_sysbios_knl_Semaphore_Params__init__S)
                  200173cc    0000000c     app_pem4.oem4 (.text:ti_sysbios_knl_Task_Params__init__S)
                  200173d8    0000000c     ti.targets.arm.rtsarm.aem4 : Error.oem4 (.text:xdc_runtime_Error_init__E)
                  200173e4    0000000c                                : Gate.oem4 (.text:xdc_runtime_Gate_enterSystem__E)
                  200173f0    0000000c                                : Memory.oem4 (.text:xdc_runtime_Memory_calloc__E)
                  200173fc    0000000c                                : Memory.oem4 (.text:xdc_runtime_Memory_getMaxDefaultTypeAlign__E)
                  20017408    0000000a     app_pem4.oem4 (.text:xdc_runtime_IHeap_alloc)
                  20017412    0000000a     app_pem4.oem4 (.text:xdc_runtime_IHeap_free)
                  2001741c    0000000a     ti.targets.arm.rtsarm.aem4 : LoggerBuf.oem4 (.text:xdc_runtime_LoggerBuf_disable__E)
                  20017426    0000000a                                : LoggerBuf.oem4 (.text:xdc_runtime_LoggerBuf_enable__E)
                  20017430    00000008     sysbios.aem4 : BIOS.obj (.text:ti_sysbios_family_arm_m3_Hwi_doSwiRestore__I)
                  20017438    00000008                  : BIOS.obj (.text:ti_sysbios_family_arm_m3_Hwi_startup__E)
                  20017440    00000008                  : BIOS.obj (.text:ti_sysbios_knl_Idle_loop__E)
                  20017448    00000006     driverlib.a : utils.obj (.text:UtilsDelay)
                  2001744e    00000006     ti.targets.arm.rtsarm.aem4 : xdc_noinit.oem4 (.text:__xdc__init)
                  20017454    00000006     rtsv7M4_T_le_eabi.lib : copy_decompress_rle.obj (.text:decompress:rle24)
                  2001745a    00000006                           : log.obj (.text)
                  20017460    00000006     sysbios.aem4 : BIOS.obj (.text:ti_sysbios_family_arm_m3_Hwi_restoreFxn__E)
                  20017466    00000006                  : BIOS.obj (.text:ti_sysbios_gates_GateHwi_leave__E)
                  2001746c    00000006                  : BIOS.obj (.text:ti_sysbios_heaps_HeapMem_isBlocking__E)
                  20017472    00000006                  : BIOS.obj (.text:ti_sysbios_knl_Queue_Instance_init__E)
                  20017478    00000006     ti.targets.arm.rtsarm.aem4 : System.oem4 (.text:xdc_runtime_System_Module_startup__E)
                  2001747e    00000004                                : LoggerBuf.oem4 (.text:LoggerBuf_instanceStartup)
                  20017482    00000004     app_pem4.oem4 (.text:ti_sysbios_BIOS_RtsGateProxy_enter__E)
                  20017486    00000004     app_pem4.oem4 (.text:ti_sysbios_BIOS_RtsGateProxy_leave__E)
                  2001748a    00000004     app_pem4.oem4 (.text:ti_sysbios_family_arm_m3_Hwi_delete)
                  2001748e    00000004     app_pem4.oem4 (.text:ti_sysbios_family_arm_m3_TaskSupport_Module__startupDone__S)
                  20017492    00000004     sysbios.aem4 : BIOS.obj (.text:ti_sysbios_family_arm_m3_Timer_getMaxTicks__E)
                  20017496    00000004                  : BIOS.obj (.text:ti_sysbios_gates_GateHwi_query__E)
                  2001749a    00000004                  : BIOS.obj (.text:ti_sysbios_gates_GateMutex_query__E)
                  2001749e    00000004     app_pem4.oem4 (.text:ti_sysbios_hal_Hwi_HwiProxy_Module__startupDone__S)
                  200174a2    00000004     app_pem4.oem4 (.text:ti_sysbios_hal_Timer_TimerProxy_Module__startupDone__S)
                  200174a6    00000004     app_pem4.oem4 (.text:ti_sysbios_heaps_HeapMem_Module_GateProxy_enter__E)
                  200174aa    00000004     app_pem4.oem4 (.text:ti_sysbios_heaps_HeapMem_Module_GateProxy_leave__E)
                  200174ae    00000004     app_pem4.oem4 (.text:ti_sysbios_knl_Clock_TimerProxy_Module__startupDone__S)
                  200174b2    00000004     app_pem4.oem4 (.text:ti_sysbios_knl_Clock_TimerProxy_getMaxTicks__E)
                  200174b6    00000004     app_pem4.oem4 (.text:ti_sysbios_knl_Mailbox_delete)
                  200174ba    00000004     app_pem4.oem4 (.text:ti_sysbios_knl_Queue_destruct)
                  200174be    00000004     app_pem4.oem4 (.text:ti_sysbios_knl_Semaphore_delete)
                  200174c2    00000004     app_pem4.oem4 (.text:ti_sysbios_knl_Semaphore_destruct)
                  200174c6    00000004     app_pem4.oem4 (.text:ti_sysbios_knl_Task_SupportProxy_Module__startupDone__S)
                  200174ca    00000004     app_pem4.oem4 (.text:ti_sysbios_knl_Task_delete)
                  200174ce    00000004     sysbios.aem4 : BIOS.obj (.text:ti_sysbios_knl_Task_startup__E)
                  200174d2    00000004     ti.targets.arm.rtsarm.aem4 : Error.oem4 (.text:xdc_runtime_Error_getSite__E)
                  200174d6    00000004     app_pem4.oem4 (.text:xdc_runtime_LoggerBuf_Module_GateProxy_enter__E)
                  200174da    00000004     app_pem4.oem4 (.text:xdc_runtime_LoggerBuf_Module_GateProxy_leave__E)
                  200174de    00000004     app_pem4.oem4 (.text:xdc_runtime_Memory_HeapProxy_alloc__E)
                  200174e2    00000004     app_pem4.oem4 (.text:xdc_runtime_Memory_HeapProxy_free__E)
                  200174e6    00000004     app_pem4.oem4 (.text:xdc_runtime_System_Module_GateProxy_enter__E)
                  200174ea    00000004     app_pem4.oem4 (.text:xdc_runtime_System_Module_GateProxy_leave__E)
                  200174ee    00000004     ti.targets.arm.rtsarm.aem4 : System.oem4 (.text:xdc_runtime_System_aprintf_va__F)
                  200174f2    00000004                                : System.oem4 (.text:xdc_runtime_System_printf_va__F)

.const     0    200174f8    00002682     
                  200174f8    0000178e     app_pem4.oem4 (.const:xdc_runtime_Text_charTab__A)
                  20018c86    00000102     rtsv7M4_T_le_eabi.lib : ctype.obj (.const:.string:_ctypes_)
                  20018d88    00000100     driverlib.a : pin.obj (.const:g_ulPinToPadMap)
                  20018e88    000000d4                 : interrupt.obj (.const:g_pulRegs)
                  20018f5c    000000b8     app_pem4.oem4 (.const:xdc_runtime_Text_nodeTab__A)
                  20019014    000000b0     simplelink.a : wlan.obj (.const:$P$T0$1)
                  200190c4    000000a0     driverlib.a : prcm.obj (.const:PRCM_PeriphRegsList)
                  20019164    00000080                 : interrupt.obj (.const)
                  200191e4    00000048     app_pem4.oem4 (.const:.string)
                  2001922c    00000004     MQTTPacket.obj (.const)
                  20019230    00000048     rtsv7M4_T_le_eabi.lib : xexp.obj (.const)
                  20019278    00000040     driverlib.a : flash.obj (.const:g_pulFMPPERegs)
                  200192b8    00000040                 : flash.obj (.const:g_pulFMPRERegs)
                  200192f8    0000003c     simplelink.a : wlan.obj (.const)
                  20019334    0000003c     app_pem4.oem4 (.const:ti_sysbios_knl_Task_Object__PARAMS__C)
                  20019370    0000003c     app_pem4.oem4 (.const:xdc_runtime_LoggerBuf_Module__FXNS__C)
                  200193ac    00000038     simplelink.a : driver.obj (.const:_SlActionLookupTable)
                  200193e4    00000004     app_pem4.oem4 (.const:ti_sysbios_family_arm_m3_Hwi_E_NMI__C)
                  200193e8    00000038     rtsv7M4_T_le_eabi.lib : xlog.obj (.const:p)
                  20019420    00000034     simplelink.a : socket.obj (.const)
                  20019454    00000034     app_pem4.oem4 (.const:ti_sysbios_knl_Mailbox_Object__PARAMS__C)
                  20019488    00000030     rtsv7M4_T_le_eabi.lib : xdint.obj (.const)
                  200194b8    00000030     app_pem4.oem4 (.const:ti_sysbios_family_arm_m3_Hwi_Object__PARAMS__C)
                  200194e8    00000030     app_pem4.oem4 (.const:xdc_runtime_Startup_sfxnTab__A)
                  20019518    0000002c     network_if.obj (.const:$P$T0$1)
                  20019544    00000028     simplelink.a : netapp.obj (.const)
                  2001956c    00000028     app_pem4.oem4 (.const:ti_sysbios_heaps_HeapMem_Module__FXNS__C)
                  20019594    00000024     driverlib.a : spi.obj (.const:g_ppulSPIIntMap)
                  200195b8    00000024     app_pem4.oem4 (.const:ti_sysbios_gates_GateHwi_Module__FXNS__C)
                  200195dc    00000024     app_pem4.oem4 (.const:ti_sysbios_gates_GateMutex_Module__FXNS__C)
                  20019600    00000024     app_pem4.oem4 (.const:ti_sysbios_heaps_HeapMem_Object__PARAMS__C)
                  20019624    00000024     app_pem4.oem4 (.const:ti_sysbios_knl_Semaphore_Object__PARAMS__C)
                  20019648    00000024     app_pem4.oem4 (.const:xdc_runtime_LoggerBuf_Object__PARAMS__C)
                  2001966c    00000020     app_pem4.oem4 (.const:ti_sysbios_family_arm_m3_Hwi_Object__DESC__C)
                  2001968c    00000020     app_pem4.oem4 (.const:ti_sysbios_gates_GateHwi_Object__DESC__C)
                  200196ac    00000020     app_pem4.oem4 (.const:ti_sysbios_gates_GateMutex_Object__DESC__C)
                  200196cc    00000020     app_pem4.oem4 (.const:ti_sysbios_heaps_HeapMem_Object__DESC__C)
                  200196ec    00000020     app_pem4.oem4 (.const:ti_sysbios_knl_Mailbox_Object__DESC__C)
                  2001970c    00000020     app_pem4.oem4 (.const:ti_sysbios_knl_Queue_Object__DESC__C)
                  2001972c    00000020     app_pem4.oem4 (.const:ti_sysbios_knl_Semaphore_Object__DESC__C)
                  2001974c    00000020     app_pem4.oem4 (.const:ti_sysbios_knl_Task_Object__DESC__C)
                  2001976c    00000020     app_pem4.oem4 (.const:xdc_runtime_LoggerBuf_Object__DESC__C)
                  2001978c    00000018     driverlib.a : spi.obj (.const)
                  200197a4    00000018     app_pem4.oem4 (.const:ti_sysbios_gates_GateHwi_Object__PARAMS__C)
                  200197bc    00000018     app_pem4.oem4 (.const:ti_sysbios_gates_GateMutex_Object__PARAMS__C)
                  200197d4    00000018     app_pem4.oem4 (.const:ti_sysbios_knl_Queue_Object__PARAMS__C)
                  200197ec    00000018     app_pem4.oem4 (.const:xdc_runtime_Startup_sfxnRts__A)
                  20019804    00000014     MQTTConnectClient.obj (.const)
                  20019818    00000014     simplelink.a : device.obj (.const)
                  2001982c    00000014                  : driver.obj (.const)
                  20019840    00000011     ti.targets.arm.rtsarm.aem4 : System.oem4 (.const:.string)
                  20019851    00000001     app_pem4.oem4 (.const:xdc_runtime_Error_policy__C)
                  20019852    00000002     app_pem4.oem4 (.const:ti_sysbios_family_arm_m3_Hwi_Module__id__C)
                  20019854    00000010     driverlib.a : uart.obj (.const)
                  20019864    00000010     network_if.obj (.const)
                  20019874    0000000c     driverlib.a : i2c.obj (.const)
                  20019880    0000000c     app_pem4.oem4 (.const:xdc_runtime_Startup_firstFxns__A)
                  2001988c    0000000b     network_if.obj (.const:.string)
                  20019897    00000001     --HOLE-- [fill = 0]
                  20019898    00000008     MQTTDeserializePublish.obj (.const)
                  200198a0    00000008     MQTTSerializePublish.obj (.const)
                  200198a8    00000008     MQTTSubscribeClient.obj (.const)
                  200198b0    00000008     simplelink.a : netcfg.obj (.const)
                  200198b8    00000008     app_pem4.oem4 (.const:ti_sysbios_family_arm_m3_Hwi_excHookFuncs__A)
                  200198c0    00000008     app_pem4.oem4 (.const:ti_sysbios_knl_Idle_funcList__C)
                  200198c8    00000008     app_pem4.oem4 (.const:xdc_runtime_Startup_firstFxns__C)
                  200198d0    00000008     app_pem4.oem4 (.const:xdc_runtime_Startup_lastFxns__C)
                  200198d8    00000004     app_pem4.oem4 (.const:ti_sysbios_family_arm_m3_Hwi_E_alreadyDefined__C)
                  200198dc    00000004     app_pem4.oem4 (.const:ti_sysbios_family_arm_m3_Hwi_E_busFault__C)
                  200198e0    00000004     app_pem4.oem4 (.const:ti_sysbios_family_arm_m3_Hwi_E_debugMon__C)
                  200198e4    00000004     app_pem4.oem4 (.const:ti_sysbios_family_arm_m3_Hwi_E_hardFault__C)
                  200198e8    00000004     app_pem4.oem4 (.const:ti_sysbios_family_arm_m3_Hwi_E_memFault__C)
                  200198ec    00000004     app_pem4.oem4 (.const:ti_sysbios_family_arm_m3_Hwi_E_noIsr__C)
                  200198f0    00000004     app_pem4.oem4 (.const:ti_sysbios_family_arm_m3_Hwi_E_reserved__C)
                  200198f4    00000004     app_pem4.oem4 (.const:ti_sysbios_family_arm_m3_Hwi_E_svCall__C)
                  200198f8    00000004     app_pem4.oem4 (.const:ti_sysbios_family_arm_m3_Hwi_E_usageFault__C)
                  200198fc    00000004     app_pem4.oem4 (.const:ti_sysbios_family_arm_m3_Hwi_LD_end__C)
                  20019900    00000004     app_pem4.oem4 (.const:ti_sysbios_family_arm_m3_Hwi_LM_begin__C)
                  20019904    00000004     app_pem4.oem4 (.const:ti_sysbios_family_arm_m3_Hwi_Module__diagsEnabled__C)
                  20019908    00000004     app_pem4.oem4 (.const:ti_sysbios_family_arm_m3_Hwi_Module__diagsIncluded__C)
                  2001990c    00000004     app_pem4.oem4 (.const:ti_sysbios_family_arm_m3_Hwi_Module__diagsMask__C)
                  20019910    00000004     app_pem4.oem4 (.const:ti_sysbios_family_arm_m3_Hwi_Module__loggerFxn1__C)
                  20019914    00000004     app_pem4.oem4 (.const:ti_sysbios_family_arm_m3_Hwi_Module__loggerFxn8__C)
                  20019918    00000004     app_pem4.oem4 (.const:ti_sysbios_family_arm_m3_Hwi_Module__loggerObj__C)
                  2001991c    00000004     app_pem4.oem4 (.const:ti_sysbios_family_arm_m3_Hwi_NUM_INTERRUPTS__C)
                  20019920    00000004     app_pem4.oem4 (.const:ti_sysbios_family_arm_m3_Hwi_Object__count__C)
                  20019924    00000004     app_pem4.oem4 (.const:ti_sysbios_family_arm_m3_Hwi_ccr__C)
                  20019928    00000004     app_pem4.oem4 (.const:ti_sysbios_family_arm_m3_Hwi_excHandlerFunc__C)
                  2001992c    00000004     app_pem4.oem4 (.const:ti_sysbios_family_arm_m3_Hwi_excHookFuncs__C)
                  20019930    00000004     app_pem4.oem4 (.const:ti_sysbios_family_arm_m3_Hwi_nullIsrFunc__C)
                  20019934    00000004     app_pem4.oem4 (.const:ti_sysbios_family_arm_m3_Hwi_priGroup__C)
                  20019938    00000004     app_pem4.oem4 (.const:ti_sysbios_family_arm_m3_TaskSupport_stackAlignment__C)
                  2001993c    00000004     app_pem4.oem4 (.const:ti_sysbios_family_arm_m3_Timer_E_cannotSupport__C)
                  20019940    00000004     app_pem4.oem4 (.const:ti_sysbios_family_arm_m3_Timer_startupNeeded__C)
                  20019944    00000004     app_pem4.oem4 (.const:ti_sysbios_gates_GateMutex_A_badContext__C)
                  20019948    00000004     app_pem4.oem4 (.const:ti_sysbios_gates_GateMutex_Instance_State_sem__O)
                  2001994c    00000004     app_pem4.oem4 (.const:ti_sysbios_gates_GateMutex_Module__diagsEnabled__C)
                  20019950    00000004     app_pem4.oem4 (.const:ti_sysbios_gates_GateMutex_Module__diagsIncluded__C)
                  20019954    00000004     app_pem4.oem4 (.const:ti_sysbios_gates_GateMutex_Module__diagsMask__C)
                  20019958    00000004     app_pem4.oem4 (.const:ti_sysbios_hal_Hwi_E_stackOverflow__C)
                  2001995c    00000004     app_pem4.oem4 (.const:ti_sysbios_heaps_HeapMem_A_align__C)
                  20019960    00000004     app_pem4.oem4 (.const:ti_sysbios_heaps_HeapMem_A_heapSize__C)
                  20019964    00000004     app_pem4.oem4 (.const:ti_sysbios_heaps_HeapMem_A_invalidFree__C)
                  20019968    00000004     app_pem4.oem4 (.const:ti_sysbios_heaps_HeapMem_A_zeroBlock__C)
                  2001996c    00000004     app_pem4.oem4 (.const:ti_sysbios_heaps_HeapMem_E_memory__C)
                  20019970    00000004     app_pem4.oem4 (.const:ti_sysbios_heaps_HeapMem_Module__diagsEnabled__C)
                  20019974    00000004     app_pem4.oem4 (.const:ti_sysbios_heaps_HeapMem_Module__diagsIncluded__C)
                  20019978    00000004     app_pem4.oem4 (.const:ti_sysbios_heaps_HeapMem_Module__diagsMask__C)
                  2001997c    00000004     app_pem4.oem4 (.const:ti_sysbios_heaps_HeapMem_Module__gateObj__C)
                  20019980    00000004     app_pem4.oem4 (.const:ti_sysbios_heaps_HeapMem_Object__count__C)
                  20019984    00000004     app_pem4.oem4 (.const:ti_sysbios_heaps_HeapMem_reqAlign__C)
                  20019988    00000004     app_pem4.oem4 (.const:ti_sysbios_knl_Clock_LM_begin__C)
                  2001998c    00000004     app_pem4.oem4 (.const:ti_sysbios_knl_Clock_LM_tick__C)
                  20019990    00000004     app_pem4.oem4 (.const:ti_sysbios_knl_Clock_LW_delayed__C)
                  20019994    00000004     app_pem4.oem4 (.const:ti_sysbios_knl_Clock_Module_State_clockQ__O)
                  20019998    00000004     app_pem4.oem4 (.const:ti_sysbios_knl_Clock_Module__diagsEnabled__C)
                  2001999c    00000004     app_pem4.oem4 (.const:ti_sysbios_knl_Clock_Module__diagsIncluded__C)
                  200199a0    00000004     app_pem4.oem4 (.const:ti_sysbios_knl_Clock_Module__diagsMask__C)
                  200199a4    00000004     app_pem4.oem4 (.const:ti_sysbios_knl_Clock_Module__loggerFxn1__C)
                  200199a8    00000004     app_pem4.oem4 (.const:ti_sysbios_knl_Clock_Module__loggerFxn2__C)
                  200199ac    00000004     app_pem4.oem4 (.const:ti_sysbios_knl_Clock_Module__loggerObj__C)
                  200199b0    00000004     app_pem4.oem4 (.const:ti_sysbios_knl_Clock_tickPeriod__C)
                  200199b4    00000004     app_pem4.oem4 (.const:ti_sysbios_knl_Idle_funcList__A)
                  200199b8    00000004     app_pem4.oem4 (.const:ti_sysbios_knl_Mailbox_A_invalidBufSize__C)
                  200199bc    00000004     app_pem4.oem4 (.const:ti_sysbios_knl_Mailbox_Instance_State_dataQue__O)
                  200199c0    00000004     app_pem4.oem4 (.const:ti_sysbios_knl_Mailbox_Instance_State_dataSem__O)
                  200199c4    00000004     app_pem4.oem4 (.const:ti_sysbios_knl_Mailbox_Instance_State_freeQue__O)
                  200199c8    00000004     app_pem4.oem4 (.const:ti_sysbios_knl_Mailbox_Instance_State_freeSem__O)
                  200199cc    00000004     app_pem4.oem4 (.const:ti_sysbios_knl_Mailbox_Module__diagsEnabled__C)
                  200199d0    00000004     app_pem4.oem4 (.const:ti_sysbios_knl_Mailbox_Module__diagsIncluded__C)
                  200199d4    00000004     app_pem4.oem4 (.const:ti_sysbios_knl_Mailbox_Module__diagsMask__C)
                  200199d8    00000004     app_pem4.oem4 (.const:ti_sysbios_knl_Mailbox_Object__count__C)
                  200199dc    00000004     app_pem4.oem4 (.const:ti_sysbios_knl_Mailbox_maxTypeAlign__C)
                  200199e0    00000004     app_pem4.oem4 (.const:ti_sysbios_knl_Semaphore_A_badContext__C)
                  200199e4    00000004     app_pem4.oem4 (.const:ti_sysbios_knl_Semaphore_A_noEvents__C)
                  200199e8    00000004     app_pem4.oem4 (.const:ti_sysbios_knl_Semaphore_A_overflow__C)
                  200199ec    00000004     app_pem4.oem4 (.const:ti_sysbios_knl_Semaphore_A_pendTaskDisabled__C)
                  200199f0    00000004     app_pem4.oem4 (.const:ti_sysbios_knl_Semaphore_Instance_State_pendQ__O)
                  200199f4    00000004     app_pem4.oem4 (.const:ti_sysbios_knl_Semaphore_LM_pend__C)
                  200199f8    00000004     app_pem4.oem4 (.const:ti_sysbios_knl_Semaphore_LM_post__C)
                  200199fc    00000004     app_pem4.oem4 (.const:ti_sysbios_knl_Semaphore_Module__diagsEnabled__C)
                  20019a00    00000004     app_pem4.oem4 (.const:ti_sysbios_knl_Semaphore_Module__diagsIncluded__C)
                  20019a04    00000004     app_pem4.oem4 (.const:ti_sysbios_knl_Semaphore_Module__diagsMask__C)
                  20019a08    00000004     app_pem4.oem4 (.const:ti_sysbios_knl_Semaphore_Module__loggerFxn2__C)
                  20019a0c    00000004     app_pem4.oem4 (.const:ti_sysbios_knl_Semaphore_Module__loggerFxn4__C)
                  20019a10    00000004     app_pem4.oem4 (.const:ti_sysbios_knl_Semaphore_Module__loggerObj__C)
                  20019a14    00000004     app_pem4.oem4 (.const:ti_sysbios_knl_Swi_LD_end__C)
                  20019a18    00000004     app_pem4.oem4 (.const:ti_sysbios_knl_Swi_LM_begin__C)
                  20019a1c    00000004     app_pem4.oem4 (.const:ti_sysbios_knl_Swi_LM_post__C)
                  20019a20    00000004     app_pem4.oem4 (.const:ti_sysbios_knl_Swi_Module__diagsEnabled__C)
                  20019a24    00000004     app_pem4.oem4 (.const:ti_sysbios_knl_Swi_Module__diagsIncluded__C)
                  20019a28    00000004     app_pem4.oem4 (.const:ti_sysbios_knl_Swi_Module__diagsMask__C)
                  20019a2c    00000004     app_pem4.oem4 (.const:ti_sysbios_knl_Swi_Module__loggerFxn1__C)
                  20019a30    00000004     app_pem4.oem4 (.const:ti_sysbios_knl_Swi_Module__loggerFxn4__C)
                  20019a34    00000004     app_pem4.oem4 (.const:ti_sysbios_knl_Swi_Module__loggerObj__C)
                  20019a38    00000004     app_pem4.oem4 (.const:ti_sysbios_knl_Swi_Object__count__C)
                  20019a3c    00000004     app_pem4.oem4 (.const:ti_sysbios_knl_Task_A_badPriority__C)
                  20019a40    00000004     app_pem4.oem4 (.const:ti_sysbios_knl_Task_A_badTaskState__C)
                  20019a44    00000004     app_pem4.oem4 (.const:ti_sysbios_knl_Task_A_badThreadType__C)
                  20019a48    00000004     app_pem4.oem4 (.const:ti_sysbios_knl_Task_A_badTimeout__C)
                  20019a4c    00000004     app_pem4.oem4 (.const:ti_sysbios_knl_Task_A_noPendElem__C)
                  20019a50    00000004     app_pem4.oem4 (.const:ti_sysbios_knl_Task_A_sleepTaskDisabled__C)
                  20019a54    00000004     app_pem4.oem4 (.const:ti_sysbios_knl_Task_E_spOutOfBounds__C)
                  20019a58    00000004     app_pem4.oem4 (.const:ti_sysbios_knl_Task_E_stackOverflow__C)
                  20019a5c    00000004     app_pem4.oem4 (.const:ti_sysbios_knl_Task_LD_block__C)
                  20019a60    00000004     app_pem4.oem4 (.const:ti_sysbios_knl_Task_LD_exit__C)
                  20019a64    00000004     app_pem4.oem4 (.const:ti_sysbios_knl_Task_LD_ready__C)
                  20019a68    00000004     app_pem4.oem4 (.const:ti_sysbios_knl_Task_LM_sleep__C)
                  20019a6c    00000004     app_pem4.oem4 (.const:ti_sysbios_knl_Task_LM_switch__C)
                  20019a70    00000004     app_pem4.oem4 (.const:ti_sysbios_knl_Task_Module_State_inactiveQ__O)
                  20019a74    00000004     app_pem4.oem4 (.const:ti_sysbios_knl_Task_Module__diagsEnabled__C)
                  20019a78    00000004     app_pem4.oem4 (.const:ti_sysbios_knl_Task_Module__diagsIncluded__C)
                  20019a7c    00000004     app_pem4.oem4 (.const:ti_sysbios_knl_Task_Module__diagsMask__C)
                  20019a80    00000004     app_pem4.oem4 (.const:ti_sysbios_knl_Task_Module__loggerFxn2__C)
                  20019a84    00000004     app_pem4.oem4 (.const:ti_sysbios_knl_Task_Module__loggerFxn4__C)
                  20019a88    00000004     app_pem4.oem4 (.const:ti_sysbios_knl_Task_Module__loggerObj__C)
                  20019a8c    00000004     app_pem4.oem4 (.const:ti_sysbios_knl_Task_Object__count__C)
                  20019a90    00000004     app_pem4.oem4 (.const:ti_sysbios_knl_Task_allBlockedFunc__C)
                  20019a94    00000004     app_pem4.oem4 (.const:ti_sysbios_knl_Task_defaultStackHeap__C)
                  20019a98    00000004     app_pem4.oem4 (.const:ti_sysbios_knl_Task_defaultStackSize__C)
                  20019a9c    00000004     app_pem4.oem4 (.const:ti_sysbios_knl_Task_numConstructedTasks__C)
                  20019aa0    00000004     app_pem4.oem4 (.const:xdc_runtime_Assert_E_assertFailed__C)
                  20019aa4    00000004     app_pem4.oem4 (.const:xdc_runtime_Core_A_initializedParams__C)
                  20019aa8    00000004     app_pem4.oem4 (.const:xdc_runtime_Core_Module__diagsEnabled__C)
                  20019aac    00000004     app_pem4.oem4 (.const:xdc_runtime_Core_Module__diagsIncluded__C)
                  20019ab0    00000004     app_pem4.oem4 (.const:xdc_runtime_Core_Module__diagsMask__C)
                  20019ab4    00000004     app_pem4.oem4 (.const:xdc_runtime_Error_E_memory__C)
                  20019ab8    00000004     app_pem4.oem4 (.const:xdc_runtime_Error_Module__diagsEnabled__C)
                  20019abc    00000004     app_pem4.oem4 (.const:xdc_runtime_Error_Module__diagsIncluded__C)
                  20019ac0    00000004     app_pem4.oem4 (.const:xdc_runtime_Error_Module__diagsMask__C)
                  20019ac4    00000004     app_pem4.oem4 (.const:xdc_runtime_Error_Module__loggerFxn8__C)
                  20019ac8    00000004     app_pem4.oem4 (.const:xdc_runtime_Error_Module__loggerObj__C)
                  20019acc    00000004     app_pem4.oem4 (.const:xdc_runtime_Error_policyFxn__C)
                  20019ad0    00000004     app_pem4.oem4 (.const:xdc_runtime_Error_raiseHook__C)
                  20019ad4    00000004     app_pem4.oem4 (.const:xdc_runtime_IFilterLogger_Interface__BASE__C)
                  20019ad8    00000004     app_pem4.oem4 (.const:xdc_runtime_IGateProvider_Interface__BASE__C)
                  20019adc    00000004     app_pem4.oem4 (.const:xdc_runtime_IHeap_Interface__BASE__C)
                  20019ae0    00000004     app_pem4.oem4 (.const:xdc_runtime_ILogger_Interface__BASE__C)
                  20019ae4    00000004     app_pem4.oem4 (.const:xdc_runtime_IModule_Interface__BASE__C)
                  20019ae8    00000004     app_pem4.oem4 (.const:xdc_runtime_Log_L_error__C)
                  20019aec    00000004     app_pem4.oem4 (.const:xdc_runtime_LoggerBuf_E_badLevel__C)
                  20019af0    00000004     app_pem4.oem4 (.const:xdc_runtime_LoggerBuf_Module__gateObj__C)
                  20019af4    00000004     app_pem4.oem4 (.const:xdc_runtime_LoggerBuf_Object__count__C)
                  20019af8    00000004     app_pem4.oem4 (.const:xdc_runtime_LoggerBuf_statusLogger__C)
                  20019afc    00000004     app_pem4.oem4 (.const:xdc_runtime_Memory_defaultHeapInstance__C)
                  20019b00    00000004     app_pem4.oem4 (.const:xdc_runtime_Startup_execImpl__C)
                  20019b04    00000004     app_pem4.oem4 (.const:xdc_runtime_Startup_maxPasses__C)
                  20019b08    00000004     app_pem4.oem4 (.const:xdc_runtime_Startup_sfxnRts__C)
                  20019b0c    00000004     app_pem4.oem4 (.const:xdc_runtime_Startup_sfxnTab__C)
                  20019b10    00000004     app_pem4.oem4 (.const:xdc_runtime_SysMin_bufSize__C)
                  20019b14    00000004     app_pem4.oem4 (.const:xdc_runtime_SysMin_outputFunc__C)
                  20019b18    00000004     app_pem4.oem4 (.const:xdc_runtime_System_Module__gateObj__C)
                  20019b1c    00000004     app_pem4.oem4 (.const:xdc_runtime_System_abortFxn__C)
                  20019b20    00000004     app_pem4.oem4 (.const:xdc_runtime_System_exitFxn__C)
                  20019b24    00000004     app_pem4.oem4 (.const:xdc_runtime_System_extendFxn__C)
                  20019b28    00000004     app_pem4.oem4 (.const:xdc_runtime_System_maxAtexitHandlers__C)
                  20019b2c    00000004     app_pem4.oem4 (.const:xdc_runtime_Text_charTab__C)
                  20019b30    00000004     app_pem4.oem4 (.const:xdc_runtime_Text_nameEmpty__C)
                  20019b34    00000004     app_pem4.oem4 (.const:xdc_runtime_Text_nameStatic__C)
                  20019b38    00000004     app_pem4.oem4 (.const:xdc_runtime_Text_nameUnknown__C)
                  20019b3c    00000004     app_pem4.oem4 (.const:xdc_runtime_Text_nodeTab__C)
                  20019b40    00000004     app_pem4.oem4 (.const:xdc_runtime_Text_visitRopeFxn__C)
                  20019b44    00000002     app_pem4.oem4 (.const:ti_sysbios_family_arm_m3_Hwi_Module__loggerDefined__C)
                  20019b46    00000002     app_pem4.oem4 (.const:ti_sysbios_family_arm_m3_Timer_Module__id__C)
                  20019b48    00000002     app_pem4.oem4 (.const:ti_sysbios_family_arm_m3_TimestampProvider_configTimer__C)
                  20019b4a    00000002     app_pem4.oem4 (.const:ti_sysbios_gates_GateMutex_Module__id__C)
                  20019b4c    00000002     app_pem4.oem4 (.const:ti_sysbios_hal_Hwi_Module__id__C)
                  20019b4e    00000002     app_pem4.oem4 (.const:ti_sysbios_heaps_HeapMem_Module__id__C)
                  20019b50    00000002     app_pem4.oem4 (.const:ti_sysbios_knl_Clock_Module__id__C)
                  20019b52    00000002     app_pem4.oem4 (.const:ti_sysbios_knl_Clock_Module__loggerDefined__C)
                  20019b54    00000002     app_pem4.oem4 (.const:ti_sysbios_knl_Mailbox_Module__id__C)
                  20019b56    00000002     app_pem4.oem4 (.const:ti_sysbios_knl_Semaphore_Module__id__C)
                  20019b58    00000002     app_pem4.oem4 (.const:ti_sysbios_knl_Semaphore_Module__loggerDefined__C)
                  20019b5a    00000002     app_pem4.oem4 (.const:ti_sysbios_knl_Swi_Module__id__C)
                  20019b5c    00000002     app_pem4.oem4 (.const:ti_sysbios_knl_Swi_Module__loggerDefined__C)
                  20019b5e    00000002     app_pem4.oem4 (.const:ti_sysbios_knl_Task_Module__id__C)
                  20019b60    00000002     app_pem4.oem4 (.const:ti_sysbios_knl_Task_Module__loggerDefined__C)
                  20019b62    00000002     app_pem4.oem4 (.const:ti_sysbios_knl_Task_initStackFlag__C)
                  20019b64    00000002     app_pem4.oem4 (.const:xdc_runtime_Core_Module__id__C)
                  20019b66    00000002     app_pem4.oem4 (.const:xdc_runtime_Error_Module__loggerDefined__C)
                  20019b68    00000002     app_pem4.oem4 (.const:xdc_runtime_Error_maxDepth__C)
                  20019b6a    00000002     app_pem4.oem4 (.const:xdc_runtime_LoggerBuf_Module__id__C)
                  20019b6c    00000002     app_pem4.oem4 (.const:xdc_runtime_LoggerBuf_filterByLevel__C)
                  20019b6e    00000002     app_pem4.oem4 (.const:xdc_runtime_Memory_Module__id__C)
                  20019b70    00000002     app_pem4.oem4 (.const:xdc_runtime_SysMin_flushAtExit__C)
                  20019b72    00000002     app_pem4.oem4 (.const:xdc_runtime_Text_charCnt__C)
                  20019b74    00000002     app_pem4.oem4 (.const:xdc_runtime_Text_isLoaded__C)
                  20019b76    00000002     app_pem4.oem4 (.const:xdc_runtime_Text_registryModsLastId__C)
                  20019b78    00000002     app_pem4.oem4 (.const:xdc_runtime_Text_unnamedModsLastId__C)

.cinit     0    20019b80    00000400     
                  20019b80    000003dc     (.cinit..data.load) [load image, compression = rle]
                  20019f5c    0000000c     (__TI_handler_table)
                  20019f68    00000008     (.cinit..bss.load) [load image, compression = zero_init]
                  20019f70    00000010     (__TI_cinit_table)

.bss       0    2001edb8    00009736     UNINITIALIZED
                  2001edb8    00008000     app_pem4.oem4 (.bss:ti_sysbios_heaps_HeapMem_Instance_State_0_buf__A)
                  20026db8    00000800     app_pem4.oem4 (.bss:taskStackSection)
                  200275b8    00000400     app_pem4.oem4 (.bss:xdc_runtime_LoggerBuf_Instance_State_0_entryArr__A)
                  200279b8    00000400     app_pem4.oem4 (.bss:xdc_runtime_SysMin_Module_State_0_outbuf__A)
                  20027db8    0000030c     app_pem4.oem4 (.bss:ti_sysbios_family_arm_m3_Hwi_dispatchTable)
                  200280c4    00000164     simplelink.a : driver.obj (.bss:g_StatMem)
                  20028228    00000120     rtsv7M4_T_le_eabi.lib : trgmsg.obj (.bss:__CIOBUF_)
                  20028348    000000c8     main.obj (.bss:buf)
                  20028410    00000050     simplelink.a : cc_pal.obj (.bss:g_ucDinDout)
                  20028460    00000028                  : nonos.obj (.bss:g__SlNonOsCB)
                  20028488    00000024     network_if.obj (.bss:g_ucConnectionSSID)
                  200284ac    00000010     (.common:sAddr)
                  200284bc    00000008     (.common:g_ucConnectionBSSID)
                  200284c4    00000008     (.common:parmbuf)
                  200284cc    00000004     (.common:SimpleLinkSpawnTaskHndl)
                  200284d0    00000004     (.common:__Errorlog)
                  200284d4    00000004     (.common:bufptr)
                  200284d8    00000004     (.common:g_usTimerInts)
                  200284dc    00000004     (.common:iSockID)
                  200284e0    00000004     (.common:simpleLink_mailbox)
                  200284e4    00000002     (.common:g_usConnectIndex)
                  200284e6    00000001     (.common:g_bContextInIntFlag)
                  200284e7    00000001     (.common:g_bContextOutIntFlag)
                  200284e8    00000001     (.common:g_bDataInIntFlag)
                  200284e9    00000001     (.common:g_bDataOutIntFlag)
                  200284ea    00000001     (.common:g_cDummy)
                  200284eb    00000001     (.common:g_ucLED1Pin)
                  200284ec    00000001     (.common:g_ucLED2Pin)
                  200284ed    00000001     (.common:g_ucLED3Pin)

.data      0    200284f0    00000834     UNINITIALIZED
                  200284f0    00000138     app_pem4.oem4 (.data)
                  20028628    000000b0     rtsv7M4_T_le_eabi.lib : signal.obj (.data:sigtable)
                  200286d8    00000080     main.obj (.data:cryptedMessage)
                  20028758    00000080     main.obj (.data:messageToBeCrypted)
                  200287d8    00000080     main.obj (.data:recievedFromServer)
                  20028858    00000080     rtsv7M4_T_le_eabi.lib : xvalues.obj (.data)
                  200288d8    00000080     app_pem4.oem4 (.data:ti_sysbios_knl_Swi_Module_State_0_readyQ__A)
                  20028958    00000080     app_pem4.oem4 (.data:ti_sysbios_knl_Task_Module_State_0_readyQ__A)
                  200289d8    00000068     rtsv7M4_T_le_eabi.lib : xfvalues.obj (.data)
                  20028a40    00000058     main.obj (.data:data)
                  20028a98    00000058     main.obj (.data)
                  20028af0    0000004c     app_pem4.oem4 (.data:ti_sysbios_knl_Task_Object__table__V)
                  20028b3c    00000044     app_pem4.oem4 (.data:ti_sysbios_knl_Task_Module__state__V)
                  20028b80    00000038     app_pem4.oem4 (.data:ti_sysbios_gates_GateMutex_Object__table__V)
                  20028bb8    00000034     app_pem4.oem4 (.data:ti_sysbios_family_arm_m3_Hwi_Module__state__V)
                  20028bec    00000030     app_pem4.oem4 (.data:ti_sysbios_family_arm_m3_Timer_Object__table__V)
                  20028c1c    00000030     app_pem4.oem4 (.data:ti_sysbios_knl_Swi_Object__table__V)
                  20028c4c    0000002c     app_pem4.oem4 (.data:ti_sysbios_knl_Clock_Module__state__V)
                  20028c78    00000024     app_pem4.oem4 (.data:ti_sysbios_BIOS_Module__state__V)
                  20028c9c    00000024     app_pem4.oem4 (.data:xdc_runtime_LoggerBuf_Object__table__V)
                  20028cc0    0000001c     gpio_if.obj (.data)
                  20028cdc    00000010     simplelink.a : cc_pal.obj (.data)
                  20028cec    0000000c     network_if.obj (.data)
                  20028cf8    00000008     rtsv7M4_T_le_eabi.lib : _lock.obj (.data)
                  20028d00    00000008                           : exit.obj (.data)
                  20028d08    00000008                           : feraiseexcept.obj (.data)
                  20028d10    00000008     simplelink.a : driver.obj (.data)
                  20028d18    00000004     rtsv7M4_T_le_eabi.lib : errno.obj (.data)
                  20028d1c    00000004                           : stkdepth_vars.obj (.data)
                  20028d20    00000004                           : strtok.obj (.data)

.stack     0    20035db0    00002000     UNINITIALIZED
                  20035db0    00002000     --HOLE--


LINKER GENERATED COPY TABLES

__TI_cinit_table @ 20019f70 records: 2, size/record: 8, table size: 16
	.data: load addr=20019b80, load size=000003dc bytes, run addr=200284f0, run size=00000834 bytes, compression=rle
	.bss: load addr=20019f68, load size=00000008 bytes, run addr=2001edb8, run size=00009736 bytes, compression=zero_init


LINKER GENERATED HANDLER TABLE

__TI_handler_table @ 20019f5c records: 3, size/record: 4, table size: 12
	index: 0, handler: __TI_decompress_rle24
	index: 1, handler: __TI_decompress_none
	index: 2, handler: __TI_zero_init


GLOBAL SYMBOLS: SORTED ALPHABETICALLY BY Name 

address    name
--------   ----
2000e4c1   ADCChannelDisable
2000e489   ADCChannelEnable
2000e705   ADCDMADisable
2000e6cd   ADCDMAEnable
2000e475   ADCDisable
2000e461   ADCEnable
2000e7af   ADCFIFOLvlGet
2000e7cb   ADCFIFORead
2000e679   ADCIntClear
2000e5cd   ADCIntDisable
2000e56b   ADCIntEnable
2000e4f9   ADCIntRegister
2000e623   ADCIntStatus
2000e537   ADCIntUnregister
2000e73d   ADCTimerConfig
2000e78b   ADCTimerDisable
2000e775   ADCTimerEnable
2000e75f   ADCTimerReset
2000e7a1   ADCTimerValueGet
2000b05b   AESAuthDataLengthSet
2000aee1   AESConfigSet
200056e9   AESCrypt
2000b501   AESDMADisable
2000b4e9   AESDMAEnable
2000b03b   AESDataLengthSet
2000b2f3   AESDataMAC
2000b261   AESDataProcess
2000b371   AESDataProcessAE
2000b0e7   AESDataRead
2000b06d   AESDataReadNonBlocking
2000b1e1   AESDataWrite
2000b15b   AESDataWriteNonBlocking
2000afe3   AESIVSet
20005fff   AESInit
2000b4ab   AESIntClear
2000b47f   AESIntDisable
2000b453   AESIntEnable
2000568b   AESIntHandler
2000b4c1   AESIntRegister
2000b405   AESIntStatus
2000b4d7   AESIntUnregister
2000af03   AESKey1Set
2000af5d   AESKey2Set
2000afb7   AESKey3Set
2000b00f   AESTagRead
20015d95   C$$EXIT
2001540b   C$$IO$$
200155b5   CPUbasepriGet
2001559f   CPUbasepriSet
20015561   CPUcpsid
2001557f   CPUcpsie
20015575   CPUprimask
20015593   CPUwfi
20011b95   ClearTerm
200077d5   ConfigureSimpleLinkToDefaultState
2000a1e1   CopyPingResultsToReport
2000bf0d   DmaSpiSwIntHandler
20011b9f   Error
2000f86d   FlashDisable
2000f8a3   FlashErase
2000f8dd   FlashEraseNonBlocking
2000fb19   FlashIntClear
2000fae9   FlashIntDisable
2000fad5   FlashIntEnable
2000fab1   FlashIntRegister
2000fafd   FlashIntStatus
2000fac5   FlashIntUnregister
2000f8fb   FlashMassErase
2000f927   FlashMassEraseNonBlocking
2000f937   FlashProgram
2000f9b9   FlashProgramNonBlocking
2000fa3b   FlashProtectGet
2000f4ff   GPIODMATriggerDisable
2000f4a7   GPIODMATriggerEnable
2000f2b3   GPIODirModeGet
2000f27d   GPIODirModeSet
2000f423   GPIOIntClear
2000f3e7   GPIOIntDisable
2000f3cd   GPIOIntEnable
2000f437   GPIOIntRegister
2000f401   GPIOIntStatus
2000f367   GPIOIntTypeGet
2000f2e5   GPIOIntTypeSet
2000f455   GPIOIntUnregister
2000f46f   GPIOPinRead
2000f487   GPIOPinWrite
2000eab5   GPIO_IF_ConfigureNIntEnable
2000eb31   GPIO_IF_Get
2000ea6f   GPIO_IF_GetPortNPin
2000e831   GPIO_IF_LedConfigure
2000e923   GPIO_IF_LedOff
2000e86f   GPIO_IF_LedOn
2000e9d7   GPIO_IF_LedStatus
2000ea41   GPIO_IF_LedToggle
2000eaf7   GPIO_IF_Set
20011bd7   GetCmd
2000da27   GetStartResponseConvert
200100dd   HOSTclock
200100a5   HOSTclose
20010067   HOSTgetenv
2001000b   HOSTlseek
2000ffb9   HOSTopen
2000ff6d   HOSTread
2000ff0f   HOSTrename
2000fed5   HOSTtime
2000fe9d   HOSTunlink
2000fe51   HOSTwrite
2000bf29   HostIntHanlder
2000ae39   I2CFIFODataGet
2000ae53   I2CFIFODataGetNonBlocking
2000adef   I2CFIFODataPut
2000ae11   I2CFIFODataPutNonBlocking
2000addf   I2CFIFOStatus
2000a9e1   I2CIntRegister
2000a9ff   I2CIntUnregister
2000ae8f   I2CMasterBurstCountGet
2000ae79   I2CMasterBurstLengthSet
2000ac37   I2CMasterBusBusy
2000ac1f   I2CMasterBusy
2000ac4f   I2CMasterControl
2000aca3   I2CMasterDataGet
2000ac8d   I2CMasterDataPut
2000a9ad   I2CMasterDisable
2000a979   I2CMasterEnable
2000ac61   I2CMasterErr
2000ae9d   I2CMasterGlitchFilterConfigSet
2000a8af   I2CMasterInitExpClk
2000ab99   I2CMasterIntClear
2000abaf   I2CMasterIntClearEx
2000aa73   I2CMasterIntDisable
2000aa83   I2CMasterIntDisableEx
2000aa19   I2CMasterIntEnable
2000aa29   I2CMasterIntEnableEx
2000aacd   I2CMasterIntStatus
2000ab07   I2CMasterIntStatusEx
2000ac11   I2CMasterLineStateGet
2000abef   I2CMasterSlaveAddrSet
2000acb1   I2CMasterTimeoutSet
2000ad9f   I2CRxFIFOConfigSet
2000adc7   I2CRxFIFOFlush
2000acc3   I2CSlaveACKOverride
2000acf5   I2CSlaveACKValueSet
2000a93b   I2CSlaveAddressSet
2000ad4f   I2CSlaveDataGet
2000ad37   I2CSlaveDataPut
2000a9c3   I2CSlaveDisable
2000a98f   I2CSlaveEnable
2000aecd   I2CSlaveFIFODisable
2000aeb5   I2CSlaveFIFOEnable
2000a921   I2CSlaveInit
2000abc9   I2CSlaveIntClear
2000abdb   I2CSlaveIntClearEx
2000aa9b   I2CSlaveIntDisable
2000aab3   I2CSlaveIntDisableEx
2000aa41   I2CSlaveIntEnable
2000aa59   I2CSlaveIntEnableEx
2000ab2d   I2CSlaveIntStatus
2000ab71   I2CSlaveIntStatusEx
2000ad27   I2CSlaveStatus
2000ad5f   I2CTxFIFOConfigSet
2000ad87   I2CTxFIFOFlush
2001039d   I2C_IF_Close
20010355   I2C_IF_Open
2001024f   I2C_IF_Read
2001030b   I2C_IF_ReadFrom
20010199   I2C_IF_Write
20028aa8   IV
20011b55   InitTerm
200075f5   InitializeAppVariables
2000ed45   IntDisable
2000ecab   IntEnable
2000eb95   IntMasterDisable
2000eb8b   IntMasterEnable
2000ee6d   IntPendClear
2000eddf   IntPendSet
2000ec87   IntPriorityGet
2000ebff   IntPriorityGroupingGet
2000ebe5   IntPriorityGroupingSet
2000eed1   IntPriorityMaskGet
2000eec5   IntPriorityMaskSet
2000ec37   IntPrioritySet
2000ebaf   IntRegister
2000ebcb   IntUnregister
2000eb9f   IntVTableBaseSet
20028a98   Key
200057d7   LedTimerConfigNStart
200057f5   LedTimerDeinitStop
2001747f   LoggerBuf_instanceStartup
20012b2d   MQTTDeserialize_ack
2000df89   MQTTDeserialize_connack
20012a75   MQTTDeserialize_publish
200112b3   MQTTDeserialize_suback
2000d5c3   MQTTPacket_decode
2000d6a9   MQTTPacket_decodeBuf
2000d56d   MQTTPacket_encode
2000d885   MQTTPacket_equals
2000d62b   MQTTPacket_len
2000d8e9   MQTTPacket_read
2001104d   MQTTSerialize_ack
2000ddcf   MQTTSerialize_connect
2000dd19   MQTTSerialize_connectLength
2000e079   MQTTSerialize_disconnect
2000e091   MQTTSerialize_pingreq
200110d7   MQTTSerialize_puback
20011125   MQTTSerialize_pubcomp
20010f77   MQTTSerialize_publish
20010f39   MQTTSerialize_publishLength
200110fb   MQTTSerialize_pubrel
200111b3   MQTTSerialize_subscribe
20011151   MQTTSerialize_subscribeLength
2000e011   MQTTSerialize_zero
2000616d   MQTT_payload_string
2000d859   MQTTstrlen
20011b73   Message
20007a91   Network_IF_ConnectAP
20007c69   Network_IF_CurrentMCUState
20007a17   Network_IF_DeInitDriver
20007bad   Network_IF_DisconnectFromAP
20007c0f   Network_IF_GetHostIP
200079bd   Network_IF_InitDriver
20007bc5   Network_IF_IpConfigGet
20007c61   Network_IF_ResetMCUStateMachine
20007d39   Network_IF_SetMCUMachineState
20007d55   Network_IF_UnsetMCUMachineState
2000be61   NwpMaskInterrupt
2000be71   NwpPowerOff
2000bee9   NwpPowerOn
2000bea5   NwpPowerOnPreamble
2000be21   NwpRegisterInterruptHandler
2000be13   NwpUnMaskInterrupt
20008765   PRCMCC3200MCUInit
2000819d   PRCMDeepSleepEnter
20008367   PRCMHibernateEnter
200082a1   PRCMHibernateIntervalSet
20008315   PRCMHibernateWakeUpGPIOSelect
20008285   PRCMHibernateWakeupCauseGet
2000825f   PRCMHibernateWakeupSourceDisable
20008239   PRCMHibernateWakeupSourceEnable
20008083   PRCMI2SClockFreqSet
200084a9   PRCMIntDisable
20008475   PRCMIntEnable
2000844d   PRCMIntRegister
200084cd   PRCMIntStatus
20008461   PRCMIntUnregister
200080eb   PRCMLPDSEnter
20008157   PRCMLPDSIntervalSet
200080d3   PRCMLPDSRestoreInfoSet
20008179   PRCMLPDSWakeUpGPIOSelect
20008151   PRCMLPDSWakeupCauseGet
2000813d   PRCMLPDSWakeupSourceDisable
2000811b   PRCMLPDSWakeupSourceEnable
20007efd   PRCMMCUReset
20008433   PRCMOCRRegisterRead
20008419   PRCMOCRRegisterWrite
20007f6d   PRCMPeripheralClkDisable
20007f41   PRCMPeripheralClkEnable
20007f8d   PRCMPeripheralClockGet
2000800b   PRCMPeripheralReset
20008059   PRCMPeripheralStatusGet
20008595   PRCMRTCGet
200084e5   PRCMRTCInUseGet
200084d3   PRCMRTCInUseSet
200086c9   PRCMRTCMatchGet
2000862d   PRCMRTCMatchSet
20008505   PRCMRTCSet
[...]
2001739d   ti_sysbios_knl_Task_SupportProxy_getStackAlignment__E
200173a9   ti_sysbios_gates_GateHwi_enter__E
200173b5   ti_sysbios_knl_Queue_Object__get__S
200173c1   ti_sysbios_knl_Semaphore_Params__init__S
200173cd   ti_sysbios_knl_Task_Params__init__S
200173d9   xdc_runtime_Error_init__E
200173e5   xdc_runtime_Gate_enterSystem__E
200173f1   xdc_runtime_Memory_calloc__E
200173fd   xdc_runtime_Memory_getMaxDefaultTypeAlign__E
2001741d   xdc_runtime_LoggerBuf_disable__E
20017427   xdc_runtime_LoggerBuf_enable__E
20017431   ti_sysbios_family_arm_m3_Hwi_doSwiRestore__I
20017439   ti_sysbios_family_arm_m3_Hwi_startup__E
20017439   ti_sysbios_hal_Hwi_HwiProxy_startup__E
20017439   ti_sysbios_hal_Hwi_startup__E
20017441   ti_sysbios_knl_Idle_loop__E
20017449   UtilsDelay
2001744f   __xdc__init
20017455   __TI_decompress_rle24
2001745b   log
20017461   ti_sysbios_family_arm_m3_Hwi_restoreFxn__E
20017461   ti_sysbios_hal_Hwi_HwiProxy_restore__E
20017461   ti_sysbios_hal_Hwi_restore__E
20017467   ti_sysbios_gates_GateHwi_leave__E
2001746d   ti_sysbios_heaps_HeapMem_isBlocking__E
20017473   ti_sysbios_knl_Queue_Instance_init__E
20017479   xdc_runtime_System_Module_startup__E
2001747f   LoggerBuf_instanceStartup
20017483   ti_sysbios_BIOS_RtsGateProxy_enter__E
20017487   ti_sysbios_BIOS_RtsGateProxy_leave__E
2001748b   ti_sysbios_family_arm_m3_Hwi_delete
2001748f   ti_sysbios_family_arm_m3_TaskSupport_Module__startupDone__S
20017493   ti_sysbios_family_arm_m3_Timer_getMaxTicks__E
20017497   ti_sysbios_gates_GateHwi_query__E
20017497   xdc_runtime_LoggerBuf_Module_GateProxy_query__E
20017497   xdc_runtime_Main_Module_GateProxy_query__E
20017497   xdc_runtime_System_Module_GateProxy_query__E
2001749b   ti_sysbios_BIOS_RtsGateProxy_query__E
2001749b   ti_sysbios_gates_GateMutex_query__E
2001749b   ti_sysbios_heaps_HeapMem_Module_GateProxy_query__E
2001749f   ti_sysbios_hal_Hwi_HwiProxy_Module__startupDone__S
200174a3   ti_sysbios_hal_Timer_TimerProxy_Module__startupDone__S
200174a7   ti_sysbios_heaps_HeapMem_Module_GateProxy_enter__E
200174ab   ti_sysbios_heaps_HeapMem_Module_GateProxy_leave__E
200174af   ti_sysbios_knl_Clock_TimerProxy_Module__startupDone__S
200174b3   ti_sysbios_knl_Clock_TimerProxy_getMaxTicks__E
200174b7   ti_sysbios_knl_Mailbox_delete
200174bb   ti_sysbios_knl_Queue_destruct
200174bf   ti_sysbios_knl_Semaphore_delete
200174c3   ti_sysbios_knl_Semaphore_destruct
200174c7   ti_sysbios_knl_Task_SupportProxy_Module__startupDone__S
200174cb   ti_sysbios_knl_Task_delete
200174cf   ti_sysbios_knl_Task_startup__E
200174d3   xdc_runtime_Error_getSite__E
200174d7   xdc_runtime_LoggerBuf_Module_GateProxy_enter__E
200174db   xdc_runtime_LoggerBuf_Module_GateProxy_leave__E
200174df   xdc_runtime_Memory_HeapProxy_alloc__E
200174e3   xdc_runtime_Memory_HeapProxy_free__E
200174e7   xdc_runtime_System_Module_GateProxy_enter__E
200174eb   xdc_runtime_System_Module_GateProxy_leave__E
200174ef   xdc_runtime_System_aprintf_va__F
200174f3   xdc_runtime_System_printf_va__F
200174f8   xdc_runtime_Text_charTab__A
20018c86   _ctypes_
20018f5c   xdc_runtime_Text_nodeTab__A
200192f8   _SlPolicySetCmdCtrl
200192fc   _SlPolicyGetCmdCtrl
20019300   _SlProfileGetCmdCtrl
20019304   _SlProfileDelCmdCtrl
20019308   _SlWlanGetNetworkListCtrl
2001930c   _SlRxFilterAddtCmdCtrl
20019310   _SlRxFilterSetCmdCtrl
20019314   _SlRxFilterGetCmdCtrl
20019318   _SlSmartConfigStartCmdCtrl
2001931c   _SlWlanSetModeCmdCtrl
20019320   _SlWlanCfgSetCmdCtrl
20019324   _SlWlanCfgGetCmdCtrl
20019334   ti_sysbios_knl_Task_Object__PARAMS__C
20019370   xdc_runtime_LoggerBuf_Module__FXNS__C
200193ac   _SlActionLookupTable
200193e4   ti_sysbios_family_arm_m3_Hwi_E_NMI__C
20019420   _SlSockSocketCmdCtrl
20019424   _SlSockCloseCmdCtrl
20019428   _SlRecvfomCmdCtrl
2001942c   _SlSendCmdCtrl
20019430   _SlListenCmdCtrl
20019434   _SlAcceptCmdCtrl
20019438   _SlRecvCmdCtrl
2001943c   _SlSetSockOptCmdCtrl
20019440   _SlGetSockOptCmdCtrl
20019444   _SlSelectCmdCtrl
20019454   ti_sysbios_knl_Mailbox_Object__PARAMS__C
200194b8   ti_sysbios_family_arm_m3_Hwi_Object__PARAMS__C
200194e8   xdc_runtime_Startup_sfxnTab__A
20019544   _SlNetAppStartCtrl
20019548   _SlNetAppStopCtrl
2001954c   _SlGetServiceListeCtrl
20019550   _SlRegisterServiceCtrl
20019554   _SlGetHostByServiceCtrl
20019558   _SlGetHostByNameCtrl
2001955c   _SlNetAppSetCmdCtrl
20019560   _SlNetAppSendTokenValueCmdCtrl
20019564   _SlNetAppGetCmdCtrl
2001956c   ti_sysbios_heaps_HeapMem_Module__FXNS__C
200195b8   ti_sysbios_gates_GateHwi_Module__FXNS__C
200195dc   ti_sysbios_gates_GateMutex_Module__FXNS__C
20019600   ti_sysbios_heaps_HeapMem_Object__PARAMS__C
20019624   ti_sysbios_knl_Semaphore_Object__PARAMS__C
20019648   xdc_runtime_LoggerBuf_Object__PARAMS__C
2001966c   ti_sysbios_family_arm_m3_Hwi_Object__DESC__C
2001968c   ti_sysbios_gates_GateHwi_Object__DESC__C
200196ac   ti_sysbios_gates_GateMutex_Object__DESC__C
200196cc   ti_sysbios_heaps_HeapMem_Object__DESC__C
200196ec   ti_sysbios_knl_Mailbox_Object__DESC__C
2001970c   ti_sysbios_knl_Queue_Object__DESC__C
2001972c   ti_sysbios_knl_Semaphore_Object__DESC__C
2001974c   ti_sysbios_knl_Task_Object__DESC__C
2001976c   xdc_runtime_LoggerBuf_Object__DESC__C
200197a4   ti_sysbios_gates_GateHwi_Object__PARAMS__C
200197bc   ti_sysbios_gates_GateMutex_Object__PARAMS__C
200197d4   ti_sysbios_knl_Queue_Object__PARAMS__C
200197ec   xdc_runtime_Startup_sfxnRts__A
20019818   _SlStopCmdCtrl
2001981c   _SlEventMaskSetCmdCtrl
20019820   _SlEventMaskGetCmdCtrl
20019824   _SlDeviceGetCmdCtrl
20019828   _SlDeviceSetCmdCtrl
2001982c   g_H2NSyncPattern
20019834   g_H2NCnysPattern
20019851   xdc_runtime_Error_policy__C
20019852   ti_sysbios_family_arm_m3_Hwi_Module__id__C
20019880   xdc_runtime_Startup_firstFxns__A
2001988c   pcDigits
200198b0   _SlNetCfgSetCmdCtrl
200198b4   _SlNetCfgGetCmdCtrl
200198b8   ti_sysbios_family_arm_m3_Hwi_excHookFuncs__A
200198c0   ti_sysbios_knl_Idle_funcList__C
200198c8   xdc_runtime_Startup_firstFxns__C
200198d0   xdc_runtime_Startup_lastFxns__C
200198d8   ti_sysbios_family_arm_m3_Hwi_E_alreadyDefined__C
200198dc   ti_sysbios_family_arm_m3_Hwi_E_busFault__C
200198e0   ti_sysbios_family_arm_m3_Hwi_E_debugMon__C
200198e4   ti_sysbios_family_arm_m3_Hwi_E_hardFault__C
200198e8   ti_sysbios_family_arm_m3_Hwi_E_memFault__C
200198ec   ti_sysbios_family_arm_m3_Hwi_E_noIsr__C
200198f0   ti_sysbios_family_arm_m3_Hwi_E_reserved__C
200198f4   ti_sysbios_family_arm_m3_Hwi_E_svCall__C
200198f8   ti_sysbios_family_arm_m3_Hwi_E_usageFault__C
200198fc   ti_sysbios_family_arm_m3_Hwi_LD_end__C
20019900   ti_sysbios_family_arm_m3_Hwi_LM_begin__C
20019904   ti_sysbios_family_arm_m3_Hwi_Module__diagsEnabled__C
20019908   ti_sysbios_family_arm_m3_Hwi_Module__diagsIncluded__C
2001990c   ti_sysbios_family_arm_m3_Hwi_Module__diagsMask__C
20019910   ti_sysbios_family_arm_m3_Hwi_Module__loggerFxn1__C
20019914   ti_sysbios_family_arm_m3_Hwi_Module__loggerFxn8__C
20019918   ti_sysbios_family_arm_m3_Hwi_Module__loggerObj__C
2001991c   ti_sysbios_family_arm_m3_Hwi_NUM_INTERRUPTS__C
20019920   ti_sysbios_family_arm_m3_Hwi_Object__count__C
20019924   ti_sysbios_family_arm_m3_Hwi_ccr__C
20019928   ti_sysbios_family_arm_m3_Hwi_excHandlerFunc__C
2001992c   ti_sysbios_family_arm_m3_Hwi_excHookFuncs__C
20019930   ti_sysbios_family_arm_m3_Hwi_nullIsrFunc__C
20019934   ti_sysbios_family_arm_m3_Hwi_priGroup__C
20019938   ti_sysbios_family_arm_m3_TaskSupport_stackAlignment__C
2001993c   ti_sysbios_family_arm_m3_Timer_E_cannotSupport__C
20019940   ti_sysbios_family_arm_m3_Timer_startupNeeded__C
20019944   ti_sysbios_gates_GateMutex_A_badContext__C
20019948   ti_sysbios_gates_GateMutex_Instance_State_sem__O
2001994c   ti_sysbios_gates_GateMutex_Module__diagsEnabled__C
20019950   ti_sysbios_gates_GateMutex_Module__diagsIncluded__C
20019954   ti_sysbios_gates_GateMutex_Module__diagsMask__C
20019958   ti_sysbios_hal_Hwi_E_stackOverflow__C
2001995c   ti_sysbios_heaps_HeapMem_A_align__C
20019960   ti_sysbios_heaps_HeapMem_A_heapSize__C
20019964   ti_sysbios_heaps_HeapMem_A_invalidFree__C
20019968   ti_sysbios_heaps_HeapMem_A_zeroBlock__C
2001996c   ti_sysbios_heaps_HeapMem_E_memory__C
20019970   ti_sysbios_heaps_HeapMem_Module__diagsEnabled__C
20019974   ti_sysbios_heaps_HeapMem_Module__diagsIncluded__C
20019978   ti_sysbios_heaps_HeapMem_Module__diagsMask__C
2001997c   ti_sysbios_heaps_HeapMem_Module__gateObj__C
20019980   ti_sysbios_heaps_HeapMem_Object__count__C
20019984   ti_sysbios_heaps_HeapMem_reqAlign__C
20019988   ti_sysbios_knl_Clock_LM_begin__C
2001998c   ti_sysbios_knl_Clock_LM_tick__C
20019990   ti_sysbios_knl_Clock_LW_delayed__C
20019994   ti_sysbios_knl_Clock_Module_State_clockQ__O
20019998   ti_sysbios_knl_Clock_Module__diagsEnabled__C
2001999c   ti_sysbios_knl_Clock_Module__diagsIncluded__C
200199a0   ti_sysbios_knl_Clock_Module__diagsMask__C
200199a4   ti_sysbios_knl_Clock_Module__loggerFxn1__C
200199a8   ti_sysbios_knl_Clock_Module__loggerFxn2__C
200199ac   ti_sysbios_knl_Clock_Module__loggerObj__C
200199b0   ti_sysbios_knl_Clock_tickPeriod__C
200199b4   ti_sysbios_knl_Idle_funcList__A
200199b8   ti_sysbios_knl_Mailbox_A_invalidBufSize__C
200199bc   ti_sysbios_knl_Mailbox_Instance_State_dataQue__O
200199c0   ti_sysbios_knl_Mailbox_Instance_State_dataSem__O
200199c4   ti_sysbios_knl_Mailbox_Instance_State_freeQue__O
200199c8   ti_sysbios_knl_Mailbox_Instance_State_freeSem__O
200199cc   ti_sysbios_knl_Mailbox_Module__diagsEnabled__C
200199d0   ti_sysbios_knl_Mailbox_Module__diagsIncluded__C
200199d4   ti_sysbios_knl_Mailbox_Module__diagsMask__C
200199d8   ti_sysbios_knl_Mailbox_Object__count__C
200199dc   ti_sysbios_knl_Mailbox_maxTypeAlign__C
200199e0   ti_sysbios_knl_Semaphore_A_badContext__C
200199e4   ti_sysbios_knl_Semaphore_A_noEvents__C
200199e8   ti_sysbios_knl_Semaphore_A_overflow__C
200199ec   ti_sysbios_knl_Semaphore_A_pendTaskDisabled__C
200199f0   ti_sysbios_knl_Semaphore_Instance_State_pendQ__O
200199f4   ti_sysbios_knl_Semaphore_LM_pend__C
200199f8   ti_sysbios_knl_Semaphore_LM_post__C
200199fc   ti_sysbios_knl_Semaphore_Module__diagsEnabled__C
20019a00   ti_sysbios_knl_Semaphore_Module__diagsIncluded__C
20019a04   ti_sysbios_knl_Semaphore_Module__diagsMask__C
20019a08   ti_sysbios_knl_Semaphore_Module__loggerFxn2__C
20019a0c   ti_sysbios_knl_Semaphore_Module__loggerFxn4__C
20019a10   ti_sysbios_knl_Semaphore_Module__loggerObj__C
20019a14   ti_sysbios_knl_Swi_LD_end__C
20019a18   ti_sysbios_knl_Swi_LM_begin__C
20019a1c   ti_sysbios_knl_Swi_LM_post__C
20019a20   ti_sysbios_knl_Swi_Module__diagsEnabled__C
20019a24   ti_sysbios_knl_Swi_Module__diagsIncluded__C
20019a28   ti_sysbios_knl_Swi_Module__diagsMask__C
20019a2c   ti_sysbios_knl_Swi_Module__loggerFxn1__C
20019a30   ti_sysbios_knl_Swi_Module__loggerFxn4__C
20019a34   ti_sysbios_knl_Swi_Module__loggerObj__C
20019a38   ti_sysbios_knl_Swi_Object__count__C
20019a3c   ti_sysbios_knl_Task_A_badPriority__C
20019a40   ti_sysbios_knl_Task_A_badTaskState__C
20019a44   ti_sysbios_knl_Task_A_badThreadType__C
20019a48   ti_sysbios_knl_Task_A_badTimeout__C
20019a4c   ti_sysbios_knl_Task_A_noPendElem__C
20019a50   ti_sysbios_knl_Task_A_sleepTaskDisabled__C
20019a54   ti_sysbios_knl_Task_E_spOutOfBounds__C
20019a58   ti_sysbios_knl_Task_E_stackOverflow__C
20019a5c   ti_sysbios_knl_Task_LD_block__C
20019a60   ti_sysbios_knl_Task_LD_exit__C
20019a64   ti_sysbios_knl_Task_LD_ready__C
20019a68   ti_sysbios_knl_Task_LM_sleep__C
20019a6c   ti_sysbios_knl_Task_LM_switch__C
20019a70   ti_sysbios_knl_Task_Module_State_inactiveQ__O
20019a74   ti_sysbios_knl_Task_Module__diagsEnabled__C
20019a78   ti_sysbios_knl_Task_Module__diagsIncluded__C
20019a7c   ti_sysbios_knl_Task_Module__diagsMask__C
20019a80   ti_sysbios_knl_Task_Module__loggerFxn2__C
20019a84   ti_sysbios_knl_Task_Module__loggerFxn4__C
20019a88   ti_sysbios_knl_Task_Module__loggerObj__C
20019a8c   ti_sysbios_knl_Task_Object__count__C
20019a90   ti_sysbios_knl_Task_allBlockedFunc__C
20019a94   ti_sysbios_knl_Task_defaultStackHeap__C
20019a98   ti_sysbios_knl_Task_defaultStackSize__C
20019a9c   ti_sysbios_knl_Task_numConstructedTasks__C
20019aa0   xdc_runtime_Assert_E_assertFailed__C
20019aa4   xdc_runtime_Core_A_initializedParams__C
20019aa8   xdc_runtime_Core_Module__diagsEnabled__C
20019aac   xdc_runtime_Core_Module__diagsIncluded__C
20019ab0   xdc_runtime_Core_Module__diagsMask__C
20019ab4   xdc_runtime_Error_E_memory__C
20019ab8   xdc_runtime_Error_Module__diagsEnabled__C
20019abc   xdc_runtime_Error_Module__diagsIncluded__C
20019ac0   xdc_runtime_Error_Module__diagsMask__C
20019ac4   xdc_runtime_Error_Module__loggerFxn8__C
20019ac8   xdc_runtime_Error_Module__loggerObj__C
20019acc   xdc_runtime_Error_policyFxn__C
20019ad0   xdc_runtime_Error_raiseHook__C
20019ad4   xdc_runtime_IFilterLogger_Interface__BASE__C
20019ad8   xdc_runtime_IGateProvider_Interface__BASE__C
20019adc   xdc_runtime_IHeap_Interface__BASE__C
20019ae0   xdc_runtime_ILogger_Interface__BASE__C
20019ae4   xdc_runtime_IModule_Interface__BASE__C
20019ae8   xdc_runtime_Log_L_error__C
20019aec   xdc_runtime_LoggerBuf_E_badLevel__C
20019af0   xdc_runtime_LoggerBuf_Module__gateObj__C
20019af4   xdc_runtime_LoggerBuf_Object__count__C
20019af8   xdc_runtime_LoggerBuf_statusLogger__C
20019afc   xdc_runtime_Memory_defaultHeapInstance__C
20019b00   xdc_runtime_Startup_execImpl__C
20019b04   xdc_runtime_Startup_maxPasses__C
20019b08   xdc_runtime_Startup_sfxnRts__C
20019b0c   xdc_runtime_Startup_sfxnTab__C
20019b10   xdc_runtime_SysMin_bufSize__C
20019b14   xdc_runtime_SysMin_outputFunc__C
20019b18   xdc_runtime_System_Module__gateObj__C
20019b1c   xdc_runtime_System_abortFxn__C
20019b20   xdc_runtime_System_exitFxn__C
20019b24   xdc_runtime_System_extendFxn__C
20019b28   xdc_runtime_System_maxAtexitHandlers__C
20019b2c   xdc_runtime_Text_charTab__C
20019b30   xdc_runtime_Text_nameEmpty__C
20019b34   xdc_runtime_Text_nameStatic__C
20019b38   xdc_runtime_Text_nameUnknown__C
20019b3c   xdc_runtime_Text_nodeTab__C
20019b40   xdc_runtime_Text_visitRopeFxn__C
20019b44   ti_sysbios_family_arm_m3_Hwi_Module__loggerDefined__C
20019b46   ti_sysbios_family_arm_m3_Timer_Module__id__C
20019b48   ti_sysbios_family_arm_m3_TimestampProvider_configTimer__C
20019b4a   ti_sysbios_gates_GateMutex_Module__id__C
20019b4c   ti_sysbios_hal_Hwi_Module__id__C
20019b4e   ti_sysbios_heaps_HeapMem_Module__id__C
20019b50   ti_sysbios_knl_Clock_Module__id__C
20019b52   ti_sysbios_knl_Clock_Module__loggerDefined__C
20019b54   ti_sysbios_knl_Mailbox_Module__id__C
20019b56   ti_sysbios_knl_Semaphore_Module__id__C
20019b58   ti_sysbios_knl_Semaphore_Module__loggerDefined__C
20019b5a   ti_sysbios_knl_Swi_Module__id__C
20019b5c   ti_sysbios_knl_Swi_Module__loggerDefined__C
20019b5e   ti_sysbios_knl_Task_Module__id__C
20019b60   ti_sysbios_knl_Task_Module__loggerDefined__C
20019b62   ti_sysbios_knl_Task_initStackFlag__C
20019b64   xdc_runtime_Core_Module__id__C
20019b66   xdc_runtime_Error_Module__loggerDefined__C
20019b68   xdc_runtime_Error_maxDepth__C
20019b6a   xdc_runtime_LoggerBuf_Module__id__C
20019b6c   xdc_runtime_LoggerBuf_filterByLevel__C
20019b6e   xdc_runtime_Memory_Module__id__C
20019b70   xdc_runtime_SysMin_flushAtExit__C
20019b72   xdc_runtime_Text_charCnt__C
20019b74   xdc_runtime_Text_isLoaded__C
20019b76   xdc_runtime_Text_registryModsLastId__C
20019b78   xdc_runtime_Text_unnamedModsLastId__C
20019b80   __TI_static_base__
20019f5c   __TI_Handler_Table_Base
20019f68   __TI_Handler_Table_Limit
20019f70   __TI_CINIT_Base
20019f80   __TI_CINIT_Limit
2001edb8   ti_sysbios_heaps_HeapMem_Instance_State_0_buf__A
20026db8   ti_sysbios_knl_Task_Instance_State_0_stack__A
200275b8   xdc_runtime_LoggerBuf_Instance_State_0_entryArr__A
200279b8   xdc_runtime_SysMin_Module_State_0_outbuf__A
20027db8   ti_sysbios_family_arm_m3_Hwi_dispatchTable
200280c4   g_StatMem
20028228   __CIOBUF_
20028348   buf
20028410   g_ucDinDout
20028460   g__SlNonOsCB
20028488   g_ucConnectionSSID
200284ac   sAddr
200284bc   g_ucConnectionBSSID
200284cc   SimpleLinkSpawnTaskHndl
200284d8   g_usTimerInts
200284dc   iSockID
200284e0   simpleLink_mailbox
200284e4   g_usConnectIndex
200284ea   g_cDummy
200284eb   g_ucLED1Pin
200284ec   g_ucLED2Pin
200284ed   g_ucLED3Pin
200284f0   ti_sysbios_family_arm_m3_Hwi_Module__root__V
200284f8   ti_sysbios_family_arm_m3_Hwi_Object__table__V
20028510   ti_sysbios_family_arm_m3_Hwi_Module_State_0_excActive__A
20028514   ti_sysbios_family_arm_m3_Hwi_Module_State_0_excContext__A
20028518   ti_sysbios_family_arm_m3_Hwi_Module_State_0_excStack__A
2002851c   ti_sysbios_family_arm_m3_Timer_Module__root__V
20028524   ti_sysbios_family_arm_m3_Timer_Module__state__V
20028530   ti_sysbios_family_arm_m3_TimestampProvider_Module__state__V
20028534   ti_sysbios_gates_GateHwi_Module__root__V
2002853c   ti_sysbios_gates_GateHwi_Object__table__V
20028540   ti_sysbios_gates_GateMutex_Module__root__V
20028548   ti_sysbios_hal_Hwi_Module__root__V
20028550   ti_sysbios_hal_Timer_Module__root__V
20028558   ti_sysbios_heaps_HeapMem_Module__root__V
20028560   ti_sysbios_heaps_HeapMem_Object__table__V
20028578   ti_sysbios_knl_Clock_Module__root__V
20028580   ti_sysbios_knl_Event_Module__root__V
20028588   ti_sysbios_knl_Mailbox_Module__root__V
20028590   ti_sysbios_knl_Queue_Module__root__V
20028598   ti_sysbios_knl_Semaphore_Module__root__V
200285a0   ti_sysbios_knl_Swi_Module__root__V
200285a8   ti_sysbios_knl_Swi_Module__state__V
200285c4   ti_sysbios_knl_Task_Module__root__V
200285cc   ti_sysbios_knl_Task_Module_State_0_idleTask__A
200285d0   xdc_runtime_Error_Module__state__V
200285d4   xdc_runtime_LoggerBuf_Module__root__V
200285dc   xdc_runtime_LoggerBuf_Module__state__V
200285e4   xdc_runtime_Memory_Module__state__V
200285e8   xdc_runtime_Registry_Module__state__V
200285f0   xdc_runtime_Startup_Module__state__V
200285f8   xdc_runtime_SysMin_Module__state__V
20028604   xdc_runtime_System_Module_State_0_atexitHandlers__A
20028614   xdc_runtime_System_Module__state__V
2002861c   xdc_runtime_Text_Module__state__V
20028624   __xdc__init__addr
200286d8   cryptedMessage
20028758   messageToBeCrypted
200287d8   recievedFromServer
20028858   _Denorm
20028868   _Eps
20028878   _Hugeval
20028888   _Inf
20028898   _Nan
200288a8   _Snan
200288b8   _Rteps
200288c8   _Xbig
200288d0   _Zero
200288d8   ti_sysbios_knl_Swi_Module_State_0_readyQ__A
20028958   ti_sysbios_knl_Task_Module_State_0_readyQ__A
200289d8   _FDenorm
200289e8   _FEps
200289f8   _FInf
20028a08   _FNan
20028a18   _FSnan
20028a28   _FRteps
20028a38   _FXbig
20028a3c   _FZero
20028a40   data
20028a98   Key
20028aa8   IV
20028ab8   buflen
20028abc   interupt_flag
20028abd   crypt_flag
20028ac0   heartbeat
20028ac4   server_rtc
20028ac8   messageLength
20028acc   pingSent
20028ad0   ResetTimerCount
20028ad4   iAddrSize
20028ad8   topicString
20028ae4   SecurityParams
20028af0   TSK_idle
20028af0   ti_sysbios_knl_Task_Object__table__V
20028b3c   ti_sysbios_knl_Task_Module__state__V
20028b80   ti_sysbios_gates_GateMutex_Object__table__V
20028bb8   ti_sysbios_family_arm_m3_Hwi_Module__state__V
20028bec   ti_sysbios_family_arm_m3_Timer_Object__table__V
20028c1c   ti_sysbios_knl_Swi_Object__table__V
20028c4c   ti_sysbios_knl_Clock_Module__state__V
20028c78   ti_sysbios_BIOS_Module__state__V
20028c9c   xdc_runtime_LoggerBuf_Object__table__V
20028cd0   g_uiLED1Port
20028cd4   g_uiLED2Port
20028cd8   g_uiLED3Port
20028cdc   g_pHostIntHdl
20028ce0   g_SpiFd
20028ce4   g_ucDMAEnabled
20028ce8   g_len
20028cec   g_ulStatus
20028cf0   g_ulStaIp
20028cf4   g_ulGatewayIP
20028cf8   _lock
20028cfc   _unlock
20028d00   __TI_cleanup_ptr
20028d04   __TI_dtors_ptr
20028d08   _Fenv
20028d0c   _Tls_setup__Fenv
20028d10   g_pCB
20028d14   pPingCallBackFunc
20028d18   _Errno
20028d1c   main_func_sp
20035db0   __stack
20037db0   __STACK_END
e000e000   ti_sysbios_family_arm_m3_Hwi_nvic
ffffffff   __binit__
ffffffff   __c_args__
ffffffff   binit
UNDEFED    SHT$$INIT_ARRAY$$Base
UNDEFED    SHT$$INIT_ARRAY$$Limit

[1352 symbols]
