******************************************************************************
                  TI ARM Linker PC v5.1.5                      
******************************************************************************
>> Linked Mon Aug 11 13:18:52 2014

OUTPUT FILE NAME:   <email.out>
ENTRY POINT SYMBOL: "_c_int00"  address: 2000fea1


MEMORY CONFIGURATION

         name            origin    length      used     unused   attr    fill
----------------------  --------  ---------  --------  --------  ----  --------
  SRAM_CODE             20004000   00014fff  0000c87c  00008783  RW X
  SRAM_DATA             20019000   00017000  00008d1c  0000e2e4  RW X


SEGMENT ALLOCATION MAP

run origin  load origin   length   init length attrs members
----------  ----------- ---------- ----------- ----- -------
20004000    20004000    0000c880   0000c880    r-x
  20004000    20004000    0000c074   0000c074    r-x .text
  20010074    20010074    00000748   00000748    r-- .const
  200107c0    200107c0    000000c0   000000c0    r-- .cinit
20019000    20019000    0000851c   00000000    rw-
  20019000    20019000    00008000   00000000    rw- .sysmem
  20021000    20021000    00000308   00000000    rw- .bss
  20021308    20021308    00000214   00000000    rw- .data
2002f800    2002f800    00000800   00000000    rw-
  2002f800    2002f800    00000800   00000000    rw- .stack


SECTION ALLOCATION MAP

 output                                  attributes/
section   page    origin      length       input sections
--------  ----  ----------  ----------   ----------------
.init_array 
*          0    20004000    00000000     UNINITIALIZED

.text      0    20004000    0000c074     
                  20004000    00001d7c     simplelink.a : driver.obj (.text)
                  20005d7c    00001156     rtsv7M4_T_le_v4SPD16_eabi.lib : _printfi.obj (.text)
                  20006ed2    00000002                                   : _lock.obj (.text)
                  20006ed4    00000d88     simplelink.a : socket.obj (.text)
                  20007c5c    00000ab4                  : netapp.obj (.text)
                  20008710    00000a5c                  : wlan.obj (.text)
                  2000916c    0000098c     driverlib.a : prcm.obj (.text)
                  20009af8    0000079c                 : spi.obj (.text)
                  2000a294    0000072c     main.obj (.text)
                  2000a9c0    00000724     network_if.obj (.text)
                  2000b0e4    0000067a     driverlib.a : i2c.obj (.text)
                  2000b75e    00000002     --HOLE-- [fill = 0]
                  2000b760    00000668     simplelink.a : cc_pal.obj (.text)
                  2000bdc8    00000650     driverlib.a : aes.obj (.text)
                  2000c418    00000538     ti_rtos.a : osi_tirtos.obj (.text)
                  2000c950    00000500     simplelink.a : device.obj (.text)
                  2000ce50    000004b8     rtsv7M4_T_le_v4SPD16_eabi.lib : memory.obj (.text)
                  2000d308    000004a4     driverlib.a : udma.obj (.text)
                  2000d7ac    0000048c                 : uart.obj (.text)
                  2000dc38    0000039c                 : timer.obj (.text)
                  2000dfd4    00000370                 : interrupt.obj (.text)
                  2000e344    00000334                 : gpio.obj (.text)
                  2000e678    00000300                 : flash.obj (.text)
                  2000e978    00000284                 : pin.obj (.text)
                  2000ebfc    00000270     MQTTConnectClient.obj (.text)
                  2000ee6c    000001f4     rtsv7M4_T_le_v4SPD16_eabi.lib : ull_div_t2.obj (.text)
                  2000f060    000001b6                                   : fd_add_t2.obj (.text)
                  2000f216    00000002     --HOLE-- [fill = 0]
                  2000f218    00000174     MQTTPacket.obj (.text)
                  2000f38c    00000138     uart_if.obj (.text)
                  2000f4c4    00000136     rtsv7M4_T_le_v4SPD16_eabi.lib : fd_div_t2.obj (.text)
                  2000f5fa    00000002     --HOLE-- [fill = 0]
                  2000f5fc    00000100     simplelink.a : netcfg.obj (.text)
                  2000f6fc    000000fc     rtsv7M4_T_le_v4SPD16_eabi.lib : fd_mul_t2.obj (.text)
                  2000f7f8    000000f0     MQTTSerializePublish.obj (.text)
                  2000f8e8    000000a4     pinmux.obj (.text)
                  2000f98c    0000009c     rtsv7M4_T_le_v4SPD16_eabi.lib : memcpy_t2.obj (.text)
                  2000fa28    00000094                                   : auto_init.obj (.text)
                  2000fabc    00000086                                   : fd_cmp_t2.obj (.text:__aeabi_cdcmple)
                  2000fb42    00000086                                   : fd_cmp_t2.obj (.text:__aeabi_cdrcmple)
                  2000fbc8    00000080                                   : vsnprintf.obj (.text)
                  2000fc48    00000078                                   : memset_t2.obj (.text)
                  2000fcc0    00000068     simplelink.a : flowcont.obj (.text)
                  2000fd28    00000060     rtsv7M4_T_le_v4SPD16_eabi.lib : trgmsg.obj (.text)
                  2000fd88    0000005e     driverlib.a : cpu.obj (.text)
                  2000fde6    0000005e     rtsv7M4_T_le_v4SPD16_eabi.lib : copy_decompress_rle.obj (.text)
                  2000fe44    0000005a                                   : ltoa.obj (.text)
                  2000fe9e    00000002     --HOLE-- [fill = 0]
                  2000fea0    00000048                                   : boot.obj (.text)
                  2000fee8    00000048                                   : fd_toi_t2.obj (.text)
                  2000ff30    00000044                                   : cpy_tbl.obj (.text)
                  2000ff74    00000044                                   : exit.obj (.text)
                  2000ffb8    0000002e                                   : i_tofd_t2.obj (.text)
                  2000ffe6    0000001e                                   : ll_lsr_t2.obj (.text)
                  20010004    00000018                                   : args_main.obj (.text)
                  2001001c    00000018                                   : ll_mul_t2.obj (.text)
                  20010034    00000014                                   : strlen.obj (.text)
                  20010048    00000012                                   : copy_zero_init.obj (.text:decompress:ZI)
                  2001005a    0000000e                                   : copy_decompress_none.obj (.text:decompress:none)
                  20010068    00000006     driverlib.a : utils.obj (.text:UtilsDelay)
                  2001006e    00000006     rtsv7M4_T_le_v4SPD16_eabi.lib : copy_decompress_rle.obj (.text:decompress:rle24)

.const     0    20010074    00000748     
                  20010074    00000101     rtsv7M4_T_le_v4SPD16_eabi.lib : ctype.obj (.const:.string:_ctypes_)
                  20010175    00000003     --HOLE-- [fill = 0]
                  20010178    00000100     driverlib.a : pin.obj (.const:g_ulPinToPadMap)
                  20010278    000000d4                 : interrupt.obj (.const:g_pulRegs)
                  2001034c    000000b0     simplelink.a : wlan.obj (.const:$P$T0$1)
                  200103fc    000000a0     driverlib.a : prcm.obj (.const:PRCM_PeriphRegsList)
                  2001049c    00000080                 : interrupt.obj (.const)
                  2001051c    00000064     main.obj (.const)
                  20010580    00000048     network_if.obj (.const)
                  200105c8    00000040     driverlib.a : flash.obj (.const:g_pulFMPPERegs)
                  20010608    00000040                 : flash.obj (.const:g_pulFMPRERegs)
                  20010648    0000003c     simplelink.a : wlan.obj (.const)
                  20010684    00000038                  : driver.obj (.const:_SlActionLookupTable)
                  200106bc    00000034                  : socket.obj (.const)
                  200106f0    00000028                  : netapp.obj (.const)
                  20010718    00000024     driverlib.a : spi.obj (.const:g_ppulSPIIntMap)
                  2001073c    00000018                 : spi.obj (.const)
                  20010754    00000014     MQTTConnectClient.obj (.const)
                  20010768    00000014     simplelink.a : device.obj (.const)
                  2001077c    00000014                  : driver.obj (.const)
                  20010790    00000010     driverlib.a : uart.obj (.const)
                  200107a0    0000000c                 : i2c.obj (.const)
                  200107ac    00000008     MQTTSerializePublish.obj (.const)
                  200107b4    00000008     simplelink.a : netcfg.obj (.const)

.cinit     0    200107c0    000000c0     
                  200107c0    00000097     (.cinit..data.load) [load image, compression = rle]
                  20010857    00000001     --HOLE-- [fill = 0]
                  20010858    0000000c     (__TI_handler_table)
                  20010864    00000004     --HOLE-- [fill = 0]
                  20010868    00000008     (.cinit..bss.load) [load image, compression = zero_init]
                  20010870    00000010     (__TI_cinit_table)

.sysmem    0    20019000    00008000     UNINITIALIZED
                  20019000    00000008     rtsv7M4_T_le_v4SPD16_eabi.lib : memory.obj (.sysmem)
                  20019008    00007ff8     --HOLE--

.bss       0    20021000    00000308     UNINITIALIZED
                  20021000    00000178     simplelink.a : driver.obj (.bss:g_StatMem)
                  20021178    00000120     rtsv7M4_T_le_v4SPD16_eabi.lib : trgmsg.obj (.bss:__CIOBUF_)
                  20021298    00000050     simplelink.a : cc_pal.obj (.bss:g_ucDinDout)
                  200212e8    00000008     (.common:parmbuf$31)
                  200212f0    00000004     (.common:DMAMsgQ)
                  200212f4    00000004     (.common:SimpleLinkSpawnTaskHndl)
                  200212f8    00000004     (.common:__Errorlog$0)
                  200212fc    00000004     (.common:bufptr$16)
                  20021300    00000004     (.common:g_cDummy)
                  20021304    00000004     (.common:simpleLink_mailbox)

.data      0    20021308    00000214     UNINITIALIZED
                  20021308    00000180     main.obj (.data)
                  20021488    00000038     network_if.obj (.data)
                  200214c0    00000020     gpio_if.obj (.data)
                  200214e0    00000010     simplelink.a : cc_pal.obj (.data)
                  200214f0    0000000c     rtsv7M4_T_le_v4SPD16_eabi.lib : memory.obj (.data)
                  200214fc    00000008                                   : _lock.obj (.data)
                  20021504    00000008                                   : exit.obj (.data)
                  2002150c    00000008     simplelink.a : driver.obj (.data)
                  20021514    00000004     rtsv7M4_T_le_v4SPD16_eabi.lib : stkdepth_vars.obj (.data)
                  20021518    00000004                                   : strtok.obj (.data)

.stack     0    2002f800    00000800     UNINITIALIZED
                  2002f800    00000800     --HOLE--


LINKER GENERATED COPY TABLES

__TI_cinit_table @ 20010870 records: 2, size/record: 8, table size: 16
	.data: load addr=200107c0, load size=00000097 bytes, run addr=20021308, run size=00000214 bytes, compression=rle
	.bss: load addr=20010868, load size=00000008 bytes, run addr=20021000, run size=00000308 bytes, compression=zero_init


LINKER GENERATED HANDLER TABLE

__TI_handler_table @ 20010858 records: 3, size/record: 4, table size: 12
	index: 0, handler: __TI_decompress_rle24
	index: 1, handler: __TI_decompress_none
	index: 2, handler: __TI_zero_init


GLOBAL SYMBOLS: SORTED ALPHABETICALLY BY Name 

address    name
--------   ----
2000bf43   AESAuthDataLengthSet
2000bdc9   AESConfigSet
2000c3e9   AESDMADisable
2000c3d1   AESDMAEnable
2000bf23   AESDataLengthSet
2000c1db   AESDataMAC
2000c149   AESDataProcess
2000c259   AESDataProcessAE
2000bfcf   AESDataRead
2000bf55   AESDataReadNonBlocking
2000c0c9   AESDataWrite
2000c043   AESDataWriteNonBlocking
2000becb   AESIVSet
2000c393   AESIntClear
2000c367   AESIntDisable
2000c33b   AESIntEnable
2000c3a9   AESIntRegister
2000c2ed   AESIntStatus
2000c3bf   AESIntUnregister
2000bdeb   AESKey1Set
2000be45   AESKey2Set
2000be9f   AESKey3Set
2000bef7   AESTagRead
2000ff75   C$$EXIT
2000fd53   C$$IO$$
2000fddd   CPUbasepriGet
2000fdc7   CPUbasepriSet
2000fd89   CPUcpsid
2000fda7   CPUcpsie
2000fd9d   CPUprimask
2000fdbb   CPUwfi
2000a9c9   ConfigureSimpleLinkToDefaultState
20008265   CopyPingResultsToReport
200212f0   DMAMsgQ
2000b83d   DmaSpiSwIntHandler
2000e679   FlashDisable
2000e6af   FlashErase
2000e6e9   FlashEraseNonBlocking
2000e925   FlashIntClear
2000e8f5   FlashIntDisable
2000e8e1   FlashIntEnable
2000e8bd   FlashIntRegister
2000e909   FlashIntStatus
2000e8d1   FlashIntUnregister
2000e707   FlashMassErase
2000e733   FlashMassEraseNonBlocking
2000e743   FlashProgram
2000e7c5   FlashProgramNonBlocking
2000e847   FlashProtectGet
2000e60f   GPIODMATriggerDisable
2000e5b7   GPIODMATriggerEnable
2000e3c3   GPIODirModeGet
2000e38d   GPIODirModeSet
2000e533   GPIOIntClear
2000e4f7   GPIOIntDisable
2000e4dd   GPIOIntEnable
2000e547   GPIOIntRegister
2000e511   GPIOIntStatus
2000e477   GPIOIntTypeGet
2000e3f5   GPIOIntTypeSet
2000e565   GPIOIntUnregister
2000e57f   GPIOPinRead
2000e597   GPIOPinWrite
2000f445   GetCmd
2000c951   GetStartResponseConvert
2000bbe9   HostIntHanlder
2000b6b9   I2CFIFODataGet
2000b6d3   I2CFIFODataGetNonBlocking
2000b66f   I2CFIFODataPut
2000b691   I2CFIFODataPutNonBlocking
2000b65f   I2CFIFOStatus
2000b261   I2CIntRegister
2000b27f   I2CIntUnregister
2000b70f   I2CMasterBurstCountGet
2000b6f9   I2CMasterBurstLengthSet
2000b4b7   I2CMasterBusBusy
2000b49f   I2CMasterBusy
2000b4cf   I2CMasterControl
2000b523   I2CMasterDataGet
2000b50d   I2CMasterDataPut
2000b22d   I2CMasterDisable
2000b1f9   I2CMasterEnable
2000b4e1   I2CMasterErr
2000b71d   I2CMasterGlitchFilterConfigSet
2000b12f   I2CMasterInitExpClk
2000b419   I2CMasterIntClear
2000b42f   I2CMasterIntClearEx
2000b2f3   I2CMasterIntDisable
2000b303   I2CMasterIntDisableEx
2000b299   I2CMasterIntEnable
2000b2a9   I2CMasterIntEnableEx
2000b34d   I2CMasterIntStatus
2000b387   I2CMasterIntStatusEx
2000b491   I2CMasterLineStateGet
2000b46f   I2CMasterSlaveAddrSet
2000b531   I2CMasterTimeoutSet
2000b61f   I2CRxFIFOConfigSet
2000b647   I2CRxFIFOFlush
2000b543   I2CSlaveACKOverride
2000b575   I2CSlaveACKValueSet
2000b1bb   I2CSlaveAddressSet
2000b5cf   I2CSlaveDataGet
2000b5b7   I2CSlaveDataPut
2000b243   I2CSlaveDisable
2000b20f   I2CSlaveEnable
2000b74d   I2CSlaveFIFODisable
2000b735   I2CSlaveFIFOEnable
2000b1a1   I2CSlaveInit
2000b449   I2CSlaveIntClear
2000b45b   I2CSlaveIntClearEx
2000b31b   I2CSlaveIntDisable
2000b333   I2CSlaveIntDisableEx
2000b2c1   I2CSlaveIntEnable
2000b2d9   I2CSlaveIntEnableEx
2000b3ad   I2CSlaveIntStatus
2000b3f1   I2CSlaveIntStatusEx
2000b5a7   I2CSlaveStatus
2000b5df   I2CTxFIFOConfigSet
2000b607   I2CTxFIFOFlush
20021378   IV
2000e191   IntDisable
2000e0f7   IntEnable
2000dfe1   IntMasterDisable
2000dfd7   IntMasterEnable
2000e2b9   IntPendClear
2000e22b   IntPendSet
2000e0d3   IntPriorityGet
2000e04b   IntPriorityGroupingGet
2000e031   IntPriorityGroupingSet
2000e31d   IntPriorityMaskGet
2000e311   IntPriorityMaskSet
2000e083   IntPrioritySet
2000dffb   IntRegister
2000e017   IntUnregister
2000dfeb   IntVTableBaseSet
20021368   Key
2000f285   MQTTPacket_encode
2000f235   MQTTPacket_len
2000ec71   MQTTSerialize_connect
2000ebfd   MQTTSerialize_connectLength
2000f817   MQTTSerialize_publish
2000f7f9   MQTTSerialize_publishLength
2000a2f5   MQTT_payload_string
2000f257   MQTTstrlen
2000f38d   Message
2000ab69   Network_IF_ConnectAP
2000ab45   Network_IF_DisconnectFromAP
2000a9c1   Network_IF_ResetMCUStateMachine
2000bc2f   NwpMaskInterrupt
2000bcf5   NwpPowerOff
2000bcc5   NwpPowerOn
2000bc55   NwpPowerOnPreamble
2000bbfd   NwpRegisterInterruptHandler
2000bc3d   NwpUnMaskInterrupt
200099e1   PRCMCC3200MCUInit
20009419   PRCMDeepSleepEnter
200095e3   PRCMHibernateEnter
2000951d   PRCMHibernateIntervalSet
20009591   PRCMHibernateWakeUpGPIOSelect
20009501   PRCMHibernateWakeupCauseGet
200094db   PRCMHibernateWakeupSourceDisable
200094b5   PRCMHibernateWakeupSourceEnable
200092ff   PRCMI2SClockFreqSet
20009725   PRCMIntDisable
200096f1   PRCMIntEnable
200096c9   PRCMIntRegister
20009749   PRCMIntStatus
200096dd   PRCMIntUnregister
20009367   PRCMLPDSEnter
200093d3   PRCMLPDSIntervalSet
2000934f   PRCMLPDSRestoreInfoSet
200093f5   PRCMLPDSWakeUpGPIOSelect
200093cd   PRCMLPDSWakeupCauseGet
200093b9   PRCMLPDSWakeupSourceDisable
20009397   PRCMLPDSWakeupSourceEnable
20009179   PRCMMCUReset
200096af   PRCMOCRRegisterRead
20009695   PRCMOCRRegisterWrite
200091e9   PRCMPeripheralClkDisable
200091bd   PRCMPeripheralClkEnable
20009209   PRCMPeripheralClockGet
20009287   PRCMPeripheralReset
200092d5   PRCMPeripheralStatusGet
20009811   PRCMRTCGet
20009761   PRCMRTCInUseGet
2000974f   PRCMRTCInUseSet
20009945   PRCMRTCMatchGet
200098a9   PRCMRTCMatchSet
20009781   PRCMRTCSet
2000916d   PRCMSOCReset
20009481   PRCMSRAMRetentionDisable
20009449   PRCMSRAMRetentionEnable
20009411   PRCMSleepEnter
200095f3   PRCMSlowClkCtrGet
20009655   PRCMSlowClkCtrMatchGet
2000962d   PRCMSlowClkCtrMatchSet
20009199   PRCMSysResetCauseGet
2000ea39   PinConfigGet
2000ea77   PinConfigSet
2000ea0f   PinDirModeGet
2000e9db   PinDirModeSet
2000e9b1   PinModeGet
2000e979   PinModeSet
2000f8e9   PinMuxConfig
2000ebc1   PinTypeADC
2000eb77   PinTypeCamera
2000eb91   PinTypeGPIO
2000eb0d   PinTypeI2C
2000eb43   PinTypeI2S
2000ebd5   PinTypeSDHost
2000eb29   PinTypeSPI
2000eb5d   PinTypeTimer
2000eaf3   PinTypeUART
2000a295   PushButtonHandler
2000f3a5   Report
UNDEFED    SHT$$INIT_ARRAY$$Base
UNDEFED    SHT$$INIT_ARRAY$$Limit
20007b75   SL_FD_CLR
20007b99   SL_FD_ISSET
20007b57   SL_FD_SET
20007bbd   SL_FD_ZERO
2000a1dd   SPICSDisable
2000a1c5   SPICSEnable
20009e55   SPIConfigSetExpClk
20009f23   SPIDataGet
20009ef9   SPIDataGetNonBlocking
20009f6b   SPIDataPut
20009f43   SPIDataPutNonBlocking
20009de7   SPIDisable
20009e19   SPIDmaDisable
20009dff   SPIDmaEnable
20009dcf   SPIEnable
20009fa3   SPIFIFODisable
20009f89   SPIFIFOEnable
20009ff1   SPIFIFOLevelGet
20009fbd   SPIFIFOLevelSet
2000a187   SPIIntClear
2000a0cf   SPIIntDisable
2000a08b   SPIIntEnable
2000a04d   SPIIntRegister
2000a119   SPIIntStatus
2000a071   SPIIntUnregister
20009e33   SPIReset
2000a1f5   SPITransfer
2000a025   SPIWordCountSet
2002135c   SecurityParams
2000a46f   Send_MQTT
2000b85b   SetupDMAReceive
2000b8d5   SetupDMASend
2000ae95   SimpleLinkHttpServerCallback
2000ae55   SimpleLinkNetAppEventHandler
2000ae4d   SimpleLinkSockEventHandler
200212f4   SimpleLinkSpawnTaskHndl
2000ad65   SimpleLinkWlanEventHandler
2000dc75   TimerConfigure
2000dce5   TimerControlEvent
2000dcaf   TimerControlLevel
2000dd11   TimerControlStall
2000dfb9   TimerDMAEventGet
2000dfa7   TimerDMAEventSet
2000dc57   TimerDisable
2000dc39   TimerEnable
2000df95   TimerIntClear
2000df59   TimerIntDisable
2000df41   TimerIntEnable
2000de7b   TimerIntRegister
2000df71   TimerIntStatus
2000dee5   TimerIntUnregister
2000ddfd   TimerLoadGet
2000ddd3   TimerLoadSet
2000de5f   TimerMatchGet
2000de35   TimerMatchSet
2000a2c3   TimerPeriodicIntHandler
2000dd71   TimerPrescaleGet
2000ddb7   TimerPrescaleMatchGet
2000dd8d   TimerPrescaleMatchSet
2000dd47   TimerPrescaleSet
2000de19   TimerValueGet
2000db09   UARTBreakCtl
2000db33   UARTBusy
2000dab1   UARTCharGet
2000da95   UARTCharGetNonBlocking
2000daeb   UARTCharPut
2000dac7   UARTCharPutNonBlocking
2000da5b   UARTCharsAvail
2000d8cd   UARTConfigGetExpClk
2000d857   UARTConfigSetExpClk
2000dbfb   UARTDMADisable
2000dbe3   UARTDMAEnable
2000d93d   UARTDisable
2000d919   UARTEnable
2000d97d   UARTFIFODisable
2000d967   UARTFIFOEnable
2000d82f   UARTFIFOLevelGet
2000d817   UARTFIFOLevelSet
2000da1b   UARTFlowControlGet
2000d9ff   UARTFlowControlSet
2000dbd1   UARTIntClear
2000db9b   UARTIntDisable
2000db83   UARTIntEnable
2000db4b   UARTIntRegister
2000dbb3   UARTIntStatus
2000db69   UARTIntUnregister
2000d9b7   UARTModemControlClear
2000d9db   UARTModemControlGet
2000d993   UARTModemControlSet
2000d9ed   UARTModemStatusGet
2000d805   UARTParityModeGet
2000d7e9   UARTParityModeSet
2000dc29   UARTRxErrorClear
2000dc13   UARTRxErrorGet
2000da73   UARTSpaceAvail
2000da49   UARTTxIntModeGet
2000da2d   UARTTxIntModeSet
20010069   UtilsDelay
2000c781   VDeleteSimpleLinkSpawnTask
2000c729   VStartSimpleLinkSpawnTask
200106d0   _SlAcceptCmdCtrl
20010684   _SlActionLookupTable
20004d09   _SlAsyncEventGenericHandler
20010774   _SlDeviceGetCmdCtrl
20010778   _SlDeviceSetCmdCtrl
2000566d   _SlDrvBasicCmd
20005367   _SlDrvClassifyRxMsg
2000418b   _SlDrvCmdOp
200041ff   _SlDrvCmdSend
20004245   _SlDrvDataReadOp
20004405   _SlDrvDataWriteOp
2000ce05   _SlDrvDeviceEventHandler
200040bf   _SlDrvDriverCBDeinit
20004001   _SlDrvDriverCBInit
2000fcf3   _SlDrvFlowContDeinit
2000fcc1   _SlDrvFlowContInit
20004755   _SlDrvMsgRead
200051b3   _SlDrvMsgReadCmdCtx
20005299   _SlDrvMsgReadSpawnCtx
20004595   _SlDrvMsgWrite
20008601   _SlDrvNetAppEventHandler
20005b2b   _SlDrvObjDeInit
20005aaf   _SlDrvObjInit
200058b5   _SlDrvReleasePoolObj
200054b1   _SlDrvRxHdrRead
2000414b   _SlDrvRxIrqHandler
20005469   _SlDrvShiftDWord
200056d1   _SlDrvWaitForPoolObj
20010770   _SlEventMaskGetCmdCtrl
2001076c   _SlEventMaskSetCmdCtrl
20005c05   _SlFindAndSetActiveObj
20010704   _SlGetHostByNameCtrl
20010700   _SlGetHostByServiceCtrl
200106f8   _SlGetServiceListeCtrl
200106dc   _SlGetSockOptCmdCtrl
200106cc   _SlListenCmdCtrl
20010710   _SlNetAppGetCmdCtrl
2001070c   _SlNetAppSendTokenValueCmdCtrl
20010708   _SlNetAppSetCmdCtrl
200106f0   _SlNetAppStartCtrl
200106f4   _SlNetAppStopCtrl
200107b8   _SlNetCfgGetCmdCtrl
200107b4   _SlNetCfgSetCmdCtrl
2001064c   _SlPolicyGetCmdCtrl
20010648   _SlPolicySetCmdCtrl
20010654   _SlProfileDelCmdCtrl
20010650   _SlProfileGetCmdCtrl
200106d4   _SlRecvCmdCtrl
200106c4   _SlRecvfomCmdCtrl
200106fc   _SlRegisterServiceCtrl
20005b4b   _SlRemoveFromList
2001065c   _SlRxFilterAddtCmdCtrl
20010664   _SlRxFilterGetCmdCtrl
20010660   _SlRxFilterSetCmdCtrl
200106e0   _SlSelectCmdCtrl
200106c8   _SlSendCmdCtrl
200106d8   _SlSetSockOptCmdCtrl
20010668   _SlSmartConfigStartCmdCtrl
200106c0   _SlSockCloseCmdCtrl
200106bc   _SlSockSocketCmdCtrl
20010768   _SlStopCmdCtrl
20010674   _SlWlanCfgGetCmdCtrl
20010670   _SlWlanCfgSetCmdCtrl
20010658   _SlWlanGetNetworkListCtrl
2001066c   _SlWlanSetModeCmdCtrl
20021178   __CIOBUF_
20030000   __STACK_END
00000800   __STACK_SIZE
00008000   __SYSMEM_SIZE
20010870   __TI_CINIT_Base
20010880   __TI_CINIT_Limit
20010858   __TI_Handler_Table_Base
20010864   __TI_Handler_Table_Limit
00000001   __TI_args_main
2000fa29   __TI_auto_init
20021504   __TI_cleanup_ptr
2001005b   __TI_decompress_none
2001006f   __TI_decompress_rle24
20021508   __TI_dtors_ptr
20006cfb   __TI_printfi
2000fd57   __TI_readmsg
200107c0   __TI_static_base__
2000fd29   __TI_writemsg
20010049   __TI_zero_init
2000fabd   __aeabi_cdcmpeq
2000fabd   __aeabi_cdcmple
2000fb43   __aeabi_cdrcmple
2000fee9   __aeabi_d2iz
2000f06b   __aeabi_dadd
2000f4c5   __aeabi_ddiv
2000f6fd   __aeabi_dmul
2000f061   __aeabi_dsub
2000ffb9   __aeabi_i2d
2000ffe7   __aeabi_llsr
2001001d   __aeabi_lmul
2000fc49   __aeabi_memclr
2000fc49   __aeabi_memclr4
2000fc49   __aeabi_memclr8
2000f98d   __aeabi_memcpy
2000f98d   __aeabi_memcpy4
2000f98d   __aeabi_memcpy8
2000fc4b   __aeabi_memset
2000fc4b   __aeabi_memset4
2000fc4b   __aeabi_memset8
2000ee6d   __aeabi_uldivmod
ffffffff   __binit__
ffffffff   __c_args__
2002f800   __stack
20010005   _args_main
2000fea1   _c_int00
20010074   _ctypes_
200214fc   _lock
20006ed3   _nop
20006ed5   _sl_BuildAddress
20007801   _sl_HandleAsync_Accept
20007451   _sl_HandleAsync_Connect
20008077   _sl_HandleAsync_DnsGetHostByAddr
200081b1   _sl_HandleAsync_DnsGetHostByName
20007fad   _sl_HandleAsync_DnsGetHostByService
2000ca91   _sl_HandleAsync_InitComplete
200082a1   _sl_HandleAsync_PingResponse
20007bd5   _sl_HandleAsync_Select
2000cb31   _sl_HandleAsync_Stop
20006fcd   _sl_ParseAddress
20006f23   _sl_TruncatePayloadByProtocol
20019000   _sys_memory
20021500   _unlock
2000ff79   abort
ffffffff   binit
2000f219   bufchar
2000bd43   cc_SetupTransfer
2000bd25   cc_UDMAChannelSelect
2000ff31   copy_in
2000ff81   exit
2000ceb7   free
20010784   g_H2NCnysPattern
2001077c   g_H2NSyncPattern
200214e4   g_SpiFd
20021000   g_StatMem
20021300   g_cDummy
200214ec   g_len
2002150c   g_pCB
200214e0   g_pHostIntHdl
20021498   g_ucConnectionBSSID
2002149e   g_ucConnectionSSID
200214e8   g_ucDMAEnabled
20021298   g_ucDinDout
200214c0   g_ucLED1Pin
200214c1   g_ucLED2Pin
200214c2   g_ucLED3Pin
200214c4   g_uiLED1Port
200214c8   g_uiLED2Port
200214cc   g_uiLED3Port
20021350   g_uiPBCount
20021494   g_ulGatewayIP
20021490   g_ulStaIp
2002148c   g_ulStatus
20021488   g_usConnectIndex
20021356   g_usTimerInts
20021354   interupt_flag
2000fe45   ltoa
2000a729   main
20021514   main_func_sp
2000d22d   malloc
2000c79d   mem_Free
2000c791   mem_Malloc
2000c7bd   mem_copy
2000c7a9   mem_set
2000f98d   memcpy
2000fc51   memset
2000d20d   minit
2000c92d   osi_ContextRestore
2000c92b   osi_ContextSave
2000c7d1   osi_EnterCritical
2000c7e1   osi_ExitCritical
2000c4b3   osi_InterruptDeRegister
2000c45b   osi_InterruptRegister
2000c5b5   osi_LockObjCreate
2000c65d   osi_LockObjDelete
2000c66b   osi_LockObjLock
2000c6c3   osi_LockObjUnlock
2000c7ed   osi_MsgQCreate
2000c821   osi_MsgQDelete
2000c88f   osi_MsgQRead
2000c82f   osi_MsgQWrite
2000c8ef   osi_Sleep
2000c6d3   osi_Spawn
2000c59d   osi_SyncObjClear
2000c4cf   osi_SyncObjCreate
2000c517   osi_SyncObjDelete
2000c525   osi_SyncObjSignal
2000c535   osi_SyncObjSignalFromISR
2000c545   osi_SyncObjWait
2000c5f7   osi_TaskCreate
2000c651   osi_TaskDelete
2000c90f   osi_TaskDisable
2000c917   osi_TaskEnable
2000c923   osi_start
20021510   pPingCallBackFunc
20010580   pcDigits
20021388   pcEmailmessage
20021408   pcRecivemessage
20021308   pui32AES128Key
20021318   pui32AES192Key
20021330   pui32AES256Key
2000d0b1   realloc
20021304   simpleLink_mailbox
20007625   sl_Accept
20007097   sl_Bind
20007073   sl_Close
20007325   sl_Connect
2000cd09   sl_DevGet
2000cda3   sl_DevSet
2000ccd9   sl_EventMaskGet
2000cca3   sl_EventMaskSet
20007959   sl_GetSockOpt
20007781   sl_Htonl
200077c1   sl_Htons
200075e9   sl_Listen
20008085   sl_NetAppDnsGetHostByName
20007e91   sl_NetAppDnsGetHostByService
20008575   sl_NetAppGet
20007c9d   sl_NetAppGetServiceList
20007e17   sl_NetAppMDNSRegisterService
20007d67   sl_NetAppMDNSRegisterUnregisterService
20007e53   sl_NetAppMDNSUnRegisterService
20008351   sl_NetAppPingStart
20008515   sl_NetAppSendTokenValue
200084ad   sl_NetAppSet
20007c5d   sl_NetAppStart
20007c7d   sl_NetAppStop
2000f65f   sl_NetCfgGet
2000f5fd   sl_NetCfgSet
20007889   sl_Recv
20007219   sl_RecvFrom
200079e9   sl_Select
200074f1   sl_Send
20007115   sl_SendTo
200078f9   sl_SetSockOpt
20007027   sl_Socket
2000c9a7   sl_Start
2000cba3   sl_Stop
20008711   sl_WlanConnect
20008933   sl_WlanDisconnect
200090b9   sl_WlanGet
20008da5   sl_WlanGetNetworkList
200089a5   sl_WlanPolicyGet
2000893f   sl_WlanPolicySet
20008a45   sl_WlanProfileAdd
20008d7b   sl_WlanProfileDel
20008ca1   sl_WlanProfileGet
20008e0d   sl_WlanRxFilterAdd
20008ec7   sl_WlanRxFilterGet
20008e77   sl_WlanRxFilterSet
20008f51   sl_WlanRxStatGet
20008f39   sl_WlanRxStatStart
20008f45   sl_WlanRxStatStop
20009049   sl_WlanSet
2000901d   sl_WlanSetMode
20008f95   sl_WlanSmartConfigStart
20008f83   sl_WlanSmartConfigStop
2000ba49   spi_Close
2000b94f   spi_Open
2000bab9   spi_Read
2000b761   spi_Read_CPU
2000bb81   spi_Write
2000b7cf   spi_Write_CPU
20010035   strlen
UNDEFED    ti_sysbios_BIOS_start__E
UNDEFED    ti_sysbios_family_arm_m3_Hwi_Params__init__S
UNDEFED    ti_sysbios_family_arm_m3_Hwi_create
UNDEFED    ti_sysbios_family_arm_m3_Hwi_delete
UNDEFED    ti_sysbios_family_arm_m3_Hwi_disableFxn__E
UNDEFED    ti_sysbios_family_arm_m3_Hwi_getHandle__E
UNDEFED    ti_sysbios_family_arm_m3_Hwi_restoreFxn__E
UNDEFED    ti_sysbios_family_arm_m3_Hwi_setPriority__E
UNDEFED    ti_sysbios_knl_Clock_tickPeriod__C
UNDEFED    ti_sysbios_knl_Mailbox_create
UNDEFED    ti_sysbios_knl_Mailbox_delete
UNDEFED    ti_sysbios_knl_Mailbox_pend__E
UNDEFED    ti_sysbios_knl_Mailbox_post__E
UNDEFED    ti_sysbios_knl_Semaphore_Params__init__S
UNDEFED    ti_sysbios_knl_Semaphore_create
UNDEFED    ti_sysbios_knl_Semaphore_delete
UNDEFED    ti_sysbios_knl_Semaphore_pend__E
UNDEFED    ti_sysbios_knl_Semaphore_post__E
UNDEFED    ti_sysbios_knl_Task_Params__init__S
UNDEFED    ti_sysbios_knl_Task_create
UNDEFED    ti_sysbios_knl_Task_delete
UNDEFED    ti_sysbios_knl_Task_disable__E
UNDEFED    ti_sysbios_knl_Task_restore__E
UNDEFED    ti_sysbios_knl_Task_sleep__E
2000d751   uDMAChannelAssign
2000d401   uDMAChannelAttributeDisable
2000d3ad   uDMAChannelAttributeEnable
2000d455   uDMAChannelAttributeGet
2000d4c5   uDMAChannelControlSet
2000d33f   uDMAChannelDisable
2000d327   uDMAChannelEnable
2000d357   uDMAChannelIsEnabled
2000d6c9   uDMAChannelModeGet
2000d395   uDMAChannelRequest
2000d5f9   uDMAChannelScatterGatherSet
2000d681   uDMAChannelSizeGet
2000d501   uDMAChannelTransferSet
2000d38f   uDMAControlAlternateBaseGet
2000d389   uDMAControlBaseGet
2000d379   uDMAControlBaseSet
2000d311   uDMADisable
2000d309   uDMAEnable
2000d31f   uDMAErrorStatusClear
2000d319   uDMAErrorStatusGet
2000d73d   uDMAIntClear
2000d70f   uDMAIntRegister
2000d737   uDMAIntStatus
2000d725   uDMAIntUnregister
20021358   uiUartCmd
2000fc19   vsnprintf
2000f279   writeChar
2000f2bf   writeInt
2000f2ed   writeMQTTString
UNDEFED    xdc_runtime_Error_init__E


GLOBAL SYMBOLS: SORTED BY Symbol Address 

address    name
--------   ----
00000001   __TI_args_main
00000800   __STACK_SIZE
00008000   __SYSMEM_SIZE
20004001   _SlDrvDriverCBInit
200040bf   _SlDrvDriverCBDeinit
2000414b   _SlDrvRxIrqHandler
2000418b   _SlDrvCmdOp
200041ff   _SlDrvCmdSend
20004245   _SlDrvDataReadOp
20004405   _SlDrvDataWriteOp
20004595   _SlDrvMsgWrite
20004755   _SlDrvMsgRead
20004d09   _SlAsyncEventGenericHandler
200051b3   _SlDrvMsgReadCmdCtx
20005299   _SlDrvMsgReadSpawnCtx
20005367   _SlDrvClassifyRxMsg
20005469   _SlDrvShiftDWord
200054b1   _SlDrvRxHdrRead
2000566d   _SlDrvBasicCmd
200056d1   _SlDrvWaitForPoolObj
200058b5   _SlDrvReleasePoolObj
20005aaf   _SlDrvObjInit
20005b2b   _SlDrvObjDeInit
20005b4b   _SlRemoveFromList
20005c05   _SlFindAndSetActiveObj
20006cfb   __TI_printfi
20006ed3   _nop
20006ed5   _sl_BuildAddress
20006f23   _sl_TruncatePayloadByProtocol
20006fcd   _sl_ParseAddress
20007027   sl_Socket
20007073   sl_Close
20007097   sl_Bind
20007115   sl_SendTo
20007219   sl_RecvFrom
20007325   sl_Connect
20007451   _sl_HandleAsync_Connect
200074f1   sl_Send
200075e9   sl_Listen
20007625   sl_Accept
20007781   sl_Htonl
200077c1   sl_Htons
20007801   _sl_HandleAsync_Accept
20007889   sl_Recv
200078f9   sl_SetSockOpt
20007959   sl_GetSockOpt
200079e9   sl_Select
20007b57   SL_FD_SET
20007b75   SL_FD_CLR
20007b99   SL_FD_ISSET
20007bbd   SL_FD_ZERO
20007bd5   _sl_HandleAsync_Select
20007c5d   sl_NetAppStart
20007c7d   sl_NetAppStop
20007c9d   sl_NetAppGetServiceList
20007d67   sl_NetAppMDNSRegisterUnregisterService
20007e17   sl_NetAppMDNSRegisterService
20007e53   sl_NetAppMDNSUnRegisterService
20007e91   sl_NetAppDnsGetHostByService
20007fad   _sl_HandleAsync_DnsGetHostByService
20008077   _sl_HandleAsync_DnsGetHostByAddr
20008085   sl_NetAppDnsGetHostByName
200081b1   _sl_HandleAsync_DnsGetHostByName
20008265   CopyPingResultsToReport
200082a1   _sl_HandleAsync_PingResponse
20008351   sl_NetAppPingStart
200084ad   sl_NetAppSet
20008515   sl_NetAppSendTokenValue
20008575   sl_NetAppGet
20008601   _SlDrvNetAppEventHandler
20008711   sl_WlanConnect
20008933   sl_WlanDisconnect
2000893f   sl_WlanPolicySet
200089a5   sl_WlanPolicyGet
20008a45   sl_WlanProfileAdd
20008ca1   sl_WlanProfileGet
20008d7b   sl_WlanProfileDel
20008da5   sl_WlanGetNetworkList
20008e0d   sl_WlanRxFilterAdd
20008e77   sl_WlanRxFilterSet
20008ec7   sl_WlanRxFilterGet
20008f39   sl_WlanRxStatStart
20008f45   sl_WlanRxStatStop
20008f51   sl_WlanRxStatGet
20008f83   sl_WlanSmartConfigStop
20008f95   sl_WlanSmartConfigStart
2000901d   sl_WlanSetMode
20009049   sl_WlanSet
200090b9   sl_WlanGet
2000916d   PRCMSOCReset
20009179   PRCMMCUReset
20009199   PRCMSysResetCauseGet
200091bd   PRCMPeripheralClkEnable
200091e9   PRCMPeripheralClkDisable
20009209   PRCMPeripheralClockGet
20009287   PRCMPeripheralReset
200092d5   PRCMPeripheralStatusGet
200092ff   PRCMI2SClockFreqSet
2000934f   PRCMLPDSRestoreInfoSet
20009367   PRCMLPDSEnter
20009397   PRCMLPDSWakeupSourceEnable
200093b9   PRCMLPDSWakeupSourceDisable
200093cd   PRCMLPDSWakeupCauseGet
200093d3   PRCMLPDSIntervalSet
200093f5   PRCMLPDSWakeUpGPIOSelect
20009411   PRCMSleepEnter
20009419   PRCMDeepSleepEnter
20009449   PRCMSRAMRetentionEnable
20009481   PRCMSRAMRetentionDisable
200094b5   PRCMHibernateWakeupSourceEnable
200094db   PRCMHibernateWakeupSourceDisable
20009501   PRCMHibernateWakeupCauseGet
2000951d   PRCMHibernateIntervalSet
20009591   PRCMHibernateWakeUpGPIOSelect
200095e3   PRCMHibernateEnter
200095f3   PRCMSlowClkCtrGet
2000962d   PRCMSlowClkCtrMatchSet
20009655   PRCMSlowClkCtrMatchGet
20009695   PRCMOCRRegisterWrite
200096af   PRCMOCRRegisterRead
200096c9   PRCMIntRegister
200096dd   PRCMIntUnregister
200096f1   PRCMIntEnable
20009725   PRCMIntDisable
20009749   PRCMIntStatus
2000974f   PRCMRTCInUseSet
20009761   PRCMRTCInUseGet
20009781   PRCMRTCSet
20009811   PRCMRTCGet
200098a9   PRCMRTCMatchSet
20009945   PRCMRTCMatchGet
200099e1   PRCMCC3200MCUInit
20009dcf   SPIEnable
20009de7   SPIDisable
20009dff   SPIDmaEnable
20009e19   SPIDmaDisable
20009e33   SPIReset
20009e55   SPIConfigSetExpClk
20009ef9   SPIDataGetNonBlocking
20009f23   SPIDataGet
20009f43   SPIDataPutNonBlocking
20009f6b   SPIDataPut
20009f89   SPIFIFOEnable
20009fa3   SPIFIFODisable
20009fbd   SPIFIFOLevelSet
20009ff1   SPIFIFOLevelGet
2000a025   SPIWordCountSet
2000a04d   SPIIntRegister
2000a071   SPIIntUnregister
2000a08b   SPIIntEnable
2000a0cf   SPIIntDisable
2000a119   SPIIntStatus
2000a187   SPIIntClear
2000a1c5   SPICSEnable
2000a1dd   SPICSDisable
2000a1f5   SPITransfer
2000a295   PushButtonHandler
2000a2c3   TimerPeriodicIntHandler
2000a2f5   MQTT_payload_string
2000a46f   Send_MQTT
2000a729   main
2000a9c1   Network_IF_ResetMCUStateMachine
2000a9c9   ConfigureSimpleLinkToDefaultState
2000ab45   Network_IF_DisconnectFromAP
2000ab69   Network_IF_ConnectAP
2000ad65   SimpleLinkWlanEventHandler
2000ae4d   SimpleLinkSockEventHandler
2000ae55   SimpleLinkNetAppEventHandler
2000ae95   SimpleLinkHttpServerCallback
2000b12f   I2CMasterInitExpClk
2000b1a1   I2CSlaveInit
2000b1bb   I2CSlaveAddressSet
2000b1f9   I2CMasterEnable
2000b20f   I2CSlaveEnable
2000b22d   I2CMasterDisable
2000b243   I2CSlaveDisable
2000b261   I2CIntRegister
2000b27f   I2CIntUnregister
2000b299   I2CMasterIntEnable
2000b2a9   I2CMasterIntEnableEx
2000b2c1   I2CSlaveIntEnable
2000b2d9   I2CSlaveIntEnableEx
2000b2f3   I2CMasterIntDisable
2000b303   I2CMasterIntDisableEx
2000b31b   I2CSlaveIntDisable
2000b333   I2CSlaveIntDisableEx
2000b34d   I2CMasterIntStatus
2000b387   I2CMasterIntStatusEx
2000b3ad   I2CSlaveIntStatus
2000b3f1   I2CSlaveIntStatusEx
2000b419   I2CMasterIntClear
2000b42f   I2CMasterIntClearEx
2000b449   I2CSlaveIntClear
2000b45b   I2CSlaveIntClearEx
2000b46f   I2CMasterSlaveAddrSet
2000b491   I2CMasterLineStateGet
2000b49f   I2CMasterBusy
2000b4b7   I2CMasterBusBusy
2000b4cf   I2CMasterControl
2000b4e1   I2CMasterErr
2000b50d   I2CMasterDataPut
2000b523   I2CMasterDataGet
2000b531   I2CMasterTimeoutSet
2000b543   I2CSlaveACKOverride
2000b575   I2CSlaveACKValueSet
2000b5a7   I2CSlaveStatus
2000b5b7   I2CSlaveDataPut
2000b5cf   I2CSlaveDataGet
2000b5df   I2CTxFIFOConfigSet
2000b607   I2CTxFIFOFlush
2000b61f   I2CRxFIFOConfigSet
2000b647   I2CRxFIFOFlush
2000b65f   I2CFIFOStatus
2000b66f   I2CFIFODataPut
2000b691   I2CFIFODataPutNonBlocking
2000b6b9   I2CFIFODataGet
2000b6d3   I2CFIFODataGetNonBlocking
2000b6f9   I2CMasterBurstLengthSet
2000b70f   I2CMasterBurstCountGet
2000b71d   I2CMasterGlitchFilterConfigSet
2000b735   I2CSlaveFIFOEnable
2000b74d   I2CSlaveFIFODisable
2000b761   spi_Read_CPU
2000b7cf   spi_Write_CPU
2000b83d   DmaSpiSwIntHandler
2000b85b   SetupDMAReceive
2000b8d5   SetupDMASend
2000b94f   spi_Open
2000ba49   spi_Close
2000bab9   spi_Read
2000bb81   spi_Write
2000bbe9   HostIntHanlder
2000bbfd   NwpRegisterInterruptHandler
2000bc2f   NwpMaskInterrupt
2000bc3d   NwpUnMaskInterrupt
2000bc55   NwpPowerOnPreamble
2000bcc5   NwpPowerOn
2000bcf5   NwpPowerOff
2000bd25   cc_UDMAChannelSelect
2000bd43   cc_SetupTransfer
2000bdc9   AESConfigSet
2000bdeb   AESKey1Set
2000be45   AESKey2Set
2000be9f   AESKey3Set
2000becb   AESIVSet
2000bef7   AESTagRead
2000bf23   AESDataLengthSet
2000bf43   AESAuthDataLengthSet
2000bf55   AESDataReadNonBlocking
2000bfcf   AESDataRead
2000c043   AESDataWriteNonBlocking
2000c0c9   AESDataWrite
2000c149   AESDataProcess
2000c1db   AESDataMAC
2000c259   AESDataProcessAE
2000c2ed   AESIntStatus
2000c33b   AESIntEnable
2000c367   AESIntDisable
2000c393   AESIntClear
2000c3a9   AESIntRegister
2000c3bf   AESIntUnregister
2000c3d1   AESDMAEnable
2000c3e9   AESDMADisable
2000c45b   osi_InterruptRegister
2000c4b3   osi_InterruptDeRegister
2000c4cf   osi_SyncObjCreate
2000c517   osi_SyncObjDelete
2000c525   osi_SyncObjSignal
2000c535   osi_SyncObjSignalFromISR
2000c545   osi_SyncObjWait
2000c59d   osi_SyncObjClear
2000c5b5   osi_LockObjCreate
2000c5f7   osi_TaskCreate
2000c651   osi_TaskDelete
2000c65d   osi_LockObjDelete
2000c66b   osi_LockObjLock
2000c6c3   osi_LockObjUnlock
2000c6d3   osi_Spawn
2000c729   VStartSimpleLinkSpawnTask
2000c781   VDeleteSimpleLinkSpawnTask
2000c791   mem_Malloc
2000c79d   mem_Free
2000c7a9   mem_set
2000c7bd   mem_copy
2000c7d1   osi_EnterCritical
2000c7e1   osi_ExitCritical
2000c7ed   osi_MsgQCreate
2000c821   osi_MsgQDelete
2000c82f   osi_MsgQWrite
2000c88f   osi_MsgQRead
2000c8ef   osi_Sleep
2000c90f   osi_TaskDisable
2000c917   osi_TaskEnable
2000c923   osi_start
2000c92b   osi_ContextSave
2000c92d   osi_ContextRestore
2000c951   GetStartResponseConvert
2000c9a7   sl_Start
2000ca91   _sl_HandleAsync_InitComplete
2000cb31   _sl_HandleAsync_Stop
2000cba3   sl_Stop
2000cca3   sl_EventMaskSet
2000ccd9   sl_EventMaskGet
2000cd09   sl_DevGet
2000cda3   sl_DevSet
2000ce05   _SlDrvDeviceEventHandler
2000ceb7   free
2000d0b1   realloc
2000d20d   minit
2000d22d   malloc
2000d309   uDMAEnable
2000d311   uDMADisable
2000d319   uDMAErrorStatusGet
2000d31f   uDMAErrorStatusClear
2000d327   uDMAChannelEnable
2000d33f   uDMAChannelDisable
2000d357   uDMAChannelIsEnabled
2000d379   uDMAControlBaseSet
2000d389   uDMAControlBaseGet
2000d38f   uDMAControlAlternateBaseGet
2000d395   uDMAChannelRequest
2000d3ad   uDMAChannelAttributeEnable
2000d401   uDMAChannelAttributeDisable
2000d455   uDMAChannelAttributeGet
2000d4c5   uDMAChannelControlSet
2000d501   uDMAChannelTransferSet
2000d5f9   uDMAChannelScatterGatherSet
2000d681   uDMAChannelSizeGet
2000d6c9   uDMAChannelModeGet
2000d70f   uDMAIntRegister
2000d725   uDMAIntUnregister
2000d737   uDMAIntStatus
2000d73d   uDMAIntClear
2000d751   uDMAChannelAssign
2000d7e9   UARTParityModeSet
2000d805   UARTParityModeGet
2000d817   UARTFIFOLevelSet
2000d82f   UARTFIFOLevelGet
2000d857   UARTConfigSetExpClk
2000d8cd   UARTConfigGetExpClk
2000d919   UARTEnable
2000d93d   UARTDisable
2000d967   UARTFIFOEnable
2000d97d   UARTFIFODisable
2000d993   UARTModemControlSet
2000d9b7   UARTModemControlClear
2000d9db   UARTModemControlGet
2000d9ed   UARTModemStatusGet
2000d9ff   UARTFlowControlSet
2000da1b   UARTFlowControlGet
2000da2d   UARTTxIntModeSet
2000da49   UARTTxIntModeGet
2000da5b   UARTCharsAvail
2000da73   UARTSpaceAvail
2000da95   UARTCharGetNonBlocking
2000dab1   UARTCharGet
2000dac7   UARTCharPutNonBlocking
2000daeb   UARTCharPut
2000db09   UARTBreakCtl
2000db33   UARTBusy
2000db4b   UARTIntRegister
2000db69   UARTIntUnregister
2000db83   UARTIntEnable
2000db9b   UARTIntDisable
2000dbb3   UARTIntStatus
2000dbd1   UARTIntClear
2000dbe3   UARTDMAEnable
2000dbfb   UARTDMADisable
2000dc13   UARTRxErrorGet
2000dc29   UARTRxErrorClear
2000dc39   TimerEnable
2000dc57   TimerDisable
2000dc75   TimerConfigure
2000dcaf   TimerControlLevel
2000dce5   TimerControlEvent
2000dd11   TimerControlStall
2000dd47   TimerPrescaleSet
2000dd71   TimerPrescaleGet
2000dd8d   TimerPrescaleMatchSet
2000ddb7   TimerPrescaleMatchGet
2000ddd3   TimerLoadSet
2000ddfd   TimerLoadGet
2000de19   TimerValueGet
2000de35   TimerMatchSet
2000de5f   TimerMatchGet
2000de7b   TimerIntRegister
2000dee5   TimerIntUnregister
2000df41   TimerIntEnable
2000df59   TimerIntDisable
2000df71   TimerIntStatus
2000df95   TimerIntClear
2000dfa7   TimerDMAEventSet
2000dfb9   TimerDMAEventGet
2000dfd7   IntMasterEnable
2000dfe1   IntMasterDisable
2000dfeb   IntVTableBaseSet
2000dffb   IntRegister
2000e017   IntUnregister
2000e031   IntPriorityGroupingSet
2000e04b   IntPriorityGroupingGet
2000e083   IntPrioritySet
2000e0d3   IntPriorityGet
2000e0f7   IntEnable
2000e191   IntDisable
2000e22b   IntPendSet
2000e2b9   IntPendClear
2000e311   IntPriorityMaskSet
2000e31d   IntPriorityMaskGet
2000e38d   GPIODirModeSet
2000e3c3   GPIODirModeGet
2000e3f5   GPIOIntTypeSet
2000e477   GPIOIntTypeGet
2000e4dd   GPIOIntEnable
2000e4f7   GPIOIntDisable
2000e511   GPIOIntStatus
2000e533   GPIOIntClear
2000e547   GPIOIntRegister
2000e565   GPIOIntUnregister
2000e57f   GPIOPinRead
2000e597   GPIOPinWrite
2000e5b7   GPIODMATriggerEnable
2000e60f   GPIODMATriggerDisable
2000e679   FlashDisable
2000e6af   FlashErase
2000e6e9   FlashEraseNonBlocking
2000e707   FlashMassErase
2000e733   FlashMassEraseNonBlocking
2000e743   FlashProgram
2000e7c5   FlashProgramNonBlocking
2000e847   FlashProtectGet
2000e8bd   FlashIntRegister
2000e8d1   FlashIntUnregister
2000e8e1   FlashIntEnable
2000e8f5   FlashIntDisable
2000e909   FlashIntStatus
2000e925   FlashIntClear
2000e979   PinModeSet
2000e9b1   PinModeGet
2000e9db   PinDirModeSet
2000ea0f   PinDirModeGet
2000ea39   PinConfigGet
2000ea77   PinConfigSet
2000eaf3   PinTypeUART
2000eb0d   PinTypeI2C
2000eb29   PinTypeSPI
2000eb43   PinTypeI2S
2000eb5d   PinTypeTimer
2000eb77   PinTypeCamera
2000eb91   PinTypeGPIO
2000ebc1   PinTypeADC
2000ebd5   PinTypeSDHost
2000ebfd   MQTTSerialize_connectLength
2000ec71   MQTTSerialize_connect
2000ee6d   __aeabi_uldivmod
2000f061   __aeabi_dsub
2000f06b   __aeabi_dadd
2000f219   bufchar
2000f235   MQTTPacket_len
2000f257   MQTTstrlen
2000f279   writeChar
2000f285   MQTTPacket_encode
2000f2bf   writeInt
2000f2ed   writeMQTTString
2000f38d   Message
2000f3a5   Report
2000f445   GetCmd
2000f4c5   __aeabi_ddiv
2000f5fd   sl_NetCfgSet
2000f65f   sl_NetCfgGet
2000f6fd   __aeabi_dmul
2000f7f9   MQTTSerialize_publishLength
2000f817   MQTTSerialize_publish
2000f8e9   PinMuxConfig
2000f98d   __aeabi_memcpy
2000f98d   __aeabi_memcpy4
2000f98d   __aeabi_memcpy8
2000f98d   memcpy
2000fa29   __TI_auto_init
2000fabd   __aeabi_cdcmpeq
2000fabd   __aeabi_cdcmple
2000fb43   __aeabi_cdrcmple
2000fc19   vsnprintf
2000fc49   __aeabi_memclr
2000fc49   __aeabi_memclr4
2000fc49   __aeabi_memclr8
2000fc4b   __aeabi_memset
2000fc4b   __aeabi_memset4
2000fc4b   __aeabi_memset8
2000fc51   memset
2000fcc1   _SlDrvFlowContInit
2000fcf3   _SlDrvFlowContDeinit
2000fd29   __TI_writemsg
2000fd53   C$$IO$$
2000fd57   __TI_readmsg
2000fd89   CPUcpsid
2000fd9d   CPUprimask
2000fda7   CPUcpsie
2000fdbb   CPUwfi
2000fdc7   CPUbasepriSet
2000fddd   CPUbasepriGet
2000fe45   ltoa
2000fea1   _c_int00
2000fee9   __aeabi_d2iz
2000ff31   copy_in
2000ff75   C$$EXIT
2000ff79   abort
2000ff81   exit
2000ffb9   __aeabi_i2d
2000ffe7   __aeabi_llsr
20010005   _args_main
2001001d   __aeabi_lmul
20010035   strlen
20010049   __TI_zero_init
2001005b   __TI_decompress_none
20010069   UtilsDelay
2001006f   __TI_decompress_rle24
20010074   _ctypes_
20010580   pcDigits
20010648   _SlPolicySetCmdCtrl
2001064c   _SlPolicyGetCmdCtrl
20010650   _SlProfileGetCmdCtrl
20010654   _SlProfileDelCmdCtrl
20010658   _SlWlanGetNetworkListCtrl
2001065c   _SlRxFilterAddtCmdCtrl
20010660   _SlRxFilterSetCmdCtrl
20010664   _SlRxFilterGetCmdCtrl
20010668   _SlSmartConfigStartCmdCtrl
2001066c   _SlWlanSetModeCmdCtrl
20010670   _SlWlanCfgSetCmdCtrl
20010674   _SlWlanCfgGetCmdCtrl
20010684   _SlActionLookupTable
200106bc   _SlSockSocketCmdCtrl
200106c0   _SlSockCloseCmdCtrl
200106c4   _SlRecvfomCmdCtrl
200106c8   _SlSendCmdCtrl
200106cc   _SlListenCmdCtrl
200106d0   _SlAcceptCmdCtrl
200106d4   _SlRecvCmdCtrl
200106d8   _SlSetSockOptCmdCtrl
200106dc   _SlGetSockOptCmdCtrl
200106e0   _SlSelectCmdCtrl
200106f0   _SlNetAppStartCtrl
200106f4   _SlNetAppStopCtrl
200106f8   _SlGetServiceListeCtrl
200106fc   _SlRegisterServiceCtrl
20010700   _SlGetHostByServiceCtrl
20010704   _SlGetHostByNameCtrl
20010708   _SlNetAppSetCmdCtrl
2001070c   _SlNetAppSendTokenValueCmdCtrl
20010710   _SlNetAppGetCmdCtrl
20010768   _SlStopCmdCtrl
2001076c   _SlEventMaskSetCmdCtrl
20010770   _SlEventMaskGetCmdCtrl
20010774   _SlDeviceGetCmdCtrl
20010778   _SlDeviceSetCmdCtrl
2001077c   g_H2NSyncPattern
20010784   g_H2NCnysPattern
200107b4   _SlNetCfgSetCmdCtrl
200107b8   _SlNetCfgGetCmdCtrl
200107c0   __TI_static_base__
20010858   __TI_Handler_Table_Base
20010864   __TI_Handler_Table_Limit
20010870   __TI_CINIT_Base
20010880   __TI_CINIT_Limit
20019000   _sys_memory
20021000   g_StatMem
20021178   __CIOBUF_
20021298   g_ucDinDout
200212f0   DMAMsgQ
200212f4   SimpleLinkSpawnTaskHndl
20021300   g_cDummy
20021304   simpleLink_mailbox
20021308   pui32AES128Key
20021318   pui32AES192Key
20021330   pui32AES256Key
20021350   g_uiPBCount
20021354   interupt_flag
20021356   g_usTimerInts
20021358   uiUartCmd
2002135c   SecurityParams
20021368   Key
20021378   IV
20021388   pcEmailmessage
20021408   pcRecivemessage
20021488   g_usConnectIndex
2002148c   g_ulStatus
20021490   g_ulStaIp
20021494   g_ulGatewayIP
20021498   g_ucConnectionBSSID
2002149e   g_ucConnectionSSID
200214c0   g_ucLED1Pin
200214c1   g_ucLED2Pin
200214c2   g_ucLED3Pin
200214c4   g_uiLED1Port
200214c8   g_uiLED2Port
200214cc   g_uiLED3Port
200214e0   g_pHostIntHdl
200214e4   g_SpiFd
200214e8   g_ucDMAEnabled
200214ec   g_len
200214fc   _lock
20021500   _unlock
20021504   __TI_cleanup_ptr
20021508   __TI_dtors_ptr
2002150c   g_pCB
20021510   pPingCallBackFunc
20021514   main_func_sp
2002f800   __stack
20030000   __STACK_END
ffffffff   __binit__
ffffffff   __c_args__
ffffffff   binit
UNDEFED    SHT$$INIT_ARRAY$$Base
UNDEFED    SHT$$INIT_ARRAY$$Limit
UNDEFED    ti_sysbios_BIOS_start__E
UNDEFED    ti_sysbios_family_arm_m3_Hwi_Params__init__S
UNDEFED    ti_sysbios_family_arm_m3_Hwi_create
UNDEFED    ti_sysbios_family_arm_m3_Hwi_delete
UNDEFED    ti_sysbios_family_arm_m3_Hwi_disableFxn__E
UNDEFED    ti_sysbios_family_arm_m3_Hwi_getHandle__E
UNDEFED    ti_sysbios_family_arm_m3_Hwi_restoreFxn__E
UNDEFED    ti_sysbios_family_arm_m3_Hwi_setPriority__E
UNDEFED    ti_sysbios_knl_Clock_tickPeriod__C
UNDEFED    ti_sysbios_knl_Mailbox_create
UNDEFED    ti_sysbios_knl_Mailbox_delete
UNDEFED    ti_sysbios_knl_Mailbox_pend__E
UNDEFED    ti_sysbios_knl_Mailbox_post__E
UNDEFED    ti_sysbios_knl_Semaphore_Params__init__S
UNDEFED    ti_sysbios_knl_Semaphore_create
UNDEFED    ti_sysbios_knl_Semaphore_delete
UNDEFED    ti_sysbios_knl_Semaphore_pend__E
UNDEFED    ti_sysbios_knl_Semaphore_post__E
UNDEFED    ti_sysbios_knl_Task_Params__init__S
UNDEFED    ti_sysbios_knl_Task_create
UNDEFED    ti_sysbios_knl_Task_delete
UNDEFED    ti_sysbios_knl_Task_disable__E
UNDEFED    ti_sysbios_knl_Task_restore__E
UNDEFED    ti_sysbios_knl_Task_sleep__E
UNDEFED    xdc_runtime_Error_init__E

[639 symbols]
